MPLINK 4.1, Linker
Linker Map File - Created Fri Jun 01 10:18:34 2007

                                 Section Info
                  Section       Type    Address   Location Size(Bytes)
                ---------  ---------  ---------  ---------  ---------
           RealInitVector       code   0x000000    program   0x000006
               _entry_scn       code   0x000a00    program   0x000006
      InterruptVectorHigh       code   0x000a08    program   0x000006
                   .cinit    romdata   0x000a2a    program   0x000002
            .code_rs232.o       code   0x000a2c    program   0x000862
              .code_usb.o       code   0x00128e    program   0x000748
              .code_hid.o       code   0x0019d6    program   0x00023a
   .romdata_usbdescript.o    romdata   0x001c10    program   0x00011d
        .code_usbapplet.o       code   0x001d2e    program   0x000102
             .code_main.o       code   0x001e30    program   0x0000e6
          .code_intslct.o       code   0x001f16    program   0x000016
             _startup_scn       code   0x001f2c    program   0x000014
  .config_300000_CONFIG.O    romdata   0x300000    program   0x000001
  .config_300001_CONFIG.O    romdata   0x300001    program   0x000001
  .config_300002_CONFIG.O    romdata   0x300002    program   0x000001
  .config_300003_CONFIG.O    romdata   0x300003    program   0x000001
  .config_300005_CONFIG.O    romdata   0x300005    program   0x000001
  .config_300006_CONFIG.O    romdata   0x300006    program   0x000001
  .config_300008_CONFIG.O    romdata   0x300008    program   0x000001
  .config_300009_CONFIG.O    romdata   0x300009    program   0x000001
  .config_30000A_CONFIG.O    romdata   0x30000a    program   0x000001
  .config_30000B_CONFIG.O    romdata   0x30000b    program   0x000001
  .config_30000C_CONFIG.O    romdata   0x30000c    program   0x000001
  .config_30000D_CONFIG.O    romdata   0x30000d    program   0x000001
                MATH_DATA      udata   0x000000       data   0x000002
                 .tmpdata      udata   0x000002       data   0x000002
       .udata_usbapplet.o      udata   0x000060       data   0x000041
                     usb5      udata   0x0000a1       data   0x000011
                  RamData      udata   0x000100       data   0x00021c
                  usbram4      udata   0x000400       data   0x000068
                   .stack      udata   0x000700       data   0x000080
            SFR_UNBANKED0      udata   0x000f62       data   0x00009e



                              Program Memory Usage 
                               Start         End      
                           ---------   ---------      
                            0x000000    0x000005      
                            0x000a00    0x000a05      
                            0x000a08    0x000a0d      
                            0x000a2a    0x001d2c      
                            0x001d2e    0x001f3f      
                            0x300000    0x300003      
                            0x300005    0x300006      
                            0x300008    0x30000d      
            5427 out of 30530 program addresses used, program memory utilization is 17%



                              Symbols - Sorted by Name
                     Name    Address   Location    Storage File                     
                ---------  ---------  ---------  --------- ---------                
           ADC_CONVERSION   0x001ed8    program     extern C:\fw\midicontroller\x004x\main.c
          ClassReqHandler   0x001d2b    program     extern C:\fw\midicontroller\x004x\usbdescript.c
               ClearArray   0x0019ac    program     extern C:\fw\midicontroller\x004x\usb.c
                  DevChem   0x001c60    program     extern C:\fw\midicontroller\x004x\usbdescript.c
      HIDGetReportHandler   0x001d3c    program     extern C:\fw\midicontroller\x004x\usbapplet.c
                HIDInitEP   0x001af0    program     extern C:\fw\midicontroller\x004x\hid.c
              HIDRxReport   0x001b8e    program     extern C:\fw\midicontroller\x004x\hid.c
      HIDSetReportHandler   0x001d2e    program     extern C:\fw\midicontroller\x004x\usbapplet.c
              HIDTxReport   0x001b1a    program     extern C:\fw\midicontroller\x004x\hid.c
     InterruptHandlerHigh   0x001f16    program     extern C:\fw\midicontroller\x004x\intslct.c
      InterruptVectorHigh   0x000a08    program     extern C:\fw\midicontroller\x004x\intslct.c
                MfrString   0x001c48    program     extern C:\fw\midicontroller\x004x\usbdescript.c
     PROCESS_COMM_REQUEST   0x000a2c    program     extern C:\fw\midicontroller\x004x\rs232.c
                PrdString   0x001c6a    program     extern C:\fw\midicontroller\x004x\usbdescript.c
                     RTXB   0x001284    program     extern C:\fw\midicontroller\x004x\rs232.c
           RealInitVector   0x000000    program     extern C:\fw\midicontroller\x004x\dummystart.c
                SerialNum   0x001c96    program     extern C:\fw\midicontroller\x004x\usbdescript.c
               ServiceEP1   0x001d5e    program     extern C:\fw\midicontroller\x004x\usbapplet.c
               ServiceUSB   0x001f08    program     extern C:\fw\midicontroller\x004x\main.c
                    TXENQ   0x001230    program     extern C:\fw\midicontroller\x004x\rs232.c
        USBCheckBusStatus   0x00186a    program     extern C:\fw\midicontroller\x004x\usb.c
       USBCheckHIDRequest   0x0019d6    program     extern C:\fw\midicontroller\x004x\hid.c
       USBCheckStdRequest   0x00128e    program     extern C:\fw\midicontroller\x004x\usb.c
         USBCtrlEPService   0x001588    program     extern C:\fw\midicontroller\x004x\usb.c
 USBCtrlEPServiceComplete   0x0017ca    program     extern C:\fw\midicontroller\x004x\usb.c
      USBCtrlTrfInHandler   0x001636    program     extern C:\fw\midicontroller\x004x\usb.c
     USBCtrlTrfOutHandler   0x001616    program     extern C:\fw\midicontroller\x004x\usb.c
      USBCtrlTrfRxService   0x001750    program     extern C:\fw\midicontroller\x004x\usb.c
   USBCtrlTrfSetupHandler   0x0015ac    program     extern C:\fw\midicontroller\x004x\usb.c
      USBCtrlTrfTxService   0x00167a    program     extern C:\fw\midicontroller\x004x\usb.c
         USBDriverService   0x0018a8    program     extern C:\fw\midicontroller\x004x\usb.c
          USBErrorHandler   0x00196a    program     extern C:\fw\midicontroller\x004x\usb.c
         USBModuleDisable   0x00189a    program     extern C:\fw\midicontroller\x004x\usb.c
          USBModuleEnable   0x00188c    program     extern C:\fw\midicontroller\x004x\usb.c
USBPrepareForNextSetupTrf   0x001850    program     extern C:\fw\midicontroller\x004x\usb.c
  USBProtocolResetHandler   0x00196e    program     extern C:\fw\midicontroller\x004x\usb.c
          USBRemoteWakeup   0x001936    program     extern C:\fw\midicontroller\x004x\usb.c
            USBSoftDetach   0x0018a4    program     extern C:\fw\midicontroller\x004x\usb.c
          USBStallHandler   0x00195e    program     extern C:\fw\midicontroller\x004x\usb.c
  USBStdFeatureReqHandler   0x0014e6    program     extern C:\fw\midicontroller\x004x\usb.c
      USBStdGetDscHandler   0x001344    program     extern C:\fw\midicontroller\x004x\usb.c
   USBStdGetStatusHandler   0x001452    program     extern C:\fw\midicontroller\x004x\usb.c
      USBStdSetCfgHandler   0x001406    program     extern C:\fw\midicontroller\x004x\usb.c
               USBSuspend   0x001924    program     extern C:\fw\midicontroller\x004x\usb.c
       USBWakeFromSuspend   0x00192e    program     extern C:\fw\midicontroller\x004x\usb.c
               USB_CD_Ptr   0x001d1d    program     extern C:\fw\midicontroller\x004x\usbdescript.c
               USB_SD_Ptr   0x001d21    program     extern C:\fw\midicontroller\x004x\usbdescript.c
          USB_SOF_Handler   0x00195a    program     extern C:\fw\midicontroller\x004x\usb.c
       ___return_lbl00000   0x000004    program     static                          
       ___return_lbl00000   0x000a0c    program     static                          
       ___return_lbl00000   0x000a04    program     static                          
       ___return_lbl00001   0x001f3e    program     static                          
       ___return_lbl00132   0x0019ce    program     static                          
        ___while_lbl00133   0x0019c0    program     static                          
        ___while_lbl00134   0x0019ce    program     static                          
              __tmplbl_13   0x00121c    program     static                          
                   _entry   0x000a00    program     extern C:\fw\midicontroller\x004x\startup.c
                 _startup   0x001f2c    program     extern C:\fw\midicontroller\x004x\startup.c
                    cfg01   0x001c22    program     extern C:\fw\midicontroller\x004x\usbdescript.c
               device_dsc   0x001c10    program     extern C:\fw\midicontroller\x004x\usbdescript.c
              hid_rpt_UPS   0x001cb8    program     extern C:\fw\midicontroller\x004x\usbdescript.c
                     loop   0x001f38    program     static                          
                     main   0x001e30    program     extern C:\fw\midicontroller\x004x\main.c
                    sd000   0x001c44    program     extern C:\fw\midicontroller\x004x\usbdescript.c
                   ADCON0   0x000fc2       data     extern C:\MCC18\SRC\TRADIT~1\PROC\p18f4455.asm
               ADCON0bits   0x000fc2       data     extern C:\MCC18\SRC\TRADIT~1\PROC\p18f4455.asm
                   ADCON1   0x000fc1       data     extern C:\MCC18\SRC\TRADIT~1\PROC\p18f4455.asm
               ADCON1bits   0x000fc1       data     extern C:\MCC18\SRC\TRADIT~1\PROC\p18f4455.asm
                   ADCON2   0x000fc0       data     extern C:\MCC18\SRC\TRADIT~1\PROC\p18f4455.asm
               ADCON2bits   0x000fc0       data     extern C:\MCC18\SRC\TRADIT~1\PROC\p18f4455.asm
                    ADRES   0x000fc3       data     extern C:\MCC18\SRC\TRADIT~1\PROC\p18f4455.asm
                   ADRESH   0x000fc4       data     extern C:\MCC18\SRC\TRADIT~1\PROC\p18f4455.asm
                   ADRESL   0x000fc3       data     extern C:\MCC18\SRC\TRADIT~1\PROC\p18f4455.asm
                  BAUDCON   0x000fb8       data     extern C:\MCC18\SRC\TRADIT~1\PROC\p18f4455.asm
              BAUDCONbits   0x000fb8       data     extern C:\MCC18\SRC\TRADIT~1\PROC\p18f4455.asm
                      BSR   0x000fe0       data     extern C:\MCC18\SRC\TRADIT~1\PROC\p18f4455.asm
                   CCP1AS   0x000fb6       data     extern C:\MCC18\SRC\TRADIT~1\PROC\p18f4455.asm
               CCP1ASbits   0x000fb6       data     extern C:\MCC18\SRC\TRADIT~1\PROC\p18f4455.asm
                  CCP1CON   0x000fbd       data     extern C:\MCC18\SRC\TRADIT~1\PROC\p18f4455.asm
              CCP1CONbits   0x000fbd       data     extern C:\MCC18\SRC\TRADIT~1\PROC\p18f4455.asm
                  CCP1DEL   0x000fb7       data     extern C:\MCC18\SRC\TRADIT~1\PROC\p18f4455.asm
              CCP1DELbits   0x000fb7       data     extern C:\MCC18\SRC\TRADIT~1\PROC\p18f4455.asm
                  CCP2CON   0x000fba       data     extern C:\MCC18\SRC\TRADIT~1\PROC\p18f4455.asm
              CCP2CONbits   0x000fba       data     extern C:\MCC18\SRC\TRADIT~1\PROC\p18f4455.asm
                    CCPR1   0x000fbe       data     extern C:\MCC18\SRC\TRADIT~1\PROC\p18f4455.asm
                   CCPR1H   0x000fbf       data     extern C:\MCC18\SRC\TRADIT~1\PROC\p18f4455.asm
                   CCPR1L   0x000fbe       data     extern C:\MCC18\SRC\TRADIT~1\PROC\p18f4455.asm
                    CCPR2   0x000fbb       data     extern C:\MCC18\SRC\TRADIT~1\PROC\p18f4455.asm
                   CCPR2H   0x000fbc       data     extern C:\MCC18\SRC\TRADIT~1\PROC\p18f4455.asm
                   CCPR2L   0x000fbb       data     extern C:\MCC18\SRC\TRADIT~1\PROC\p18f4455.asm
                    CMCON   0x000fb4       data     extern C:\MCC18\SRC\TRADIT~1\PROC\p18f4455.asm
                CMCONbits   0x000fb4       data     extern C:\MCC18\SRC\TRADIT~1\PROC\p18f4455.asm
                   CVRCON   0x000fb5       data     extern C:\MCC18\SRC\TRADIT~1\PROC\p18f4455.asm
               CVRCONbits   0x000fb5       data     extern C:\MCC18\SRC\TRADIT~1\PROC\p18f4455.asm
                CmdLength   0x0002bd       data     extern C:\fw\midicontroller\x004x\ram_def.c
               CommFlags1   0x0002c3       data     extern C:\fw\midicontroller\x004x\ram_def.c
              CtrlTrfData   0x000418       data     extern C:\fw\midicontroller\x004x\usb.c
                     DDRA   0x000f92       data     extern C:\MCC18\SRC\TRADIT~1\PROC\p18f4455.asm
                 DDRAbits   0x000f92       data     extern C:\MCC18\SRC\TRADIT~1\PROC\p18f4455.asm
                     DDRB   0x000f93       data     extern C:\MCC18\SRC\TRADIT~1\PROC\p18f4455.asm
                 DDRBbits   0x000f93       data     extern C:\MCC18\SRC\TRADIT~1\PROC\p18f4455.asm
                     DDRC   0x000f94       data     extern C:\MCC18\SRC\TRADIT~1\PROC\p18f4455.asm
                 DDRCbits   0x000f94       data     extern C:\MCC18\SRC\TRADIT~1\PROC\p18f4455.asm
                     DDRD   0x000f95       data     extern C:\MCC18\SRC\TRADIT~1\PROC\p18f4455.asm
                 DDRDbits   0x000f95       data     extern C:\MCC18\SRC\TRADIT~1\PROC\p18f4455.asm
                     DDRE   0x000f96       data     extern C:\MCC18\SRC\TRADIT~1\PROC\p18f4455.asm
                 DDREbits   0x000f96       data     extern C:\MCC18\SRC\TRADIT~1\PROC\p18f4455.asm
               DataBuffer   0x000103       data     extern C:\fw\midicontroller\x004x\ram_def.c
                  ECCP1AS   0x000fb6       data     extern C:\MCC18\SRC\TRADIT~1\PROC\p18f4455.asm
              ECCP1ASbits   0x000fb6       data     extern C:\MCC18\SRC\TRADIT~1\PROC\p18f4455.asm
                 ECCP1CON   0x000fbd       data     extern C:\MCC18\SRC\TRADIT~1\PROC\p18f4455.asm
             ECCP1CONbits   0x000fbd       data     extern C:\MCC18\SRC\TRADIT~1\PROC\p18f4455.asm
                 ECCP1DEL   0x000fb7       data     extern C:\MCC18\SRC\TRADIT~1\PROC\p18f4455.asm
             ECCP1DELbits   0x000fb7       data     extern C:\MCC18\SRC\TRADIT~1\PROC\p18f4455.asm
                    EEADR   0x000fa9       data     extern C:\MCC18\SRC\TRADIT~1\PROC\p18f4455.asm
                   EECON1   0x000fa6       data     extern C:\MCC18\SRC\TRADIT~1\PROC\p18f4455.asm
               EECON1bits   0x000fa6       data     extern C:\MCC18\SRC\TRADIT~1\PROC\p18f4455.asm
                   EECON2   0x000fa7       data     extern C:\MCC18\SRC\TRADIT~1\PROC\p18f4455.asm
                   EEDATA   0x000fa8       data     extern C:\MCC18\SRC\TRADIT~1\PROC\p18f4455.asm
                EP1Buffer   0x000060       data     extern C:\fw\midicontroller\x004x\usbapplet.c
                     FSR0   0x000fe9       data     extern C:\MCC18\SRC\TRADIT~1\PROC\p18f4455.asm
                    FSR0H   0x000fea       data     extern C:\MCC18\SRC\TRADIT~1\PROC\p18f4455.asm
                    FSR0L   0x000fe9       data     extern C:\MCC18\SRC\TRADIT~1\PROC\p18f4455.asm
                     FSR1   0x000fe1       data     extern C:\MCC18\SRC\TRADIT~1\PROC\p18f4455.asm
                    FSR1H   0x000fe2       data     extern C:\MCC18\SRC\TRADIT~1\PROC\p18f4455.asm
                    FSR1L   0x000fe1       data     extern C:\MCC18\SRC\TRADIT~1\PROC\p18f4455.asm
                     FSR2   0x000fd9       data     extern C:\MCC18\SRC\TRADIT~1\PROC\p18f4455.asm
                    FSR2H   0x000fda       data     extern C:\MCC18\SRC\TRADIT~1\PROC\p18f4455.asm
                    FSR2L   0x000fd9       data     extern C:\MCC18\SRC\TRADIT~1\PROC\p18f4455.asm
                  HLVDCON   0x000fd2       data     extern C:\MCC18\SRC\TRADIT~1\PROC\p18f4455.asm
              HLVDCONbits   0x000fd2       data     extern C:\MCC18\SRC\TRADIT~1\PROC\p18f4455.asm
                    INDF0   0x000fef       data     extern C:\MCC18\SRC\TRADIT~1\PROC\p18f4455.asm
                    INDF1   0x000fe7       data     extern C:\MCC18\SRC\TRADIT~1\PROC\p18f4455.asm
                    INDF2   0x000fdf       data     extern C:\MCC18\SRC\TRADIT~1\PROC\p18f4455.asm
                   INTCON   0x000ff2       data     extern C:\MCC18\SRC\TRADIT~1\PROC\p18f4455.asm
                  INTCON2   0x000ff1       data     extern C:\MCC18\SRC\TRADIT~1\PROC\p18f4455.asm
              INTCON2bits   0x000ff1       data     extern C:\MCC18\SRC\TRADIT~1\PROC\p18f4455.asm
                  INTCON3   0x000ff0       data     extern C:\MCC18\SRC\TRADIT~1\PROC\p18f4455.asm
              INTCON3bits   0x000ff0       data     extern C:\MCC18\SRC\TRADIT~1\PROC\p18f4455.asm
               INTCONbits   0x000ff2       data     extern C:\MCC18\SRC\TRADIT~1\PROC\p18f4455.asm
                     IPR1   0x000f9f       data     extern C:\MCC18\SRC\TRADIT~1\PROC\p18f4455.asm
                 IPR1bits   0x000f9f       data     extern C:\MCC18\SRC\TRADIT~1\PROC\p18f4455.asm
                     IPR2   0x000fa2       data     extern C:\MCC18\SRC\TRADIT~1\PROC\p18f4455.asm
                 IPR2bits   0x000fa2       data     extern C:\MCC18\SRC\TRADIT~1\PROC\p18f4455.asm
         InputDataPointer   0x0000a0       data     extern C:\fw\midicontroller\x004x\usbapplet.c
                     LATA   0x000f89       data     extern C:\MCC18\SRC\TRADIT~1\PROC\p18f4455.asm
                 LATAbits   0x000f89       data     extern C:\MCC18\SRC\TRADIT~1\PROC\p18f4455.asm
                     LATB   0x000f8a       data     extern C:\MCC18\SRC\TRADIT~1\PROC\p18f4455.asm
                 LATBbits   0x000f8a       data     extern C:\MCC18\SRC\TRADIT~1\PROC\p18f4455.asm
                     LATC   0x000f8b       data     extern C:\MCC18\SRC\TRADIT~1\PROC\p18f4455.asm
                 LATCbits   0x000f8b       data     extern C:\MCC18\SRC\TRADIT~1\PROC\p18f4455.asm
                     LATD   0x000f8c       data     extern C:\MCC18\SRC\TRADIT~1\PROC\p18f4455.asm
                 LATDbits   0x000f8c       data     extern C:\MCC18\SRC\TRADIT~1\PROC\p18f4455.asm
                     LATE   0x000f8d       data     extern C:\MCC18\SRC\TRADIT~1\PROC\p18f4455.asm
                 LATEbits   0x000f8d       data     extern C:\MCC18\SRC\TRADIT~1\PROC\p18f4455.asm
                   LVDCON   0x000fd2       data     extern C:\MCC18\SRC\TRADIT~1\PROC\p18f4455.asm
               LVDCONbits   0x000fd2       data     extern C:\MCC18\SRC\TRADIT~1\PROC\p18f4455.asm
              NVRCommAddr   0x0002c5       data     extern C:\fw\midicontroller\x004x\ram_def.c
                   OSCCON   0x000fd3       data     extern C:\MCC18\SRC\TRADIT~1\PROC\p18f4455.asm
               OSCCONbits   0x000fd3       data     extern C:\MCC18\SRC\TRADIT~1\PROC\p18f4455.asm
                  OSCTUNE   0x000f9b       data     extern C:\MCC18\SRC\TRADIT~1\PROC\p18f4455.asm
              OSCTUNEbits   0x000f9b       data     extern C:\MCC18\SRC\TRADIT~1\PROC\p18f4455.asm
                       PC   0x000ff9       data     extern C:\MCC18\SRC\TRADIT~1\PROC\p18f4455.asm
                      PCL   0x000ff9       data     extern C:\MCC18\SRC\TRADIT~1\PROC\p18f4455.asm
                   PCLATH   0x000ffa       data     extern C:\MCC18\SRC\TRADIT~1\PROC\p18f4455.asm
                   PCLATU   0x000ffb       data     extern C:\MCC18\SRC\TRADIT~1\PROC\p18f4455.asm
                     PIE1   0x000f9d       data     extern C:\MCC18\SRC\TRADIT~1\PROC\p18f4455.asm
                 PIE1bits   0x000f9d       data     extern C:\MCC18\SRC\TRADIT~1\PROC\p18f4455.asm
                     PIE2   0x000fa0       data     extern C:\MCC18\SRC\TRADIT~1\PROC\p18f4455.asm
                 PIE2bits   0x000fa0       data     extern C:\MCC18\SRC\TRADIT~1\PROC\p18f4455.asm
                     PIR1   0x000f9e       data     extern C:\MCC18\SRC\TRADIT~1\PROC\p18f4455.asm
                 PIR1bits   0x000f9e       data     extern C:\MCC18\SRC\TRADIT~1\PROC\p18f4455.asm
                     PIR2   0x000fa1       data     extern C:\MCC18\SRC\TRADIT~1\PROC\p18f4455.asm
                 PIR2bits   0x000fa1       data     extern C:\MCC18\SRC\TRADIT~1\PROC\p18f4455.asm
                   PLUSW0   0x000feb       data     extern C:\MCC18\SRC\TRADIT~1\PROC\p18f4455.asm
                   PLUSW1   0x000fe3       data     extern C:\MCC18\SRC\TRADIT~1\PROC\p18f4455.asm
                   PLUSW2   0x000fdb       data     extern C:\MCC18\SRC\TRADIT~1\PROC\p18f4455.asm
                    PORTA   0x000f80       data     extern C:\MCC18\SRC\TRADIT~1\PROC\p18f4455.asm
                PORTAbits   0x000f80       data     extern C:\MCC18\SRC\TRADIT~1\PROC\p18f4455.asm
                    PORTB   0x000f81       data     extern C:\MCC18\SRC\TRADIT~1\PROC\p18f4455.asm
                PORTBbits   0x000f81       data     extern C:\MCC18\SRC\TRADIT~1\PROC\p18f4455.asm
                    PORTC   0x000f82       data     extern C:\MCC18\SRC\TRADIT~1\PROC\p18f4455.asm
                PORTCbits   0x000f82       data     extern C:\MCC18\SRC\TRADIT~1\PROC\p18f4455.asm
                    PORTD   0x000f83       data     extern C:\MCC18\SRC\TRADIT~1\PROC\p18f4455.asm
                PORTDbits   0x000f83       data     extern C:\MCC18\SRC\TRADIT~1\PROC\p18f4455.asm
                    PORTE   0x000f84       data     extern C:\MCC18\SRC\TRADIT~1\PROC\p18f4455.asm
                PORTEbits   0x000f84       data     extern C:\MCC18\SRC\TRADIT~1\PROC\p18f4455.asm
                 POSTDEC0   0x000fed       data     extern C:\MCC18\SRC\TRADIT~1\PROC\p18f4455.asm
                 POSTDEC1   0x000fe5       data     extern C:\MCC18\SRC\TRADIT~1\PROC\p18f4455.asm
                 POSTDEC2   0x000fdd       data     extern C:\MCC18\SRC\TRADIT~1\PROC\p18f4455.asm
                 POSTINC0   0x000fee       data     extern C:\MCC18\SRC\TRADIT~1\PROC\p18f4455.asm
                 POSTINC1   0x000fe6       data     extern C:\MCC18\SRC\TRADIT~1\PROC\p18f4455.asm
                 POSTINC2   0x000fde       data     extern C:\MCC18\SRC\TRADIT~1\PROC\p18f4455.asm
                      PR2   0x000fcb       data     extern C:\MCC18\SRC\TRADIT~1\PROC\p18f4455.asm
                  PREINC0   0x000fec       data     extern C:\MCC18\SRC\TRADIT~1\PROC\p18f4455.asm
                  PREINC1   0x000fe4       data     extern C:\MCC18\SRC\TRADIT~1\PROC\p18f4455.asm
                  PREINC2   0x000fdc       data     extern C:\MCC18\SRC\TRADIT~1\PROC\p18f4455.asm
                     PROD   0x000ff3       data     extern C:\MCC18\SRC\TRADIT~1\PROC\p18f4455.asm
                    PRODH   0x000ff4       data     extern C:\MCC18\SRC\TRADIT~1\PROC\p18f4455.asm
                    PRODL   0x000ff3       data     extern C:\MCC18\SRC\TRADIT~1\PROC\p18f4455.asm
              RAMCommAddr   0x0002c7       data     extern C:\fw\midicontroller\x004x\ram_def.c
                     RCON   0x000fd0       data     extern C:\MCC18\SRC\TRADIT~1\PROC\p18f4455.asm
                 RCONbits   0x000fd0       data     extern C:\MCC18\SRC\TRADIT~1\PROC\p18f4455.asm
                    RCREG   0x000fae       data     extern C:\MCC18\SRC\TRADIT~1\PROC\p18f4455.asm
                    RCSTA   0x000fab       data     extern C:\MCC18\SRC\TRADIT~1\PROC\p18f4455.asm
                RCSTAbits   0x000fab       data     extern C:\MCC18\SRC\TRADIT~1\PROC\p18f4455.asm
              ROMCommAddr   0x0002c9       data     extern C:\fw\midicontroller\x004x\ram_def.c
             ResponseType   0x0002c2       data     extern C:\fw\midicontroller\x004x\ram_def.c
                 RxBufPtr   0x0002be       data     extern C:\fw\midicontroller\x004x\ram_def.c
                 RxBuffer   0x0002d3       data     extern C:\fw\midicontroller\x004x\ram_def.c
                     SIGN   0x000000       data     extern C:\MCC18\SRC\TRADIT~1\MATH\cmath18.asm
                    SPBRG   0x000faf       data     extern C:\MCC18\SRC\TRADIT~1\PROC\p18f4455.asm
                   SPBRGH   0x000fb0       data     extern C:\MCC18\SRC\TRADIT~1\PROC\p18f4455.asm
                   SPPCFG   0x000f63       data     extern C:\MCC18\SRC\TRADIT~1\PROC\p18f4455.asm
               SPPCFGbits   0x000f63       data     extern C:\MCC18\SRC\TRADIT~1\PROC\p18f4455.asm
                   SPPCON   0x000f65       data     extern C:\MCC18\SRC\TRADIT~1\PROC\p18f4455.asm
               SPPCONbits   0x000f65       data     extern C:\MCC18\SRC\TRADIT~1\PROC\p18f4455.asm
                  SPPDATA   0x000f62       data     extern C:\MCC18\SRC\TRADIT~1\PROC\p18f4455.asm
                   SPPEPS   0x000f64       data     extern C:\MCC18\SRC\TRADIT~1\PROC\p18f4455.asm
               SPPEPSbits   0x000f64       data     extern C:\MCC18\SRC\TRADIT~1\PROC\p18f4455.asm
                   SSPADD   0x000fc8       data     extern C:\MCC18\SRC\TRADIT~1\PROC\p18f4455.asm
                   SSPBUF   0x000fc9       data     extern C:\MCC18\SRC\TRADIT~1\PROC\p18f4455.asm
                  SSPCON1   0x000fc6       data     extern C:\MCC18\SRC\TRADIT~1\PROC\p18f4455.asm
              SSPCON1bits   0x000fc6       data     extern C:\MCC18\SRC\TRADIT~1\PROC\p18f4455.asm
                  SSPCON2   0x000fc5       data     extern C:\MCC18\SRC\TRADIT~1\PROC\p18f4455.asm
              SSPCON2bits   0x000fc5       data     extern C:\MCC18\SRC\TRADIT~1\PROC\p18f4455.asm
                  SSPSTAT   0x000fc7       data     extern C:\MCC18\SRC\TRADIT~1\PROC\p18f4455.asm
              SSPSTATbits   0x000fc7       data     extern C:\MCC18\SRC\TRADIT~1\PROC\p18f4455.asm
                   STATUS   0x000fd8       data     extern C:\MCC18\SRC\TRADIT~1\PROC\p18f4455.asm
               STATUSbits   0x000fd8       data     extern C:\MCC18\SRC\TRADIT~1\PROC\p18f4455.asm
                   STKPTR   0x000ffc       data     extern C:\MCC18\SRC\TRADIT~1\PROC\p18f4455.asm
               STKPTRbits   0x000ffc       data     extern C:\MCC18\SRC\TRADIT~1\PROC\p18f4455.asm
                   Sample   0x000100       data     extern C:\fw\midicontroller\x004x\ram_def.c
               SampleData   0x000101       data     extern C:\fw\midicontroller\x004x\ram_def.c
                 SetupPkt   0x000410       data     extern C:\fw\midicontroller\x004x\usb.c
             StringChksum   0x0002c1       data     extern C:\fw\midicontroller\x004x\ram_def.c
                StringPtr   0x0002bf       data     extern C:\fw\midicontroller\x004x\ram_def.c
              StringPtr_H   0x0002c0       data     extern C:\fw\midicontroller\x004x\ram_def.c
                    T0CON   0x000fd5       data     extern C:\MCC18\SRC\TRADIT~1\PROC\p18f4455.asm
                T0CONbits   0x000fd5       data     extern C:\MCC18\SRC\TRADIT~1\PROC\p18f4455.asm
                    T1CON   0x000fcd       data     extern C:\MCC18\SRC\TRADIT~1\PROC\p18f4455.asm
                T1CONbits   0x000fcd       data     extern C:\MCC18\SRC\TRADIT~1\PROC\p18f4455.asm
                    T2CON   0x000fca       data     extern C:\MCC18\SRC\TRADIT~1\PROC\p18f4455.asm
                T2CONbits   0x000fca       data     extern C:\MCC18\SRC\TRADIT~1\PROC\p18f4455.asm
                    T3CON   0x000fb1       data     extern C:\MCC18\SRC\TRADIT~1\PROC\p18f4455.asm
                T3CONbits   0x000fb1       data     extern C:\MCC18\SRC\TRADIT~1\PROC\p18f4455.asm
                   TABLAT   0x000ff5       data     extern C:\MCC18\SRC\TRADIT~1\PROC\p18f4455.asm
                   TBLPTR   0x000ff6       data     extern C:\MCC18\SRC\TRADIT~1\PROC\p18f4455.asm
                  TBLPTRH   0x000ff7       data     extern C:\MCC18\SRC\TRADIT~1\PROC\p18f4455.asm
                  TBLPTRL   0x000ff6       data     extern C:\MCC18\SRC\TRADIT~1\PROC\p18f4455.asm
                  TBLPTRU   0x000ff8       data     extern C:\MCC18\SRC\TRADIT~1\PROC\p18f4455.asm
                    TMR0H   0x000fd7       data     extern C:\MCC18\SRC\TRADIT~1\PROC\p18f4455.asm
                    TMR0L   0x000fd6       data     extern C:\MCC18\SRC\TRADIT~1\PROC\p18f4455.asm
                    TMR1H   0x000fcf       data     extern C:\MCC18\SRC\TRADIT~1\PROC\p18f4455.asm
                    TMR1L   0x000fce       data     extern C:\MCC18\SRC\TRADIT~1\PROC\p18f4455.asm
                     TMR2   0x000fcc       data     extern C:\MCC18\SRC\TRADIT~1\PROC\p18f4455.asm
                    TMR3H   0x000fb3       data     extern C:\MCC18\SRC\TRADIT~1\PROC\p18f4455.asm
                    TMR3L   0x000fb2       data     extern C:\MCC18\SRC\TRADIT~1\PROC\p18f4455.asm
                      TOS   0x000ffd       data     extern C:\MCC18\SRC\TRADIT~1\PROC\p18f4455.asm
                     TOSH   0x000ffe       data     extern C:\MCC18\SRC\TRADIT~1\PROC\p18f4455.asm
                     TOSL   0x000ffd       data     extern C:\MCC18\SRC\TRADIT~1\PROC\p18f4455.asm
                     TOSU   0x000fff       data     extern C:\MCC18\SRC\TRADIT~1\PROC\p18f4455.asm
                    TRISA   0x000f92       data     extern C:\MCC18\SRC\TRADIT~1\PROC\p18f4455.asm
                TRISAbits   0x000f92       data     extern C:\MCC18\SRC\TRADIT~1\PROC\p18f4455.asm
                    TRISB   0x000f93       data     extern C:\MCC18\SRC\TRADIT~1\PROC\p18f4455.asm
                TRISBbits   0x000f93       data     extern C:\MCC18\SRC\TRADIT~1\PROC\p18f4455.asm
                    TRISC   0x000f94       data     extern C:\MCC18\SRC\TRADIT~1\PROC\p18f4455.asm
                TRISCbits   0x000f94       data     extern C:\MCC18\SRC\TRADIT~1\PROC\p18f4455.asm
                    TRISD   0x000f95       data     extern C:\MCC18\SRC\TRADIT~1\PROC\p18f4455.asm
                TRISDbits   0x000f95       data     extern C:\MCC18\SRC\TRADIT~1\PROC\p18f4455.asm
                    TRISE   0x000f96       data     extern C:\MCC18\SRC\TRADIT~1\PROC\p18f4455.asm
                TRISEbits   0x000f96       data     extern C:\MCC18\SRC\TRADIT~1\PROC\p18f4455.asm
                    TXREG   0x000fad       data     extern C:\MCC18\SRC\TRADIT~1\PROC\p18f4455.asm
                    TXSTA   0x000fac       data     extern C:\MCC18\SRC\TRADIT~1\PROC\p18f4455.asm
                TXSTAbits   0x000fac       data     extern C:\MCC18\SRC\TRADIT~1\PROC\p18f4455.asm
              TxBufOutPtr   0x0002bc       data     extern C:\fw\midicontroller\x004x\ram_def.c
                 TxBufPtr   0x0002bb       data     extern C:\fw\midicontroller\x004x\ram_def.c
                 TxBuffer   0x0002dc       data     extern C:\fw\midicontroller\x004x\ram_def.c
                    UADDR   0x000f6e       data     extern C:\MCC18\SRC\TRADIT~1\PROC\p18f4455.asm
                UADDRbits   0x000f6e       data     extern C:\MCC18\SRC\TRADIT~1\PROC\p18f4455.asm
                     UCFG   0x000f6f       data     extern C:\MCC18\SRC\TRADIT~1\PROC\p18f4455.asm
                 UCFGbits   0x000f6f       data     extern C:\MCC18\SRC\TRADIT~1\PROC\p18f4455.asm
                     UCON   0x000f6d       data     extern C:\MCC18\SRC\TRADIT~1\PROC\p18f4455.asm
                 UCONbits   0x000f6d       data     extern C:\MCC18\SRC\TRADIT~1\PROC\p18f4455.asm
                     UEIE   0x000f6b       data     extern C:\MCC18\SRC\TRADIT~1\PROC\p18f4455.asm
                 UEIEbits   0x000f6b       data     extern C:\MCC18\SRC\TRADIT~1\PROC\p18f4455.asm
                     UEIR   0x000f6a       data     extern C:\MCC18\SRC\TRADIT~1\PROC\p18f4455.asm
                 UEIRbits   0x000f6a       data     extern C:\MCC18\SRC\TRADIT~1\PROC\p18f4455.asm
                     UEP0   0x000f70       data     extern C:\MCC18\SRC\TRADIT~1\PROC\p18f4455.asm
                 UEP0bits   0x000f70       data     extern C:\MCC18\SRC\TRADIT~1\PROC\p18f4455.asm
                     UEP1   0x000f71       data     extern C:\MCC18\SRC\TRADIT~1\PROC\p18f4455.asm
                    UEP10   0x000f7a       data     extern C:\MCC18\SRC\TRADIT~1\PROC\p18f4455.asm
                UEP10bits   0x000f7a       data     extern C:\MCC18\SRC\TRADIT~1\PROC\p18f4455.asm
                    UEP11   0x000f7b       data     extern C:\MCC18\SRC\TRADIT~1\PROC\p18f4455.asm
                UEP11bits   0x000f7b       data     extern C:\MCC18\SRC\TRADIT~1\PROC\p18f4455.asm
                    UEP12   0x000f7c       data     extern C:\MCC18\SRC\TRADIT~1\PROC\p18f4455.asm
                UEP12bits   0x000f7c       data     extern C:\MCC18\SRC\TRADIT~1\PROC\p18f4455.asm
                    UEP13   0x000f7d       data     extern C:\MCC18\SRC\TRADIT~1\PROC\p18f4455.asm
                UEP13bits   0x000f7d       data     extern C:\MCC18\SRC\TRADIT~1\PROC\p18f4455.asm
                    UEP14   0x000f7e       data     extern C:\MCC18\SRC\TRADIT~1\PROC\p18f4455.asm
                UEP14bits   0x000f7e       data     extern C:\MCC18\SRC\TRADIT~1\PROC\p18f4455.asm
                    UEP15   0x000f7f       data     extern C:\MCC18\SRC\TRADIT~1\PROC\p18f4455.asm
                UEP15bits   0x000f7f       data     extern C:\MCC18\SRC\TRADIT~1\PROC\p18f4455.asm
                 UEP1bits   0x000f71       data     extern C:\MCC18\SRC\TRADIT~1\PROC\p18f4455.asm
                     UEP2   0x000f72       data     extern C:\MCC18\SRC\TRADIT~1\PROC\p18f4455.asm
                 UEP2bits   0x000f72       data     extern C:\MCC18\SRC\TRADIT~1\PROC\p18f4455.asm
                     UEP3   0x000f73       data     extern C:\MCC18\SRC\TRADIT~1\PROC\p18f4455.asm
                 UEP3bits   0x000f73       data     extern C:\MCC18\SRC\TRADIT~1\PROC\p18f4455.asm
                     UEP4   0x000f74       data     extern C:\MCC18\SRC\TRADIT~1\PROC\p18f4455.asm
                 UEP4bits   0x000f74       data     extern C:\MCC18\SRC\TRADIT~1\PROC\p18f4455.asm
                     UEP5   0x000f75       data     extern C:\MCC18\SRC\TRADIT~1\PROC\p18f4455.asm
                 UEP5bits   0x000f75       data     extern C:\MCC18\SRC\TRADIT~1\PROC\p18f4455.asm
                     UEP6   0x000f76       data     extern C:\MCC18\SRC\TRADIT~1\PROC\p18f4455.asm
                 UEP6bits   0x000f76       data     extern C:\MCC18\SRC\TRADIT~1\PROC\p18f4455.asm
                     UEP7   0x000f77       data     extern C:\MCC18\SRC\TRADIT~1\PROC\p18f4455.asm
                 UEP7bits   0x000f77       data     extern C:\MCC18\SRC\TRADIT~1\PROC\p18f4455.asm
                     UEP8   0x000f78       data     extern C:\MCC18\SRC\TRADIT~1\PROC\p18f4455.asm
                 UEP8bits   0x000f78       data     extern C:\MCC18\SRC\TRADIT~1\PROC\p18f4455.asm
                     UEP9   0x000f79       data     extern C:\MCC18\SRC\TRADIT~1\PROC\p18f4455.asm
                 UEP9bits   0x000f79       data     extern C:\MCC18\SRC\TRADIT~1\PROC\p18f4455.asm
                     UFRM   0x000f66       data     extern C:\MCC18\SRC\TRADIT~1\PROC\p18f4455.asm
                    UFRMH   0x000f67       data     extern C:\MCC18\SRC\TRADIT~1\PROC\p18f4455.asm
                UFRMHbits   0x000f67       data     extern C:\MCC18\SRC\TRADIT~1\PROC\p18f4455.asm
                    UFRML   0x000f66       data     extern C:\MCC18\SRC\TRADIT~1\PROC\p18f4455.asm
                UFRMLbits   0x000f66       data     extern C:\MCC18\SRC\TRADIT~1\PROC\p18f4455.asm
                      UIE   0x000f69       data     extern C:\MCC18\SRC\TRADIT~1\PROC\p18f4455.asm
                  UIEbits   0x000f69       data     extern C:\MCC18\SRC\TRADIT~1\PROC\p18f4455.asm
                      UIR   0x000f68       data     extern C:\MCC18\SRC\TRADIT~1\PROC\p18f4455.asm
                  UIRbits   0x000f68       data     extern C:\MCC18\SRC\TRADIT~1\PROC\p18f4455.asm
           USBDataPointer   0x0002c4       data     extern C:\fw\midicontroller\x004x\ram_def.c
       USBEP0DataInBuffer   0x0002cb       data     extern C:\fw\midicontroller\x004x\ram_def.c
                    USTAT   0x000f6c       data     extern C:\MCC18\SRC\TRADIT~1\PROC\p18f4455.asm
                USTATbits   0x000f6c       data     extern C:\MCC18\SRC\TRADIT~1\PROC\p18f4455.asm
                   WDTCON   0x000fd1       data     extern C:\MCC18\SRC\TRADIT~1\PROC\p18f4455.asm
               WDTCONbits   0x000fd1       data     extern C:\MCC18\SRC\TRADIT~1\PROC\p18f4455.asm
                     WREG   0x000fe8       data     extern C:\MCC18\SRC\TRADIT~1\PROC\p18f4455.asm
                __FPFLAGS   0x000001       data     extern C:\MCC18\SRC\TRADIT~1\MATH\cmath18.asm
            __FPFLAGSbits   0x000001       data     extern C:\MCC18\SRC\TRADIT~1\MATH\cmath18.asm
                  __tmp_0   0x000002       data     static C:\fw\midicontroller\x004x\main.c
                  __tmp_0   0x000002       data     static C:\fw\midicontroller\x004x\usb.c
                  __tmp_0   0x000002       data     static C:\fw\midicontroller\x004x\rs232.c
                  __tmp_0   0x000002       data     static C:\fw\midicontroller\x004x\hid.c
          active_protocol   0x0000b0       data     extern C:\fw\midicontroller\x004x\hid.c
   ctrl_trf_session_owner   0x0000a6       data     extern C:\fw\midicontroller\x004x\usb.c
           ctrl_trf_state   0x0000a5       data     extern C:\fw\midicontroller\x004x\usb.c
              delay_count   0x0000ad       data     static C:\fw\midicontroller\x004x\usb.c
                    ep0Bi   0x000404       data     extern C:\fw\midicontroller\x004x\usb.c
                    ep0Bo   0x000400       data     extern C:\fw\midicontroller\x004x\usb.c
                    ep1Bi   0x00040c       data     extern C:\fw\midicontroller\x004x\usb.c
                    ep1Bo   0x000408       data     extern C:\fw\midicontroller\x004x\usb.c
            hid_report_in   0x000460       data     extern C:\fw\midicontroller\x004x\usb.c
           hid_report_out   0x000458       data     extern C:\fw\midicontroller\x004x\usb.c
           hid_rpt_rx_len   0x0000b1       data     extern C:\fw\midicontroller\x004x\hid.c
                idle_rate   0x0000af       data     extern C:\fw\midicontroller\x004x\hid.c
                     pDst   0x0000a9       data     extern C:\fw\midicontroller\x004x\usb.c
                     pSrc   0x0000a7       data     extern C:\fw\midicontroller\x004x\usb.c
           usb_active_cfg   0x0000a3       data     extern C:\fw\midicontroller\x004x\usb.c
             usb_alt_intf   0x0000a4       data     extern C:\fw\midicontroller\x004x\usb.c
         usb_device_state   0x0000a1       data     extern C:\fw\midicontroller\x004x\usb.c
                 usb_stat   0x0000a2       data     extern C:\fw\midicontroller\x004x\usb.c
                   wCount   0x0000ab       data     extern C:\fw\midicontroller\x004x\usb.c



                              Symbols - Sorted by Address
                     Name    Address   Location    Storage File                     
                ---------  ---------  ---------  --------- ---------                
           RealInitVector   0x000000    program     extern C:\fw\midicontroller\x004x\dummystart.c
       ___return_lbl00000   0x000004    program     static                          
                   _entry   0x000a00    program     extern C:\fw\midicontroller\x004x\startup.c
       ___return_lbl00000   0x000a04    program     static                          
      InterruptVectorHigh   0x000a08    program     extern C:\fw\midicontroller\x004x\intslct.c
       ___return_lbl00000   0x000a0c    program     static                          
     PROCESS_COMM_REQUEST   0x000a2c    program     extern C:\fw\midicontroller\x004x\rs232.c
              __tmplbl_13   0x00121c    program     static                          
                    TXENQ   0x001230    program     extern C:\fw\midicontroller\x004x\rs232.c
                     RTXB   0x001284    program     extern C:\fw\midicontroller\x004x\rs232.c
       USBCheckStdRequest   0x00128e    program     extern C:\fw\midicontroller\x004x\usb.c
      USBStdGetDscHandler   0x001344    program     extern C:\fw\midicontroller\x004x\usb.c
      USBStdSetCfgHandler   0x001406    program     extern C:\fw\midicontroller\x004x\usb.c
   USBStdGetStatusHandler   0x001452    program     extern C:\fw\midicontroller\x004x\usb.c
  USBStdFeatureReqHandler   0x0014e6    program     extern C:\fw\midicontroller\x004x\usb.c
         USBCtrlEPService   0x001588    program     extern C:\fw\midicontroller\x004x\usb.c
   USBCtrlTrfSetupHandler   0x0015ac    program     extern C:\fw\midicontroller\x004x\usb.c
     USBCtrlTrfOutHandler   0x001616    program     extern C:\fw\midicontroller\x004x\usb.c
      USBCtrlTrfInHandler   0x001636    program     extern C:\fw\midicontroller\x004x\usb.c
      USBCtrlTrfTxService   0x00167a    program     extern C:\fw\midicontroller\x004x\usb.c
      USBCtrlTrfRxService   0x001750    program     extern C:\fw\midicontroller\x004x\usb.c
 USBCtrlEPServiceComplete   0x0017ca    program     extern C:\fw\midicontroller\x004x\usb.c
USBPrepareForNextSetupTrf   0x001850    program     extern C:\fw\midicontroller\x004x\usb.c
        USBCheckBusStatus   0x00186a    program     extern C:\fw\midicontroller\x004x\usb.c
          USBModuleEnable   0x00188c    program     extern C:\fw\midicontroller\x004x\usb.c
         USBModuleDisable   0x00189a    program     extern C:\fw\midicontroller\x004x\usb.c
            USBSoftDetach   0x0018a4    program     extern C:\fw\midicontroller\x004x\usb.c
         USBDriverService   0x0018a8    program     extern C:\fw\midicontroller\x004x\usb.c
               USBSuspend   0x001924    program     extern C:\fw\midicontroller\x004x\usb.c
       USBWakeFromSuspend   0x00192e    program     extern C:\fw\midicontroller\x004x\usb.c
          USBRemoteWakeup   0x001936    program     extern C:\fw\midicontroller\x004x\usb.c
          USB_SOF_Handler   0x00195a    program     extern C:\fw\midicontroller\x004x\usb.c
          USBStallHandler   0x00195e    program     extern C:\fw\midicontroller\x004x\usb.c
          USBErrorHandler   0x00196a    program     extern C:\fw\midicontroller\x004x\usb.c
  USBProtocolResetHandler   0x00196e    program     extern C:\fw\midicontroller\x004x\usb.c
               ClearArray   0x0019ac    program     extern C:\fw\midicontroller\x004x\usb.c
        ___while_lbl00133   0x0019c0    program     static                          
       ___return_lbl00132   0x0019ce    program     static                          
        ___while_lbl00134   0x0019ce    program     static                          
       USBCheckHIDRequest   0x0019d6    program     extern C:\fw\midicontroller\x004x\hid.c
                HIDInitEP   0x001af0    program     extern C:\fw\midicontroller\x004x\hid.c
              HIDTxReport   0x001b1a    program     extern C:\fw\midicontroller\x004x\hid.c
              HIDRxReport   0x001b8e    program     extern C:\fw\midicontroller\x004x\hid.c
               device_dsc   0x001c10    program     extern C:\fw\midicontroller\x004x\usbdescript.c
                    cfg01   0x001c22    program     extern C:\fw\midicontroller\x004x\usbdescript.c
                    sd000   0x001c44    program     extern C:\fw\midicontroller\x004x\usbdescript.c
                MfrString   0x001c48    program     extern C:\fw\midicontroller\x004x\usbdescript.c
                  DevChem   0x001c60    program     extern C:\fw\midicontroller\x004x\usbdescript.c
                PrdString   0x001c6a    program     extern C:\fw\midicontroller\x004x\usbdescript.c
                SerialNum   0x001c96    program     extern C:\fw\midicontroller\x004x\usbdescript.c
              hid_rpt_UPS   0x001cb8    program     extern C:\fw\midicontroller\x004x\usbdescript.c
               USB_CD_Ptr   0x001d1d    program     extern C:\fw\midicontroller\x004x\usbdescript.c
               USB_SD_Ptr   0x001d21    program     extern C:\fw\midicontroller\x004x\usbdescript.c
          ClassReqHandler   0x001d2b    program     extern C:\fw\midicontroller\x004x\usbdescript.c
      HIDSetReportHandler   0x001d2e    program     extern C:\fw\midicontroller\x004x\usbapplet.c
      HIDGetReportHandler   0x001d3c    program     extern C:\fw\midicontroller\x004x\usbapplet.c
               ServiceEP1   0x001d5e    program     extern C:\fw\midicontroller\x004x\usbapplet.c
                     main   0x001e30    program     extern C:\fw\midicontroller\x004x\main.c
           ADC_CONVERSION   0x001ed8    program     extern C:\fw\midicontroller\x004x\main.c
               ServiceUSB   0x001f08    program     extern C:\fw\midicontroller\x004x\main.c
     InterruptHandlerHigh   0x001f16    program     extern C:\fw\midicontroller\x004x\intslct.c
                 _startup   0x001f2c    program     extern C:\fw\midicontroller\x004x\startup.c
                     loop   0x001f38    program     static                          
       ___return_lbl00001   0x001f3e    program     static                          
                     SIGN   0x000000       data     extern C:\MCC18\SRC\TRADIT~1\MATH\cmath18.asm
                __FPFLAGS   0x000001       data     extern C:\MCC18\SRC\TRADIT~1\MATH\cmath18.asm
            __FPFLAGSbits   0x000001       data     extern C:\MCC18\SRC\TRADIT~1\MATH\cmath18.asm
                  __tmp_0   0x000002       data     static C:\fw\midicontroller\x004x\hid.c
                  __tmp_0   0x000002       data     static C:\fw\midicontroller\x004x\rs232.c
                  __tmp_0   0x000002       data     static C:\fw\midicontroller\x004x\usb.c
                  __tmp_0   0x000002       data     static C:\fw\midicontroller\x004x\main.c
                EP1Buffer   0x000060       data     extern C:\fw\midicontroller\x004x\usbapplet.c
         InputDataPointer   0x0000a0       data     extern C:\fw\midicontroller\x004x\usbapplet.c
         usb_device_state   0x0000a1       data     extern C:\fw\midicontroller\x004x\usb.c
                 usb_stat   0x0000a2       data     extern C:\fw\midicontroller\x004x\usb.c
           usb_active_cfg   0x0000a3       data     extern C:\fw\midicontroller\x004x\usb.c
             usb_alt_intf   0x0000a4       data     extern C:\fw\midicontroller\x004x\usb.c
           ctrl_trf_state   0x0000a5       data     extern C:\fw\midicontroller\x004x\usb.c
   ctrl_trf_session_owner   0x0000a6       data     extern C:\fw\midicontroller\x004x\usb.c
                     pSrc   0x0000a7       data     extern C:\fw\midicontroller\x004x\usb.c
                     pDst   0x0000a9       data     extern C:\fw\midicontroller\x004x\usb.c
                   wCount   0x0000ab       data     extern C:\fw\midicontroller\x004x\usb.c
              delay_count   0x0000ad       data     static C:\fw\midicontroller\x004x\usb.c
                idle_rate   0x0000af       data     extern C:\fw\midicontroller\x004x\hid.c
          active_protocol   0x0000b0       data     extern C:\fw\midicontroller\x004x\hid.c
           hid_rpt_rx_len   0x0000b1       data     extern C:\fw\midicontroller\x004x\hid.c
                   Sample   0x000100       data     extern C:\fw\midicontroller\x004x\ram_def.c
               SampleData   0x000101       data     extern C:\fw\midicontroller\x004x\ram_def.c
               DataBuffer   0x000103       data     extern C:\fw\midicontroller\x004x\ram_def.c
                 TxBufPtr   0x0002bb       data     extern C:\fw\midicontroller\x004x\ram_def.c
              TxBufOutPtr   0x0002bc       data     extern C:\fw\midicontroller\x004x\ram_def.c
                CmdLength   0x0002bd       data     extern C:\fw\midicontroller\x004x\ram_def.c
                 RxBufPtr   0x0002be       data     extern C:\fw\midicontroller\x004x\ram_def.c
                StringPtr   0x0002bf       data     extern C:\fw\midicontroller\x004x\ram_def.c
              StringPtr_H   0x0002c0       data     extern C:\fw\midicontroller\x004x\ram_def.c
             StringChksum   0x0002c1       data     extern C:\fw\midicontroller\x004x\ram_def.c
             ResponseType   0x0002c2       data     extern C:\fw\midicontroller\x004x\ram_def.c
               CommFlags1   0x0002c3       data     extern C:\fw\midicontroller\x004x\ram_def.c
           USBDataPointer   0x0002c4       data     extern C:\fw\midicontroller\x004x\ram_def.c
              NVRCommAddr   0x0002c5       data     extern C:\fw\midicontroller\x004x\ram_def.c
              RAMCommAddr   0x0002c7       data     extern C:\fw\midicontroller\x004x\ram_def.c
              ROMCommAddr   0x0002c9       data     extern C:\fw\midicontroller\x004x\ram_def.c
       USBEP0DataInBuffer   0x0002cb       data     extern C:\fw\midicontroller\x004x\ram_def.c
                 RxBuffer   0x0002d3       data     extern C:\fw\midicontroller\x004x\ram_def.c
                 TxBuffer   0x0002dc       data     extern C:\fw\midicontroller\x004x\ram_def.c
                    ep0Bo   0x000400       data     extern C:\fw\midicontroller\x004x\usb.c
                    ep0Bi   0x000404       data     extern C:\fw\midicontroller\x004x\usb.c
                    ep1Bo   0x000408       data     extern C:\fw\midicontroller\x004x\usb.c
                    ep1Bi   0x00040c       data     extern C:\fw\midicontroller\x004x\usb.c
                 SetupPkt   0x000410       data     extern C:\fw\midicontroller\x004x\usb.c
              CtrlTrfData   0x000418       data     extern C:\fw\midicontroller\x004x\usb.c
           hid_report_out   0x000458       data     extern C:\fw\midicontroller\x004x\usb.c
            hid_report_in   0x000460       data     extern C:\fw\midicontroller\x004x\usb.c
                  SPPDATA   0x000f62       data     extern C:\MCC18\SRC\TRADIT~1\PROC\p18f4455.asm
               SPPCFGbits   0x000f63       data     extern C:\MCC18\SRC\TRADIT~1\PROC\p18f4455.asm
                   SPPCFG   0x000f63       data     extern C:\MCC18\SRC\TRADIT~1\PROC\p18f4455.asm
               SPPEPSbits   0x000f64       data     extern C:\MCC18\SRC\TRADIT~1\PROC\p18f4455.asm
                   SPPEPS   0x000f64       data     extern C:\MCC18\SRC\TRADIT~1\PROC\p18f4455.asm
                   SPPCON   0x000f65       data     extern C:\MCC18\SRC\TRADIT~1\PROC\p18f4455.asm
               SPPCONbits   0x000f65       data     extern C:\MCC18\SRC\TRADIT~1\PROC\p18f4455.asm
                    UFRML   0x000f66       data     extern C:\MCC18\SRC\TRADIT~1\PROC\p18f4455.asm
                UFRMLbits   0x000f66       data     extern C:\MCC18\SRC\TRADIT~1\PROC\p18f4455.asm
                     UFRM   0x000f66       data     extern C:\MCC18\SRC\TRADIT~1\PROC\p18f4455.asm
                UFRMHbits   0x000f67       data     extern C:\MCC18\SRC\TRADIT~1\PROC\p18f4455.asm
                    UFRMH   0x000f67       data     extern C:\MCC18\SRC\TRADIT~1\PROC\p18f4455.asm
                  UIRbits   0x000f68       data     extern C:\MCC18\SRC\TRADIT~1\PROC\p18f4455.asm
                      UIR   0x000f68       data     extern C:\MCC18\SRC\TRADIT~1\PROC\p18f4455.asm
                  UIEbits   0x000f69       data     extern C:\MCC18\SRC\TRADIT~1\PROC\p18f4455.asm
                      UIE   0x000f69       data     extern C:\MCC18\SRC\TRADIT~1\PROC\p18f4455.asm
                     UEIR   0x000f6a       data     extern C:\MCC18\SRC\TRADIT~1\PROC\p18f4455.asm
                 UEIRbits   0x000f6a       data     extern C:\MCC18\SRC\TRADIT~1\PROC\p18f4455.asm
                     UEIE   0x000f6b       data     extern C:\MCC18\SRC\TRADIT~1\PROC\p18f4455.asm
                 UEIEbits   0x000f6b       data     extern C:\MCC18\SRC\TRADIT~1\PROC\p18f4455.asm
                    USTAT   0x000f6c       data     extern C:\MCC18\SRC\TRADIT~1\PROC\p18f4455.asm
                USTATbits   0x000f6c       data     extern C:\MCC18\SRC\TRADIT~1\PROC\p18f4455.asm
                 UCONbits   0x000f6d       data     extern C:\MCC18\SRC\TRADIT~1\PROC\p18f4455.asm
                     UCON   0x000f6d       data     extern C:\MCC18\SRC\TRADIT~1\PROC\p18f4455.asm
                UADDRbits   0x000f6e       data     extern C:\MCC18\SRC\TRADIT~1\PROC\p18f4455.asm
                    UADDR   0x000f6e       data     extern C:\MCC18\SRC\TRADIT~1\PROC\p18f4455.asm
                 UCFGbits   0x000f6f       data     extern C:\MCC18\SRC\TRADIT~1\PROC\p18f4455.asm
                     UCFG   0x000f6f       data     extern C:\MCC18\SRC\TRADIT~1\PROC\p18f4455.asm
                     UEP0   0x000f70       data     extern C:\MCC18\SRC\TRADIT~1\PROC\p18f4455.asm
                 UEP0bits   0x000f70       data     extern C:\MCC18\SRC\TRADIT~1\PROC\p18f4455.asm
                 UEP1bits   0x000f71       data     extern C:\MCC18\SRC\TRADIT~1\PROC\p18f4455.asm
                     UEP1   0x000f71       data     extern C:\MCC18\SRC\TRADIT~1\PROC\p18f4455.asm
                 UEP2bits   0x000f72       data     extern C:\MCC18\SRC\TRADIT~1\PROC\p18f4455.asm
                     UEP2   0x000f72       data     extern C:\MCC18\SRC\TRADIT~1\PROC\p18f4455.asm
                 UEP3bits   0x000f73       data     extern C:\MCC18\SRC\TRADIT~1\PROC\p18f4455.asm
                     UEP3   0x000f73       data     extern C:\MCC18\SRC\TRADIT~1\PROC\p18f4455.asm
                 UEP4bits   0x000f74       data     extern C:\MCC18\SRC\TRADIT~1\PROC\p18f4455.asm
                     UEP4   0x000f74       data     extern C:\MCC18\SRC\TRADIT~1\PROC\p18f4455.asm
                 UEP5bits   0x000f75       data     extern C:\MCC18\SRC\TRADIT~1\PROC\p18f4455.asm
                     UEP5   0x000f75       data     extern C:\MCC18\SRC\TRADIT~1\PROC\p18f4455.asm
                 UEP6bits   0x000f76       data     extern C:\MCC18\SRC\TRADIT~1\PROC\p18f4455.asm
                     UEP6   0x000f76       data     extern C:\MCC18\SRC\TRADIT~1\PROC\p18f4455.asm
                     UEP7   0x000f77       data     extern C:\MCC18\SRC\TRADIT~1\PROC\p18f4455.asm
                 UEP7bits   0x000f77       data     extern C:\MCC18\SRC\TRADIT~1\PROC\p18f4455.asm
                     UEP8   0x000f78       data     extern C:\MCC18\SRC\TRADIT~1\PROC\p18f4455.asm
                 UEP8bits   0x000f78       data     extern C:\MCC18\SRC\TRADIT~1\PROC\p18f4455.asm
                     UEP9   0x000f79       data     extern C:\MCC18\SRC\TRADIT~1\PROC\p18f4455.asm
                 UEP9bits   0x000f79       data     extern C:\MCC18\SRC\TRADIT~1\PROC\p18f4455.asm
                    UEP10   0x000f7a       data     extern C:\MCC18\SRC\TRADIT~1\PROC\p18f4455.asm
                UEP10bits   0x000f7a       data     extern C:\MCC18\SRC\TRADIT~1\PROC\p18f4455.asm
                UEP11bits   0x000f7b       data     extern C:\MCC18\SRC\TRADIT~1\PROC\p18f4455.asm
                    UEP11   0x000f7b       data     extern C:\MCC18\SRC\TRADIT~1\PROC\p18f4455.asm
                UEP12bits   0x000f7c       data     extern C:\MCC18\SRC\TRADIT~1\PROC\p18f4455.asm
                    UEP12   0x000f7c       data     extern C:\MCC18\SRC\TRADIT~1\PROC\p18f4455.asm
                UEP13bits   0x000f7d       data     extern C:\MCC18\SRC\TRADIT~1\PROC\p18f4455.asm
                    UEP13   0x000f7d       data     extern C:\MCC18\SRC\TRADIT~1\PROC\p18f4455.asm
                UEP14bits   0x000f7e       data     extern C:\MCC18\SRC\TRADIT~1\PROC\p18f4455.asm
                    UEP14   0x000f7e       data     extern C:\MCC18\SRC\TRADIT~1\PROC\p18f4455.asm
                UEP15bits   0x000f7f       data     extern C:\MCC18\SRC\TRADIT~1\PROC\p18f4455.asm
                    UEP15   0x000f7f       data     extern C:\MCC18\SRC\TRADIT~1\PROC\p18f4455.asm
                PORTAbits   0x000f80       data     extern C:\MCC18\SRC\TRADIT~1\PROC\p18f4455.asm
                    PORTA   0x000f80       data     extern C:\MCC18\SRC\TRADIT~1\PROC\p18f4455.asm
                PORTBbits   0x000f81       data     extern C:\MCC18\SRC\TRADIT~1\PROC\p18f4455.asm
                    PORTB   0x000f81       data     extern C:\MCC18\SRC\TRADIT~1\PROC\p18f4455.asm
                    PORTC   0x000f82       data     extern C:\MCC18\SRC\TRADIT~1\PROC\p18f4455.asm
                PORTCbits   0x000f82       data     extern C:\MCC18\SRC\TRADIT~1\PROC\p18f4455.asm
                    PORTD   0x000f83       data     extern C:\MCC18\SRC\TRADIT~1\PROC\p18f4455.asm
                PORTDbits   0x000f83       data     extern C:\MCC18\SRC\TRADIT~1\PROC\p18f4455.asm
                    PORTE   0x000f84       data     extern C:\MCC18\SRC\TRADIT~1\PROC\p18f4455.asm
                PORTEbits   0x000f84       data     extern C:\MCC18\SRC\TRADIT~1\PROC\p18f4455.asm
                 LATAbits   0x000f89       data     extern C:\MCC18\SRC\TRADIT~1\PROC\p18f4455.asm
                     LATA   0x000f89       data     extern C:\MCC18\SRC\TRADIT~1\PROC\p18f4455.asm
                 LATBbits   0x000f8a       data     extern C:\MCC18\SRC\TRADIT~1\PROC\p18f4455.asm
                     LATB   0x000f8a       data     extern C:\MCC18\SRC\TRADIT~1\PROC\p18f4455.asm
                 LATCbits   0x000f8b       data     extern C:\MCC18\SRC\TRADIT~1\PROC\p18f4455.asm
                     LATC   0x000f8b       data     extern C:\MCC18\SRC\TRADIT~1\PROC\p18f4455.asm
                 LATDbits   0x000f8c       data     extern C:\MCC18\SRC\TRADIT~1\PROC\p18f4455.asm
                     LATD   0x000f8c       data     extern C:\MCC18\SRC\TRADIT~1\PROC\p18f4455.asm
                 LATEbits   0x000f8d       data     extern C:\MCC18\SRC\TRADIT~1\PROC\p18f4455.asm
                     LATE   0x000f8d       data     extern C:\MCC18\SRC\TRADIT~1\PROC\p18f4455.asm
                    TRISA   0x000f92       data     extern C:\MCC18\SRC\TRADIT~1\PROC\p18f4455.asm
                     DDRA   0x000f92       data     extern C:\MCC18\SRC\TRADIT~1\PROC\p18f4455.asm
                TRISAbits   0x000f92       data     extern C:\MCC18\SRC\TRADIT~1\PROC\p18f4455.asm
                 DDRAbits   0x000f92       data     extern C:\MCC18\SRC\TRADIT~1\PROC\p18f4455.asm
                TRISBbits   0x000f93       data     extern C:\MCC18\SRC\TRADIT~1\PROC\p18f4455.asm
                    TRISB   0x000f93       data     extern C:\MCC18\SRC\TRADIT~1\PROC\p18f4455.asm
                 DDRBbits   0x000f93       data     extern C:\MCC18\SRC\TRADIT~1\PROC\p18f4455.asm
                     DDRB   0x000f93       data     extern C:\MCC18\SRC\TRADIT~1\PROC\p18f4455.asm
                TRISCbits   0x000f94       data     extern C:\MCC18\SRC\TRADIT~1\PROC\p18f4455.asm
                    TRISC   0x000f94       data     extern C:\MCC18\SRC\TRADIT~1\PROC\p18f4455.asm
                 DDRCbits   0x000f94       data     extern C:\MCC18\SRC\TRADIT~1\PROC\p18f4455.asm
                     DDRC   0x000f94       data     extern C:\MCC18\SRC\TRADIT~1\PROC\p18f4455.asm
                TRISDbits   0x000f95       data     extern C:\MCC18\SRC\TRADIT~1\PROC\p18f4455.asm
                     DDRD   0x000f95       data     extern C:\MCC18\SRC\TRADIT~1\PROC\p18f4455.asm
                 DDRDbits   0x000f95       data     extern C:\MCC18\SRC\TRADIT~1\PROC\p18f4455.asm
                    TRISD   0x000f95       data     extern C:\MCC18\SRC\TRADIT~1\PROC\p18f4455.asm
                TRISEbits   0x000f96       data     extern C:\MCC18\SRC\TRADIT~1\PROC\p18f4455.asm
                    TRISE   0x000f96       data     extern C:\MCC18\SRC\TRADIT~1\PROC\p18f4455.asm
                     DDRE   0x000f96       data     extern C:\MCC18\SRC\TRADIT~1\PROC\p18f4455.asm
                 DDREbits   0x000f96       data     extern C:\MCC18\SRC\TRADIT~1\PROC\p18f4455.asm
              OSCTUNEbits   0x000f9b       data     extern C:\MCC18\SRC\TRADIT~1\PROC\p18f4455.asm
                  OSCTUNE   0x000f9b       data     extern C:\MCC18\SRC\TRADIT~1\PROC\p18f4455.asm
                 PIE1bits   0x000f9d       data     extern C:\MCC18\SRC\TRADIT~1\PROC\p18f4455.asm
                     PIE1   0x000f9d       data     extern C:\MCC18\SRC\TRADIT~1\PROC\p18f4455.asm
                     PIR1   0x000f9e       data     extern C:\MCC18\SRC\TRADIT~1\PROC\p18f4455.asm
                 PIR1bits   0x000f9e       data     extern C:\MCC18\SRC\TRADIT~1\PROC\p18f4455.asm
                     IPR1   0x000f9f       data     extern C:\MCC18\SRC\TRADIT~1\PROC\p18f4455.asm
                 IPR1bits   0x000f9f       data     extern C:\MCC18\SRC\TRADIT~1\PROC\p18f4455.asm
                 PIE2bits   0x000fa0       data     extern C:\MCC18\SRC\TRADIT~1\PROC\p18f4455.asm
                     PIE2   0x000fa0       data     extern C:\MCC18\SRC\TRADIT~1\PROC\p18f4455.asm
                     PIR2   0x000fa1       data     extern C:\MCC18\SRC\TRADIT~1\PROC\p18f4455.asm
                 PIR2bits   0x000fa1       data     extern C:\MCC18\SRC\TRADIT~1\PROC\p18f4455.asm
                     IPR2   0x000fa2       data     extern C:\MCC18\SRC\TRADIT~1\PROC\p18f4455.asm
                 IPR2bits   0x000fa2       data     extern C:\MCC18\SRC\TRADIT~1\PROC\p18f4455.asm
                   EECON1   0x000fa6       data     extern C:\MCC18\SRC\TRADIT~1\PROC\p18f4455.asm
               EECON1bits   0x000fa6       data     extern C:\MCC18\SRC\TRADIT~1\PROC\p18f4455.asm
                   EECON2   0x000fa7       data     extern C:\MCC18\SRC\TRADIT~1\PROC\p18f4455.asm
                   EEDATA   0x000fa8       data     extern C:\MCC18\SRC\TRADIT~1\PROC\p18f4455.asm
                    EEADR   0x000fa9       data     extern C:\MCC18\SRC\TRADIT~1\PROC\p18f4455.asm
                RCSTAbits   0x000fab       data     extern C:\MCC18\SRC\TRADIT~1\PROC\p18f4455.asm
                    RCSTA   0x000fab       data     extern C:\MCC18\SRC\TRADIT~1\PROC\p18f4455.asm
                    TXSTA   0x000fac       data     extern C:\MCC18\SRC\TRADIT~1\PROC\p18f4455.asm
                TXSTAbits   0x000fac       data     extern C:\MCC18\SRC\TRADIT~1\PROC\p18f4455.asm
                    TXREG   0x000fad       data     extern C:\MCC18\SRC\TRADIT~1\PROC\p18f4455.asm
                    RCREG   0x000fae       data     extern C:\MCC18\SRC\TRADIT~1\PROC\p18f4455.asm
                    SPBRG   0x000faf       data     extern C:\MCC18\SRC\TRADIT~1\PROC\p18f4455.asm
                   SPBRGH   0x000fb0       data     extern C:\MCC18\SRC\TRADIT~1\PROC\p18f4455.asm
                    T3CON   0x000fb1       data     extern C:\MCC18\SRC\TRADIT~1\PROC\p18f4455.asm
                T3CONbits   0x000fb1       data     extern C:\MCC18\SRC\TRADIT~1\PROC\p18f4455.asm
                    TMR3L   0x000fb2       data     extern C:\MCC18\SRC\TRADIT~1\PROC\p18f4455.asm
                    TMR3H   0x000fb3       data     extern C:\MCC18\SRC\TRADIT~1\PROC\p18f4455.asm
                    CMCON   0x000fb4       data     extern C:\MCC18\SRC\TRADIT~1\PROC\p18f4455.asm
                CMCONbits   0x000fb4       data     extern C:\MCC18\SRC\TRADIT~1\PROC\p18f4455.asm
               CVRCONbits   0x000fb5       data     extern C:\MCC18\SRC\TRADIT~1\PROC\p18f4455.asm
                   CVRCON   0x000fb5       data     extern C:\MCC18\SRC\TRADIT~1\PROC\p18f4455.asm
               CCP1ASbits   0x000fb6       data     extern C:\MCC18\SRC\TRADIT~1\PROC\p18f4455.asm
                   CCP1AS   0x000fb6       data     extern C:\MCC18\SRC\TRADIT~1\PROC\p18f4455.asm
              ECCP1ASbits   0x000fb6       data     extern C:\MCC18\SRC\TRADIT~1\PROC\p18f4455.asm
                  ECCP1AS   0x000fb6       data     extern C:\MCC18\SRC\TRADIT~1\PROC\p18f4455.asm
              CCP1DELbits   0x000fb7       data     extern C:\MCC18\SRC\TRADIT~1\PROC\p18f4455.asm
                  CCP1DEL   0x000fb7       data     extern C:\MCC18\SRC\TRADIT~1\PROC\p18f4455.asm
                 ECCP1DEL   0x000fb7       data     extern C:\MCC18\SRC\TRADIT~1\PROC\p18f4455.asm
             ECCP1DELbits   0x000fb7       data     extern C:\MCC18\SRC\TRADIT~1\PROC\p18f4455.asm
              BAUDCONbits   0x000fb8       data     extern C:\MCC18\SRC\TRADIT~1\PROC\p18f4455.asm
                  BAUDCON   0x000fb8       data     extern C:\MCC18\SRC\TRADIT~1\PROC\p18f4455.asm
              CCP2CONbits   0x000fba       data     extern C:\MCC18\SRC\TRADIT~1\PROC\p18f4455.asm
                  CCP2CON   0x000fba       data     extern C:\MCC18\SRC\TRADIT~1\PROC\p18f4455.asm
                   CCPR2L   0x000fbb       data     extern C:\MCC18\SRC\TRADIT~1\PROC\p18f4455.asm
                    CCPR2   0x000fbb       data     extern C:\MCC18\SRC\TRADIT~1\PROC\p18f4455.asm
                   CCPR2H   0x000fbc       data     extern C:\MCC18\SRC\TRADIT~1\PROC\p18f4455.asm
             ECCP1CONbits   0x000fbd       data     extern C:\MCC18\SRC\TRADIT~1\PROC\p18f4455.asm
                  CCP1CON   0x000fbd       data     extern C:\MCC18\SRC\TRADIT~1\PROC\p18f4455.asm
              CCP1CONbits   0x000fbd       data     extern C:\MCC18\SRC\TRADIT~1\PROC\p18f4455.asm
                 ECCP1CON   0x000fbd       data     extern C:\MCC18\SRC\TRADIT~1\PROC\p18f4455.asm
                    CCPR1   0x000fbe       data     extern C:\MCC18\SRC\TRADIT~1\PROC\p18f4455.asm
                   CCPR1L   0x000fbe       data     extern C:\MCC18\SRC\TRADIT~1\PROC\p18f4455.asm
                   CCPR1H   0x000fbf       data     extern C:\MCC18\SRC\TRADIT~1\PROC\p18f4455.asm
               ADCON2bits   0x000fc0       data     extern C:\MCC18\SRC\TRADIT~1\PROC\p18f4455.asm
                   ADCON2   0x000fc0       data     extern C:\MCC18\SRC\TRADIT~1\PROC\p18f4455.asm
               ADCON1bits   0x000fc1       data     extern C:\MCC18\SRC\TRADIT~1\PROC\p18f4455.asm
                   ADCON1   0x000fc1       data     extern C:\MCC18\SRC\TRADIT~1\PROC\p18f4455.asm
                   ADCON0   0x000fc2       data     extern C:\MCC18\SRC\TRADIT~1\PROC\p18f4455.asm
               ADCON0bits   0x000fc2       data     extern C:\MCC18\SRC\TRADIT~1\PROC\p18f4455.asm
                    ADRES   0x000fc3       data     extern C:\MCC18\SRC\TRADIT~1\PROC\p18f4455.asm
                   ADRESL   0x000fc3       data     extern C:\MCC18\SRC\TRADIT~1\PROC\p18f4455.asm
                   ADRESH   0x000fc4       data     extern C:\MCC18\SRC\TRADIT~1\PROC\p18f4455.asm
                  SSPCON2   0x000fc5       data     extern C:\MCC18\SRC\TRADIT~1\PROC\p18f4455.asm
              SSPCON2bits   0x000fc5       data     extern C:\MCC18\SRC\TRADIT~1\PROC\p18f4455.asm
                  SSPCON1   0x000fc6       data     extern C:\MCC18\SRC\TRADIT~1\PROC\p18f4455.asm
              SSPCON1bits   0x000fc6       data     extern C:\MCC18\SRC\TRADIT~1\PROC\p18f4455.asm
                  SSPSTAT   0x000fc7       data     extern C:\MCC18\SRC\TRADIT~1\PROC\p18f4455.asm
              SSPSTATbits   0x000fc7       data     extern C:\MCC18\SRC\TRADIT~1\PROC\p18f4455.asm
                   SSPADD   0x000fc8       data     extern C:\MCC18\SRC\TRADIT~1\PROC\p18f4455.asm
                   SSPBUF   0x000fc9       data     extern C:\MCC18\SRC\TRADIT~1\PROC\p18f4455.asm
                    T2CON   0x000fca       data     extern C:\MCC18\SRC\TRADIT~1\PROC\p18f4455.asm
                T2CONbits   0x000fca       data     extern C:\MCC18\SRC\TRADIT~1\PROC\p18f4455.asm
                      PR2   0x000fcb       data     extern C:\MCC18\SRC\TRADIT~1\PROC\p18f4455.asm
                     TMR2   0x000fcc       data     extern C:\MCC18\SRC\TRADIT~1\PROC\p18f4455.asm
                    T1CON   0x000fcd       data     extern C:\MCC18\SRC\TRADIT~1\PROC\p18f4455.asm
                T1CONbits   0x000fcd       data     extern C:\MCC18\SRC\TRADIT~1\PROC\p18f4455.asm
                    TMR1L   0x000fce       data     extern C:\MCC18\SRC\TRADIT~1\PROC\p18f4455.asm
                    TMR1H   0x000fcf       data     extern C:\MCC18\SRC\TRADIT~1\PROC\p18f4455.asm
                 RCONbits   0x000fd0       data     extern C:\MCC18\SRC\TRADIT~1\PROC\p18f4455.asm
                     RCON   0x000fd0       data     extern C:\MCC18\SRC\TRADIT~1\PROC\p18f4455.asm
                   WDTCON   0x000fd1       data     extern C:\MCC18\SRC\TRADIT~1\PROC\p18f4455.asm
               WDTCONbits   0x000fd1       data     extern C:\MCC18\SRC\TRADIT~1\PROC\p18f4455.asm
                  HLVDCON   0x000fd2       data     extern C:\MCC18\SRC\TRADIT~1\PROC\p18f4455.asm
              HLVDCONbits   0x000fd2       data     extern C:\MCC18\SRC\TRADIT~1\PROC\p18f4455.asm
                   LVDCON   0x000fd2       data     extern C:\MCC18\SRC\TRADIT~1\PROC\p18f4455.asm
               LVDCONbits   0x000fd2       data     extern C:\MCC18\SRC\TRADIT~1\PROC\p18f4455.asm
               OSCCONbits   0x000fd3       data     extern C:\MCC18\SRC\TRADIT~1\PROC\p18f4455.asm
                   OSCCON   0x000fd3       data     extern C:\MCC18\SRC\TRADIT~1\PROC\p18f4455.asm
                T0CONbits   0x000fd5       data     extern C:\MCC18\SRC\TRADIT~1\PROC\p18f4455.asm
                    T0CON   0x000fd5       data     extern C:\MCC18\SRC\TRADIT~1\PROC\p18f4455.asm
                    TMR0L   0x000fd6       data     extern C:\MCC18\SRC\TRADIT~1\PROC\p18f4455.asm
                    TMR0H   0x000fd7       data     extern C:\MCC18\SRC\TRADIT~1\PROC\p18f4455.asm
                   STATUS   0x000fd8       data     extern C:\MCC18\SRC\TRADIT~1\PROC\p18f4455.asm
               STATUSbits   0x000fd8       data     extern C:\MCC18\SRC\TRADIT~1\PROC\p18f4455.asm
                    FSR2L   0x000fd9       data     extern C:\MCC18\SRC\TRADIT~1\PROC\p18f4455.asm
                     FSR2   0x000fd9       data     extern C:\MCC18\SRC\TRADIT~1\PROC\p18f4455.asm
                    FSR2H   0x000fda       data     extern C:\MCC18\SRC\TRADIT~1\PROC\p18f4455.asm
                   PLUSW2   0x000fdb       data     extern C:\MCC18\SRC\TRADIT~1\PROC\p18f4455.asm
                  PREINC2   0x000fdc       data     extern C:\MCC18\SRC\TRADIT~1\PROC\p18f4455.asm
                 POSTDEC2   0x000fdd       data     extern C:\MCC18\SRC\TRADIT~1\PROC\p18f4455.asm
                 POSTINC2   0x000fde       data     extern C:\MCC18\SRC\TRADIT~1\PROC\p18f4455.asm
                    INDF2   0x000fdf       data     extern C:\MCC18\SRC\TRADIT~1\PROC\p18f4455.asm
                      BSR   0x000fe0       data     extern C:\MCC18\SRC\TRADIT~1\PROC\p18f4455.asm
                    FSR1L   0x000fe1       data     extern C:\MCC18\SRC\TRADIT~1\PROC\p18f4455.asm
                     FSR1   0x000fe1       data     extern C:\MCC18\SRC\TRADIT~1\PROC\p18f4455.asm
                    FSR1H   0x000fe2       data     extern C:\MCC18\SRC\TRADIT~1\PROC\p18f4455.asm
                   PLUSW1   0x000fe3       data     extern C:\MCC18\SRC\TRADIT~1\PROC\p18f4455.asm
                  PREINC1   0x000fe4       data     extern C:\MCC18\SRC\TRADIT~1\PROC\p18f4455.asm
                 POSTDEC1   0x000fe5       data     extern C:\MCC18\SRC\TRADIT~1\PROC\p18f4455.asm
                 POSTINC1   0x000fe6       data     extern C:\MCC18\SRC\TRADIT~1\PROC\p18f4455.asm
                    INDF1   0x000fe7       data     extern C:\MCC18\SRC\TRADIT~1\PROC\p18f4455.asm
                     WREG   0x000fe8       data     extern C:\MCC18\SRC\TRADIT~1\PROC\p18f4455.asm
                    FSR0L   0x000fe9       data     extern C:\MCC18\SRC\TRADIT~1\PROC\p18f4455.asm
                     FSR0   0x000fe9       data     extern C:\MCC18\SRC\TRADIT~1\PROC\p18f4455.asm
                    FSR0H   0x000fea       data     extern C:\MCC18\SRC\TRADIT~1\PROC\p18f4455.asm
                   PLUSW0   0x000feb       data     extern C:\MCC18\SRC\TRADIT~1\PROC\p18f4455.asm
                  PREINC0   0x000fec       data     extern C:\MCC18\SRC\TRADIT~1\PROC\p18f4455.asm
                 POSTDEC0   0x000fed       data     extern C:\MCC18\SRC\TRADIT~1\PROC\p18f4455.asm
                 POSTINC0   0x000fee       data     extern C:\MCC18\SRC\TRADIT~1\PROC\p18f4455.asm
                    INDF0   0x000fef       data     extern C:\MCC18\SRC\TRADIT~1\PROC\p18f4455.asm
              INTCON3bits   0x000ff0       data     extern C:\MCC18\SRC\TRADIT~1\PROC\p18f4455.asm
                  INTCON3   0x000ff0       data     extern C:\MCC18\SRC\TRADIT~1\PROC\p18f4455.asm
              INTCON2bits   0x000ff1       data     extern C:\MCC18\SRC\TRADIT~1\PROC\p18f4455.asm
                  INTCON2   0x000ff1       data     extern C:\MCC18\SRC\TRADIT~1\PROC\p18f4455.asm
               INTCONbits   0x000ff2       data     extern C:\MCC18\SRC\TRADIT~1\PROC\p18f4455.asm
                   INTCON   0x000ff2       data     extern C:\MCC18\SRC\TRADIT~1\PROC\p18f4455.asm
                     PROD   0x000ff3       data     extern C:\MCC18\SRC\TRADIT~1\PROC\p18f4455.asm
                    PRODL   0x000ff3       data     extern C:\MCC18\SRC\TRADIT~1\PROC\p18f4455.asm
                    PRODH   0x000ff4       data     extern C:\MCC18\SRC\TRADIT~1\PROC\p18f4455.asm
                   TABLAT   0x000ff5       data     extern C:\MCC18\SRC\TRADIT~1\PROC\p18f4455.asm
                  TBLPTRL   0x000ff6       data     extern C:\MCC18\SRC\TRADIT~1\PROC\p18f4455.asm
                   TBLPTR   0x000ff6       data     extern C:\MCC18\SRC\TRADIT~1\PROC\p18f4455.asm
                  TBLPTRH   0x000ff7       data     extern C:\MCC18\SRC\TRADIT~1\PROC\p18f4455.asm
                  TBLPTRU   0x000ff8       data     extern C:\MCC18\SRC\TRADIT~1\PROC\p18f4455.asm
                      PCL   0x000ff9       data     extern C:\MCC18\SRC\TRADIT~1\PROC\p18f4455.asm
                       PC   0x000ff9       data     extern C:\MCC18\SRC\TRADIT~1\PROC\p18f4455.asm
                   PCLATH   0x000ffa       data     extern C:\MCC18\SRC\TRADIT~1\PROC\p18f4455.asm
                   PCLATU   0x000ffb       data     extern C:\MCC18\SRC\TRADIT~1\PROC\p18f4455.asm
                   STKPTR   0x000ffc       data     extern C:\MCC18\SRC\TRADIT~1\PROC\p18f4455.asm
               STKPTRbits   0x000ffc       data     extern C:\MCC18\SRC\TRADIT~1\PROC\p18f4455.asm
                     TOSL   0x000ffd       data     extern C:\MCC18\SRC\TRADIT~1\PROC\p18f4455.asm
                      TOS   0x000ffd       data     extern C:\MCC18\SRC\TRADIT~1\PROC\p18f4455.asm
                     TOSH   0x000ffe       data     extern C:\MCC18\SRC\TRADIT~1\PROC\p18f4455.asm
                     TOSU   0x000fff       data     extern C:\MCC18\SRC\TRADIT~1\PROC\p18f4455.asm


