MPLINK 4.1, Linker
Linker Map File - Created Sun Jun 03 14:35:33 2007

                                 Section Info
                  Section       Type    Address   Location Size(Bytes)
                ---------  ---------  ---------  ---------  ---------
           RealInitVector       code   0x000000    program   0x000006
  RealInterruptVectorHigh       code   0x000008    program   0x000006
               _entry_scn       code   0x000a00    program   0x000006
      InterruptVectorHigh       code   0x000a08    program   0x000006
                main_code       code   0x000a2a    program   0x0000e8
                   .cinit    romdata   0x000b12    program   0x00000e
       .code_controller.o       code   0x000b20    program   0x001252
              .code_usb.o       code   0x001d72    program   0x000748
          .code_hwcalls.o       code   0x0024ba    program   0x00042a
            .code_rs232.o       code   0x0028e4    program   0x000306
             .code_leds.o       code   0x002bea    program   0x0002f8
        .code_usbapplet.o       code   0x002ee2    program   0x000240
              .code_hid.o       code   0x003122    program   0x00023a
   .romdata_usbdescript.o    romdata   0x00335c    program   0x000128
        .romdata_tables.o    romdata   0x003484    program   0x000100
                    .code       code   0x003584    program   0x000068
             .code_init.o       code   0x0035ec    program   0x000066
           .code_eeprom.o       code   0x003652    program   0x000058
          .code_intslct.o       code   0x0036aa    program   0x000030
          .romdata_leds.o    romdata   0x0036da    program   0x000024
         .code_fxd0808u.o       code   0x0036fe    program   0x00001c
             _startup_scn       code   0x00371a    program   0x000014
             .stringtable    romdata   0x00372e    program   0x000005
    .idata_controller.o_i    romdata   0x003733    program   0x000022
              ROMSAVEDATA    romdata   0x004000    program   0x001fff
  .config_300000_CONFIG.O    romdata   0x300000    program   0x000001
  .config_300001_CONFIG.O    romdata   0x300001    program   0x000001
  .config_300002_CONFIG.O    romdata   0x300002    program   0x000001
  .config_300003_CONFIG.O    romdata   0x300003    program   0x000001
  .config_300005_CONFIG.O    romdata   0x300005    program   0x000001
  .config_300006_CONFIG.O    romdata   0x300006    program   0x000001
  .config_300008_CONFIG.O    romdata   0x300008    program   0x000001
  .config_300009_CONFIG.O    romdata   0x300009    program   0x000001
  .config_30000A_CONFIG.O    romdata   0x30000a    program   0x000001
  .config_30000B_CONFIG.O    romdata   0x30000b    program   0x000001
  .config_30000C_CONFIG.O    romdata   0x30000c    program   0x000001
  .config_30000D_CONFIG.O    romdata   0x30000d    program   0x000001
                MATH_DATA      udata   0x000000       data   0x000010
                 .tmpdata      udata   0x000010       data   0x000004
                  RamData      udata   0x000060       data   0x000052
         .udata_ram_def.o      udata   0x0000b2       data   0x000049
            .udata_leds.o      udata   0x0000fb       data   0x000001
      .udata_controller.o      udata   0x000100       data   0x000024
      .idata_controller.o      idata   0x000124       data   0x000022
                     usb5      udata   0x000146       data   0x000011
       .udata_usbapplet.o      udata   0x000157       data   0x000009
                  usbram4      udata   0x000400       data   0x0000a0
                   .stack      udata   0x000700       data   0x000080
            SFR_UNBANKED0      udata   0x000f62       data   0x00009e



                              Program Memory Usage 
                               Start         End      
                           ---------   ---------      
                            0x000000    0x000005      
                            0x000008    0x00000d      
                            0x000a00    0x000a05      
                            0x000a08    0x000a0d      
                            0x000a2a    0x003754      
                            0x004000    0x005ffe      
                            0x300000    0x300003      
                            0x300005    0x300006      
                            0x300008    0x30000d      
            19790 out of 30530 program addresses used, program memory utilization is 64%



                              Symbols - Sorted by Name
                     Name    Address   Location    Storage File                     
                ---------  ---------  ---------  --------- ---------                
           ADC_CONVERSION   0x0024ba    program     extern D:\work\midicontroller\x013x\hwcalls.c
             AllDigitsOff   0x002c54    program     extern D:\work\midicontroller\x013x\leds.c
              AsciiTo7Seg   0x002e22    program     extern D:\work\midicontroller\x013x\leds.c
                CLEAR_RAM   0x003584    program     extern D:\work\midicontroller\x013x\config.asm
          ClassReqHandler   0x003482    program     extern D:\work\midicontroller\x013x\usbdescript.c
               ClearArray   0x002490    program     extern D:\work\midicontroller\x013x\usb.c
                   EERead   0x003652    program     extern D:\work\midicontroller\x013x\eeprom.c
                  EEWrite   0x003672    program     extern D:\work\midicontroller\x013x\eeprom.c
EXPP_PEDAL_LINEAR_CONV_TABLE   0x003484    program     extern D:\work\midicontroller\x013x\tables.c
                 FXD0808U   0x0036fe    program     extern C:\MCC18\src\TRADIT~1\math\fxd0808u.c
       Filtered2SampleAvg   0x002610    program     extern D:\work\midicontroller\x013x\hwcalls.c
      HIDGetReportHandler   0x002ef0    program     extern D:\work\midicontroller\x013x\usbapplet.c
                HIDInitEP   0x00323c    program     extern D:\work\midicontroller\x013x\hid.c
              HIDRxReport   0x0032da    program     extern D:\work\midicontroller\x013x\hid.c
      HIDSetReportHandler   0x002ee2    program     extern D:\work\midicontroller\x013x\usbapplet.c
              HIDTxReport   0x003266    program     extern D:\work\midicontroller\x013x\hid.c
              HandleDigit   0x002c70    program     extern D:\work\midicontroller\x013x\leds.c
     InterruptHandlerHigh   0x0036aa    program     extern D:\work\midicontroller\x013x\intslct.c
      InterruptVectorHigh   0x000a08    program     extern D:\work\midicontroller\x013x\intslct.c
          LettersSegTable   0x0036e4    program     extern D:\work\midicontroller\x013x\leds.c
                MfrString   0x003394    program     extern D:\work\midicontroller\x013x\usbdescript.c
          NumbersSegTable   0x0036da    program     extern D:\work\midicontroller\x013x\leds.c
     PROCESS_COMM_REQUEST   0x0028e4    program     extern D:\work\midicontroller\x013x\rs232.c
           PROGRAM_MEMORY   0x0035d0    program     static D:\work\midicontroller\x013x\writeprogmem.asm
                PrdString   0x0033ac    program     extern D:\work\midicontroller\x013x\usbdescript.c
ProcessGenericTransferRead   0x002f9c    program     extern D:\work\midicontroller\x013x\usbapplet.c
ProcessGenericTransferWrite   0x003004    program     extern D:\work\midicontroller\x013x\usbapplet.c
              ProcessLeds   0x002bea    program     extern D:\work\midicontroller\x013x\leds.c
                 RAMCLEAR   0x003588    program     static D:\work\midicontroller\x013x\config.asm
               READ_BLOCK   0x003598    program     static D:\work\midicontroller\x013x\writeprogmem.asm
      READ_BLOCK_FROM_ROM   0x003592    program     extern D:\work\midicontroller\x013x\writeprogmem.asm
             ROM_SAVEDATA   0x004000    program     extern D:\work\midicontroller\x013x\tables.c
              ReadButtons   0x00255c    program     extern D:\work\midicontroller\x013x\hwcalls.c
           RealInitVector   0x000000    program     extern D:\work\midicontroller\x013x\vectors.c
  RealInterruptVectorHigh   0x000008    program     extern D:\work\midicontroller\x013x\vectors.c
       SendDataToShiftReg   0x00250c    program     extern D:\work\midicontroller\x013x\hwcalls.c
                SerialNum   0x0033d8    program     extern D:\work\midicontroller\x013x\usbdescript.c
          ServiceRequests   0x002f12    program     extern D:\work\midicontroller\x013x\usbapplet.c
               ServiceUSB   0x000b04    program     extern D:\work\midicontroller\x013x\main.c
            SetDipAddress   0x00273a    program     extern D:\work\midicontroller\x013x\hwcalls.c
             SetDispAscii   0x002d16    program     extern D:\work\midicontroller\x013x\leds.c
                    TXENQ   0x002bbc    program     extern D:\work\midicontroller\x013x\rs232.c
        USBCheckBusStatus   0x00234e    program     extern D:\work\midicontroller\x013x\usb.c
       USBCheckHIDRequest   0x003122    program     extern D:\work\midicontroller\x013x\hid.c
       USBCheckStdRequest   0x001d72    program     extern D:\work\midicontroller\x013x\usb.c
         USBCtrlEPService   0x00206c    program     extern D:\work\midicontroller\x013x\usb.c
 USBCtrlEPServiceComplete   0x0022ae    program     extern D:\work\midicontroller\x013x\usb.c
      USBCtrlTrfInHandler   0x00211a    program     extern D:\work\midicontroller\x013x\usb.c
     USBCtrlTrfOutHandler   0x0020fa    program     extern D:\work\midicontroller\x013x\usb.c
      USBCtrlTrfRxService   0x002234    program     extern D:\work\midicontroller\x013x\usb.c
   USBCtrlTrfSetupHandler   0x002090    program     extern D:\work\midicontroller\x013x\usb.c
      USBCtrlTrfTxService   0x00215e    program     extern D:\work\midicontroller\x013x\usb.c
         USBDriverService   0x00238c    program     extern D:\work\midicontroller\x013x\usb.c
          USBErrorHandler   0x00244e    program     extern D:\work\midicontroller\x013x\usb.c
         USBModuleDisable   0x00237e    program     extern D:\work\midicontroller\x013x\usb.c
          USBModuleEnable   0x002370    program     extern D:\work\midicontroller\x013x\usb.c
USBPrepareForNextSetupTrf   0x002334    program     extern D:\work\midicontroller\x013x\usb.c
  USBProtocolResetHandler   0x002452    program     extern D:\work\midicontroller\x013x\usb.c
          USBRemoteWakeup   0x00241a    program     extern D:\work\midicontroller\x013x\usb.c
            USBSoftDetach   0x002388    program     extern D:\work\midicontroller\x013x\usb.c
          USBStallHandler   0x002442    program     extern D:\work\midicontroller\x013x\usb.c
  USBStdFeatureReqHandler   0x001fca    program     extern D:\work\midicontroller\x013x\usb.c
      USBStdGetDscHandler   0x001e28    program     extern D:\work\midicontroller\x013x\usb.c
   USBStdGetStatusHandler   0x001f36    program     extern D:\work\midicontroller\x013x\usb.c
      USBStdSetCfgHandler   0x001eea    program     extern D:\work\midicontroller\x013x\usb.c
               USBSuspend   0x002408    program     extern D:\work\midicontroller\x013x\usb.c
       USBWakeFromSuspend   0x002412    program     extern D:\work\midicontroller\x013x\usb.c
               USB_CD_Ptr   0x003476    program     extern D:\work\midicontroller\x013x\usbdescript.c
               USB_SD_Ptr   0x00347a    program     extern D:\work\midicontroller\x013x\usbdescript.c
          USB_SOF_Handler   0x00243e    program     extern D:\work\midicontroller\x013x\usb.c
               UpdateLeds   0x0027dc    program     extern D:\work\midicontroller\x013x\hwcalls.c
     WRITE_BLOCK_INTO_ROM   0x0035a4    program     extern D:\work\midicontroller\x013x\writeprogmem.asm
        WRITE_BUFFER_BACK   0x0035c2    program     static D:\work\midicontroller\x013x\writeprogmem.asm
      WRITE_BYTE_TO_HREGS   0x0035c6    program     static D:\work\midicontroller\x013x\writeprogmem.asm
      Write64BytesProgMem   0x0026fe    program     extern D:\work\midicontroller\x013x\hwcalls.c
           ___do_lbl00002   0x00369a    program     static                          
           ___do_lbl00003   0x00369e    program     static                          
           ___do_lbl00004   0x003698    program     static                          
       ___return_lbl00000   0x000004    program     static                          
       ___return_lbl00000   0x003718    program     static                          
       ___return_lbl00000   0x000a04    program     static                          
       ___return_lbl00000   0x000a0c    program     static                          
       ___return_lbl00001   0x00372c    program     static                          
       ___return_lbl00001   0x00000c    program     static                          
       ___return_lbl00001   0x0036a2    program     static                          
       ___return_lbl00132   0x0024b2    program     static                          
        ___while_lbl00133   0x0024a4    program     static                          
        ___while_lbl00134   0x0024b2    program     static                          
               __string_0   0x00372e    program     static D:\work\midicontroller\x013x\controller.c
              __tmplbl_45   0x001d68    program     static                          
                   _entry   0x000a00    program     extern D:\work\midicontroller\x013x\startup.c
                 _startup   0x00371a    program     extern D:\work\midicontroller\x013x\startup.c
  activate_practice_value   0x001186    program     extern D:\work\midicontroller\x013x\controller.c
            bank_activate   0x000cd0    program     extern D:\work\midicontroller\x013x\controller.c
      bank_getsortedindex   0x0028b4    program     extern D:\work\midicontroller\x013x\hwcalls.c
                bank_load   0x002884    program     extern D:\work\midicontroller\x013x\hwcalls.c
            bank_loadname   0x0028a4    program     extern D:\work\midicontroller\x013x\hwcalls.c
            bank_showname   0x000d72    program     extern D:\work\midicontroller\x013x\controller.c
               bank_store   0x002894    program     extern D:\work\midicontroller\x013x\hwcalls.c
         bankmap_activate   0x000c9a    program     extern D:\work\midicontroller\x013x\controller.c
             bankmap_show   0x000c8c    program     extern D:\work\midicontroller\x013x\controller.c
              banks_count   0x002882    program     extern D:\work\midicontroller\x013x\hwcalls.c
              button_held   0x000e5c    program     extern D:\work\midicontroller\x013x\controller.c
           button_pressed   0x000dfe    program     extern D:\work\midicontroller\x013x\controller.c
          button_released   0x000e9c    program     extern D:\work\midicontroller\x013x\controller.c
                    cfg01   0x00336e    program     extern D:\work\midicontroller\x013x\usbdescript.c
  controller_10msec_timer   0x000efa    program     extern D:\work\midicontroller\x013x\controller.c
        controller_handle   0x00122a    program     extern D:\work\midicontroller\x013x\controller.c
          controller_init   0x0011e4    program     extern D:\work\midicontroller\x013x\controller.c
       dec_practice_value   0x001140    program     extern D:\work\midicontroller\x013x\controller.c
               device_dsc   0x00335c    program     extern D:\work\midicontroller\x013x\usbdescript.c
                  endloop   0x003714    program     static                          
                expr_poll   0x002878    program     extern D:\work\midicontroller\x013x\hwcalls.c
          fsw_led_disable   0x00283a    program     extern D:\work\midicontroller\x013x\hwcalls.c
           fsw_led_enable   0x002812    program     extern D:\work\midicontroller\x013x\hwcalls.c
       fsw_led_set_active   0x0027e6    program     extern D:\work\midicontroller\x013x\hwcalls.c
                 fsw_poll   0x00275e    program     extern D:\work\midicontroller\x013x\hwcalls.c
              hid_rpt_UPS   0x0033fa    program     extern D:\work\midicontroller\x013x\usbdescript.c
       inc_practice_value   0x001100    program     extern D:\work\midicontroller\x013x\controller.c
                     init   0x0035ec    program     extern D:\work\midicontroller\x013x\init.c
               itoa_fixed   0x000b20    program     extern D:\work\midicontroller\x013x\controller.c
         leds_show_1digit   0x002e02    program     extern D:\work\midicontroller\x013x\leds.c
        leds_show_4alphas   0x002d8c    program     extern D:\work\midicontroller\x013x\leds.c
                     loop   0x003726    program     static                          
                     loop   0x003706    program     static                          
                     main   0x000a2a    program     extern D:\work\midicontroller\x013x\main.c
           midi_send_byte   0x0024ea    program     extern D:\work\midicontroller\x013x\hwcalls.c
           midi_send_cmd1   0x0028c4    program     extern D:\work\midicontroller\x013x\hwcalls.c
           midi_send_cmd2   0x0028d4    program     extern D:\work\midicontroller\x013x\hwcalls.c
    notify_practice_value   0x001178    program     extern D:\work\midicontroller\x013x\controller.c
          preset_activate   0x000c50    program     extern D:\work\midicontroller\x013x\controller.c
         program_activate   0x000c22    program     extern D:\work\midicontroller\x013x\controller.c
                    sd000   0x003390    program     extern D:\work\midicontroller\x013x\usbdescript.c
        sequence_complete   0x00119e    program     extern D:\work\midicontroller\x013x\controller.c
             show_program   0x000bd0    program     extern D:\work\midicontroller\x013x\controller.c
              slider_poll   0x00286e    program     extern D:\work\midicontroller\x013x\hwcalls.c
      sortedbank_activate   0x000d40    program     extern D:\work\midicontroller\x013x\controller.c
      sortedbank_showname   0x000da0    program     extern D:\work\midicontroller\x013x\controller.c
                   ADCON0   0x000fc2       data     extern C:\MCC18\SRC\TRADIT~1\PROC\p18f4455.asm
               ADCON0bits   0x000fc2       data     extern C:\MCC18\SRC\TRADIT~1\PROC\p18f4455.asm
                   ADCON1   0x000fc1       data     extern C:\MCC18\SRC\TRADIT~1\PROC\p18f4455.asm
               ADCON1bits   0x000fc1       data     extern C:\MCC18\SRC\TRADIT~1\PROC\p18f4455.asm
                   ADCON2   0x000fc0       data     extern C:\MCC18\SRC\TRADIT~1\PROC\p18f4455.asm
               ADCON2bits   0x000fc0       data     extern C:\MCC18\SRC\TRADIT~1\PROC\p18f4455.asm
                    ADRES   0x000fc3       data     extern C:\MCC18\SRC\TRADIT~1\PROC\p18f4455.asm
                   ADRESH   0x000fc4       data     extern C:\MCC18\SRC\TRADIT~1\PROC\p18f4455.asm
                   ADRESL   0x000fc3       data     extern C:\MCC18\SRC\TRADIT~1\PROC\p18f4455.asm
                ArbFlags1   0x000060       data     extern D:\work\midicontroller\x013x\ram_def.c
                  BAUDCON   0x000fb8       data     extern C:\MCC18\SRC\TRADIT~1\PROC\p18f4455.asm
              BAUDCONbits   0x000fb8       data     extern C:\MCC18\SRC\TRADIT~1\PROC\p18f4455.asm
                      BSR   0x000fe0       data     extern C:\MCC18\SRC\TRADIT~1\PROC\p18f4455.asm
              ButtonState   0x000069       data     extern D:\work\midicontroller\x013x\ram_def.c
                   CCP1AS   0x000fb6       data     extern C:\MCC18\SRC\TRADIT~1\PROC\p18f4455.asm
               CCP1ASbits   0x000fb6       data     extern C:\MCC18\SRC\TRADIT~1\PROC\p18f4455.asm
                  CCP1CON   0x000fbd       data     extern C:\MCC18\SRC\TRADIT~1\PROC\p18f4455.asm
              CCP1CONbits   0x000fbd       data     extern C:\MCC18\SRC\TRADIT~1\PROC\p18f4455.asm
                  CCP1DEL   0x000fb7       data     extern C:\MCC18\SRC\TRADIT~1\PROC\p18f4455.asm
              CCP1DELbits   0x000fb7       data     extern C:\MCC18\SRC\TRADIT~1\PROC\p18f4455.asm
                  CCP2CON   0x000fba       data     extern C:\MCC18\SRC\TRADIT~1\PROC\p18f4455.asm
              CCP2CONbits   0x000fba       data     extern C:\MCC18\SRC\TRADIT~1\PROC\p18f4455.asm
                    CCPR1   0x000fbe       data     extern C:\MCC18\SRC\TRADIT~1\PROC\p18f4455.asm
                   CCPR1H   0x000fbf       data     extern C:\MCC18\SRC\TRADIT~1\PROC\p18f4455.asm
                   CCPR1L   0x000fbe       data     extern C:\MCC18\SRC\TRADIT~1\PROC\p18f4455.asm
                    CCPR2   0x000fbb       data     extern C:\MCC18\SRC\TRADIT~1\PROC\p18f4455.asm
                   CCPR2H   0x000fbc       data     extern C:\MCC18\SRC\TRADIT~1\PROC\p18f4455.asm
                   CCPR2L   0x000fbb       data     extern C:\MCC18\SRC\TRADIT~1\PROC\p18f4455.asm
                    CMCON   0x000fb4       data     extern C:\MCC18\SRC\TRADIT~1\PROC\p18f4455.asm
                CMCONbits   0x000fb4       data     extern C:\MCC18\SRC\TRADIT~1\PROC\p18f4455.asm
                   CVRCON   0x000fb5       data     extern C:\MCC18\SRC\TRADIT~1\PROC\p18f4455.asm
               CVRCONbits   0x000fb5       data     extern C:\MCC18\SRC\TRADIT~1\PROC\p18f4455.asm
               ComPointer   0x0000fb       data     static D:\work\midicontroller\x013x\leds.c
               CommFlags1   0x0000b8       data     extern D:\work\midicontroller\x013x\ram_def.c
              CtrlTrfData   0x000450       data     extern D:\work\midicontroller\x013x\usb.c
                     DDRA   0x000f92       data     extern C:\MCC18\SRC\TRADIT~1\PROC\p18f4455.asm
                 DDRAbits   0x000f92       data     extern C:\MCC18\SRC\TRADIT~1\PROC\p18f4455.asm
                     DDRB   0x000f93       data     extern C:\MCC18\SRC\TRADIT~1\PROC\p18f4455.asm
                 DDRBbits   0x000f93       data     extern C:\MCC18\SRC\TRADIT~1\PROC\p18f4455.asm
                     DDRC   0x000f94       data     extern C:\MCC18\SRC\TRADIT~1\PROC\p18f4455.asm
                 DDRCbits   0x000f94       data     extern C:\MCC18\SRC\TRADIT~1\PROC\p18f4455.asm
                     DDRD   0x000f95       data     extern C:\MCC18\SRC\TRADIT~1\PROC\p18f4455.asm
                 DDRDbits   0x000f95       data     extern C:\MCC18\SRC\TRADIT~1\PROC\p18f4455.asm
                     DDRE   0x000f96       data     extern C:\MCC18\SRC\TRADIT~1\PROC\p18f4455.asm
                 DDREbits   0x000f96       data     extern C:\MCC18\SRC\TRADIT~1\PROC\p18f4455.asm
         DispNumOfCommons   0x000067       data     extern D:\work\midicontroller\x013x\ram_def.c
              DispSegData   0x000062       data     extern D:\work\midicontroller\x013x\ram_def.c
                  ECCP1AS   0x000fb6       data     extern C:\MCC18\SRC\TRADIT~1\PROC\p18f4455.asm
              ECCP1ASbits   0x000fb6       data     extern C:\MCC18\SRC\TRADIT~1\PROC\p18f4455.asm
                 ECCP1CON   0x000fbd       data     extern C:\MCC18\SRC\TRADIT~1\PROC\p18f4455.asm
             ECCP1CONbits   0x000fbd       data     extern C:\MCC18\SRC\TRADIT~1\PROC\p18f4455.asm
                 ECCP1DEL   0x000fb7       data     extern C:\MCC18\SRC\TRADIT~1\PROC\p18f4455.asm
             ECCP1DELbits   0x000fb7       data     extern C:\MCC18\SRC\TRADIT~1\PROC\p18f4455.asm
                    EEADR   0x000fa9       data     extern C:\MCC18\SRC\TRADIT~1\PROC\p18f4455.asm
                   EECON1   0x000fa6       data     extern C:\MCC18\SRC\TRADIT~1\PROC\p18f4455.asm
               EECON1bits   0x000fa6       data     extern C:\MCC18\SRC\TRADIT~1\PROC\p18f4455.asm
                   EECON2   0x000fa7       data     extern C:\MCC18\SRC\TRADIT~1\PROC\p18f4455.asm
                   EEDATA   0x000fa8       data     extern C:\MCC18\SRC\TRADIT~1\PROC\p18f4455.asm
              ExpPedalAvg   0x00006e       data     extern D:\work\midicontroller\x013x\ram_def.c
             ExpPedalInst   0x00006d       data     extern D:\work\midicontroller\x013x\ram_def.c
                     FSR0   0x000fe9       data     extern C:\MCC18\SRC\TRADIT~1\PROC\p18f4455.asm
                    FSR0H   0x000fea       data     extern C:\MCC18\SRC\TRADIT~1\PROC\p18f4455.asm
                    FSR0L   0x000fe9       data     extern C:\MCC18\SRC\TRADIT~1\PROC\p18f4455.asm
                     FSR1   0x000fe1       data     extern C:\MCC18\SRC\TRADIT~1\PROC\p18f4455.asm
                    FSR1H   0x000fe2       data     extern C:\MCC18\SRC\TRADIT~1\PROC\p18f4455.asm
                    FSR1L   0x000fe1       data     extern C:\MCC18\SRC\TRADIT~1\PROC\p18f4455.asm
                     FSR2   0x000fd9       data     extern C:\MCC18\SRC\TRADIT~1\PROC\p18f4455.asm
                    FSR2H   0x000fda       data     extern C:\MCC18\SRC\TRADIT~1\PROC\p18f4455.asm
                    FSR2L   0x000fd9       data     extern C:\MCC18\SRC\TRADIT~1\PROC\p18f4455.asm
                  HLVDCON   0x000fd2       data     extern C:\MCC18\SRC\TRADIT~1\PROC\p18f4455.asm
              HLVDCONbits   0x000fd2       data     extern C:\MCC18\SRC\TRADIT~1\PROC\p18f4455.asm
                    INDF0   0x000fef       data     extern C:\MCC18\SRC\TRADIT~1\PROC\p18f4455.asm
                    INDF1   0x000fe7       data     extern C:\MCC18\SRC\TRADIT~1\PROC\p18f4455.asm
                    INDF2   0x000fdf       data     extern C:\MCC18\SRC\TRADIT~1\PROC\p18f4455.asm
                   INTCON   0x000ff2       data     extern C:\MCC18\SRC\TRADIT~1\PROC\p18f4455.asm
                  INTCON2   0x000ff1       data     extern C:\MCC18\SRC\TRADIT~1\PROC\p18f4455.asm
              INTCON2bits   0x000ff1       data     extern C:\MCC18\SRC\TRADIT~1\PROC\p18f4455.asm
                  INTCON3   0x000ff0       data     extern C:\MCC18\SRC\TRADIT~1\PROC\p18f4455.asm
              INTCON3bits   0x000ff0       data     extern C:\MCC18\SRC\TRADIT~1\PROC\p18f4455.asm
               INTCONbits   0x000ff2       data     extern C:\MCC18\SRC\TRADIT~1\PROC\p18f4455.asm
                     IPR1   0x000f9f       data     extern C:\MCC18\SRC\TRADIT~1\PROC\p18f4455.asm
                 IPR1bits   0x000f9f       data     extern C:\MCC18\SRC\TRADIT~1\PROC\p18f4455.asm
                     IPR2   0x000fa2       data     extern C:\MCC18\SRC\TRADIT~1\PROC\p18f4455.asm
                 IPR2bits   0x000fa2       data     extern C:\MCC18\SRC\TRADIT~1\PROC\p18f4455.asm
                     LATA   0x000f89       data     extern C:\MCC18\SRC\TRADIT~1\PROC\p18f4455.asm
                 LATAbits   0x000f89       data     extern C:\MCC18\SRC\TRADIT~1\PROC\p18f4455.asm
                     LATB   0x000f8a       data     extern C:\MCC18\SRC\TRADIT~1\PROC\p18f4455.asm
                 LATBbits   0x000f8a       data     extern C:\MCC18\SRC\TRADIT~1\PROC\p18f4455.asm
                     LATC   0x000f8b       data     extern C:\MCC18\SRC\TRADIT~1\PROC\p18f4455.asm
                 LATCbits   0x000f8b       data     extern C:\MCC18\SRC\TRADIT~1\PROC\p18f4455.asm
                     LATD   0x000f8c       data     extern C:\MCC18\SRC\TRADIT~1\PROC\p18f4455.asm
                 LATDbits   0x000f8c       data     extern C:\MCC18\SRC\TRADIT~1\PROC\p18f4455.asm
                     LATE   0x000f8d       data     extern C:\MCC18\SRC\TRADIT~1\PROC\p18f4455.asm
                 LATEbits   0x000f8d       data     extern C:\MCC18\SRC\TRADIT~1\PROC\p18f4455.asm
                   LVDCON   0x000fd2       data     extern C:\MCC18\SRC\TRADIT~1\PROC\p18f4455.asm
               LVDCONbits   0x000fd2       data     extern C:\MCC18\SRC\TRADIT~1\PROC\p18f4455.asm
                LedStates   0x000068       data     extern D:\work\midicontroller\x013x\ram_def.c
               MiscFlags1   0x000061       data     extern D:\work\midicontroller\x013x\ram_def.c
              NVRCommAddr   0x0000b2       data     extern D:\work\midicontroller\x013x\ram_def.c
                   OSCCON   0x000fd3       data     extern C:\MCC18\SRC\TRADIT~1\PROC\p18f4455.asm
               OSCCONbits   0x000fd3       data     extern C:\MCC18\SRC\TRADIT~1\PROC\p18f4455.asm
                  OSCTUNE   0x000f9b       data     extern C:\MCC18\SRC\TRADIT~1\PROC\p18f4455.asm
              OSCTUNEbits   0x000f9b       data     extern C:\MCC18\SRC\TRADIT~1\PROC\p18f4455.asm
                       PC   0x000ff9       data     extern C:\MCC18\SRC\TRADIT~1\PROC\p18f4455.asm
                      PCL   0x000ff9       data     extern C:\MCC18\SRC\TRADIT~1\PROC\p18f4455.asm
                   PCLATH   0x000ffa       data     extern C:\MCC18\SRC\TRADIT~1\PROC\p18f4455.asm
                   PCLATU   0x000ffb       data     extern C:\MCC18\SRC\TRADIT~1\PROC\p18f4455.asm
                     PIE1   0x000f9d       data     extern C:\MCC18\SRC\TRADIT~1\PROC\p18f4455.asm
                 PIE1bits   0x000f9d       data     extern C:\MCC18\SRC\TRADIT~1\PROC\p18f4455.asm
                     PIE2   0x000fa0       data     extern C:\MCC18\SRC\TRADIT~1\PROC\p18f4455.asm
                 PIE2bits   0x000fa0       data     extern C:\MCC18\SRC\TRADIT~1\PROC\p18f4455.asm
                     PIR1   0x000f9e       data     extern C:\MCC18\SRC\TRADIT~1\PROC\p18f4455.asm
                 PIR1bits   0x000f9e       data     extern C:\MCC18\SRC\TRADIT~1\PROC\p18f4455.asm
                     PIR2   0x000fa1       data     extern C:\MCC18\SRC\TRADIT~1\PROC\p18f4455.asm
                 PIR2bits   0x000fa1       data     extern C:\MCC18\SRC\TRADIT~1\PROC\p18f4455.asm
                   PLUSW0   0x000feb       data     extern C:\MCC18\SRC\TRADIT~1\PROC\p18f4455.asm
                   PLUSW1   0x000fe3       data     extern C:\MCC18\SRC\TRADIT~1\PROC\p18f4455.asm
                   PLUSW2   0x000fdb       data     extern C:\MCC18\SRC\TRADIT~1\PROC\p18f4455.asm
                    PORTA   0x000f80       data     extern C:\MCC18\SRC\TRADIT~1\PROC\p18f4455.asm
                PORTAbits   0x000f80       data     extern C:\MCC18\SRC\TRADIT~1\PROC\p18f4455.asm
                    PORTB   0x000f81       data     extern C:\MCC18\SRC\TRADIT~1\PROC\p18f4455.asm
                PORTBbits   0x000f81       data     extern C:\MCC18\SRC\TRADIT~1\PROC\p18f4455.asm
                    PORTC   0x000f82       data     extern C:\MCC18\SRC\TRADIT~1\PROC\p18f4455.asm
                PORTCbits   0x000f82       data     extern C:\MCC18\SRC\TRADIT~1\PROC\p18f4455.asm
                    PORTD   0x000f83       data     extern C:\MCC18\SRC\TRADIT~1\PROC\p18f4455.asm
                PORTDbits   0x000f83       data     extern C:\MCC18\SRC\TRADIT~1\PROC\p18f4455.asm
                    PORTE   0x000f84       data     extern C:\MCC18\SRC\TRADIT~1\PROC\p18f4455.asm
                PORTEbits   0x000f84       data     extern C:\MCC18\SRC\TRADIT~1\PROC\p18f4455.asm
                 POSTDEC0   0x000fed       data     extern C:\MCC18\SRC\TRADIT~1\PROC\p18f4455.asm
                 POSTDEC1   0x000fe5       data     extern C:\MCC18\SRC\TRADIT~1\PROC\p18f4455.asm
                 POSTDEC2   0x000fdd       data     extern C:\MCC18\SRC\TRADIT~1\PROC\p18f4455.asm
                 POSTINC0   0x000fee       data     extern C:\MCC18\SRC\TRADIT~1\PROC\p18f4455.asm
                 POSTINC1   0x000fe6       data     extern C:\MCC18\SRC\TRADIT~1\PROC\p18f4455.asm
                 POSTINC2   0x000fde       data     extern C:\MCC18\SRC\TRADIT~1\PROC\p18f4455.asm
                      PR2   0x000fcb       data     extern C:\MCC18\SRC\TRADIT~1\PROC\p18f4455.asm
                  PREINC0   0x000fec       data     extern C:\MCC18\SRC\TRADIT~1\PROC\p18f4455.asm
                  PREINC1   0x000fe4       data     extern C:\MCC18\SRC\TRADIT~1\PROC\p18f4455.asm
                  PREINC2   0x000fdc       data     extern C:\MCC18\SRC\TRADIT~1\PROC\p18f4455.asm
                     PROD   0x000ff3       data     extern C:\MCC18\SRC\TRADIT~1\PROC\p18f4455.asm
                    PRODH   0x000ff4       data     extern C:\MCC18\SRC\TRADIT~1\PROC\p18f4455.asm
                    PRODL   0x000ff3       data     extern C:\MCC18\SRC\TRADIT~1\PROC\p18f4455.asm
               PresentCmd   0x00015f       data     extern D:\work\midicontroller\x013x\usbapplet.c
            ProgmemBuffer   0x0000bb       data     extern D:\work\midicontroller\x013x\ram_def.c
              RAMCommAddr   0x0000b4       data     extern D:\work\midicontroller\x013x\ram_def.c
                     RCON   0x000fd0       data     extern C:\MCC18\SRC\TRADIT~1\PROC\p18f4455.asm
                 RCONbits   0x000fd0       data     extern C:\MCC18\SRC\TRADIT~1\PROC\p18f4455.asm
                    RCREG   0x000fae       data     extern C:\MCC18\SRC\TRADIT~1\PROC\p18f4455.asm
                    RCSTA   0x000fab       data     extern C:\MCC18\SRC\TRADIT~1\PROC\p18f4455.asm
                RCSTAbits   0x000fab       data     extern C:\MCC18\SRC\TRADIT~1\PROC\p18f4455.asm
              ROMCommAddr   0x0000b6       data     extern D:\work\midicontroller\x013x\ram_def.c
             ResponseType   0x0000b1       data     extern D:\work\midicontroller\x013x\ram_def.c
                     SIGN   0x00000e       data     extern C:\MCC18\SRC\TRADIT~1\MATH\cmath18.asm
                    SPBRG   0x000faf       data     extern C:\MCC18\SRC\TRADIT~1\PROC\p18f4455.asm
                   SPBRGH   0x000fb0       data     extern C:\MCC18\SRC\TRADIT~1\PROC\p18f4455.asm
                   SPPCFG   0x000f63       data     extern C:\MCC18\SRC\TRADIT~1\PROC\p18f4455.asm
               SPPCFGbits   0x000f63       data     extern C:\MCC18\SRC\TRADIT~1\PROC\p18f4455.asm
                   SPPCON   0x000f65       data     extern C:\MCC18\SRC\TRADIT~1\PROC\p18f4455.asm
               SPPCONbits   0x000f65       data     extern C:\MCC18\SRC\TRADIT~1\PROC\p18f4455.asm
                  SPPDATA   0x000f62       data     extern C:\MCC18\SRC\TRADIT~1\PROC\p18f4455.asm
                   SPPEPS   0x000f64       data     extern C:\MCC18\SRC\TRADIT~1\PROC\p18f4455.asm
               SPPEPSbits   0x000f64       data     extern C:\MCC18\SRC\TRADIT~1\PROC\p18f4455.asm
                   SSPADD   0x000fc8       data     extern C:\MCC18\SRC\TRADIT~1\PROC\p18f4455.asm
                   SSPBUF   0x000fc9       data     extern C:\MCC18\SRC\TRADIT~1\PROC\p18f4455.asm
                  SSPCON1   0x000fc6       data     extern C:\MCC18\SRC\TRADIT~1\PROC\p18f4455.asm
              SSPCON1bits   0x000fc6       data     extern C:\MCC18\SRC\TRADIT~1\PROC\p18f4455.asm
                  SSPCON2   0x000fc5       data     extern C:\MCC18\SRC\TRADIT~1\PROC\p18f4455.asm
              SSPCON2bits   0x000fc5       data     extern C:\MCC18\SRC\TRADIT~1\PROC\p18f4455.asm
                  SSPSTAT   0x000fc7       data     extern C:\MCC18\SRC\TRADIT~1\PROC\p18f4455.asm
              SSPSTATbits   0x000fc7       data     extern C:\MCC18\SRC\TRADIT~1\PROC\p18f4455.asm
                   STATUS   0x000fd8       data     extern C:\MCC18\SRC\TRADIT~1\PROC\p18f4455.asm
               STATUSbits   0x000fd8       data     extern C:\MCC18\SRC\TRADIT~1\PROC\p18f4455.asm
                   STKPTR   0x000ffc       data     extern C:\MCC18\SRC\TRADIT~1\PROC\p18f4455.asm
               STKPTRbits   0x000ffc       data     extern C:\MCC18\SRC\TRADIT~1\PROC\p18f4455.asm
                 SetupPkt   0x000410       data     extern D:\work\midicontroller\x013x\usb.c
                    T0CON   0x000fd5       data     extern C:\MCC18\SRC\TRADIT~1\PROC\p18f4455.asm
                T0CONbits   0x000fd5       data     extern C:\MCC18\SRC\TRADIT~1\PROC\p18f4455.asm
                    T1CON   0x000fcd       data     extern C:\MCC18\SRC\TRADIT~1\PROC\p18f4455.asm
                T1CONbits   0x000fcd       data     extern C:\MCC18\SRC\TRADIT~1\PROC\p18f4455.asm
                    T2CON   0x000fca       data     extern C:\MCC18\SRC\TRADIT~1\PROC\p18f4455.asm
                T2CONbits   0x000fca       data     extern C:\MCC18\SRC\TRADIT~1\PROC\p18f4455.asm
                    T3CON   0x000fb1       data     extern C:\MCC18\SRC\TRADIT~1\PROC\p18f4455.asm
                T3CONbits   0x000fb1       data     extern C:\MCC18\SRC\TRADIT~1\PROC\p18f4455.asm
                   TABLAT   0x000ff5       data     extern C:\MCC18\SRC\TRADIT~1\PROC\p18f4455.asm
                   TBLPTR   0x000ff6       data     extern C:\MCC18\SRC\TRADIT~1\PROC\p18f4455.asm
                  TBLPTRH   0x000ff7       data     extern C:\MCC18\SRC\TRADIT~1\PROC\p18f4455.asm
                  TBLPTRL   0x000ff6       data     extern C:\MCC18\SRC\TRADIT~1\PROC\p18f4455.asm
                  TBLPTRU   0x000ff8       data     extern C:\MCC18\SRC\TRADIT~1\PROC\p18f4455.asm
                    TMR0H   0x000fd7       data     extern C:\MCC18\SRC\TRADIT~1\PROC\p18f4455.asm
                    TMR0L   0x000fd6       data     extern C:\MCC18\SRC\TRADIT~1\PROC\p18f4455.asm
                    TMR1H   0x000fcf       data     extern C:\MCC18\SRC\TRADIT~1\PROC\p18f4455.asm
                    TMR1L   0x000fce       data     extern C:\MCC18\SRC\TRADIT~1\PROC\p18f4455.asm
                     TMR2   0x000fcc       data     extern C:\MCC18\SRC\TRADIT~1\PROC\p18f4455.asm
                    TMR3H   0x000fb3       data     extern C:\MCC18\SRC\TRADIT~1\PROC\p18f4455.asm
                    TMR3L   0x000fb2       data     extern C:\MCC18\SRC\TRADIT~1\PROC\p18f4455.asm
                      TOS   0x000ffd       data     extern C:\MCC18\SRC\TRADIT~1\PROC\p18f4455.asm
                     TOSH   0x000ffe       data     extern C:\MCC18\SRC\TRADIT~1\PROC\p18f4455.asm
                     TOSL   0x000ffd       data     extern C:\MCC18\SRC\TRADIT~1\PROC\p18f4455.asm
                     TOSU   0x000fff       data     extern C:\MCC18\SRC\TRADIT~1\PROC\p18f4455.asm
                    TRISA   0x000f92       data     extern C:\MCC18\SRC\TRADIT~1\PROC\p18f4455.asm
                TRISAbits   0x000f92       data     extern C:\MCC18\SRC\TRADIT~1\PROC\p18f4455.asm
                    TRISB   0x000f93       data     extern C:\MCC18\SRC\TRADIT~1\PROC\p18f4455.asm
                TRISBbits   0x000f93       data     extern C:\MCC18\SRC\TRADIT~1\PROC\p18f4455.asm
                    TRISC   0x000f94       data     extern C:\MCC18\SRC\TRADIT~1\PROC\p18f4455.asm
                TRISCbits   0x000f94       data     extern C:\MCC18\SRC\TRADIT~1\PROC\p18f4455.asm
                    TRISD   0x000f95       data     extern C:\MCC18\SRC\TRADIT~1\PROC\p18f4455.asm
                TRISDbits   0x000f95       data     extern C:\MCC18\SRC\TRADIT~1\PROC\p18f4455.asm
                    TRISE   0x000f96       data     extern C:\MCC18\SRC\TRADIT~1\PROC\p18f4455.asm
                TRISEbits   0x000f96       data     extern C:\MCC18\SRC\TRADIT~1\PROC\p18f4455.asm
                    TXREG   0x000fad       data     extern C:\MCC18\SRC\TRADIT~1\PROC\p18f4455.asm
                    TXSTA   0x000fac       data     extern C:\MCC18\SRC\TRADIT~1\PROC\p18f4455.asm
                TXSTAbits   0x000fac       data     extern C:\MCC18\SRC\TRADIT~1\PROC\p18f4455.asm
                    UADDR   0x000f6e       data     extern C:\MCC18\SRC\TRADIT~1\PROC\p18f4455.asm
                UADDRbits   0x000f6e       data     extern C:\MCC18\SRC\TRADIT~1\PROC\p18f4455.asm
                     UCFG   0x000f6f       data     extern C:\MCC18\SRC\TRADIT~1\PROC\p18f4455.asm
                 UCFGbits   0x000f6f       data     extern C:\MCC18\SRC\TRADIT~1\PROC\p18f4455.asm
                     UCON   0x000f6d       data     extern C:\MCC18\SRC\TRADIT~1\PROC\p18f4455.asm
                 UCONbits   0x000f6d       data     extern C:\MCC18\SRC\TRADIT~1\PROC\p18f4455.asm
                     UEIE   0x000f6b       data     extern C:\MCC18\SRC\TRADIT~1\PROC\p18f4455.asm
                 UEIEbits   0x000f6b       data     extern C:\MCC18\SRC\TRADIT~1\PROC\p18f4455.asm
                     UEIR   0x000f6a       data     extern C:\MCC18\SRC\TRADIT~1\PROC\p18f4455.asm
                 UEIRbits   0x000f6a       data     extern C:\MCC18\SRC\TRADIT~1\PROC\p18f4455.asm
                     UEP0   0x000f70       data     extern C:\MCC18\SRC\TRADIT~1\PROC\p18f4455.asm
                 UEP0bits   0x000f70       data     extern C:\MCC18\SRC\TRADIT~1\PROC\p18f4455.asm
                     UEP1   0x000f71       data     extern C:\MCC18\SRC\TRADIT~1\PROC\p18f4455.asm
                    UEP10   0x000f7a       data     extern C:\MCC18\SRC\TRADIT~1\PROC\p18f4455.asm
                UEP10bits   0x000f7a       data     extern C:\MCC18\SRC\TRADIT~1\PROC\p18f4455.asm
                    UEP11   0x000f7b       data     extern C:\MCC18\SRC\TRADIT~1\PROC\p18f4455.asm
                UEP11bits   0x000f7b       data     extern C:\MCC18\SRC\TRADIT~1\PROC\p18f4455.asm
                    UEP12   0x000f7c       data     extern C:\MCC18\SRC\TRADIT~1\PROC\p18f4455.asm
                UEP12bits   0x000f7c       data     extern C:\MCC18\SRC\TRADIT~1\PROC\p18f4455.asm
                    UEP13   0x000f7d       data     extern C:\MCC18\SRC\TRADIT~1\PROC\p18f4455.asm
                UEP13bits   0x000f7d       data     extern C:\MCC18\SRC\TRADIT~1\PROC\p18f4455.asm
                    UEP14   0x000f7e       data     extern C:\MCC18\SRC\TRADIT~1\PROC\p18f4455.asm
                UEP14bits   0x000f7e       data     extern C:\MCC18\SRC\TRADIT~1\PROC\p18f4455.asm
                    UEP15   0x000f7f       data     extern C:\MCC18\SRC\TRADIT~1\PROC\p18f4455.asm
                UEP15bits   0x000f7f       data     extern C:\MCC18\SRC\TRADIT~1\PROC\p18f4455.asm
                 UEP1bits   0x000f71       data     extern C:\MCC18\SRC\TRADIT~1\PROC\p18f4455.asm
                     UEP2   0x000f72       data     extern C:\MCC18\SRC\TRADIT~1\PROC\p18f4455.asm
                 UEP2bits   0x000f72       data     extern C:\MCC18\SRC\TRADIT~1\PROC\p18f4455.asm
                     UEP3   0x000f73       data     extern C:\MCC18\SRC\TRADIT~1\PROC\p18f4455.asm
                 UEP3bits   0x000f73       data     extern C:\MCC18\SRC\TRADIT~1\PROC\p18f4455.asm
                     UEP4   0x000f74       data     extern C:\MCC18\SRC\TRADIT~1\PROC\p18f4455.asm
                 UEP4bits   0x000f74       data     extern C:\MCC18\SRC\TRADIT~1\PROC\p18f4455.asm
                     UEP5   0x000f75       data     extern C:\MCC18\SRC\TRADIT~1\PROC\p18f4455.asm
                 UEP5bits   0x000f75       data     extern C:\MCC18\SRC\TRADIT~1\PROC\p18f4455.asm
                     UEP6   0x000f76       data     extern C:\MCC18\SRC\TRADIT~1\PROC\p18f4455.asm
                 UEP6bits   0x000f76       data     extern C:\MCC18\SRC\TRADIT~1\PROC\p18f4455.asm
                     UEP7   0x000f77       data     extern C:\MCC18\SRC\TRADIT~1\PROC\p18f4455.asm
                 UEP7bits   0x000f77       data     extern C:\MCC18\SRC\TRADIT~1\PROC\p18f4455.asm
                     UEP8   0x000f78       data     extern C:\MCC18\SRC\TRADIT~1\PROC\p18f4455.asm
                 UEP8bits   0x000f78       data     extern C:\MCC18\SRC\TRADIT~1\PROC\p18f4455.asm
                     UEP9   0x000f79       data     extern C:\MCC18\SRC\TRADIT~1\PROC\p18f4455.asm
                 UEP9bits   0x000f79       data     extern C:\MCC18\SRC\TRADIT~1\PROC\p18f4455.asm
                     UFRM   0x000f66       data     extern C:\MCC18\SRC\TRADIT~1\PROC\p18f4455.asm
                    UFRMH   0x000f67       data     extern C:\MCC18\SRC\TRADIT~1\PROC\p18f4455.asm
                UFRMHbits   0x000f67       data     extern C:\MCC18\SRC\TRADIT~1\PROC\p18f4455.asm
                    UFRML   0x000f66       data     extern C:\MCC18\SRC\TRADIT~1\PROC\p18f4455.asm
                UFRMLbits   0x000f66       data     extern C:\MCC18\SRC\TRADIT~1\PROC\p18f4455.asm
                      UIE   0x000f69       data     extern C:\MCC18\SRC\TRADIT~1\PROC\p18f4455.asm
                  UIEbits   0x000f69       data     extern C:\MCC18\SRC\TRADIT~1\PROC\p18f4455.asm
                      UIR   0x000f68       data     extern C:\MCC18\SRC\TRADIT~1\PROC\p18f4455.asm
                  UIRbits   0x000f68       data     extern C:\MCC18\SRC\TRADIT~1\PROC\p18f4455.asm
           USBDataPointer   0x000070       data     extern D:\work\midicontroller\x013x\ram_def.c
       USBEP0DataInBuffer   0x000071       data     extern D:\work\midicontroller\x013x\ram_def.c
                    USTAT   0x000f6c       data     extern C:\MCC18\SRC\TRADIT~1\PROC\p18f4455.asm
                USTATbits   0x000f6c       data     extern C:\MCC18\SRC\TRADIT~1\PROC\p18f4455.asm
                   WDTCON   0x000fd1       data     extern C:\MCC18\SRC\TRADIT~1\PROC\p18f4455.asm
               WDTCONbits   0x000fd1       data     extern C:\MCC18\SRC\TRADIT~1\PROC\p18f4455.asm
                     WREG   0x000fe8       data     extern C:\MCC18\SRC\TRADIT~1\PROC\p18f4455.asm
               WpmCounter   0x0000b9       data     extern D:\work\midicontroller\x013x\ram_def.c
              WpmCounter1   0x0000ba       data     extern D:\work\midicontroller\x013x\ram_def.c
                 __AARGB0   0x000007       data     extern C:\MCC18\SRC\TRADIT~1\MATH\aarg.asm
                 __AARGB1   0x000006       data     extern C:\MCC18\SRC\TRADIT~1\MATH\aarg.asm
                 __AARGB2   0x000005       data     extern C:\MCC18\SRC\TRADIT~1\MATH\aarg.asm
                 __AARGB3   0x000004       data     extern C:\MCC18\SRC\TRADIT~1\MATH\aarg.asm
                 __AARGB4   0x000003       data     extern C:\MCC18\SRC\TRADIT~1\MATH\aarg.asm
                 __AARGB5   0x000002       data     extern C:\MCC18\SRC\TRADIT~1\MATH\aarg.asm
                 __AARGB6   0x000001       data     extern C:\MCC18\SRC\TRADIT~1\MATH\aarg.asm
                 __AARGB7   0x000000       data     extern C:\MCC18\SRC\TRADIT~1\MATH\aarg.asm
                   __AEXP   0x000008       data     extern C:\MCC18\SRC\TRADIT~1\MATH\aarg.asm
                 __BARGB0   0x00000c       data     extern C:\MCC18\SRC\TRADIT~1\MATH\barg.asm
                 __BARGB1   0x00000b       data     extern C:\MCC18\SRC\TRADIT~1\MATH\barg.asm
                 __BARGB2   0x00000a       data     extern C:\MCC18\SRC\TRADIT~1\MATH\barg.asm
                 __BARGB3   0x000009       data     extern C:\MCC18\SRC\TRADIT~1\MATH\barg.asm
                   __BEXP   0x00000d       data     extern C:\MCC18\SRC\TRADIT~1\MATH\barg.asm
                __FPFLAGS   0x00000f       data     extern C:\MCC18\SRC\TRADIT~1\MATH\cmath18.asm
            __FPFLAGSbits   0x00000f       data     extern C:\MCC18\SRC\TRADIT~1\MATH\cmath18.asm
                  __REMB0   0x000003       data     extern C:\MCC18\SRC\TRADIT~1\MATH\aarg.asm
                  __REMB1   0x000002       data     extern C:\MCC18\SRC\TRADIT~1\MATH\aarg.asm
                  __REMB2   0x000001       data     extern C:\MCC18\SRC\TRADIT~1\MATH\aarg.asm
                  __REMB3   0x000000       data     extern C:\MCC18\SRC\TRADIT~1\MATH\aarg.asm
                  __tmp_0   0x000010       data     static D:\work\midicontroller\x013x\leds.c
                  __tmp_0   0x000010       data     static D:\work\midicontroller\x013x\controller.c
                  __tmp_0   0x000010       data     static D:\work\midicontroller\x013x\usb.c
                  __tmp_0   0x000010       data     static D:\work\midicontroller\x013x\usbapplet.c
                  __tmp_0   0x000010       data     static D:\work\midicontroller\x013x\rs232.c
                  __tmp_0   0x000010       data     static D:\work\midicontroller\x013x\hwcalls.c
                  __tmp_0   0x000010       data     static D:\work\midicontroller\x013x\hid.c
              accel_count   0x000122       data     extern D:\work\midicontroller\x013x\controller.c
              accel_state   0x000131       data     extern D:\work\midicontroller\x013x\controller.c
               accel_time   0x000120       data     extern D:\work\midicontroller\x013x\controller.c
          accel_time_fast   0x000139       data     extern D:\work\midicontroller\x013x\controller.c
        accel_time_medium   0x000137       data     extern D:\work\midicontroller\x013x\controller.c
          accel_time_slow   0x000135       data     extern D:\work\midicontroller\x013x\controller.c
          active_protocol   0x000155       data     extern D:\work\midicontroller\x013x\hid.c
                     bank   0x000100       data     extern D:\work\midicontroller\x013x\controller.c
               bank_count   0x00011e       data     extern D:\work\midicontroller\x013x\controller.c
           bankcontroller   0x000104       data     extern D:\work\midicontroller\x013x\controller.c
                  bankmap   0x000108       data     extern D:\work\midicontroller\x013x\controller.c
            bankmap_count   0x000110       data     extern D:\work\midicontroller\x013x\controller.c
                 bankname   0x000111       data     extern D:\work\midicontroller\x013x\controller.c
                  cc_curr   0x000141       data     extern D:\work\midicontroller\x013x\controller.c
                  cc_last   0x000142       data     extern D:\work\midicontroller\x013x\controller.c
            cdtimer_flash   0x000129       data     extern D:\work\midicontroller\x013x\controller.c
        cdtimer_holdenter   0x00012f       data     extern D:\work\midicontroller\x013x\controller.c
      cdtimer_incdec_held   0x00012d       data     extern D:\work\midicontroller\x013x\controller.c
            cdtimer_store   0x00012b       data     extern D:\work\midicontroller\x013x\controller.c
            cdtimer_value   0x000127       data     extern D:\work\midicontroller\x013x\controller.c
   ctrl_trf_session_owner   0x00014b       data     extern D:\work\midicontroller\x013x\usb.c
           ctrl_trf_state   0x00014a       data     extern D:\work\midicontroller\x013x\usb.c
                curr_bank   0x000118       data     extern D:\work\midicontroller\x013x\controller.c
            curr_mapindex   0x000117       data     extern D:\work\midicontroller\x013x\controller.c
              curr_preset   0x000116       data     extern D:\work\midicontroller\x013x\controller.c
             curr_program   0x000115       data     extern D:\work\midicontroller\x013x\controller.c
          curr_sortedbank   0x00011c       data     extern D:\work\midicontroller\x013x\controller.c
               dataPacket   0x000157       data     extern D:\work\midicontroller\x013x\usbapplet.c
              delay_count   0x000152       data     static D:\work\midicontroller\x013x\usb.c
                    ep0Bi   0x000404       data     extern D:\work\midicontroller\x013x\usb.c
                    ep0Bo   0x000400       data     extern D:\work\midicontroller\x013x\usb.c
                    ep1Bi   0x00040c       data     extern D:\work\midicontroller\x013x\usb.c
                    ep1Bo   0x000408       data     extern D:\work\midicontroller\x013x\usb.c
                flash_led   0x000134       data     extern D:\work\midicontroller\x013x\controller.c
              flash_state   0x000132       data     extern D:\work\midicontroller\x013x\controller.c
            hid_report_in   0x000498       data     extern D:\work\midicontroller\x013x\usb.c
           hid_report_out   0x000490       data     extern D:\work\midicontroller\x013x\usb.c
           hid_rpt_rx_len   0x000156       data     extern D:\work\midicontroller\x013x\hid.c
                idle_rate   0x000154       data     extern D:\work\midicontroller\x013x\hid.c
              incdec_mode   0x000145       data     extern D:\work\midicontroller\x013x\controller.c
              loaded_bank   0x00011a       data     extern D:\work\midicontroller\x013x\controller.c
             midi_channel   0x000124       data     extern D:\work\midicontroller\x013x\controller.c
                     mode   0x000123       data     extern D:\work\midicontroller\x013x\controller.c
                     pDst   0x00014e       data     extern D:\work\midicontroller\x013x\usb.c
                     pSrc   0x00014c       data     extern D:\work\midicontroller\x013x\usb.c
              preset_held   0x000125       data     extern D:\work\midicontroller\x013x\controller.c
             program_mode   0x000133       data     extern D:\work\midicontroller\x013x\controller.c
              store_state   0x000144       data     extern D:\work\midicontroller\x013x\controller.c
                  sw_curr   0x00013d       data     extern D:\work\midicontroller\x013x\controller.c
                  sw_last   0x00013f       data     extern D:\work\midicontroller\x013x\controller.c
             switch_state   0x000143       data     extern D:\work\midicontroller\x013x\controller.c
           usb_active_cfg   0x000148       data     extern D:\work\midicontroller\x013x\usb.c
             usb_alt_intf   0x000149       data     extern D:\work\midicontroller\x013x\usb.c
         usb_device_state   0x000146       data     extern D:\work\midicontroller\x013x\usb.c
                 usb_stat   0x000147       data     extern D:\work\midicontroller\x013x\usb.c
          value_flashtime   0x00013b       data     extern D:\work\midicontroller\x013x\controller.c
                   wCount   0x000150       data     extern D:\work\midicontroller\x013x\usb.c



                              Symbols - Sorted by Address
                     Name    Address   Location    Storage File                     
                ---------  ---------  ---------  --------- ---------                
           RealInitVector   0x000000    program     extern D:\work\midicontroller\x013x\vectors.c
       ___return_lbl00000   0x000004    program     static                          
  RealInterruptVectorHigh   0x000008    program     extern D:\work\midicontroller\x013x\vectors.c
       ___return_lbl00001   0x00000c    program     static                          
                   _entry   0x000a00    program     extern D:\work\midicontroller\x013x\startup.c
       ___return_lbl00000   0x000a04    program     static                          
      InterruptVectorHigh   0x000a08    program     extern D:\work\midicontroller\x013x\intslct.c
       ___return_lbl00000   0x000a0c    program     static                          
                     main   0x000a2a    program     extern D:\work\midicontroller\x013x\main.c
               ServiceUSB   0x000b04    program     extern D:\work\midicontroller\x013x\main.c
               itoa_fixed   0x000b20    program     extern D:\work\midicontroller\x013x\controller.c
             show_program   0x000bd0    program     extern D:\work\midicontroller\x013x\controller.c
         program_activate   0x000c22    program     extern D:\work\midicontroller\x013x\controller.c
          preset_activate   0x000c50    program     extern D:\work\midicontroller\x013x\controller.c
             bankmap_show   0x000c8c    program     extern D:\work\midicontroller\x013x\controller.c
         bankmap_activate   0x000c9a    program     extern D:\work\midicontroller\x013x\controller.c
            bank_activate   0x000cd0    program     extern D:\work\midicontroller\x013x\controller.c
      sortedbank_activate   0x000d40    program     extern D:\work\midicontroller\x013x\controller.c
            bank_showname   0x000d72    program     extern D:\work\midicontroller\x013x\controller.c
      sortedbank_showname   0x000da0    program     extern D:\work\midicontroller\x013x\controller.c
           button_pressed   0x000dfe    program     extern D:\work\midicontroller\x013x\controller.c
              button_held   0x000e5c    program     extern D:\work\midicontroller\x013x\controller.c
          button_released   0x000e9c    program     extern D:\work\midicontroller\x013x\controller.c
  controller_10msec_timer   0x000efa    program     extern D:\work\midicontroller\x013x\controller.c
       inc_practice_value   0x001100    program     extern D:\work\midicontroller\x013x\controller.c
       dec_practice_value   0x001140    program     extern D:\work\midicontroller\x013x\controller.c
    notify_practice_value   0x001178    program     extern D:\work\midicontroller\x013x\controller.c
  activate_practice_value   0x001186    program     extern D:\work\midicontroller\x013x\controller.c
        sequence_complete   0x00119e    program     extern D:\work\midicontroller\x013x\controller.c
          controller_init   0x0011e4    program     extern D:\work\midicontroller\x013x\controller.c
        controller_handle   0x00122a    program     extern D:\work\midicontroller\x013x\controller.c
              __tmplbl_45   0x001d68    program     static                          
       USBCheckStdRequest   0x001d72    program     extern D:\work\midicontroller\x013x\usb.c
      USBStdGetDscHandler   0x001e28    program     extern D:\work\midicontroller\x013x\usb.c
      USBStdSetCfgHandler   0x001eea    program     extern D:\work\midicontroller\x013x\usb.c
   USBStdGetStatusHandler   0x001f36    program     extern D:\work\midicontroller\x013x\usb.c
  USBStdFeatureReqHandler   0x001fca    program     extern D:\work\midicontroller\x013x\usb.c
         USBCtrlEPService   0x00206c    program     extern D:\work\midicontroller\x013x\usb.c
   USBCtrlTrfSetupHandler   0x002090    program     extern D:\work\midicontroller\x013x\usb.c
     USBCtrlTrfOutHandler   0x0020fa    program     extern D:\work\midicontroller\x013x\usb.c
      USBCtrlTrfInHandler   0x00211a    program     extern D:\work\midicontroller\x013x\usb.c
      USBCtrlTrfTxService   0x00215e    program     extern D:\work\midicontroller\x013x\usb.c
      USBCtrlTrfRxService   0x002234    program     extern D:\work\midicontroller\x013x\usb.c
 USBCtrlEPServiceComplete   0x0022ae    program     extern D:\work\midicontroller\x013x\usb.c
USBPrepareForNextSetupTrf   0x002334    program     extern D:\work\midicontroller\x013x\usb.c
        USBCheckBusStatus   0x00234e    program     extern D:\work\midicontroller\x013x\usb.c
          USBModuleEnable   0x002370    program     extern D:\work\midicontroller\x013x\usb.c
         USBModuleDisable   0x00237e    program     extern D:\work\midicontroller\x013x\usb.c
            USBSoftDetach   0x002388    program     extern D:\work\midicontroller\x013x\usb.c
         USBDriverService   0x00238c    program     extern D:\work\midicontroller\x013x\usb.c
               USBSuspend   0x002408    program     extern D:\work\midicontroller\x013x\usb.c
       USBWakeFromSuspend   0x002412    program     extern D:\work\midicontroller\x013x\usb.c
          USBRemoteWakeup   0x00241a    program     extern D:\work\midicontroller\x013x\usb.c
          USB_SOF_Handler   0x00243e    program     extern D:\work\midicontroller\x013x\usb.c
          USBStallHandler   0x002442    program     extern D:\work\midicontroller\x013x\usb.c
          USBErrorHandler   0x00244e    program     extern D:\work\midicontroller\x013x\usb.c
  USBProtocolResetHandler   0x002452    program     extern D:\work\midicontroller\x013x\usb.c
               ClearArray   0x002490    program     extern D:\work\midicontroller\x013x\usb.c
        ___while_lbl00133   0x0024a4    program     static                          
        ___while_lbl00134   0x0024b2    program     static                          
       ___return_lbl00132   0x0024b2    program     static                          
           ADC_CONVERSION   0x0024ba    program     extern D:\work\midicontroller\x013x\hwcalls.c
           midi_send_byte   0x0024ea    program     extern D:\work\midicontroller\x013x\hwcalls.c
       SendDataToShiftReg   0x00250c    program     extern D:\work\midicontroller\x013x\hwcalls.c
              ReadButtons   0x00255c    program     extern D:\work\midicontroller\x013x\hwcalls.c
       Filtered2SampleAvg   0x002610    program     extern D:\work\midicontroller\x013x\hwcalls.c
      Write64BytesProgMem   0x0026fe    program     extern D:\work\midicontroller\x013x\hwcalls.c
            SetDipAddress   0x00273a    program     extern D:\work\midicontroller\x013x\hwcalls.c
                 fsw_poll   0x00275e    program     extern D:\work\midicontroller\x013x\hwcalls.c
               UpdateLeds   0x0027dc    program     extern D:\work\midicontroller\x013x\hwcalls.c
       fsw_led_set_active   0x0027e6    program     extern D:\work\midicontroller\x013x\hwcalls.c
           fsw_led_enable   0x002812    program     extern D:\work\midicontroller\x013x\hwcalls.c
          fsw_led_disable   0x00283a    program     extern D:\work\midicontroller\x013x\hwcalls.c
              slider_poll   0x00286e    program     extern D:\work\midicontroller\x013x\hwcalls.c
                expr_poll   0x002878    program     extern D:\work\midicontroller\x013x\hwcalls.c
              banks_count   0x002882    program     extern D:\work\midicontroller\x013x\hwcalls.c
                bank_load   0x002884    program     extern D:\work\midicontroller\x013x\hwcalls.c
               bank_store   0x002894    program     extern D:\work\midicontroller\x013x\hwcalls.c
            bank_loadname   0x0028a4    program     extern D:\work\midicontroller\x013x\hwcalls.c
      bank_getsortedindex   0x0028b4    program     extern D:\work\midicontroller\x013x\hwcalls.c
           midi_send_cmd1   0x0028c4    program     extern D:\work\midicontroller\x013x\hwcalls.c
           midi_send_cmd2   0x0028d4    program     extern D:\work\midicontroller\x013x\hwcalls.c
     PROCESS_COMM_REQUEST   0x0028e4    program     extern D:\work\midicontroller\x013x\rs232.c
                    TXENQ   0x002bbc    program     extern D:\work\midicontroller\x013x\rs232.c
              ProcessLeds   0x002bea    program     extern D:\work\midicontroller\x013x\leds.c
             AllDigitsOff   0x002c54    program     extern D:\work\midicontroller\x013x\leds.c
              HandleDigit   0x002c70    program     extern D:\work\midicontroller\x013x\leds.c
             SetDispAscii   0x002d16    program     extern D:\work\midicontroller\x013x\leds.c
        leds_show_4alphas   0x002d8c    program     extern D:\work\midicontroller\x013x\leds.c
         leds_show_1digit   0x002e02    program     extern D:\work\midicontroller\x013x\leds.c
              AsciiTo7Seg   0x002e22    program     extern D:\work\midicontroller\x013x\leds.c
      HIDSetReportHandler   0x002ee2    program     extern D:\work\midicontroller\x013x\usbapplet.c
      HIDGetReportHandler   0x002ef0    program     extern D:\work\midicontroller\x013x\usbapplet.c
          ServiceRequests   0x002f12    program     extern D:\work\midicontroller\x013x\usbapplet.c
ProcessGenericTransferRead   0x002f9c    program     extern D:\work\midicontroller\x013x\usbapplet.c
ProcessGenericTransferWrite   0x003004    program     extern D:\work\midicontroller\x013x\usbapplet.c
       USBCheckHIDRequest   0x003122    program     extern D:\work\midicontroller\x013x\hid.c
                HIDInitEP   0x00323c    program     extern D:\work\midicontroller\x013x\hid.c
              HIDTxReport   0x003266    program     extern D:\work\midicontroller\x013x\hid.c
              HIDRxReport   0x0032da    program     extern D:\work\midicontroller\x013x\hid.c
               device_dsc   0x00335c    program     extern D:\work\midicontroller\x013x\usbdescript.c
                    cfg01   0x00336e    program     extern D:\work\midicontroller\x013x\usbdescript.c
                    sd000   0x003390    program     extern D:\work\midicontroller\x013x\usbdescript.c
                MfrString   0x003394    program     extern D:\work\midicontroller\x013x\usbdescript.c
                PrdString   0x0033ac    program     extern D:\work\midicontroller\x013x\usbdescript.c
                SerialNum   0x0033d8    program     extern D:\work\midicontroller\x013x\usbdescript.c
              hid_rpt_UPS   0x0033fa    program     extern D:\work\midicontroller\x013x\usbdescript.c
               USB_CD_Ptr   0x003476    program     extern D:\work\midicontroller\x013x\usbdescript.c
               USB_SD_Ptr   0x00347a    program     extern D:\work\midicontroller\x013x\usbdescript.c
          ClassReqHandler   0x003482    program     extern D:\work\midicontroller\x013x\usbdescript.c
EXPP_PEDAL_LINEAR_CONV_TABLE   0x003484    program     extern D:\work\midicontroller\x013x\tables.c
                CLEAR_RAM   0x003584    program     extern D:\work\midicontroller\x013x\config.asm
                 RAMCLEAR   0x003588    program     static D:\work\midicontroller\x013x\config.asm
      READ_BLOCK_FROM_ROM   0x003592    program     extern D:\work\midicontroller\x013x\writeprogmem.asm
               READ_BLOCK   0x003598    program     static D:\work\midicontroller\x013x\writeprogmem.asm
     WRITE_BLOCK_INTO_ROM   0x0035a4    program     extern D:\work\midicontroller\x013x\writeprogmem.asm
        WRITE_BUFFER_BACK   0x0035c2    program     static D:\work\midicontroller\x013x\writeprogmem.asm
      WRITE_BYTE_TO_HREGS   0x0035c6    program     static D:\work\midicontroller\x013x\writeprogmem.asm
           PROGRAM_MEMORY   0x0035d0    program     static D:\work\midicontroller\x013x\writeprogmem.asm
                     init   0x0035ec    program     extern D:\work\midicontroller\x013x\init.c
                   EERead   0x003652    program     extern D:\work\midicontroller\x013x\eeprom.c
                  EEWrite   0x003672    program     extern D:\work\midicontroller\x013x\eeprom.c
           ___do_lbl00004   0x003698    program     static                          
           ___do_lbl00002   0x00369a    program     static                          
           ___do_lbl00003   0x00369e    program     static                          
       ___return_lbl00001   0x0036a2    program     static                          
     InterruptHandlerHigh   0x0036aa    program     extern D:\work\midicontroller\x013x\intslct.c
          NumbersSegTable   0x0036da    program     extern D:\work\midicontroller\x013x\leds.c
          LettersSegTable   0x0036e4    program     extern D:\work\midicontroller\x013x\leds.c
                 FXD0808U   0x0036fe    program     extern C:\MCC18\src\TRADIT~1\math\fxd0808u.c
                     loop   0x003706    program     static                          
                  endloop   0x003714    program     static                          
       ___return_lbl00000   0x003718    program     static                          
                 _startup   0x00371a    program     extern D:\work\midicontroller\x013x\startup.c
                     loop   0x003726    program     static                          
       ___return_lbl00001   0x00372c    program     static                          
               __string_0   0x00372e    program     static D:\work\midicontroller\x013x\controller.c
             ROM_SAVEDATA   0x004000    program     extern D:\work\midicontroller\x013x\tables.c
                  __REMB3   0x000000       data     extern C:\MCC18\SRC\TRADIT~1\MATH\aarg.asm
                 __AARGB7   0x000000       data     extern C:\MCC18\SRC\TRADIT~1\MATH\aarg.asm
                  __REMB2   0x000001       data     extern C:\MCC18\SRC\TRADIT~1\MATH\aarg.asm
                 __AARGB6   0x000001       data     extern C:\MCC18\SRC\TRADIT~1\MATH\aarg.asm
                  __REMB1   0x000002       data     extern C:\MCC18\SRC\TRADIT~1\MATH\aarg.asm
                 __AARGB5   0x000002       data     extern C:\MCC18\SRC\TRADIT~1\MATH\aarg.asm
                  __REMB0   0x000003       data     extern C:\MCC18\SRC\TRADIT~1\MATH\aarg.asm
                 __AARGB4   0x000003       data     extern C:\MCC18\SRC\TRADIT~1\MATH\aarg.asm
                 __AARGB3   0x000004       data     extern C:\MCC18\SRC\TRADIT~1\MATH\aarg.asm
                 __AARGB2   0x000005       data     extern C:\MCC18\SRC\TRADIT~1\MATH\aarg.asm
                 __AARGB1   0x000006       data     extern C:\MCC18\SRC\TRADIT~1\MATH\aarg.asm
                 __AARGB0   0x000007       data     extern C:\MCC18\SRC\TRADIT~1\MATH\aarg.asm
                   __AEXP   0x000008       data     extern C:\MCC18\SRC\TRADIT~1\MATH\aarg.asm
                 __BARGB3   0x000009       data     extern C:\MCC18\SRC\TRADIT~1\MATH\barg.asm
                 __BARGB2   0x00000a       data     extern C:\MCC18\SRC\TRADIT~1\MATH\barg.asm
                 __BARGB1   0x00000b       data     extern C:\MCC18\SRC\TRADIT~1\MATH\barg.asm
                 __BARGB0   0x00000c       data     extern C:\MCC18\SRC\TRADIT~1\MATH\barg.asm
                   __BEXP   0x00000d       data     extern C:\MCC18\SRC\TRADIT~1\MATH\barg.asm
                     SIGN   0x00000e       data     extern C:\MCC18\SRC\TRADIT~1\MATH\cmath18.asm
                __FPFLAGS   0x00000f       data     extern C:\MCC18\SRC\TRADIT~1\MATH\cmath18.asm
            __FPFLAGSbits   0x00000f       data     extern C:\MCC18\SRC\TRADIT~1\MATH\cmath18.asm
                  __tmp_0   0x000010       data     static D:\work\midicontroller\x013x\hwcalls.c
                  __tmp_0   0x000010       data     static D:\work\midicontroller\x013x\hid.c
                  __tmp_0   0x000010       data     static D:\work\midicontroller\x013x\leds.c
                  __tmp_0   0x000010       data     static D:\work\midicontroller\x013x\controller.c
                  __tmp_0   0x000010       data     static D:\work\midicontroller\x013x\usb.c
                  __tmp_0   0x000010       data     static D:\work\midicontroller\x013x\usbapplet.c
                  __tmp_0   0x000010       data     static D:\work\midicontroller\x013x\rs232.c
                ArbFlags1   0x000060       data     extern D:\work\midicontroller\x013x\ram_def.c
               MiscFlags1   0x000061       data     extern D:\work\midicontroller\x013x\ram_def.c
              DispSegData   0x000062       data     extern D:\work\midicontroller\x013x\ram_def.c
         DispNumOfCommons   0x000067       data     extern D:\work\midicontroller\x013x\ram_def.c
                LedStates   0x000068       data     extern D:\work\midicontroller\x013x\ram_def.c
              ButtonState   0x000069       data     extern D:\work\midicontroller\x013x\ram_def.c
             ExpPedalInst   0x00006d       data     extern D:\work\midicontroller\x013x\ram_def.c
              ExpPedalAvg   0x00006e       data     extern D:\work\midicontroller\x013x\ram_def.c
           USBDataPointer   0x000070       data     extern D:\work\midicontroller\x013x\ram_def.c
       USBEP0DataInBuffer   0x000071       data     extern D:\work\midicontroller\x013x\ram_def.c
             ResponseType   0x0000b1       data     extern D:\work\midicontroller\x013x\ram_def.c
              NVRCommAddr   0x0000b2       data     extern D:\work\midicontroller\x013x\ram_def.c
              RAMCommAddr   0x0000b4       data     extern D:\work\midicontroller\x013x\ram_def.c
              ROMCommAddr   0x0000b6       data     extern D:\work\midicontroller\x013x\ram_def.c
               CommFlags1   0x0000b8       data     extern D:\work\midicontroller\x013x\ram_def.c
               WpmCounter   0x0000b9       data     extern D:\work\midicontroller\x013x\ram_def.c
              WpmCounter1   0x0000ba       data     extern D:\work\midicontroller\x013x\ram_def.c
            ProgmemBuffer   0x0000bb       data     extern D:\work\midicontroller\x013x\ram_def.c
               ComPointer   0x0000fb       data     static D:\work\midicontroller\x013x\leds.c
                     bank   0x000100       data     extern D:\work\midicontroller\x013x\controller.c
           bankcontroller   0x000104       data     extern D:\work\midicontroller\x013x\controller.c
                  bankmap   0x000108       data     extern D:\work\midicontroller\x013x\controller.c
            bankmap_count   0x000110       data     extern D:\work\midicontroller\x013x\controller.c
                 bankname   0x000111       data     extern D:\work\midicontroller\x013x\controller.c
             curr_program   0x000115       data     extern D:\work\midicontroller\x013x\controller.c
              curr_preset   0x000116       data     extern D:\work\midicontroller\x013x\controller.c
            curr_mapindex   0x000117       data     extern D:\work\midicontroller\x013x\controller.c
                curr_bank   0x000118       data     extern D:\work\midicontroller\x013x\controller.c
              loaded_bank   0x00011a       data     extern D:\work\midicontroller\x013x\controller.c
          curr_sortedbank   0x00011c       data     extern D:\work\midicontroller\x013x\controller.c
               bank_count   0x00011e       data     extern D:\work\midicontroller\x013x\controller.c
               accel_time   0x000120       data     extern D:\work\midicontroller\x013x\controller.c
              accel_count   0x000122       data     extern D:\work\midicontroller\x013x\controller.c
                     mode   0x000123       data     extern D:\work\midicontroller\x013x\controller.c
             midi_channel   0x000124       data     extern D:\work\midicontroller\x013x\controller.c
              preset_held   0x000125       data     extern D:\work\midicontroller\x013x\controller.c
            cdtimer_value   0x000127       data     extern D:\work\midicontroller\x013x\controller.c
            cdtimer_flash   0x000129       data     extern D:\work\midicontroller\x013x\controller.c
            cdtimer_store   0x00012b       data     extern D:\work\midicontroller\x013x\controller.c
      cdtimer_incdec_held   0x00012d       data     extern D:\work\midicontroller\x013x\controller.c
        cdtimer_holdenter   0x00012f       data     extern D:\work\midicontroller\x013x\controller.c
              accel_state   0x000131       data     extern D:\work\midicontroller\x013x\controller.c
              flash_state   0x000132       data     extern D:\work\midicontroller\x013x\controller.c
             program_mode   0x000133       data     extern D:\work\midicontroller\x013x\controller.c
                flash_led   0x000134       data     extern D:\work\midicontroller\x013x\controller.c
          accel_time_slow   0x000135       data     extern D:\work\midicontroller\x013x\controller.c
        accel_time_medium   0x000137       data     extern D:\work\midicontroller\x013x\controller.c
          accel_time_fast   0x000139       data     extern D:\work\midicontroller\x013x\controller.c
          value_flashtime   0x00013b       data     extern D:\work\midicontroller\x013x\controller.c
                  sw_curr   0x00013d       data     extern D:\work\midicontroller\x013x\controller.c
                  sw_last   0x00013f       data     extern D:\work\midicontroller\x013x\controller.c
                  cc_curr   0x000141       data     extern D:\work\midicontroller\x013x\controller.c
                  cc_last   0x000142       data     extern D:\work\midicontroller\x013x\controller.c
             switch_state   0x000143       data     extern D:\work\midicontroller\x013x\controller.c
              store_state   0x000144       data     extern D:\work\midicontroller\x013x\controller.c
              incdec_mode   0x000145       data     extern D:\work\midicontroller\x013x\controller.c
         usb_device_state   0x000146       data     extern D:\work\midicontroller\x013x\usb.c
                 usb_stat   0x000147       data     extern D:\work\midicontroller\x013x\usb.c
           usb_active_cfg   0x000148       data     extern D:\work\midicontroller\x013x\usb.c
             usb_alt_intf   0x000149       data     extern D:\work\midicontroller\x013x\usb.c
           ctrl_trf_state   0x00014a       data     extern D:\work\midicontroller\x013x\usb.c
   ctrl_trf_session_owner   0x00014b       data     extern D:\work\midicontroller\x013x\usb.c
                     pSrc   0x00014c       data     extern D:\work\midicontroller\x013x\usb.c
                     pDst   0x00014e       data     extern D:\work\midicontroller\x013x\usb.c
                   wCount   0x000150       data     extern D:\work\midicontroller\x013x\usb.c
              delay_count   0x000152       data     static D:\work\midicontroller\x013x\usb.c
                idle_rate   0x000154       data     extern D:\work\midicontroller\x013x\hid.c
          active_protocol   0x000155       data     extern D:\work\midicontroller\x013x\hid.c
           hid_rpt_rx_len   0x000156       data     extern D:\work\midicontroller\x013x\hid.c
               dataPacket   0x000157       data     extern D:\work\midicontroller\x013x\usbapplet.c
               PresentCmd   0x00015f       data     extern D:\work\midicontroller\x013x\usbapplet.c
                    ep0Bo   0x000400       data     extern D:\work\midicontroller\x013x\usb.c
                    ep0Bi   0x000404       data     extern D:\work\midicontroller\x013x\usb.c
                    ep1Bo   0x000408       data     extern D:\work\midicontroller\x013x\usb.c
                    ep1Bi   0x00040c       data     extern D:\work\midicontroller\x013x\usb.c
                 SetupPkt   0x000410       data     extern D:\work\midicontroller\x013x\usb.c
              CtrlTrfData   0x000450       data     extern D:\work\midicontroller\x013x\usb.c
           hid_report_out   0x000490       data     extern D:\work\midicontroller\x013x\usb.c
            hid_report_in   0x000498       data     extern D:\work\midicontroller\x013x\usb.c
                  SPPDATA   0x000f62       data     extern C:\MCC18\SRC\TRADIT~1\PROC\p18f4455.asm
                   SPPCFG   0x000f63       data     extern C:\MCC18\SRC\TRADIT~1\PROC\p18f4455.asm
               SPPCFGbits   0x000f63       data     extern C:\MCC18\SRC\TRADIT~1\PROC\p18f4455.asm
               SPPEPSbits   0x000f64       data     extern C:\MCC18\SRC\TRADIT~1\PROC\p18f4455.asm
                   SPPEPS   0x000f64       data     extern C:\MCC18\SRC\TRADIT~1\PROC\p18f4455.asm
                   SPPCON   0x000f65       data     extern C:\MCC18\SRC\TRADIT~1\PROC\p18f4455.asm
               SPPCONbits   0x000f65       data     extern C:\MCC18\SRC\TRADIT~1\PROC\p18f4455.asm
                     UFRM   0x000f66       data     extern C:\MCC18\SRC\TRADIT~1\PROC\p18f4455.asm
                    UFRML   0x000f66       data     extern C:\MCC18\SRC\TRADIT~1\PROC\p18f4455.asm
                UFRMLbits   0x000f66       data     extern C:\MCC18\SRC\TRADIT~1\PROC\p18f4455.asm
                    UFRMH   0x000f67       data     extern C:\MCC18\SRC\TRADIT~1\PROC\p18f4455.asm
                UFRMHbits   0x000f67       data     extern C:\MCC18\SRC\TRADIT~1\PROC\p18f4455.asm
                      UIR   0x000f68       data     extern C:\MCC18\SRC\TRADIT~1\PROC\p18f4455.asm
                  UIRbits   0x000f68       data     extern C:\MCC18\SRC\TRADIT~1\PROC\p18f4455.asm
                      UIE   0x000f69       data     extern C:\MCC18\SRC\TRADIT~1\PROC\p18f4455.asm
                  UIEbits   0x000f69       data     extern C:\MCC18\SRC\TRADIT~1\PROC\p18f4455.asm
                 UEIRbits   0x000f6a       data     extern C:\MCC18\SRC\TRADIT~1\PROC\p18f4455.asm
                     UEIR   0x000f6a       data     extern C:\MCC18\SRC\TRADIT~1\PROC\p18f4455.asm
                     UEIE   0x000f6b       data     extern C:\MCC18\SRC\TRADIT~1\PROC\p18f4455.asm
                 UEIEbits   0x000f6b       data     extern C:\MCC18\SRC\TRADIT~1\PROC\p18f4455.asm
                    USTAT   0x000f6c       data     extern C:\MCC18\SRC\TRADIT~1\PROC\p18f4455.asm
                USTATbits   0x000f6c       data     extern C:\MCC18\SRC\TRADIT~1\PROC\p18f4455.asm
[...]
                UEP10bits   0x000f7a       data     extern C:\MCC18\SRC\TRADIT~1\PROC\p18f4455.asm
                    UEP11   0x000f7b       data     extern C:\MCC18\SRC\TRADIT~1\PROC\p18f4455.asm
                UEP11bits   0x000f7b       data     extern C:\MCC18\SRC\TRADIT~1\PROC\p18f4455.asm
                    UEP12   0x000f7c       data     extern C:\MCC18\SRC\TRADIT~1\PROC\p18f4455.asm
                UEP12bits   0x000f7c       data     extern C:\MCC18\SRC\TRADIT~1\PROC\p18f4455.asm
                    UEP13   0x000f7d       data     extern C:\MCC18\SRC\TRADIT~1\PROC\p18f4455.asm
                UEP13bits   0x000f7d       data     extern C:\MCC18\SRC\TRADIT~1\PROC\p18f4455.asm
                UEP14bits   0x000f7e       data     extern C:\MCC18\SRC\TRADIT~1\PROC\p18f4455.asm
                    UEP14   0x000f7e       data     extern C:\MCC18\SRC\TRADIT~1\PROC\p18f4455.asm
                    UEP15   0x000f7f       data     extern C:\MCC18\SRC\TRADIT~1\PROC\p18f4455.asm
                UEP15bits   0x000f7f       data     extern C:\MCC18\SRC\TRADIT~1\PROC\p18f4455.asm
                PORTAbits   0x000f80       data     extern C:\MCC18\SRC\TRADIT~1\PROC\p18f4455.asm
                    PORTA   0x000f80       data     extern C:\MCC18\SRC\TRADIT~1\PROC\p18f4455.asm
                    PORTB   0x000f81       data     extern C:\MCC18\SRC\TRADIT~1\PROC\p18f4455.asm
                PORTBbits   0x000f81       data     extern C:\MCC18\SRC\TRADIT~1\PROC\p18f4455.asm
                    PORTC   0x000f82       data     extern C:\MCC18\SRC\TRADIT~1\PROC\p18f4455.asm
                PORTCbits   0x000f82       data     extern C:\MCC18\SRC\TRADIT~1\PROC\p18f4455.asm
                    PORTD   0x000f83       data     extern C:\MCC18\SRC\TRADIT~1\PROC\p18f4455.asm
                PORTDbits   0x000f83       data     extern C:\MCC18\SRC\TRADIT~1\PROC\p18f4455.asm
                    PORTE   0x000f84       data     extern C:\MCC18\SRC\TRADIT~1\PROC\p18f4455.asm
                PORTEbits   0x000f84       data     extern C:\MCC18\SRC\TRADIT~1\PROC\p18f4455.asm
                 LATAbits   0x000f89       data     extern C:\MCC18\SRC\TRADIT~1\PROC\p18f4455.asm
                     LATA   0x000f89       data     extern C:\MCC18\SRC\TRADIT~1\PROC\p18f4455.asm
                 LATBbits   0x000f8a       data     extern C:\MCC18\SRC\TRADIT~1\PROC\p18f4455.asm
                     LATB   0x000f8a       data     extern C:\MCC18\SRC\TRADIT~1\PROC\p18f4455.asm
                     LATC   0x000f8b       data     extern C:\MCC18\SRC\TRADIT~1\PROC\p18f4455.asm
                 LATCbits   0x000f8b       data     extern C:\MCC18\SRC\TRADIT~1\PROC\p18f4455.asm
                     LATD   0x000f8c       data     extern C:\MCC18\SRC\TRADIT~1\PROC\p18f4455.asm
                 LATDbits   0x000f8c       data     extern C:\MCC18\SRC\TRADIT~1\PROC\p18f4455.asm
                     LATE   0x000f8d       data     extern C:\MCC18\SRC\TRADIT~1\PROC\p18f4455.asm
                 LATEbits   0x000f8d       data     extern C:\MCC18\SRC\TRADIT~1\PROC\p18f4455.asm
                TRISAbits   0x000f92       data     extern C:\MCC18\SRC\TRADIT~1\PROC\p18f4455.asm
                     DDRA   0x000f92       data     extern C:\MCC18\SRC\TRADIT~1\PROC\p18f4455.asm
                 DDRAbits   0x000f92       data     extern C:\MCC18\SRC\TRADIT~1\PROC\p18f4455.asm
                    TRISA   0x000f92       data     extern C:\MCC18\SRC\TRADIT~1\PROC\p18f4455.asm
                    TRISB   0x000f93       data     extern C:\MCC18\SRC\TRADIT~1\PROC\p18f4455.asm
                TRISBbits   0x000f93       data     extern C:\MCC18\SRC\TRADIT~1\PROC\p18f4455.asm
                 DDRBbits   0x000f93       data     extern C:\MCC18\SRC\TRADIT~1\PROC\p18f4455.asm
                     DDRB   0x000f93       data     extern C:\MCC18\SRC\TRADIT~1\PROC\p18f4455.asm
                    TRISC   0x000f94       data     extern C:\MCC18\SRC\TRADIT~1\PROC\p18f4455.asm
                TRISCbits   0x000f94       data     extern C:\MCC18\SRC\TRADIT~1\PROC\p18f4455.asm
                 DDRCbits   0x000f94       data     extern C:\MCC18\SRC\TRADIT~1\PROC\p18f4455.asm
                     DDRC   0x000f94       data     extern C:\MCC18\SRC\TRADIT~1\PROC\p18f4455.asm
                    TRISD   0x000f95       data     extern C:\MCC18\SRC\TRADIT~1\PROC\p18f4455.asm
                TRISDbits   0x000f95       data     extern C:\MCC18\SRC\TRADIT~1\PROC\p18f4455.asm
                     DDRD   0x000f95       data     extern C:\MCC18\SRC\TRADIT~1\PROC\p18f4455.asm
                 DDRDbits   0x000f95       data     extern C:\MCC18\SRC\TRADIT~1\PROC\p18f4455.asm
                TRISEbits   0x000f96       data     extern C:\MCC18\SRC\TRADIT~1\PROC\p18f4455.asm
                     DDRE   0x000f96       data     extern C:\MCC18\SRC\TRADIT~1\PROC\p18f4455.asm
                 DDREbits   0x000f96       data     extern C:\MCC18\SRC\TRADIT~1\PROC\p18f4455.asm
                    TRISE   0x000f96       data     extern C:\MCC18\SRC\TRADIT~1\PROC\p18f4455.asm
                  OSCTUNE   0x000f9b       data     extern C:\MCC18\SRC\TRADIT~1\PROC\p18f4455.asm
              OSCTUNEbits   0x000f9b       data     extern C:\MCC18\SRC\TRADIT~1\PROC\p18f4455.asm
                 PIE1bits   0x000f9d       data     extern C:\MCC18\SRC\TRADIT~1\PROC\p18f4455.asm
                     PIE1   0x000f9d       data     extern C:\MCC18\SRC\TRADIT~1\PROC\p18f4455.asm
                 PIR1bits   0x000f9e       data     extern C:\MCC18\SRC\TRADIT~1\PROC\p18f4455.asm
                     PIR1   0x000f9e       data     extern C:\MCC18\SRC\TRADIT~1\PROC\p18f4455.asm
                     IPR1   0x000f9f       data     extern C:\MCC18\SRC\TRADIT~1\PROC\p18f4455.asm
                 IPR1bits   0x000f9f       data     extern C:\MCC18\SRC\TRADIT~1\PROC\p18f4455.asm
                     PIE2   0x000fa0       data     extern C:\MCC18\SRC\TRADIT~1\PROC\p18f4455.asm
                 PIE2bits   0x000fa0       data     extern C:\MCC18\SRC\TRADIT~1\PROC\p18f4455.asm
                     PIR2   0x000fa1       data     extern C:\MCC18\SRC\TRADIT~1\PROC\p18f4455.asm
                 PIR2bits   0x000fa1       data     extern C:\MCC18\SRC\TRADIT~1\PROC\p18f4455.asm
                     IPR2   0x000fa2       data     extern C:\MCC18\SRC\TRADIT~1\PROC\p18f4455.asm
                 IPR2bits   0x000fa2       data     extern C:\MCC18\SRC\TRADIT~1\PROC\p18f4455.asm
               EECON1bits   0x000fa6       data     extern C:\MCC18\SRC\TRADIT~1\PROC\p18f4455.asm
                   EECON1   0x000fa6       data     extern C:\MCC18\SRC\TRADIT~1\PROC\p18f4455.asm
                   EECON2   0x000fa7       data     extern C:\MCC18\SRC\TRADIT~1\PROC\p18f4455.asm
                   EEDATA   0x000fa8       data     extern C:\MCC18\SRC\TRADIT~1\PROC\p18f4455.asm
                    EEADR   0x000fa9       data     extern C:\MCC18\SRC\TRADIT~1\PROC\p18f4455.asm
                    RCSTA   0x000fab       data     extern C:\MCC18\SRC\TRADIT~1\PROC\p18f4455.asm
                RCSTAbits   0x000fab       data     extern C:\MCC18\SRC\TRADIT~1\PROC\p18f4455.asm
                TXSTAbits   0x000fac       data     extern C:\MCC18\SRC\TRADIT~1\PROC\p18f4455.asm
                    TXSTA   0x000fac       data     extern C:\MCC18\SRC\TRADIT~1\PROC\p18f4455.asm
                    TXREG   0x000fad       data     extern C:\MCC18\SRC\TRADIT~1\PROC\p18f4455.asm
                    RCREG   0x000fae       data     extern C:\MCC18\SRC\TRADIT~1\PROC\p18f4455.asm
                    SPBRG   0x000faf       data     extern C:\MCC18\SRC\TRADIT~1\PROC\p18f4455.asm
                   SPBRGH   0x000fb0       data     extern C:\MCC18\SRC\TRADIT~1\PROC\p18f4455.asm
                T3CONbits   0x000fb1       data     extern C:\MCC18\SRC\TRADIT~1\PROC\p18f4455.asm
                    T3CON   0x000fb1       data     extern C:\MCC18\SRC\TRADIT~1\PROC\p18f4455.asm
                    TMR3L   0x000fb2       data     extern C:\MCC18\SRC\TRADIT~1\PROC\p18f4455.asm
                    TMR3H   0x000fb3       data     extern C:\MCC18\SRC\TRADIT~1\PROC\p18f4455.asm
                    CMCON   0x000fb4       data     extern C:\MCC18\SRC\TRADIT~1\PROC\p18f4455.asm
                CMCONbits   0x000fb4       data     extern C:\MCC18\SRC\TRADIT~1\PROC\p18f4455.asm
                   CVRCON   0x000fb5       data     extern C:\MCC18\SRC\TRADIT~1\PROC\p18f4455.asm
               CVRCONbits   0x000fb5       data     extern C:\MCC18\SRC\TRADIT~1\PROC\p18f4455.asm
                   CCP1AS   0x000fb6       data     extern C:\MCC18\SRC\TRADIT~1\PROC\p18f4455.asm
               CCP1ASbits   0x000fb6       data     extern C:\MCC18\SRC\TRADIT~1\PROC\p18f4455.asm
                  ECCP1AS   0x000fb6       data     extern C:\MCC18\SRC\TRADIT~1\PROC\p18f4455.asm
              ECCP1ASbits   0x000fb6       data     extern C:\MCC18\SRC\TRADIT~1\PROC\p18f4455.asm
                  CCP1DEL   0x000fb7       data     extern C:\MCC18\SRC\TRADIT~1\PROC\p18f4455.asm
             ECCP1DELbits   0x000fb7       data     extern C:\MCC18\SRC\TRADIT~1\PROC\p18f4455.asm
                 ECCP1DEL   0x000fb7       data     extern C:\MCC18\SRC\TRADIT~1\PROC\p18f4455.asm
              CCP1DELbits   0x000fb7       data     extern C:\MCC18\SRC\TRADIT~1\PROC\p18f4455.asm
                  BAUDCON   0x000fb8       data     extern C:\MCC18\SRC\TRADIT~1\PROC\p18f4455.asm
              BAUDCONbits   0x000fb8       data     extern C:\MCC18\SRC\TRADIT~1\PROC\p18f4455.asm
              CCP2CONbits   0x000fba       data     extern C:\MCC18\SRC\TRADIT~1\PROC\p18f4455.asm
                  CCP2CON   0x000fba       data     extern C:\MCC18\SRC\TRADIT~1\PROC\p18f4455.asm
                    CCPR2   0x000fbb       data     extern C:\MCC18\SRC\TRADIT~1\PROC\p18f4455.asm
                   CCPR2L   0x000fbb       data     extern C:\MCC18\SRC\TRADIT~1\PROC\p18f4455.asm
                   CCPR2H   0x000fbc       data     extern C:\MCC18\SRC\TRADIT~1\PROC\p18f4455.asm
                  CCP1CON   0x000fbd       data     extern C:\MCC18\SRC\TRADIT~1\PROC\p18f4455.asm
              CCP1CONbits   0x000fbd       data     extern C:\MCC18\SRC\TRADIT~1\PROC\p18f4455.asm
                 ECCP1CON   0x000fbd       data     extern C:\MCC18\SRC\TRADIT~1\PROC\p18f4455.asm
             ECCP1CONbits   0x000fbd       data     extern C:\MCC18\SRC\TRADIT~1\PROC\p18f4455.asm
                   CCPR1L   0x000fbe       data     extern C:\MCC18\SRC\TRADIT~1\PROC\p18f4455.asm
                    CCPR1   0x000fbe       data     extern C:\MCC18\SRC\TRADIT~1\PROC\p18f4455.asm
                   CCPR1H   0x000fbf       data     extern C:\MCC18\SRC\TRADIT~1\PROC\p18f4455.asm
               ADCON2bits   0x000fc0       data     extern C:\MCC18\SRC\TRADIT~1\PROC\p18f4455.asm
                   ADCON2   0x000fc0       data     extern C:\MCC18\SRC\TRADIT~1\PROC\p18f4455.asm
               ADCON1bits   0x000fc1       data     extern C:\MCC18\SRC\TRADIT~1\PROC\p18f4455.asm
                   ADCON1   0x000fc1       data     extern C:\MCC18\SRC\TRADIT~1\PROC\p18f4455.asm
                   ADCON0   0x000fc2       data     extern C:\MCC18\SRC\TRADIT~1\PROC\p18f4455.asm
               ADCON0bits   0x000fc2       data     extern C:\MCC18\SRC\TRADIT~1\PROC\p18f4455.asm
                    ADRES   0x000fc3       data     extern C:\MCC18\SRC\TRADIT~1\PROC\p18f4455.asm
                   ADRESL   0x000fc3       data     extern C:\MCC18\SRC\TRADIT~1\PROC\p18f4455.asm
                   ADRESH   0x000fc4       data     extern C:\MCC18\SRC\TRADIT~1\PROC\p18f4455.asm
                  SSPCON2   0x000fc5       data     extern C:\MCC18\SRC\TRADIT~1\PROC\p18f4455.asm
              SSPCON2bits   0x000fc5       data     extern C:\MCC18\SRC\TRADIT~1\PROC\p18f4455.asm
                  SSPCON1   0x000fc6       data     extern C:\MCC18\SRC\TRADIT~1\PROC\p18f4455.asm
              SSPCON1bits   0x000fc6       data     extern C:\MCC18\SRC\TRADIT~1\PROC\p18f4455.asm
                  SSPSTAT   0x000fc7       data     extern C:\MCC18\SRC\TRADIT~1\PROC\p18f4455.asm
              SSPSTATbits   0x000fc7       data     extern C:\MCC18\SRC\TRADIT~1\PROC\p18f4455.asm
                   SSPADD   0x000fc8       data     extern C:\MCC18\SRC\TRADIT~1\PROC\p18f4455.asm
                   SSPBUF   0x000fc9       data     extern C:\MCC18\SRC\TRADIT~1\PROC\p18f4455.asm
                    T2CON   0x000fca       data     extern C:\MCC18\SRC\TRADIT~1\PROC\p18f4455.asm
                T2CONbits   0x000fca       data     extern C:\MCC18\SRC\TRADIT~1\PROC\p18f4455.asm
                      PR2   0x000fcb       data     extern C:\MCC18\SRC\TRADIT~1\PROC\p18f4455.asm
                     TMR2   0x000fcc       data     extern C:\MCC18\SRC\TRADIT~1\PROC\p18f4455.asm
                T1CONbits   0x000fcd       data     extern C:\MCC18\SRC\TRADIT~1\PROC\p18f4455.asm
                    T1CON   0x000fcd       data     extern C:\MCC18\SRC\TRADIT~1\PROC\p18f4455.asm
                    TMR1L   0x000fce       data     extern C:\MCC18\SRC\TRADIT~1\PROC\p18f4455.asm
                    TMR1H   0x000fcf       data     extern C:\MCC18\SRC\TRADIT~1\PROC\p18f4455.asm
                     RCON   0x000fd0       data     extern C:\MCC18\SRC\TRADIT~1\PROC\p18f4455.asm
                 RCONbits   0x000fd0       data     extern C:\MCC18\SRC\TRADIT~1\PROC\p18f4455.asm
               WDTCONbits   0x000fd1       data     extern C:\MCC18\SRC\TRADIT~1\PROC\p18f4455.asm
                   WDTCON   0x000fd1       data     extern C:\MCC18\SRC\TRADIT~1\PROC\p18f4455.asm
               LVDCONbits   0x000fd2       data     extern C:\MCC18\SRC\TRADIT~1\PROC\p18f4455.asm
                   LVDCON   0x000fd2       data     extern C:\MCC18\SRC\TRADIT~1\PROC\p18f4455.asm
              HLVDCONbits   0x000fd2       data     extern C:\MCC18\SRC\TRADIT~1\PROC\p18f4455.asm
                  HLVDCON   0x000fd2       data     extern C:\MCC18\SRC\TRADIT~1\PROC\p18f4455.asm
               OSCCONbits   0x000fd3       data     extern C:\MCC18\SRC\TRADIT~1\PROC\p18f4455.asm
                   OSCCON   0x000fd3       data     extern C:\MCC18\SRC\TRADIT~1\PROC\p18f4455.asm
                    T0CON   0x000fd5       data     extern C:\MCC18\SRC\TRADIT~1\PROC\p18f4455.asm
                T0CONbits   0x000fd5       data     extern C:\MCC18\SRC\TRADIT~1\PROC\p18f4455.asm
                    TMR0L   0x000fd6       data     extern C:\MCC18\SRC\TRADIT~1\PROC\p18f4455.asm
                    TMR0H   0x000fd7       data     extern C:\MCC18\SRC\TRADIT~1\PROC\p18f4455.asm
                   STATUS   0x000fd8       data     extern C:\MCC18\SRC\TRADIT~1\PROC\p18f4455.asm
               STATUSbits   0x000fd8       data     extern C:\MCC18\SRC\TRADIT~1\PROC\p18f4455.asm
                    FSR2L   0x000fd9       data     extern C:\MCC18\SRC\TRADIT~1\PROC\p18f4455.asm
                     FSR2   0x000fd9       data     extern C:\MCC18\SRC\TRADIT~1\PROC\p18f4455.asm
                    FSR2H   0x000fda       data     extern C:\MCC18\SRC\TRADIT~1\PROC\p18f4455.asm
                   PLUSW2   0x000fdb       data     extern C:\MCC18\SRC\TRADIT~1\PROC\p18f4455.asm
                  PREINC2   0x000fdc       data     extern C:\MCC18\SRC\TRADIT~1\PROC\p18f4455.asm
                 POSTDEC2   0x000fdd       data     extern C:\MCC18\SRC\TRADIT~1\PROC\p18f4455.asm
                 POSTINC2   0x000fde       data     extern C:\MCC18\SRC\TRADIT~1\PROC\p18f4455.asm
                    INDF2   0x000fdf       data     extern C:\MCC18\SRC\TRADIT~1\PROC\p18f4455.asm
                      BSR   0x000fe0       data     extern C:\MCC18\SRC\TRADIT~1\PROC\p18f4455.asm
                    FSR1L   0x000fe1       data     extern C:\MCC18\SRC\TRADIT~1\PROC\p18f4455.asm
                     FSR1   0x000fe1       data     extern C:\MCC18\SRC\TRADIT~1\PROC\p18f4455.asm
                    FSR1H   0x000fe2       data     extern C:\MCC18\SRC\TRADIT~1\PROC\p18f4455.asm
                   PLUSW1   0x000fe3       data     extern C:\MCC18\SRC\TRADIT~1\PROC\p18f4455.asm
                  PREINC1   0x000fe4       data     extern C:\MCC18\SRC\TRADIT~1\PROC\p18f4455.asm
                 POSTDEC1   0x000fe5       data     extern C:\MCC18\SRC\TRADIT~1\PROC\p18f4455.asm
                 POSTINC1   0x000fe6       data     extern C:\MCC18\SRC\TRADIT~1\PROC\p18f4455.asm
                    INDF1   0x000fe7       data     extern C:\MCC18\SRC\TRADIT~1\PROC\p18f4455.asm
                     WREG   0x000fe8       data     extern C:\MCC18\SRC\TRADIT~1\PROC\p18f4455.asm
                     FSR0   0x000fe9       data     extern C:\MCC18\SRC\TRADIT~1\PROC\p18f4455.asm
                    FSR0L   0x000fe9       data     extern C:\MCC18\SRC\TRADIT~1\PROC\p18f4455.asm
                    FSR0H   0x000fea       data     extern C:\MCC18\SRC\TRADIT~1\PROC\p18f4455.asm
                   PLUSW0   0x000feb       data     extern C:\MCC18\SRC\TRADIT~1\PROC\p18f4455.asm
                  PREINC0   0x000fec       data     extern C:\MCC18\SRC\TRADIT~1\PROC\p18f4455.asm
                 POSTDEC0   0x000fed       data     extern C:\MCC18\SRC\TRADIT~1\PROC\p18f4455.asm
                 POSTINC0   0x000fee       data     extern C:\MCC18\SRC\TRADIT~1\PROC\p18f4455.asm
                    INDF0   0x000fef       data     extern C:\MCC18\SRC\TRADIT~1\PROC\p18f4455.asm
              INTCON3bits   0x000ff0       data     extern C:\MCC18\SRC\TRADIT~1\PROC\p18f4455.asm
                  INTCON3   0x000ff0       data     extern C:\MCC18\SRC\TRADIT~1\PROC\p18f4455.asm
              INTCON2bits   0x000ff1       data     extern C:\MCC18\SRC\TRADIT~1\PROC\p18f4455.asm
                  INTCON2   0x000ff1       data     extern C:\MCC18\SRC\TRADIT~1\PROC\p18f4455.asm
               INTCONbits   0x000ff2       data     extern C:\MCC18\SRC\TRADIT~1\PROC\p18f4455.asm
                   INTCON   0x000ff2       data     extern C:\MCC18\SRC\TRADIT~1\PROC\p18f4455.asm
                     PROD   0x000ff3       data     extern C:\MCC18\SRC\TRADIT~1\PROC\p18f4455.asm
                    PRODL   0x000ff3       data     extern C:\MCC18\SRC\TRADIT~1\PROC\p18f4455.asm
                    PRODH   0x000ff4       data     extern C:\MCC18\SRC\TRADIT~1\PROC\p18f4455.asm
                   TABLAT   0x000ff5       data     extern C:\MCC18\SRC\TRADIT~1\PROC\p18f4455.asm
                  TBLPTRL   0x000ff6       data     extern C:\MCC18\SRC\TRADIT~1\PROC\p18f4455.asm
                   TBLPTR   0x000ff6       data     extern C:\MCC18\SRC\TRADIT~1\PROC\p18f4455.asm
                  TBLPTRH   0x000ff7       data     extern C:\MCC18\SRC\TRADIT~1\PROC\p18f4455.asm
                  TBLPTRU   0x000ff8       data     extern C:\MCC18\SRC\TRADIT~1\PROC\p18f4455.asm
                       PC   0x000ff9       data     extern C:\MCC18\SRC\TRADIT~1\PROC\p18f4455.asm
                      PCL   0x000ff9       data     extern C:\MCC18\SRC\TRADIT~1\PROC\p18f4455.asm
                   PCLATH   0x000ffa       data     extern C:\MCC18\SRC\TRADIT~1\PROC\p18f4455.asm
                   PCLATU   0x000ffb       data     extern C:\MCC18\SRC\TRADIT~1\PROC\p18f4455.asm
                   STKPTR   0x000ffc       data     extern C:\MCC18\SRC\TRADIT~1\PROC\p18f4455.asm
               STKPTRbits   0x000ffc       data     extern C:\MCC18\SRC\TRADIT~1\PROC\p18f4455.asm
                      TOS   0x000ffd       data     extern C:\MCC18\SRC\TRADIT~1\PROC\p18f4455.asm
                     TOSL   0x000ffd       data     extern C:\MCC18\SRC\TRADIT~1\PROC\p18f4455.asm
                     TOSH   0x000ffe       data     extern C:\MCC18\SRC\TRADIT~1\PROC\p18f4455.asm
                     TOSU   0x000fff       data     extern C:\MCC18\SRC\TRADIT~1\PROC\p18f4455.asm


