MPLINK 4.1, Linker
Linker Map File - Created Mon Jun 04 17:24:52 2007

                                 Section Info
                  Section       Type    Address   Location Size(Bytes)
                ---------  ---------  ---------  ---------  ---------
           RealInitVector       code   0x000000    program   0x000006
  RealInterruptVectorHigh       code   0x000008    program   0x000006
               _entry_scn       code   0x000a00    program   0x000006
      InterruptVectorHigh       code   0x000a08    program   0x000006
                main_code       code   0x000a2a    program   0x000086
                   .cinit    romdata   0x000ab0    program   0x00000e
       .code_controller.o       code   0x000abe    program   0x001252
              .code_usb.o       code   0x001d10    program   0x000748
          .code_hwcalls.o       code   0x002458    program   0x000300
             .code_leds.o       code   0x002758    program   0x0002f8
            .code_rs232.o       code   0x002a50    program   0x000284
              .code_hid.o       code   0x002cd4    program   0x00023a
        .code_usbapplet.o       code   0x002f0e    program   0x000162
   .romdata_usbdescript.o    romdata   0x003070    program   0x000128
        .romdata_tables.o    romdata   0x003198    program   0x000100
     .code_writeprogmem.o       code   0x003298    program   0x0000c6
             .code_init.o       code   0x00335e    program   0x000066
           .code_eeprom.o       code   0x0033c4    program   0x000058
          .romdata_leds.o    romdata   0x00341c    program   0x000024
          .code_intslct.o       code   0x003440    program   0x00001c
         .code_fxd0808u.o       code   0x00345c    program   0x00001c
             _startup_scn       code   0x003478    program   0x000014
                    .code       code   0x00348c    program   0x00000e
             .stringtable    romdata   0x00349a    program   0x000005
    .idata_controller.o_i    romdata   0x00349f    program   0x000022
              ROMSAVEDATA    romdata   0x004000    program   0x001fff
  .config_300000_CONFIG.O    romdata   0x300000    program   0x000001
  .config_300001_CONFIG.O    romdata   0x300001    program   0x000001
  .config_300002_CONFIG.O    romdata   0x300002    program   0x000001
  .config_300003_CONFIG.O    romdata   0x300003    program   0x000001
  .config_300005_CONFIG.O    romdata   0x300005    program   0x000001
  .config_300006_CONFIG.O    romdata   0x300006    program   0x000001
  .config_300008_CONFIG.O    romdata   0x300008    program   0x000001
  .config_300009_CONFIG.O    romdata   0x300009    program   0x000001
  .config_30000A_CONFIG.O    romdata   0x30000a    program   0x000001
  .config_30000B_CONFIG.O    romdata   0x30000b    program   0x000001
  .config_30000C_CONFIG.O    romdata   0x30000c    program   0x000001
  .config_30000D_CONFIG.O    romdata   0x30000d    program   0x000001
                MATH_DATA      udata   0x000000       data   0x000010
                 .tmpdata      udata   0x000010       data   0x000004
                  RamData      udata   0x000060       data   0x000052
         .udata_ram_def.o      udata   0x0000b2       data   0x000029
      .udata_controller.o      udata   0x0000db       data   0x000024
       .udata_usbapplet.o      udata   0x0000ff       data   0x000001
      .idata_controller.o      idata   0x000100       data   0x000022
                     usb5      udata   0x000122       data   0x000011
            .udata_leds.o      udata   0x000133       data   0x000001
                  usbram4      udata   0x000400       data   0x0000a0
                   .stack      udata   0x000700       data   0x000080
            SFR_UNBANKED0      udata   0x000f62       data   0x00009e



                              Program Memory Usage 
                               Start         End      
                           ---------   ---------      
                            0x000000    0x000005      
                            0x000008    0x00000d      
                            0x000a00    0x000a05      
                            0x000a08    0x000a0d      
                            0x000a2a    0x0034c0      
                            0x004000    0x005ffe      
                            0x300000    0x300003      
                            0x300005    0x300006      
                            0x300008    0x30000d      
            19130 out of 30530 program addresses used, program memory utilization is 62%



                              Symbols - Sorted by Name
                     Name    Address   Location    Storage File                     
                ---------  ---------  ---------  --------- ---------                
           ADC_CONVERSION   0x002458    program     extern C:\fw\midicontroller\x014\hwcalls.c
             AllDigitsOff   0x0027c2    program     extern C:\fw\midicontroller\x014\leds.c
              AsciiTo7Seg   0x002990    program     extern C:\fw\midicontroller\x014\leds.c
                CLEAR_RAM   0x00348c    program     extern C:\fw\midicontroller\x014\config.asm
          ClassReqHandler   0x003196    program     extern C:\fw\midicontroller\x014\usbdescript.c
               ClearArray   0x00242e    program     extern C:\fw\midicontroller\x014\usb.c
                   EERead   0x0033c4    program     extern C:\fw\midicontroller\x014\eeprom.c
                  EEWrite   0x0033e4    program     extern C:\fw\midicontroller\x014\eeprom.c
EXPP_PEDAL_LINEAR_CONV_TABLE   0x003198    program     extern C:\fw\midicontroller\x014\tables.c
             EraseProgMem   0x0032fe    program     extern C:\fw\midicontroller\x014\writeprogmem.c
                 FXD0808U   0x00345c    program     extern C:\MCC18\src\TRADIT~1\math\fxd0808u.c
      HIDGetReportHandler   0x002f1c    program     extern C:\fw\midicontroller\x014\usbapplet.c
                HIDInitEP   0x002dee    program     extern C:\fw\midicontroller\x014\hid.c
              HIDRxReport   0x002e8c    program     extern C:\fw\midicontroller\x014\hid.c
      HIDSetReportHandler   0x002f0e    program     extern C:\fw\midicontroller\x014\usbapplet.c
              HIDTxReport   0x002e18    program     extern C:\fw\midicontroller\x014\hid.c
              HandleDigit   0x0027de    program     extern C:\fw\midicontroller\x014\leds.c
     InterruptHandlerHigh   0x003440    program     extern C:\fw\midicontroller\x014\intslct.c
      InterruptVectorHigh   0x000a08    program     extern C:\fw\midicontroller\x014\intslct.c
          LettersSegTable   0x003426    program     extern C:\fw\midicontroller\x014\leds.c
                MfrString   0x0030a8    program     extern C:\fw\midicontroller\x014\usbdescript.c
          NumbersSegTable   0x00341c    program     extern C:\fw\midicontroller\x014\leds.c
     PROCESS_COMM_REQUEST   0x002a50    program     extern C:\fw\midicontroller\x014\rs232.c
                PrdString   0x0030c0    program     extern C:\fw\midicontroller\x014\usbdescript.c
ProcessGenericTransferRead   0x002f3e    program     extern C:\fw\midicontroller\x014\usbapplet.c
ProcessGenericTransferWrite   0x002fd4    program     extern C:\fw\midicontroller\x014\usbapplet.c
              ProcessLeds   0x002758    program     extern C:\fw\midicontroller\x014\leds.c
                 RAMCLEAR   0x003490    program     static C:\fw\midicontroller\x014\config.asm
             ROM_SAVEDATA   0x004000    program     extern C:\fw\midicontroller\x014\tables.c
              ReadButtons   0x0024fa    program     extern C:\fw\midicontroller\x014\hwcalls.c
                   ReadEE   0x003312    program     extern C:\fw\midicontroller\x014\writeprogmem.c
           RealInitVector   0x000000    program     extern C:\fw\midicontroller\x014\vectors.c
  RealInterruptVectorHigh   0x000008    program     extern C:\fw\midicontroller\x014\vectors.c
       SendDataToShiftReg   0x0024aa    program     extern C:\fw\midicontroller\x014\hwcalls.c
                SerialNum   0x0030ec    program     extern C:\fw\midicontroller\x014\usbdescript.c
               ServiceUSB   0x000aa2    program     extern C:\fw\midicontroller\x014\main.c
            SetDipAddress   0x0025ae    program     extern C:\fw\midicontroller\x014\hwcalls.c
             SetDispAscii   0x002884    program     extern C:\fw\midicontroller\x014\leds.c
               StartWrite   0x003298    program     extern C:\fw\midicontroller\x014\writeprogmem.c
                    TXENQ   0x002ca6    program     extern C:\fw\midicontroller\x014\rs232.c
        USBCheckBusStatus   0x0022ec    program     extern C:\fw\midicontroller\x014\usb.c
       USBCheckHIDRequest   0x002cd4    program     extern C:\fw\midicontroller\x014\hid.c
       USBCheckStdRequest   0x001d10    program     extern C:\fw\midicontroller\x014\usb.c
         USBCtrlEPService   0x00200a    program     extern C:\fw\midicontroller\x014\usb.c
 USBCtrlEPServiceComplete   0x00224c    program     extern C:\fw\midicontroller\x014\usb.c
      USBCtrlTrfInHandler   0x0020b8    program     extern C:\fw\midicontroller\x014\usb.c
     USBCtrlTrfOutHandler   0x002098    program     extern C:\fw\midicontroller\x014\usb.c
      USBCtrlTrfRxService   0x0021d2    program     extern C:\fw\midicontroller\x014\usb.c
   USBCtrlTrfSetupHandler   0x00202e    program     extern C:\fw\midicontroller\x014\usb.c
      USBCtrlTrfTxService   0x0020fc    program     extern C:\fw\midicontroller\x014\usb.c
         USBDriverService   0x00232a    program     extern C:\fw\midicontroller\x014\usb.c
          USBErrorHandler   0x0023ec    program     extern C:\fw\midicontroller\x014\usb.c
         USBModuleDisable   0x00231c    program     extern C:\fw\midicontroller\x014\usb.c
          USBModuleEnable   0x00230e    program     extern C:\fw\midicontroller\x014\usb.c
USBPrepareForNextSetupTrf   0x0022d2    program     extern C:\fw\midicontroller\x014\usb.c
  USBProtocolResetHandler   0x0023f0    program     extern C:\fw\midicontroller\x014\usb.c
          USBRemoteWakeup   0x0023b8    program     extern C:\fw\midicontroller\x014\usb.c
            USBSoftDetach   0x002326    program     extern C:\fw\midicontroller\x014\usb.c
          USBStallHandler   0x0023e0    program     extern C:\fw\midicontroller\x014\usb.c
  USBStdFeatureReqHandler   0x001f68    program     extern C:\fw\midicontroller\x014\usb.c
      USBStdGetDscHandler   0x001dc6    program     extern C:\fw\midicontroller\x014\usb.c
   USBStdGetStatusHandler   0x001ed4    program     extern C:\fw\midicontroller\x014\usb.c
      USBStdSetCfgHandler   0x001e88    program     extern C:\fw\midicontroller\x014\usb.c
               USBSuspend   0x0023a6    program     extern C:\fw\midicontroller\x014\usb.c
       USBWakeFromSuspend   0x0023b0    program     extern C:\fw\midicontroller\x014\usb.c
               USB_CD_Ptr   0x00318a    program     extern C:\fw\midicontroller\x014\usbdescript.c
               USB_SD_Ptr   0x00318e    program     extern C:\fw\midicontroller\x014\usbdescript.c
          USB_SOF_Handler   0x0023dc    program     extern C:\fw\midicontroller\x014\usb.c
               UpdateLeds   0x002650    program     extern C:\fw\midicontroller\x014\hwcalls.c
                  WriteEE   0x003330    program     extern C:\fw\midicontroller\x014\writeprogmem.c
             WriteProgMem   0x0032a4    program     extern C:\fw\midicontroller\x014\writeprogmem.c
           ___do_lbl00002   0x00340c    program     static                          
           ___do_lbl00003   0x003410    program     static                          
           ___do_lbl00004   0x00340a    program     static                          
       ___return_lbl00000   0x003476    program     static                          
       ___return_lbl00000   0x000a04    program     static                          
       ___return_lbl00000   0x000004    program     static                          
       ___return_lbl00000   0x000a0c    program     static                          
       ___return_lbl00001   0x003414    program     static                          
       ___return_lbl00001   0x00348a    program     static                          
       ___return_lbl00001   0x00000c    program     static                          
       ___return_lbl00132   0x002450    program     static                          
        ___while_lbl00133   0x002442    program     static                          
        ___while_lbl00134   0x002450    program     static                          
               __string_0   0x00349a    program     static C:\fw\midicontroller\x014\controller.c
              __tmplbl_45   0x001d06    program     static                          
                   _entry   0x000a00    program     extern C:\fw\midicontroller\x014\startup.c
                 _startup   0x003478    program     extern C:\fw\midicontroller\x014\startup.c
  activate_practice_value   0x001124    program     extern C:\fw\midicontroller\x014\controller.c
            bank_activate   0x000c6e    program     extern C:\fw\midicontroller\x014\controller.c
      bank_getsortedindex   0x002728    program     extern C:\fw\midicontroller\x014\hwcalls.c
                bank_load   0x0026f8    program     extern C:\fw\midicontroller\x014\hwcalls.c
            bank_loadname   0x002718    program     extern C:\fw\midicontroller\x014\hwcalls.c
            bank_showname   0x000d10    program     extern C:\fw\midicontroller\x014\controller.c
               bank_store   0x002708    program     extern C:\fw\midicontroller\x014\hwcalls.c
         bankmap_activate   0x000c38    program     extern C:\fw\midicontroller\x014\controller.c
             bankmap_show   0x000c2a    program     extern C:\fw\midicontroller\x014\controller.c
              banks_count   0x0026f6    program     extern C:\fw\midicontroller\x014\hwcalls.c
              button_held   0x000dfa    program     extern C:\fw\midicontroller\x014\controller.c
           button_pressed   0x000d9c    program     extern C:\fw\midicontroller\x014\controller.c
          button_released   0x000e3a    program     extern C:\fw\midicontroller\x014\controller.c
                    cfg01   0x003082    program     extern C:\fw\midicontroller\x014\usbdescript.c
  controller_10msec_timer   0x000e98    program     extern C:\fw\midicontroller\x014\controller.c
        controller_handle   0x0011c8    program     extern C:\fw\midicontroller\x014\controller.c
          controller_init   0x001182    program     extern C:\fw\midicontroller\x014\controller.c
       dec_practice_value   0x0010de    program     extern C:\fw\midicontroller\x014\controller.c
               device_dsc   0x003070    program     extern C:\fw\midicontroller\x014\usbdescript.c
                  endloop   0x003472    program     static                          
                expr_poll   0x0026ec    program     extern C:\fw\midicontroller\x014\hwcalls.c
          fsw_led_disable   0x0026ae    program     extern C:\fw\midicontroller\x014\hwcalls.c
           fsw_led_enable   0x002686    program     extern C:\fw\midicontroller\x014\hwcalls.c
       fsw_led_set_active   0x00265a    program     extern C:\fw\midicontroller\x014\hwcalls.c
                 fsw_poll   0x0025d2    program     extern C:\fw\midicontroller\x014\hwcalls.c
              hid_rpt_UPS   0x00310e    program     extern C:\fw\midicontroller\x014\usbdescript.c
       inc_practice_value   0x00109e    program     extern C:\fw\midicontroller\x014\controller.c
                     init   0x00335e    program     extern C:\fw\midicontroller\x014\init.c
               itoa_fixed   0x000abe    program     extern C:\fw\midicontroller\x014\controller.c
         leds_show_1digit   0x002970    program     extern C:\fw\midicontroller\x014\leds.c
        leds_show_4alphas   0x0028fa    program     extern C:\fw\midicontroller\x014\leds.c
                     loop   0x003484    program     static                          
                     loop   0x003464    program     static                          
                     main   0x000a2a    program     extern C:\fw\midicontroller\x014\main.c
           midi_send_byte   0x002488    program     extern C:\fw\midicontroller\x014\hwcalls.c
           midi_send_cmd1   0x002738    program     extern C:\fw\midicontroller\x014\hwcalls.c
           midi_send_cmd2   0x002748    program     extern C:\fw\midicontroller\x014\hwcalls.c
    notify_practice_value   0x001116    program     extern C:\fw\midicontroller\x014\controller.c
          preset_activate   0x000bee    program     extern C:\fw\midicontroller\x014\controller.c
         program_activate   0x000bc0    program     extern C:\fw\midicontroller\x014\controller.c
                    sd000   0x0030a4    program     extern C:\fw\midicontroller\x014\usbdescript.c
        sequence_complete   0x00113c    program     extern C:\fw\midicontroller\x014\controller.c
             show_program   0x000b6e    program     extern C:\fw\midicontroller\x014\controller.c
              slider_poll   0x0026e2    program     extern C:\fw\midicontroller\x014\hwcalls.c
      sortedbank_activate   0x000cde    program     extern C:\fw\midicontroller\x014\controller.c
      sortedbank_showname   0x000d3e    program     extern C:\fw\midicontroller\x014\controller.c
                   ADCON0   0x000fc2       data     extern C:\MCC18\SRC\TRADIT~1\PROC\p18f4455.asm
               ADCON0bits   0x000fc2       data     extern C:\MCC18\SRC\TRADIT~1\PROC\p18f4455.asm
                   ADCON1   0x000fc1       data     extern C:\MCC18\SRC\TRADIT~1\PROC\p18f4455.asm
               ADCON1bits   0x000fc1       data     extern C:\MCC18\SRC\TRADIT~1\PROC\p18f4455.asm
                   ADCON2   0x000fc0       data     extern C:\MCC18\SRC\TRADIT~1\PROC\p18f4455.asm
               ADCON2bits   0x000fc0       data     extern C:\MCC18\SRC\TRADIT~1\PROC\p18f4455.asm
                    ADRES   0x000fc3       data     extern C:\MCC18\SRC\TRADIT~1\PROC\p18f4455.asm
                   ADRESH   0x000fc4       data     extern C:\MCC18\SRC\TRADIT~1\PROC\p18f4455.asm
                   ADRESL   0x000fc3       data     extern C:\MCC18\SRC\TRADIT~1\PROC\p18f4455.asm
                ArbFlags1   0x000060       data     extern C:\fw\midicontroller\x014\ram_def.c
                  BAUDCON   0x000fb8       data     extern C:\MCC18\SRC\TRADIT~1\PROC\p18f4455.asm
              BAUDCONbits   0x000fb8       data     extern C:\MCC18\SRC\TRADIT~1\PROC\p18f4455.asm
                      BSR   0x000fe0       data     extern C:\MCC18\SRC\TRADIT~1\PROC\p18f4455.asm
              ButtonState   0x000069       data     extern C:\fw\midicontroller\x014\ram_def.c
                   CCP1AS   0x000fb6       data     extern C:\MCC18\SRC\TRADIT~1\PROC\p18f4455.asm
               CCP1ASbits   0x000fb6       data     extern C:\MCC18\SRC\TRADIT~1\PROC\p18f4455.asm
                  CCP1CON   0x000fbd       data     extern C:\MCC18\SRC\TRADIT~1\PROC\p18f4455.asm
              CCP1CONbits   0x000fbd       data     extern C:\MCC18\SRC\TRADIT~1\PROC\p18f4455.asm
                  CCP1DEL   0x000fb7       data     extern C:\MCC18\SRC\TRADIT~1\PROC\p18f4455.asm
              CCP1DELbits   0x000fb7       data     extern C:\MCC18\SRC\TRADIT~1\PROC\p18f4455.asm
                  CCP2CON   0x000fba       data     extern C:\MCC18\SRC\TRADIT~1\PROC\p18f4455.asm
              CCP2CONbits   0x000fba       data     extern C:\MCC18\SRC\TRADIT~1\PROC\p18f4455.asm
                    CCPR1   0x000fbe       data     extern C:\MCC18\SRC\TRADIT~1\PROC\p18f4455.asm
                   CCPR1H   0x000fbf       data     extern C:\MCC18\SRC\TRADIT~1\PROC\p18f4455.asm
                   CCPR1L   0x000fbe       data     extern C:\MCC18\SRC\TRADIT~1\PROC\p18f4455.asm
                    CCPR2   0x000fbb       data     extern C:\MCC18\SRC\TRADIT~1\PROC\p18f4455.asm
                   CCPR2H   0x000fbc       data     extern C:\MCC18\SRC\TRADIT~1\PROC\p18f4455.asm
                   CCPR2L   0x000fbb       data     extern C:\MCC18\SRC\TRADIT~1\PROC\p18f4455.asm
                    CMCON   0x000fb4       data     extern C:\MCC18\SRC\TRADIT~1\PROC\p18f4455.asm
                CMCONbits   0x000fb4       data     extern C:\MCC18\SRC\TRADIT~1\PROC\p18f4455.asm
                   CVRCON   0x000fb5       data     extern C:\MCC18\SRC\TRADIT~1\PROC\p18f4455.asm
               CVRCONbits   0x000fb5       data     extern C:\MCC18\SRC\TRADIT~1\PROC\p18f4455.asm
               ComPointer   0x000133       data     static C:\fw\midicontroller\x014\leds.c
               CommFlags1   0x0000b8       data     extern C:\fw\midicontroller\x014\ram_def.c
              CtrlTrfData   0x000450       data     extern C:\fw\midicontroller\x014\usb.c
                     DDRA   0x000f92       data     extern C:\MCC18\SRC\TRADIT~1\PROC\p18f4455.asm
                 DDRAbits   0x000f92       data     extern C:\MCC18\SRC\TRADIT~1\PROC\p18f4455.asm
                     DDRB   0x000f93       data     extern C:\MCC18\SRC\TRADIT~1\PROC\p18f4455.asm
                 DDRBbits   0x000f93       data     extern C:\MCC18\SRC\TRADIT~1\PROC\p18f4455.asm
                     DDRC   0x000f94       data     extern C:\MCC18\SRC\TRADIT~1\PROC\p18f4455.asm
                 DDRCbits   0x000f94       data     extern C:\MCC18\SRC\TRADIT~1\PROC\p18f4455.asm
                     DDRD   0x000f95       data     extern C:\MCC18\SRC\TRADIT~1\PROC\p18f4455.asm
                 DDRDbits   0x000f95       data     extern C:\MCC18\SRC\TRADIT~1\PROC\p18f4455.asm
                     DDRE   0x000f96       data     extern C:\MCC18\SRC\TRADIT~1\PROC\p18f4455.asm
                 DDREbits   0x000f96       data     extern C:\MCC18\SRC\TRADIT~1\PROC\p18f4455.asm
         DispNumOfCommons   0x000067       data     extern C:\fw\midicontroller\x014\ram_def.c
              DispSegData   0x000062       data     extern C:\fw\midicontroller\x014\ram_def.c
                  ECCP1AS   0x000fb6       data     extern C:\MCC18\SRC\TRADIT~1\PROC\p18f4455.asm
              ECCP1ASbits   0x000fb6       data     extern C:\MCC18\SRC\TRADIT~1\PROC\p18f4455.asm
                 ECCP1CON   0x000fbd       data     extern C:\MCC18\SRC\TRADIT~1\PROC\p18f4455.asm
             ECCP1CONbits   0x000fbd       data     extern C:\MCC18\SRC\TRADIT~1\PROC\p18f4455.asm
                 ECCP1DEL   0x000fb7       data     extern C:\MCC18\SRC\TRADIT~1\PROC\p18f4455.asm
             ECCP1DELbits   0x000fb7       data     extern C:\MCC18\SRC\TRADIT~1\PROC\p18f4455.asm
                    EEADR   0x000fa9       data     extern C:\MCC18\SRC\TRADIT~1\PROC\p18f4455.asm
                   EECON1   0x000fa6       data     extern C:\MCC18\SRC\TRADIT~1\PROC\p18f4455.asm
               EECON1bits   0x000fa6       data     extern C:\MCC18\SRC\TRADIT~1\PROC\p18f4455.asm
                   EECON2   0x000fa7       data     extern C:\MCC18\SRC\TRADIT~1\PROC\p18f4455.asm
                   EEDATA   0x000fa8       data     extern C:\MCC18\SRC\TRADIT~1\PROC\p18f4455.asm
              ExpPedalAvg   0x00006e       data     extern C:\fw\midicontroller\x014\ram_def.c
             ExpPedalInst   0x00006d       data     extern C:\fw\midicontroller\x014\ram_def.c
                     FSR0   0x000fe9       data     extern C:\MCC18\SRC\TRADIT~1\PROC\p18f4455.asm
                    FSR0H   0x000fea       data     extern C:\MCC18\SRC\TRADIT~1\PROC\p18f4455.asm
                    FSR0L   0x000fe9       data     extern C:\MCC18\SRC\TRADIT~1\PROC\p18f4455.asm
                     FSR1   0x000fe1       data     extern C:\MCC18\SRC\TRADIT~1\PROC\p18f4455.asm
                    FSR1H   0x000fe2       data     extern C:\MCC18\SRC\TRADIT~1\PROC\p18f4455.asm
                    FSR1L   0x000fe1       data     extern C:\MCC18\SRC\TRADIT~1\PROC\p18f4455.asm
                     FSR2   0x000fd9       data     extern C:\MCC18\SRC\TRADIT~1\PROC\p18f4455.asm
                    FSR2H   0x000fda       data     extern C:\MCC18\SRC\TRADIT~1\PROC\p18f4455.asm
                    FSR2L   0x000fd9       data     extern C:\MCC18\SRC\TRADIT~1\PROC\p18f4455.asm
                  HLVDCON   0x000fd2       data     extern C:\MCC18\SRC\TRADIT~1\PROC\p18f4455.asm
              HLVDCONbits   0x000fd2       data     extern C:\MCC18\SRC\TRADIT~1\PROC\p18f4455.asm
                    INDF0   0x000fef       data     extern C:\MCC18\SRC\TRADIT~1\PROC\p18f4455.asm
                    INDF1   0x000fe7       data     extern C:\MCC18\SRC\TRADIT~1\PROC\p18f4455.asm
                    INDF2   0x000fdf       data     extern C:\MCC18\SRC\TRADIT~1\PROC\p18f4455.asm
                   INTCON   0x000ff2       data     extern C:\MCC18\SRC\TRADIT~1\PROC\p18f4455.asm
                  INTCON2   0x000ff1       data     extern C:\MCC18\SRC\TRADIT~1\PROC\p18f4455.asm
              INTCON2bits   0x000ff1       data     extern C:\MCC18\SRC\TRADIT~1\PROC\p18f4455.asm
                  INTCON3   0x000ff0       data     extern C:\MCC18\SRC\TRADIT~1\PROC\p18f4455.asm
              INTCON3bits   0x000ff0       data     extern C:\MCC18\SRC\TRADIT~1\PROC\p18f4455.asm
               INTCONbits   0x000ff2       data     extern C:\MCC18\SRC\TRADIT~1\PROC\p18f4455.asm
                     IPR1   0x000f9f       data     extern C:\MCC18\SRC\TRADIT~1\PROC\p18f4455.asm
                 IPR1bits   0x000f9f       data     extern C:\MCC18\SRC\TRADIT~1\PROC\p18f4455.asm
                     IPR2   0x000fa2       data     extern C:\MCC18\SRC\TRADIT~1\PROC\p18f4455.asm
                 IPR2bits   0x000fa2       data     extern C:\MCC18\SRC\TRADIT~1\PROC\p18f4455.asm
                     LATA   0x000f89       data     extern C:\MCC18\SRC\TRADIT~1\PROC\p18f4455.asm
                 LATAbits   0x000f89       data     extern C:\MCC18\SRC\TRADIT~1\PROC\p18f4455.asm
                     LATB   0x000f8a       data     extern C:\MCC18\SRC\TRADIT~1\PROC\p18f4455.asm
                 LATBbits   0x000f8a       data     extern C:\MCC18\SRC\TRADIT~1\PROC\p18f4455.asm
                     LATC   0x000f8b       data     extern C:\MCC18\SRC\TRADIT~1\PROC\p18f4455.asm
                 LATCbits   0x000f8b       data     extern C:\MCC18\SRC\TRADIT~1\PROC\p18f4455.asm
                     LATD   0x000f8c       data     extern C:\MCC18\SRC\TRADIT~1\PROC\p18f4455.asm
                 LATDbits   0x000f8c       data     extern C:\MCC18\SRC\TRADIT~1\PROC\p18f4455.asm
                     LATE   0x000f8d       data     extern C:\MCC18\SRC\TRADIT~1\PROC\p18f4455.asm
                 LATEbits   0x000f8d       data     extern C:\MCC18\SRC\TRADIT~1\PROC\p18f4455.asm
                   LVDCON   0x000fd2       data     extern C:\MCC18\SRC\TRADIT~1\PROC\p18f4455.asm
               LVDCONbits   0x000fd2       data     extern C:\MCC18\SRC\TRADIT~1\PROC\p18f4455.asm
                LedStates   0x000068       data     extern C:\fw\midicontroller\x014\ram_def.c
               MiscFlags1   0x000061       data     extern C:\fw\midicontroller\x014\ram_def.c
              NVRCommAddr   0x0000b2       data     extern C:\fw\midicontroller\x014\ram_def.c
                   OSCCON   0x000fd3       data     extern C:\MCC18\SRC\TRADIT~1\PROC\p18f4455.asm
               OSCCONbits   0x000fd3       data     extern C:\MCC18\SRC\TRADIT~1\PROC\p18f4455.asm
                  OSCTUNE   0x000f9b       data     extern C:\MCC18\SRC\TRADIT~1\PROC\p18f4455.asm
              OSCTUNEbits   0x000f9b       data     extern C:\MCC18\SRC\TRADIT~1\PROC\p18f4455.asm
                       PC   0x000ff9       data     extern C:\MCC18\SRC\TRADIT~1\PROC\p18f4455.asm
                      PCL   0x000ff9       data     extern C:\MCC18\SRC\TRADIT~1\PROC\p18f4455.asm
                   PCLATH   0x000ffa       data     extern C:\MCC18\SRC\TRADIT~1\PROC\p18f4455.asm
                   PCLATU   0x000ffb       data     extern C:\MCC18\SRC\TRADIT~1\PROC\p18f4455.asm
                     PIE1   0x000f9d       data     extern C:\MCC18\SRC\TRADIT~1\PROC\p18f4455.asm
                 PIE1bits   0x000f9d       data     extern C:\MCC18\SRC\TRADIT~1\PROC\p18f4455.asm
                     PIE2   0x000fa0       data     extern C:\MCC18\SRC\TRADIT~1\PROC\p18f4455.asm
                 PIE2bits   0x000fa0       data     extern C:\MCC18\SRC\TRADIT~1\PROC\p18f4455.asm
                     PIR1   0x000f9e       data     extern C:\MCC18\SRC\TRADIT~1\PROC\p18f4455.asm
                 PIR1bits   0x000f9e       data     extern C:\MCC18\SRC\TRADIT~1\PROC\p18f4455.asm
                     PIR2   0x000fa1       data     extern C:\MCC18\SRC\TRADIT~1\PROC\p18f4455.asm
                 PIR2bits   0x000fa1       data     extern C:\MCC18\SRC\TRADIT~1\PROC\p18f4455.asm
                   PLUSW0   0x000feb       data     extern C:\MCC18\SRC\TRADIT~1\PROC\p18f4455.asm
                   PLUSW1   0x000fe3       data     extern C:\MCC18\SRC\TRADIT~1\PROC\p18f4455.asm
                   PLUSW2   0x000fdb       data     extern C:\MCC18\SRC\TRADIT~1\PROC\p18f4455.asm
                    PORTA   0x000f80       data     extern C:\MCC18\SRC\TRADIT~1\PROC\p18f4455.asm
                PORTAbits   0x000f80       data     extern C:\MCC18\SRC\TRADIT~1\PROC\p18f4455.asm
                    PORTB   0x000f81       data     extern C:\MCC18\SRC\TRADIT~1\PROC\p18f4455.asm
                PORTBbits   0x000f81       data     extern C:\MCC18\SRC\TRADIT~1\PROC\p18f4455.asm
                    PORTC   0x000f82       data     extern C:\MCC18\SRC\TRADIT~1\PROC\p18f4455.asm
                PORTCbits   0x000f82       data     extern C:\MCC18\SRC\TRADIT~1\PROC\p18f4455.asm
                    PORTD   0x000f83       data     extern C:\MCC18\SRC\TRADIT~1\PROC\p18f4455.asm
                PORTDbits   0x000f83       data     extern C:\MCC18\SRC\TRADIT~1\PROC\p18f4455.asm
                    PORTE   0x000f84       data     extern C:\MCC18\SRC\TRADIT~1\PROC\p18f4455.asm
                PORTEbits   0x000f84       data     extern C:\MCC18\SRC\TRADIT~1\PROC\p18f4455.asm
                 POSTDEC0   0x000fed       data     extern C:\MCC18\SRC\TRADIT~1\PROC\p18f4455.asm
                 POSTDEC1   0x000fe5       data     extern C:\MCC18\SRC\TRADIT~1\PROC\p18f4455.asm
                 POSTDEC2   0x000fdd       data     extern C:\MCC18\SRC\TRADIT~1\PROC\p18f4455.asm
                 POSTINC0   0x000fee       data     extern C:\MCC18\SRC\TRADIT~1\PROC\p18f4455.asm
                 POSTINC1   0x000fe6       data     extern C:\MCC18\SRC\TRADIT~1\PROC\p18f4455.asm
                 POSTINC2   0x000fde       data     extern C:\MCC18\SRC\TRADIT~1\PROC\p18f4455.asm
                      PR2   0x000fcb       data     extern C:\MCC18\SRC\TRADIT~1\PROC\p18f4455.asm
                  PREINC0   0x000fec       data     extern C:\MCC18\SRC\TRADIT~1\PROC\p18f4455.asm
                  PREINC1   0x000fe4       data     extern C:\MCC18\SRC\TRADIT~1\PROC\p18f4455.asm
                  PREINC2   0x000fdc       data     extern C:\MCC18\SRC\TRADIT~1\PROC\p18f4455.asm
                     PROD   0x000ff3       data     extern C:\MCC18\SRC\TRADIT~1\PROC\p18f4455.asm
                    PRODH   0x000ff4       data     extern C:\MCC18\SRC\TRADIT~1\PROC\p18f4455.asm
                    PRODL   0x000ff3       data     extern C:\MCC18\SRC\TRADIT~1\PROC\p18f4455.asm
               PresentCmd   0x0000ff       data     extern C:\fw\midicontroller\x014\usbapplet.c
              ProgMemAddr   0x0000d9       data     extern C:\fw\midicontroller\x014\ram_def.c
            ProgmemBuffer   0x0000b9       data     extern C:\fw\midicontroller\x014\ram_def.c
              RAMCommAddr   0x0000b4       data     extern C:\fw\midicontroller\x014\ram_def.c
                     RCON   0x000fd0       data     extern C:\MCC18\SRC\TRADIT~1\PROC\p18f4455.asm
                 RCONbits   0x000fd0       data     extern C:\MCC18\SRC\TRADIT~1\PROC\p18f4455.asm
                    RCREG   0x000fae       data     extern C:\MCC18\SRC\TRADIT~1\PROC\p18f4455.asm
                    RCSTA   0x000fab       data     extern C:\MCC18\SRC\TRADIT~1\PROC\p18f4455.asm
                RCSTAbits   0x000fab       data     extern C:\MCC18\SRC\TRADIT~1\PROC\p18f4455.asm
              ROMCommAddr   0x0000b6       data     extern C:\fw\midicontroller\x014\ram_def.c
             ResponseType   0x0000b1       data     extern C:\fw\midicontroller\x014\ram_def.c
                     SIGN   0x00000e       data     extern C:\MCC18\SRC\TRADIT~1\MATH\cmath18.asm
                    SPBRG   0x000faf       data     extern C:\MCC18\SRC\TRADIT~1\PROC\p18f4455.asm
                   SPBRGH   0x000fb0       data     extern C:\MCC18\SRC\TRADIT~1\PROC\p18f4455.asm
                   SPPCFG   0x000f63       data     extern C:\MCC18\SRC\TRADIT~1\PROC\p18f4455.asm
               SPPCFGbits   0x000f63       data     extern C:\MCC18\SRC\TRADIT~1\PROC\p18f4455.asm
                   SPPCON   0x000f65       data     extern C:\MCC18\SRC\TRADIT~1\PROC\p18f4455.asm
               SPPCONbits   0x000f65       data     extern C:\MCC18\SRC\TRADIT~1\PROC\p18f4455.asm
                  SPPDATA   0x000f62       data     extern C:\MCC18\SRC\TRADIT~1\PROC\p18f4455.asm
                   SPPEPS   0x000f64       data     extern C:\MCC18\SRC\TRADIT~1\PROC\p18f4455.asm
               SPPEPSbits   0x000f64       data     extern C:\MCC18\SRC\TRADIT~1\PROC\p18f4455.asm
                   SSPADD   0x000fc8       data     extern C:\MCC18\SRC\TRADIT~1\PROC\p18f4455.asm
                   SSPBUF   0x000fc9       data     extern C:\MCC18\SRC\TRADIT~1\PROC\p18f4455.asm
                  SSPCON1   0x000fc6       data     extern C:\MCC18\SRC\TRADIT~1\PROC\p18f4455.asm
              SSPCON1bits   0x000fc6       data     extern C:\MCC18\SRC\TRADIT~1\PROC\p18f4455.asm
                  SSPCON2   0x000fc5       data     extern C:\MCC18\SRC\TRADIT~1\PROC\p18f4455.asm
              SSPCON2bits   0x000fc5       data     extern C:\MCC18\SRC\TRADIT~1\PROC\p18f4455.asm
                  SSPSTAT   0x000fc7       data     extern C:\MCC18\SRC\TRADIT~1\PROC\p18f4455.asm
              SSPSTATbits   0x000fc7       data     extern C:\MCC18\SRC\TRADIT~1\PROC\p18f4455.asm
                   STATUS   0x000fd8       data     extern C:\MCC18\SRC\TRADIT~1\PROC\p18f4455.asm
               STATUSbits   0x000fd8       data     extern C:\MCC18\SRC\TRADIT~1\PROC\p18f4455.asm
                   STKPTR   0x000ffc       data     extern C:\MCC18\SRC\TRADIT~1\PROC\p18f4455.asm
               STKPTRbits   0x000ffc       data     extern C:\MCC18\SRC\TRADIT~1\PROC\p18f4455.asm
                 SetupPkt   0x000410       data     extern C:\fw\midicontroller\x014\usb.c
                    T0CON   0x000fd5       data     extern C:\MCC18\SRC\TRADIT~1\PROC\p18f4455.asm
                T0CONbits   0x000fd5       data     extern C:\MCC18\SRC\TRADIT~1\PROC\p18f4455.asm
                    T1CON   0x000fcd       data     extern C:\MCC18\SRC\TRADIT~1\PROC\p18f4455.asm
                T1CONbits   0x000fcd       data     extern C:\MCC18\SRC\TRADIT~1\PROC\p18f4455.asm
                    T2CON   0x000fca       data     extern C:\MCC18\SRC\TRADIT~1\PROC\p18f4455.asm
                T2CONbits   0x000fca       data     extern C:\MCC18\SRC\TRADIT~1\PROC\p18f4455.asm
                    T3CON   0x000fb1       data     extern C:\MCC18\SRC\TRADIT~1\PROC\p18f4455.asm
                T3CONbits   0x000fb1       data     extern C:\MCC18\SRC\TRADIT~1\PROC\p18f4455.asm
                   TABLAT   0x000ff5       data     extern C:\MCC18\SRC\TRADIT~1\PROC\p18f4455.asm
                   TBLPTR   0x000ff6       data     extern C:\MCC18\SRC\TRADIT~1\PROC\p18f4455.asm
                  TBLPTRH   0x000ff7       data     extern C:\MCC18\SRC\TRADIT~1\PROC\p18f4455.asm
                  TBLPTRL   0x000ff6       data     extern C:\MCC18\SRC\TRADIT~1\PROC\p18f4455.asm
                  TBLPTRU   0x000ff8       data     extern C:\MCC18\SRC\TRADIT~1\PROC\p18f4455.asm
                    TMR0H   0x000fd7       data     extern C:\MCC18\SRC\TRADIT~1\PROC\p18f4455.asm
                    TMR0L   0x000fd6       data     extern C:\MCC18\SRC\TRADIT~1\PROC\p18f4455.asm
                    TMR1H   0x000fcf       data     extern C:\MCC18\SRC\TRADIT~1\PROC\p18f4455.asm
                    TMR1L   0x000fce       data     extern C:\MCC18\SRC\TRADIT~1\PROC\p18f4455.asm
                     TMR2   0x000fcc       data     extern C:\MCC18\SRC\TRADIT~1\PROC\p18f4455.asm
                    TMR3H   0x000fb3       data     extern C:\MCC18\SRC\TRADIT~1\PROC\p18f4455.asm
                    TMR3L   0x000fb2       data     extern C:\MCC18\SRC\TRADIT~1\PROC\p18f4455.asm
                      TOS   0x000ffd       data     extern C:\MCC18\SRC\TRADIT~1\PROC\p18f4455.asm
                     TOSH   0x000ffe       data     extern C:\MCC18\SRC\TRADIT~1\PROC\p18f4455.asm
                     TOSL   0x000ffd       data     extern C:\MCC18\SRC\TRADIT~1\PROC\p18f4455.asm
                     TOSU   0x000fff       data     extern C:\MCC18\SRC\TRADIT~1\PROC\p18f4455.asm
                    TRISA   0x000f92       data     extern C:\MCC18\SRC\TRADIT~1\PROC\p18f4455.asm
                TRISAbits   0x000f92       data     extern C:\MCC18\SRC\TRADIT~1\PROC\p18f4455.asm
                    TRISB   0x000f93       data     extern C:\MCC18\SRC\TRADIT~1\PROC\p18f4455.asm
                TRISBbits   0x000f93       data     extern C:\MCC18\SRC\TRADIT~1\PROC\p18f4455.asm
                    TRISC   0x000f94       data     extern C:\MCC18\SRC\TRADIT~1\PROC\p18f4455.asm
                TRISCbits   0x000f94       data     extern C:\MCC18\SRC\TRADIT~1\PROC\p18f4455.asm
                    TRISD   0x000f95       data     extern C:\MCC18\SRC\TRADIT~1\PROC\p18f4455.asm
                TRISDbits   0x000f95       data     extern C:\MCC18\SRC\TRADIT~1\PROC\p18f4455.asm
                    TRISE   0x000f96       data     extern C:\MCC18\SRC\TRADIT~1\PROC\p18f4455.asm
                TRISEbits   0x000f96       data     extern C:\MCC18\SRC\TRADIT~1\PROC\p18f4455.asm
                    TXREG   0x000fad       data     extern C:\MCC18\SRC\TRADIT~1\PROC\p18f4455.asm
                    TXSTA   0x000fac       data     extern C:\MCC18\SRC\TRADIT~1\PROC\p18f4455.asm
                TXSTAbits   0x000fac       data     extern C:\MCC18\SRC\TRADIT~1\PROC\p18f4455.asm
                    UADDR   0x000f6e       data     extern C:\MCC18\SRC\TRADIT~1\PROC\p18f4455.asm
                UADDRbits   0x000f6e       data     extern C:\MCC18\SRC\TRADIT~1\PROC\p18f4455.asm
                     UCFG   0x000f6f       data     extern C:\MCC18\SRC\TRADIT~1\PROC\p18f4455.asm
                 UCFGbits   0x000f6f       data     extern C:\MCC18\SRC\TRADIT~1\PROC\p18f4455.asm
                     UCON   0x000f6d       data     extern C:\MCC18\SRC\TRADIT~1\PROC\p18f4455.asm
                 UCONbits   0x000f6d       data     extern C:\MCC18\SRC\TRADIT~1\PROC\p18f4455.asm
                     UEIE   0x000f6b       data     extern C:\MCC18\SRC\TRADIT~1\PROC\p18f4455.asm
                 UEIEbits   0x000f6b       data     extern C:\MCC18\SRC\TRADIT~1\PROC\p18f4455.asm
                     UEIR   0x000f6a       data     extern C:\MCC18\SRC\TRADIT~1\PROC\p18f4455.asm
                 UEIRbits   0x000f6a       data     extern C:\MCC18\SRC\TRADIT~1\PROC\p18f4455.asm
                     UEP0   0x000f70       data     extern C:\MCC18\SRC\TRADIT~1\PROC\p18f4455.asm
                 UEP0bits   0x000f70       data     extern C:\MCC18\SRC\TRADIT~1\PROC\p18f4455.asm
                     UEP1   0x000f71       data     extern C:\MCC18\SRC\TRADIT~1\PROC\p18f4455.asm
                    UEP10   0x000f7a       data     extern C:\MCC18\SRC\TRADIT~1\PROC\p18f4455.asm
                UEP10bits   0x000f7a       data     extern C:\MCC18\SRC\TRADIT~1\PROC\p18f4455.asm
                    UEP11   0x000f7b       data     extern C:\MCC18\SRC\TRADIT~1\PROC\p18f4455.asm
                UEP11bits   0x000f7b       data     extern C:\MCC18\SRC\TRADIT~1\PROC\p18f4455.asm
                    UEP12   0x000f7c       data     extern C:\MCC18\SRC\TRADIT~1\PROC\p18f4455.asm
                UEP12bits   0x000f7c       data     extern C:\MCC18\SRC\TRADIT~1\PROC\p18f4455.asm
                    UEP13   0x000f7d       data     extern C:\MCC18\SRC\TRADIT~1\PROC\p18f4455.asm
                UEP13bits   0x000f7d       data     extern C:\MCC18\SRC\TRADIT~1\PROC\p18f4455.asm
                    UEP14   0x000f7e       data     extern C:\MCC18\SRC\TRADIT~1\PROC\p18f4455.asm
                UEP14bits   0x000f7e       data     extern C:\MCC18\SRC\TRADIT~1\PROC\p18f4455.asm
                    UEP15   0x000f7f       data     extern C:\MCC18\SRC\TRADIT~1\PROC\p18f4455.asm
                UEP15bits   0x000f7f       data     extern C:\MCC18\SRC\TRADIT~1\PROC\p18f4455.asm
                 UEP1bits   0x000f71       data     extern C:\MCC18\SRC\TRADIT~1\PROC\p18f4455.asm
                     UEP2   0x000f72       data     extern C:\MCC18\SRC\TRADIT~1\PROC\p18f4455.asm
                 UEP2bits   0x000f72       data     extern C:\MCC18\SRC\TRADIT~1\PROC\p18f4455.asm
                     UEP3   0x000f73       data     extern C:\MCC18\SRC\TRADIT~1\PROC\p18f4455.asm
                 UEP3bits   0x000f73       data     extern C:\MCC18\SRC\TRADIT~1\PROC\p18f4455.asm
                     UEP4   0x000f74       data     extern C:\MCC18\SRC\TRADIT~1\PROC\p18f4455.asm
                 UEP4bits   0x000f74       data     extern C:\MCC18\SRC\TRADIT~1\PROC\p18f4455.asm
                     UEP5   0x000f75       data     extern C:\MCC18\SRC\TRADIT~1\PROC\p18f4455.asm
                 UEP5bits   0x000f75       data     extern C:\MCC18\SRC\TRADIT~1\PROC\p18f4455.asm
                     UEP6   0x000f76       data     extern C:\MCC18\SRC\TRADIT~1\PROC\p18f4455.asm
                 UEP6bits   0x000f76       data     extern C:\MCC18\SRC\TRADIT~1\PROC\p18f4455.asm
                     UEP7   0x000f77       data     extern C:\MCC18\SRC\TRADIT~1\PROC\p18f4455.asm
                 UEP7bits   0x000f77       data     extern C:\MCC18\SRC\TRADIT~1\PROC\p18f4455.asm
                     UEP8   0x000f78       data     extern C:\MCC18\SRC\TRADIT~1\PROC\p18f4455.asm
                 UEP8bits   0x000f78       data     extern C:\MCC18\SRC\TRADIT~1\PROC\p18f4455.asm
                     UEP9   0x000f79       data     extern C:\MCC18\SRC\TRADIT~1\PROC\p18f4455.asm
                 UEP9bits   0x000f79       data     extern C:\MCC18\SRC\TRADIT~1\PROC\p18f4455.asm
                     UFRM   0x000f66       data     extern C:\MCC18\SRC\TRADIT~1\PROC\p18f4455.asm
                    UFRMH   0x000f67       data     extern C:\MCC18\SRC\TRADIT~1\PROC\p18f4455.asm
                UFRMHbits   0x000f67       data     extern C:\MCC18\SRC\TRADIT~1\PROC\p18f4455.asm
                    UFRML   0x000f66       data     extern C:\MCC18\SRC\TRADIT~1\PROC\p18f4455.asm
                UFRMLbits   0x000f66       data     extern C:\MCC18\SRC\TRADIT~1\PROC\p18f4455.asm
                      UIE   0x000f69       data     extern C:\MCC18\SRC\TRADIT~1\PROC\p18f4455.asm
                  UIEbits   0x000f69       data     extern C:\MCC18\SRC\TRADIT~1\PROC\p18f4455.asm
                      UIR   0x000f68       data     extern C:\MCC18\SRC\TRADIT~1\PROC\p18f4455.asm
                  UIRbits   0x000f68       data     extern C:\MCC18\SRC\TRADIT~1\PROC\p18f4455.asm
           USBDataPointer   0x000070       data     extern C:\fw\midicontroller\x014\ram_def.c
       USBEP0DataInBuffer   0x000071       data     extern C:\fw\midicontroller\x014\ram_def.c
                    USTAT   0x000f6c       data     extern C:\MCC18\SRC\TRADIT~1\PROC\p18f4455.asm
                USTATbits   0x000f6c       data     extern C:\MCC18\SRC\TRADIT~1\PROC\p18f4455.asm
                   WDTCON   0x000fd1       data     extern C:\MCC18\SRC\TRADIT~1\PROC\p18f4455.asm
               WDTCONbits   0x000fd1       data     extern C:\MCC18\SRC\TRADIT~1\PROC\p18f4455.asm
                     WREG   0x000fe8       data     extern C:\MCC18\SRC\TRADIT~1\PROC\p18f4455.asm
                 __AARGB0   0x000007       data     extern C:\MCC18\SRC\TRADIT~1\MATH\aarg.asm
                 __AARGB1   0x000006       data     extern C:\MCC18\SRC\TRADIT~1\MATH\aarg.asm
                 __AARGB2   0x000005       data     extern C:\MCC18\SRC\TRADIT~1\MATH\aarg.asm
                 __AARGB3   0x000004       data     extern C:\MCC18\SRC\TRADIT~1\MATH\aarg.asm
                 __AARGB4   0x000003       data     extern C:\MCC18\SRC\TRADIT~1\MATH\aarg.asm
                 __AARGB5   0x000002       data     extern C:\MCC18\SRC\TRADIT~1\MATH\aarg.asm
                 __AARGB6   0x000001       data     extern C:\MCC18\SRC\TRADIT~1\MATH\aarg.asm
                 __AARGB7   0x000000       data     extern C:\MCC18\SRC\TRADIT~1\MATH\aarg.asm
                   __AEXP   0x000008       data     extern C:\MCC18\SRC\TRADIT~1\MATH\aarg.asm
                 __BARGB0   0x00000c       data     extern C:\MCC18\SRC\TRADIT~1\MATH\barg.asm
                 __BARGB1   0x00000b       data     extern C:\MCC18\SRC\TRADIT~1\MATH\barg.asm
                 __BARGB2   0x00000a       data     extern C:\MCC18\SRC\TRADIT~1\MATH\barg.asm
                 __BARGB3   0x000009       data     extern C:\MCC18\SRC\TRADIT~1\MATH\barg.asm
                   __BEXP   0x00000d       data     extern C:\MCC18\SRC\TRADIT~1\MATH\barg.asm
                __FPFLAGS   0x00000f       data     extern C:\MCC18\SRC\TRADIT~1\MATH\cmath18.asm
            __FPFLAGSbits   0x00000f       data     extern C:\MCC18\SRC\TRADIT~1\MATH\cmath18.asm
                  __REMB0   0x000003       data     extern C:\MCC18\SRC\TRADIT~1\MATH\aarg.asm
                  __REMB1   0x000002       data     extern C:\MCC18\SRC\TRADIT~1\MATH\aarg.asm
                  __REMB2   0x000001       data     extern C:\MCC18\SRC\TRADIT~1\MATH\aarg.asm
                  __REMB3   0x000000       data     extern C:\MCC18\SRC\TRADIT~1\MATH\aarg.asm
                  __tmp_0   0x000010       data     static C:\fw\midicontroller\x014\writeprogmem.c
                  __tmp_0   0x000010       data     static C:\fw\midicontroller\x014\leds.c
                  __tmp_0   0x000010       data     static C:\fw\midicontroller\x014\controller.c
                  __tmp_0   0x000010       data     static C:\fw\midicontroller\x014\usb.c
                  __tmp_0   0x000010       data     static C:\fw\midicontroller\x014\usbapplet.c
                  __tmp_0   0x000010       data     static C:\fw\midicontroller\x014\rs232.c
                  __tmp_0   0x000010       data     static C:\fw\midicontroller\x014\hwcalls.c
                  __tmp_0   0x000010       data     static C:\fw\midicontroller\x014\hid.c
              accel_count   0x0000fd       data     extern C:\fw\midicontroller\x014\controller.c
              accel_state   0x00010d       data     extern C:\fw\midicontroller\x014\controller.c
               accel_time   0x0000fb       data     extern C:\fw\midicontroller\x014\controller.c
          accel_time_fast   0x000115       data     extern C:\fw\midicontroller\x014\controller.c
        accel_time_medium   0x000113       data     extern C:\fw\midicontroller\x014\controller.c
          accel_time_slow   0x000111       data     extern C:\fw\midicontroller\x014\controller.c
          active_protocol   0x000131       data     extern C:\fw\midicontroller\x014\hid.c
                     bank   0x0000db       data     extern C:\fw\midicontroller\x014\controller.c
               bank_count   0x0000f9       data     extern C:\fw\midicontroller\x014\controller.c
           bankcontroller   0x0000df       data     extern C:\fw\midicontroller\x014\controller.c
                  bankmap   0x0000e3       data     extern C:\fw\midicontroller\x014\controller.c
            bankmap_count   0x0000eb       data     extern C:\fw\midicontroller\x014\controller.c
                 bankname   0x0000ec       data     extern C:\fw\midicontroller\x014\controller.c
                  cc_curr   0x00011d       data     extern C:\fw\midicontroller\x014\controller.c
                  cc_last   0x00011e       data     extern C:\fw\midicontroller\x014\controller.c
            cdtimer_flash   0x000105       data     extern C:\fw\midicontroller\x014\controller.c
        cdtimer_holdenter   0x00010b       data     extern C:\fw\midicontroller\x014\controller.c
      cdtimer_incdec_held   0x000109       data     extern C:\fw\midicontroller\x014\controller.c
            cdtimer_store   0x000107       data     extern C:\fw\midicontroller\x014\controller.c
            cdtimer_value   0x000103       data     extern C:\fw\midicontroller\x014\controller.c
   ctrl_trf_session_owner   0x000127       data     extern C:\fw\midicontroller\x014\usb.c
           ctrl_trf_state   0x000126       data     extern C:\fw\midicontroller\x014\usb.c
                curr_bank   0x0000f3       data     extern C:\fw\midicontroller\x014\controller.c
            curr_mapindex   0x0000f2       data     extern C:\fw\midicontroller\x014\controller.c
              curr_preset   0x0000f1       data     extern C:\fw\midicontroller\x014\controller.c
             curr_program   0x0000f0       data     extern C:\fw\midicontroller\x014\controller.c
          curr_sortedbank   0x0000f7       data     extern C:\fw\midicontroller\x014\controller.c
              delay_count   0x00012e       data     static C:\fw\midicontroller\x014\usb.c
                    ep0Bi   0x000404       data     extern C:\fw\midicontroller\x014\usb.c
                    ep0Bo   0x000400       data     extern C:\fw\midicontroller\x014\usb.c
                    ep1Bi   0x00040c       data     extern C:\fw\midicontroller\x014\usb.c
                    ep1Bo   0x000408       data     extern C:\fw\midicontroller\x014\usb.c
                flash_led   0x000110       data     extern C:\fw\midicontroller\x014\controller.c
              flash_state   0x00010e       data     extern C:\fw\midicontroller\x014\controller.c
            hid_report_in   0x000498       data     extern C:\fw\midicontroller\x014\usb.c
           hid_report_out   0x000490       data     extern C:\fw\midicontroller\x014\usb.c
           hid_rpt_rx_len   0x000132       data     extern C:\fw\midicontroller\x014\hid.c
                idle_rate   0x000130       data     extern C:\fw\midicontroller\x014\hid.c
              incdec_mode   0x000121       data     extern C:\fw\midicontroller\x014\controller.c
              loaded_bank   0x0000f5       data     extern C:\fw\midicontroller\x014\controller.c
             midi_channel   0x000100       data     extern C:\fw\midicontroller\x014\controller.c
                     mode   0x0000fe       data     extern C:\fw\midicontroller\x014\controller.c
                     pDst   0x00012a       data     extern C:\fw\midicontroller\x014\usb.c
                     pSrc   0x000128       data     extern C:\fw\midicontroller\x014\usb.c
              preset_held   0x000101       data     extern C:\fw\midicontroller\x014\controller.c
             program_mode   0x00010f       data     extern C:\fw\midicontroller\x014\controller.c
              store_state   0x000120       data     extern C:\fw\midicontroller\x014\controller.c
                  sw_curr   0x000119       data     extern C:\fw\midicontroller\x014\controller.c
                  sw_last   0x00011b       data     extern C:\fw\midicontroller\x014\controller.c
             switch_state   0x00011f       data     extern C:\fw\midicontroller\x014\controller.c
           usb_active_cfg   0x000124       data     extern C:\fw\midicontroller\x014\usb.c
             usb_alt_intf   0x000125       data     extern C:\fw\midicontroller\x014\usb.c
         usb_device_state   0x000122       data     extern C:\fw\midicontroller\x014\usb.c
                 usb_stat   0x000123       data     extern C:\fw\midicontroller\x014\usb.c
          value_flashtime   0x000117       data     extern C:\fw\midicontroller\x014\controller.c
                   wCount   0x00012c       data     extern C:\fw\midicontroller\x014\usb.c



                              Symbols - Sorted by Address
                     Name    Address   Location    Storage File                     
                ---------  ---------  ---------  --------- ---------                
           RealInitVector   0x000000    program     extern C:\fw\midicontroller\x014\vectors.c
       ___return_lbl00000   0x000004    program     static                          
  RealInterruptVectorHigh   0x000008    program     extern C:\fw\midicontroller\x014\vectors.c
       ___return_lbl00001   0x00000c    program     static                          
                   _entry   0x000a00    program     extern C:\fw\midicontroller\x014\startup.c
       ___return_lbl00000   0x000a04    program     static                          
      InterruptVectorHigh   0x000a08    program     extern C:\fw\midicontroller\x014\intslct.c
       ___return_lbl00000   0x000a0c    program     static                          
                     main   0x000a2a    program     extern C:\fw\midicontroller\x014\main.c
               ServiceUSB   0x000aa2    program     extern C:\fw\midicontroller\x014\main.c
               itoa_fixed   0x000abe    program     extern C:\fw\midicontroller\x014\controller.c
             show_program   0x000b6e    program     extern C:\fw\midicontroller\x014\controller.c
         program_activate   0x000bc0    program     extern C:\fw\midicontroller\x014\controller.c
          preset_activate   0x000bee    program     extern C:\fw\midicontroller\x014\controller.c
             bankmap_show   0x000c2a    program     extern C:\fw\midicontroller\x014\controller.c
         bankmap_activate   0x000c38    program     extern C:\fw\midicontroller\x014\controller.c
            bank_activate   0x000c6e    program     extern C:\fw\midicontroller\x014\controller.c
      sortedbank_activate   0x000cde    program     extern C:\fw\midicontroller\x014\controller.c
            bank_showname   0x000d10    program     extern C:\fw\midicontroller\x014\controller.c
      sortedbank_showname   0x000d3e    program     extern C:\fw\midicontroller\x014\controller.c
           button_pressed   0x000d9c    program     extern C:\fw\midicontroller\x014\controller.c
              button_held   0x000dfa    program     extern C:\fw\midicontroller\x014\controller.c
          button_released   0x000e3a    program     extern C:\fw\midicontroller\x014\controller.c
  controller_10msec_timer   0x000e98    program     extern C:\fw\midicontroller\x014\controller.c
       inc_practice_value   0x00109e    program     extern C:\fw\midicontroller\x014\controller.c
       dec_practice_value   0x0010de    program     extern C:\fw\midicontroller\x014\controller.c
    notify_practice_value   0x001116    program     extern C:\fw\midicontroller\x014\controller.c
  activate_practice_value   0x001124    program     extern C:\fw\midicontroller\x014\controller.c
        sequence_complete   0x00113c    program     extern C:\fw\midicontroller\x014\controller.c
          controller_init   0x001182    program     extern C:\fw\midicontroller\x014\controller.c
        controller_handle   0x0011c8    program     extern C:\fw\midicontroller\x014\controller.c
              __tmplbl_45   0x001d06    program     static                          
       USBCheckStdRequest   0x001d10    program     extern C:\fw\midicontroller\x014\usb.c
      USBStdGetDscHandler   0x001dc6    program     extern C:\fw\midicontroller\x014\usb.c
      USBStdSetCfgHandler   0x001e88    program     extern C:\fw\midicontroller\x014\usb.c
   USBStdGetStatusHandler   0x001ed4    program     extern C:\fw\midicontroller\x014\usb.c
  USBStdFeatureReqHandler   0x001f68    program     extern C:\fw\midicontroller\x014\usb.c
         USBCtrlEPService   0x00200a    program     extern C:\fw\midicontroller\x014\usb.c
   USBCtrlTrfSetupHandler   0x00202e    program     extern C:\fw\midicontroller\x014\usb.c
     USBCtrlTrfOutHandler   0x002098    program     extern C:\fw\midicontroller\x014\usb.c
      USBCtrlTrfInHandler   0x0020b8    program     extern C:\fw\midicontroller\x014\usb.c
      USBCtrlTrfTxService   0x0020fc    program     extern C:\fw\midicontroller\x014\usb.c
      USBCtrlTrfRxService   0x0021d2    program     extern C:\fw\midicontroller\x014\usb.c
 USBCtrlEPServiceComplete   0x00224c    program     extern C:\fw\midicontroller\x014\usb.c
USBPrepareForNextSetupTrf   0x0022d2    program     extern C:\fw\midicontroller\x014\usb.c
        USBCheckBusStatus   0x0022ec    program     extern C:\fw\midicontroller\x014\usb.c
          USBModuleEnable   0x00230e    program     extern C:\fw\midicontroller\x014\usb.c
         USBModuleDisable   0x00231c    program     extern C:\fw\midicontroller\x014\usb.c
            USBSoftDetach   0x002326    program     extern C:\fw\midicontroller\x014\usb.c
         USBDriverService   0x00232a    program     extern C:\fw\midicontroller\x014\usb.c
               USBSuspend   0x0023a6    program     extern C:\fw\midicontroller\x014\usb.c
       USBWakeFromSuspend   0x0023b0    program     extern C:\fw\midicontroller\x014\usb.c
          USBRemoteWakeup   0x0023b8    program     extern C:\fw\midicontroller\x014\usb.c
          USB_SOF_Handler   0x0023dc    program     extern C:\fw\midicontroller\x014\usb.c
          USBStallHandler   0x0023e0    program     extern C:\fw\midicontroller\x014\usb.c
          USBErrorHandler   0x0023ec    program     extern C:\fw\midicontroller\x014\usb.c
  USBProtocolResetHandler   0x0023f0    program     extern C:\fw\midicontroller\x014\usb.c
               ClearArray   0x00242e    program     extern C:\fw\midicontroller\x014\usb.c
        ___while_lbl00133   0x002442    program     static                          
        ___while_lbl00134   0x002450    program     static                          
       ___return_lbl00132   0x002450    program     static                          
           ADC_CONVERSION   0x002458    program     extern C:\fw\midicontroller\x014\hwcalls.c
           midi_send_byte   0x002488    program     extern C:\fw\midicontroller\x014\hwcalls.c
       SendDataToShiftReg   0x0024aa    program     extern C:\fw\midicontroller\x014\hwcalls.c
              ReadButtons   0x0024fa    program     extern C:\fw\midicontroller\x014\hwcalls.c
            SetDipAddress   0x0025ae    program     extern C:\fw\midicontroller\x014\hwcalls.c
                 fsw_poll   0x0025d2    program     extern C:\fw\midicontroller\x014\hwcalls.c
               UpdateLeds   0x002650    program     extern C:\fw\midicontroller\x014\hwcalls.c
       fsw_led_set_active   0x00265a    program     extern C:\fw\midicontroller\x014\hwcalls.c
           fsw_led_enable   0x002686    program     extern C:\fw\midicontroller\x014\hwcalls.c
          fsw_led_disable   0x0026ae    program     extern C:\fw\midicontroller\x014\hwcalls.c
              slider_poll   0x0026e2    program     extern C:\fw\midicontroller\x014\hwcalls.c
                expr_poll   0x0026ec    program     extern C:\fw\midicontroller\x014\hwcalls.c
              banks_count   0x0026f6    program     extern C:\fw\midicontroller\x014\hwcalls.c
                bank_load   0x0026f8    program     extern C:\fw\midicontroller\x014\hwcalls.c
               bank_store   0x002708    program     extern C:\fw\midicontroller\x014\hwcalls.c
            bank_loadname   0x002718    program     extern C:\fw\midicontroller\x014\hwcalls.c
      bank_getsortedindex   0x002728    program     extern C:\fw\midicontroller\x014\hwcalls.c
           midi_send_cmd1   0x002738    program     extern C:\fw\midicontroller\x014\hwcalls.c
           midi_send_cmd2   0x002748    program     extern C:\fw\midicontroller\x014\hwcalls.c
              ProcessLeds   0x002758    program     extern C:\fw\midicontroller\x014\leds.c
             AllDigitsOff   0x0027c2    program     extern C:\fw\midicontroller\x014\leds.c
              HandleDigit   0x0027de    program     extern C:\fw\midicontroller\x014\leds.c
             SetDispAscii   0x002884    program     extern C:\fw\midicontroller\x014\leds.c
        leds_show_4alphas   0x0028fa    program     extern C:\fw\midicontroller\x014\leds.c
         leds_show_1digit   0x002970    program     extern C:\fw\midicontroller\x014\leds.c
              AsciiTo7Seg   0x002990    program     extern C:\fw\midicontroller\x014\leds.c
     PROCESS_COMM_REQUEST   0x002a50    program     extern C:\fw\midicontroller\x014\rs232.c
                    TXENQ   0x002ca6    program     extern C:\fw\midicontroller\x014\rs232.c
       USBCheckHIDRequest   0x002cd4    program     extern C:\fw\midicontroller\x014\hid.c
                HIDInitEP   0x002dee    program     extern C:\fw\midicontroller\x014\hid.c
              HIDTxReport   0x002e18    program     extern C:\fw\midicontroller\x014\hid.c
              HIDRxReport   0x002e8c    program     extern C:\fw\midicontroller\x014\hid.c
      HIDSetReportHandler   0x002f0e    program     extern C:\fw\midicontroller\x014\usbapplet.c
      HIDGetReportHandler   0x002f1c    program     extern C:\fw\midicontroller\x014\usbapplet.c
ProcessGenericTransferRead   0x002f3e    program     extern C:\fw\midicontroller\x014\usbapplet.c
ProcessGenericTransferWrite   0x002fd4    program     extern C:\fw\midicontroller\x014\usbapplet.c
               device_dsc   0x003070    program     extern C:\fw\midicontroller\x014\usbdescript.c
                    cfg01   0x003082    program     extern C:\fw\midicontroller\x014\usbdescript.c
                    sd000   0x0030a4    program     extern C:\fw\midicontroller\x014\usbdescript.c
                MfrString   0x0030a8    program     extern C:\fw\midicontroller\x014\usbdescript.c
                PrdString   0x0030c0    program     extern C:\fw\midicontroller\x014\usbdescript.c
                SerialNum   0x0030ec    program     extern C:\fw\midicontroller\x014\usbdescript.c
              hid_rpt_UPS   0x00310e    program     extern C:\fw\midicontroller\x014\usbdescript.c
               USB_CD_Ptr   0x00318a    program     extern C:\fw\midicontroller\x014\usbdescript.c
               USB_SD_Ptr   0x00318e    program     extern C:\fw\midicontroller\x014\usbdescript.c
          ClassReqHandler   0x003196    program     extern C:\fw\midicontroller\x014\usbdescript.c
EXPP_PEDAL_LINEAR_CONV_TABLE   0x003198    program     extern C:\fw\midicontroller\x014\tables.c
               StartWrite   0x003298    program     extern C:\fw\midicontroller\x014\writeprogmem.c
             WriteProgMem   0x0032a4    program     extern C:\fw\midicontroller\x014\writeprogmem.c
             EraseProgMem   0x0032fe    program     extern C:\fw\midicontroller\x014\writeprogmem.c
                   ReadEE   0x003312    program     extern C:\fw\midicontroller\x014\writeprogmem.c
                  WriteEE   0x003330    program     extern C:\fw\midicontroller\x014\writeprogmem.c
                     init   0x00335e    program     extern C:\fw\midicontroller\x014\init.c
                   EERead   0x0033c4    program     extern C:\fw\midicontroller\x014\eeprom.c
                  EEWrite   0x0033e4    program     extern C:\fw\midicontroller\x014\eeprom.c
           ___do_lbl00004   0x00340a    program     static                          
           ___do_lbl00002   0x00340c    program     static                          
           ___do_lbl00003   0x003410    program     static                          
       ___return_lbl00001   0x003414    program     static                          
          NumbersSegTable   0x00341c    program     extern C:\fw\midicontroller\x014\leds.c
          LettersSegTable   0x003426    program     extern C:\fw\midicontroller\x014\leds.c
     InterruptHandlerHigh   0x003440    program     extern C:\fw\midicontroller\x014\intslct.c
                 FXD0808U   0x00345c    program     extern C:\MCC18\src\TRADIT~1\math\fxd0808u.c
                     loop   0x003464    program     static                          
                  endloop   0x003472    program     static                          
       ___return_lbl00000   0x003476    program     static                          
                 _startup   0x003478    program     extern C:\fw\midicontroller\x014\startup.c
                     loop   0x003484    program     static                          
       ___return_lbl00001   0x00348a    program     static                          
                CLEAR_RAM   0x00348c    program     extern C:\fw\midicontroller\x014\config.asm
                 RAMCLEAR   0x003490    program     static C:\fw\midicontroller\x014\config.asm
               __string_0   0x00349a    program     static C:\fw\midicontroller\x014\controller.c
             ROM_SAVEDATA   0x004000    program     extern C:\fw\midicontroller\x014\tables.c
                 __AARGB7   0x000000       data     extern C:\MCC18\SRC\TRADIT~1\MATH\aarg.asm
                  __REMB3   0x000000       data     extern C:\MCC18\SRC\TRADIT~1\MATH\aarg.asm
                 __AARGB6   0x000001       data     extern C:\MCC18\SRC\TRADIT~1\MATH\aarg.asm
                  __REMB2   0x000001       data     extern C:\MCC18\SRC\TRADIT~1\MATH\aarg.asm
                 __AARGB5   0x000002       data     extern C:\MCC18\SRC\TRADIT~1\MATH\aarg.asm
                  __REMB1   0x000002       data     extern C:\MCC18\SRC\TRADIT~1\MATH\aarg.asm
                  __REMB0   0x000003       data     extern C:\MCC18\SRC\TRADIT~1\MATH\aarg.asm
                 __AARGB4   0x000003       data     extern C:\MCC18\SRC\TRADIT~1\MATH\aarg.asm
                 __AARGB3   0x000004       data     extern C:\MCC18\SRC\TRADIT~1\MATH\aarg.asm
                 __AARGB2   0x000005       data     extern C:\MCC18\SRC\TRADIT~1\MATH\aarg.asm
                 __AARGB1   0x000006       data     extern C:\MCC18\SRC\TRADIT~1\MATH\aarg.asm
                 __AARGB0   0x000007       data     extern C:\MCC18\SRC\TRADIT~1\MATH\aarg.asm
                   __AEXP   0x000008       data     extern C:\MCC18\SRC\TRADIT~1\MATH\aarg.asm
                 __BARGB3   0x000009       data     extern C:\MCC18\SRC\TRADIT~1\MATH\barg.asm
                 __BARGB2   0x00000a       data     extern C:\MCC18\SRC\TRADIT~1\MATH\barg.asm
                 __BARGB1   0x00000b       data     extern C:\MCC18\SRC\TRADIT~1\MATH\barg.asm
                 __BARGB0   0x00000c       data     extern C:\MCC18\SRC\TRADIT~1\MATH\barg.asm
                   __BEXP   0x00000d       data     extern C:\MCC18\SRC\TRADIT~1\MATH\barg.asm
                     SIGN   0x00000e       data     extern C:\MCC18\SRC\TRADIT~1\MATH\cmath18.asm
            __FPFLAGSbits   0x00000f       data     extern C:\MCC18\SRC\TRADIT~1\MATH\cmath18.asm
                __FPFLAGS   0x00000f       data     extern C:\MCC18\SRC\TRADIT~1\MATH\cmath18.asm
                  __tmp_0   0x000010       data     static C:\fw\midicontroller\x014\usbapplet.c
                  __tmp_0   0x000010       data     static C:\fw\midicontroller\x014\usb.c
                  __tmp_0   0x000010       data     static C:\fw\midicontroller\x014\controller.c
                  __tmp_0   0x000010       data     static C:\fw\midicontroller\x014\leds.c
                  __tmp_0   0x000010       data     static C:\fw\midicontroller\x014\writeprogmem.c
                  __tmp_0   0x000010       data     static C:\fw\midicontroller\x014\rs232.c
                  __tmp_0   0x000010       data     static C:\fw\midicontroller\x014\hwcalls.c
                  __tmp_0   0x000010       data     static C:\fw\midicontroller\x014\hid.c
                ArbFlags1   0x000060       data     extern C:\fw\midicontroller\x014\ram_def.c
               MiscFlags1   0x000061       data     extern C:\fw\midicontroller\x014\ram_def.c
              DispSegData   0x000062       data     extern C:\fw\midicontroller\x014\ram_def.c
         DispNumOfCommons   0x000067       data     extern C:\fw\midicontroller\x014\ram_def.c
                LedStates   0x000068       data     extern C:\fw\midicontroller\x014\ram_def.c
              ButtonState   0x000069       data     extern C:\fw\midicontroller\x014\ram_def.c
             ExpPedalInst   0x00006d       data     extern C:\fw\midicontroller\x014\ram_def.c
              ExpPedalAvg   0x00006e       data     extern C:\fw\midicontroller\x014\ram_def.c
           USBDataPointer   0x000070       data     extern C:\fw\midicontroller\x014\ram_def.c
       USBEP0DataInBuffer   0x000071       data     extern C:\fw\midicontroller\x014\ram_def.c
             ResponseType   0x0000b1       data     extern C:\fw\midicontroller\x014\ram_def.c
              NVRCommAddr   0x0000b2       data     extern C:\fw\midicontroller\x014\ram_def.c
              RAMCommAddr   0x0000b4       data     extern C:\fw\midicontroller\x014\ram_def.c
              ROMCommAddr   0x0000b6       data     extern C:\fw\midicontroller\x014\ram_def.c
               CommFlags1   0x0000b8       data     extern C:\fw\midicontroller\x014\ram_def.c
            ProgmemBuffer   0x0000b9       data     extern C:\fw\midicontroller\x014\ram_def.c
              ProgMemAddr   0x0000d9       data     extern C:\fw\midicontroller\x014\ram_def.c
                     bank   0x0000db       data     extern C:\fw\midicontroller\x014\controller.c
           bankcontroller   0x0000df       data     extern C:\fw\midicontroller\x014\controller.c
                  bankmap   0x0000e3       data     extern C:\fw\midicontroller\x014\controller.c
            bankmap_count   0x0000eb       data     extern C:\fw\midicontroller\x014\controller.c
                 bankname   0x0000ec       data     extern C:\fw\midicontroller\x014\controller.c
             curr_program   0x0000f0       data     extern C:\fw\midicontroller\x014\controller.c
              curr_preset   0x0000f1       data     extern C:\fw\midicontroller\x014\controller.c
            curr_mapindex   0x0000f2       data     extern C:\fw\midicontroller\x014\controller.c
                curr_bank   0x0000f3       data     extern C:\fw\midicontroller\x014\controller.c
              loaded_bank   0x0000f5       data     extern C:\fw\midicontroller\x014\controller.c
          curr_sortedbank   0x0000f7       data     extern C:\fw\midicontroller\x014\controller.c
               bank_count   0x0000f9       data     extern C:\fw\midicontroller\x014\controller.c
               accel_time   0x0000fb       data     extern C:\fw\midicontroller\x014\controller.c
              accel_count   0x0000fd       data     extern C:\fw\midicontroller\x014\controller.c
                     mode   0x0000fe       data     extern C:\fw\midicontroller\x014\controller.c
               PresentCmd   0x0000ff       data     extern C:\fw\midicontroller\x014\usbapplet.c
             midi_channel   0x000100       data     extern C:\fw\midicontroller\x014\controller.c
              preset_held   0x000101       data     extern C:\fw\midicontroller\x014\controller.c
            cdtimer_value   0x000103       data     extern C:\fw\midicontroller\x014\controller.c
            cdtimer_flash   0x000105       data     extern C:\fw\midicontroller\x014\controller.c
            cdtimer_store   0x000107       data     extern C:\fw\midicontroller\x014\controller.c
      cdtimer_incdec_held   0x000109       data     extern C:\fw\midicontroller\x014\controller.c
        cdtimer_holdenter   0x00010b       data     extern C:\fw\midicontroller\x014\controller.c
              accel_state   0x00010d       data     extern C:\fw\midicontroller\x014\controller.c
              flash_state   0x00010e       data     extern C:\fw\midicontroller\x014\controller.c
             program_mode   0x00010f       data     extern C:\fw\midicontroller\x014\controller.c
                flash_led   0x000110       data     extern C:\fw\midicontroller\x014\controller.c
          accel_time_slow   0x000111       data     extern C:\fw\midicontroller\x014\controller.c
        accel_time_medium   0x000113       data     extern C:\fw\midicontroller\x014\controller.c
          accel_time_fast   0x000115       data     extern C:\fw\midicontroller\x014\controller.c
          value_flashtime   0x000117       data     extern C:\fw\midicontroller\x014\controller.c
                  sw_curr   0x000119       data     extern C:\fw\midicontroller\x014\controller.c
                  sw_last   0x00011b       data     extern C:\fw\midicontroller\x014\controller.c
                  cc_curr   0x00011d       data     extern C:\fw\midicontroller\x014\controller.c
                  cc_last   0x00011e       data     extern C:\fw\midicontroller\x014\controller.c
             switch_state   0x00011f       data     extern C:\fw\midicontroller\x014\controller.c
              store_state   0x000120       data     extern C:\fw\midicontroller\x014\controller.c
              incdec_mode   0x000121       data     extern C:\fw\midicontroller\x014\controller.c
         usb_device_state   0x000122       data     extern C:\fw\midicontroller\x014\usb.c
                 usb_stat   0x000123       data     extern C:\fw\midicontroller\x014\usb.c
           usb_active_cfg   0x000124       data     extern C:\fw\midicontroller\x014\usb.c
             usb_alt_intf   0x000125       data     extern C:\fw\midicontroller\x014\usb.c
           ctrl_trf_state   0x000126       data     extern C:\fw\midicontroller\x014\usb.c
   ctrl_trf_session_owner   0x000127       data     extern C:\fw\midicontroller\x014\usb.c
                     pSrc   0x000128       data     extern C:\fw\midicontroller\x014\usb.c
                     pDst   0x00012a       data     extern C:\fw\midicontroller\x014\usb.c
                   wCount   0x00012c       data     extern C:\fw\midicontroller\x014\usb.c
              delay_count   0x00012e       data     static C:\fw\midicontroller\x014\usb.c
                idle_rate   0x000130       data     extern C:\fw\midicontroller\x014\hid.c
          active_protocol   0x000131       data     extern C:\fw\midicontroller\x014\hid.c
           hid_rpt_rx_len   0x000132       data     extern C:\fw\midicontroller\x014\hid.c
               ComPointer   0x000133       data     static C:\fw\midicontroller\x014\leds.c
                    ep0Bo   0x000400       data     extern C:\fw\midicontroller\x014\usb.c
                    ep0Bi   0x000404       data     extern C:\fw\midicontroller\x014\usb.c
                    ep1Bo   0x000408       data     extern C:\fw\midicontroller\x014\usb.c
                    ep1Bi   0x00040c       data     extern C:\fw\midicontroller\x014\usb.c
                 SetupPkt   0x000410       data     extern C:\fw\midicontroller\x014\usb.c
              CtrlTrfData   0x000450       data     extern C:\fw\midicontroller\x014\usb.c
           hid_report_out   0x000490       data     extern C:\fw\midicontroller\x014\usb.c
            hid_report_in   0x000498       data     extern C:\fw\midicontroller\x014\usb.c
                  SPPDATA   0x000f62       data     extern C:\MCC18\SRC\TRADIT~1\PROC\p18f4455.asm
               SPPCFGbits   0x000f63       data     extern C:\MCC18\SRC\TRADIT~1\PROC\p18f4455.asm
                   SPPCFG   0x000f63       data     extern C:\MCC18\SRC\TRADIT~1\PROC\p18f4455.asm
                   SPPEPS   0x000f64       data     extern C:\MCC18\SRC\TRADIT~1\PROC\p18f4455.asm
               SPPEPSbits   0x000f64       data     extern C:\MCC18\SRC\TRADIT~1\PROC\p18f4455.asm
                   SPPCON   0x000f65       data     extern C:\MCC18\SRC\TRADIT~1\PROC\p18f4455.asm
               SPPCONbits   0x000f65       data     extern C:\MCC18\SRC\TRADIT~1\PROC\p18f4455.asm
                UFRMLbits   0x000f66       data     extern C:\MCC18\SRC\TRADIT~1\PROC\p18f4455.asm
                    UFRML   0x000f66       data     extern C:\MCC18\SRC\TRADIT~1\PROC\p18f4455.asm
                     UFRM   0x000f66       data     extern C:\MCC18\SRC\TRADIT~1\PROC\p18f4455.asm
                    UFRMH   0x000f67       data     extern C:\MCC18\SRC\TRADIT~1\PROC\p18f4455.asm
                UFRMHbits   0x000f67       data     extern C:\MCC18\SRC\TRADIT~1\PROC\p18f4455.asm
                      UIR   0x000f68       data     extern C:\MCC18\SRC\TRADIT~1\PROC\p18f4455.asm
                  UIRbits   0x000f68       data     extern C:\MCC18\SRC\TRADIT~1\PROC\p18f4455.asm
                      UIE   0x000f69       data     extern C:\MCC18\SRC\TRADIT~1\PROC\p18f4455.asm
                  UIEbits   0x000f69       data     extern C:\MCC18\SRC\TRADIT~1\PROC\p18f4455.asm
                 UEIRbits   0x000f6a       data     extern C:\MCC18\SRC\TRADIT~1\PROC\p18f4455.asm
                     UEIR   0x000f6a       data     extern C:\MCC18\SRC\TRADIT~1\PROC\p18f4455.asm
                 UEIEbits   0x000f6b       data     extern C:\MCC18\SRC\TRADIT~1\PROC\p18f4455.asm
                     UEIE   0x000f6b       data     extern C:\MCC18\SRC\TRADIT~1\PROC\p18f4455.asm
                    USTAT   0x000f6c       data     extern C:\MCC18\SRC\TRADIT~1\PROC\p18f4455.asm
                USTATbits   0x000f6c       data     extern C:\MCC18\SRC\TRADIT~1\PROC\p18f4455.asm
                 UCONbits   0x000f6d       data     extern C:\MCC18\SRC\TRADIT~1\PROC\p18f4455.asm
                     UCON   0x000f6d       data     extern C:\MCC18\SRC\TRADIT~1\PROC\p18f4455.asm
                UADDRbits   0x000f6e       data     extern C:\MCC18\SRC\TRADIT~1\PROC\p18f4455.asm
                    UADDR   0x000f6e       data     extern C:\MCC18\SRC\TRADIT~1\PROC\p18f4455.asm
                     UCFG   0x000f6f       data     extern C:\MCC18\SRC\TRADIT~1\PROC\p18f4455.asm
                 UCFGbits   0x000f6f       data     extern C:\MCC18\SRC\TRADIT~1\PROC\p18f4455.asm
                     UEP0   0x000f70       data     extern C:\MCC18\SRC\TRADIT~1\PROC\p18f4455.asm
                 UEP0bits   0x000f70       data     extern C:\MCC18\SRC\TRADIT~1\PROC\p18f4455.asm
                     UEP1   0x000f71       data     extern C:\MCC18\SRC\TRADIT~1\PROC\p18f4455.asm
                 UEP1bits   0x000f71       data     extern C:\MCC18\SRC\TRADIT~1\PROC\p18f4455.asm
                     UEP2   0x000f72       data     extern C:\MCC18\SRC\TRADIT~1\PROC\p18f4455.asm
                 UEP2bits   0x000f72       data     extern C:\MCC18\SRC\TRADIT~1\PROC\p18f4455.asm
                     UEP3   0x000f73       data     extern C:\MCC18\SRC\TRADIT~1\PROC\p18f4455.asm
                 UEP3bits   0x000f73       data     extern C:\MCC18\SRC\TRADIT~1\PROC\p18f4455.asm
                 UEP4bits   0x000f74       data     extern C:\MCC18\SRC\TRADIT~1\PROC\p18f4455.asm
                     UEP4   0x000f74       data     extern C:\MCC18\SRC\TRADIT~1\PROC\p18f4455.asm
                     UEP5   0x000f75       data     extern C:\MCC18\SRC\TRADIT~1\PROC\p18f4455.asm
                 UEP5bits   0x000f75       data     extern C:\MCC18\SRC\TRADIT~1\PROC\p18f4455.asm
                     UEP6   0x000f76       data     extern C:\MCC18\SRC\TRADIT~1\PROC\p18f4455.asm
                 UEP6bits   0x000f76       data     extern C:\MCC18\SRC\TRADIT~1\PROC\p18f4455.asm
                     UEP7   0x000f77       data     extern C:\MCC18\SRC\TRADIT~1\PROC\p18f4455.asm
[...]
                UEP10bits   0x000f7a       data     extern C:\MCC18\SRC\TRADIT~1\PROC\p18f4455.asm
                UEP11bits   0x000f7b       data     extern C:\MCC18\SRC\TRADIT~1\PROC\p18f4455.asm
                    UEP11   0x000f7b       data     extern C:\MCC18\SRC\TRADIT~1\PROC\p18f4455.asm
                UEP12bits   0x000f7c       data     extern C:\MCC18\SRC\TRADIT~1\PROC\p18f4455.asm
                    UEP12   0x000f7c       data     extern C:\MCC18\SRC\TRADIT~1\PROC\p18f4455.asm
                    UEP13   0x000f7d       data     extern C:\MCC18\SRC\TRADIT~1\PROC\p18f4455.asm
                UEP13bits   0x000f7d       data     extern C:\MCC18\SRC\TRADIT~1\PROC\p18f4455.asm
                    UEP14   0x000f7e       data     extern C:\MCC18\SRC\TRADIT~1\PROC\p18f4455.asm
                UEP14bits   0x000f7e       data     extern C:\MCC18\SRC\TRADIT~1\PROC\p18f4455.asm
                    UEP15   0x000f7f       data     extern C:\MCC18\SRC\TRADIT~1\PROC\p18f4455.asm
                UEP15bits   0x000f7f       data     extern C:\MCC18\SRC\TRADIT~1\PROC\p18f4455.asm
                PORTAbits   0x000f80       data     extern C:\MCC18\SRC\TRADIT~1\PROC\p18f4455.asm
                    PORTA   0x000f80       data     extern C:\MCC18\SRC\TRADIT~1\PROC\p18f4455.asm
                    PORTB   0x000f81       data     extern C:\MCC18\SRC\TRADIT~1\PROC\p18f4455.asm
                PORTBbits   0x000f81       data     extern C:\MCC18\SRC\TRADIT~1\PROC\p18f4455.asm
                    PORTC   0x000f82       data     extern C:\MCC18\SRC\TRADIT~1\PROC\p18f4455.asm
                PORTCbits   0x000f82       data     extern C:\MCC18\SRC\TRADIT~1\PROC\p18f4455.asm
                    PORTD   0x000f83       data     extern C:\MCC18\SRC\TRADIT~1\PROC\p18f4455.asm
                PORTDbits   0x000f83       data     extern C:\MCC18\SRC\TRADIT~1\PROC\p18f4455.asm
                    PORTE   0x000f84       data     extern C:\MCC18\SRC\TRADIT~1\PROC\p18f4455.asm
                PORTEbits   0x000f84       data     extern C:\MCC18\SRC\TRADIT~1\PROC\p18f4455.asm
                     LATA   0x000f89       data     extern C:\MCC18\SRC\TRADIT~1\PROC\p18f4455.asm
                 LATAbits   0x000f89       data     extern C:\MCC18\SRC\TRADIT~1\PROC\p18f4455.asm
                     LATB   0x000f8a       data     extern C:\MCC18\SRC\TRADIT~1\PROC\p18f4455.asm
                 LATBbits   0x000f8a       data     extern C:\MCC18\SRC\TRADIT~1\PROC\p18f4455.asm
                     LATC   0x000f8b       data     extern C:\MCC18\SRC\TRADIT~1\PROC\p18f4455.asm
                 LATCbits   0x000f8b       data     extern C:\MCC18\SRC\TRADIT~1\PROC\p18f4455.asm
                     LATD   0x000f8c       data     extern C:\MCC18\SRC\TRADIT~1\PROC\p18f4455.asm
                 LATDbits   0x000f8c       data     extern C:\MCC18\SRC\TRADIT~1\PROC\p18f4455.asm
                     LATE   0x000f8d       data     extern C:\MCC18\SRC\TRADIT~1\PROC\p18f4455.asm
                 LATEbits   0x000f8d       data     extern C:\MCC18\SRC\TRADIT~1\PROC\p18f4455.asm
                 DDRAbits   0x000f92       data     extern C:\MCC18\SRC\TRADIT~1\PROC\p18f4455.asm
                     DDRA   0x000f92       data     extern C:\MCC18\SRC\TRADIT~1\PROC\p18f4455.asm
                TRISAbits   0x000f92       data     extern C:\MCC18\SRC\TRADIT~1\PROC\p18f4455.asm
                    TRISA   0x000f92       data     extern C:\MCC18\SRC\TRADIT~1\PROC\p18f4455.asm
                     DDRB   0x000f93       data     extern C:\MCC18\SRC\TRADIT~1\PROC\p18f4455.asm
                 DDRBbits   0x000f93       data     extern C:\MCC18\SRC\TRADIT~1\PROC\p18f4455.asm
                    TRISB   0x000f93       data     extern C:\MCC18\SRC\TRADIT~1\PROC\p18f4455.asm
                TRISBbits   0x000f93       data     extern C:\MCC18\SRC\TRADIT~1\PROC\p18f4455.asm
                     DDRC   0x000f94       data     extern C:\MCC18\SRC\TRADIT~1\PROC\p18f4455.asm
                 DDRCbits   0x000f94       data     extern C:\MCC18\SRC\TRADIT~1\PROC\p18f4455.asm
                    TRISC   0x000f94       data     extern C:\MCC18\SRC\TRADIT~1\PROC\p18f4455.asm
                TRISCbits   0x000f94       data     extern C:\MCC18\SRC\TRADIT~1\PROC\p18f4455.asm
                     DDRD   0x000f95       data     extern C:\MCC18\SRC\TRADIT~1\PROC\p18f4455.asm
                 DDRDbits   0x000f95       data     extern C:\MCC18\SRC\TRADIT~1\PROC\p18f4455.asm
                TRISDbits   0x000f95       data     extern C:\MCC18\SRC\TRADIT~1\PROC\p18f4455.asm
                    TRISD   0x000f95       data     extern C:\MCC18\SRC\TRADIT~1\PROC\p18f4455.asm
                 DDREbits   0x000f96       data     extern C:\MCC18\SRC\TRADIT~1\PROC\p18f4455.asm
                     DDRE   0x000f96       data     extern C:\MCC18\SRC\TRADIT~1\PROC\p18f4455.asm
                TRISEbits   0x000f96       data     extern C:\MCC18\SRC\TRADIT~1\PROC\p18f4455.asm
                    TRISE   0x000f96       data     extern C:\MCC18\SRC\TRADIT~1\PROC\p18f4455.asm
              OSCTUNEbits   0x000f9b       data     extern C:\MCC18\SRC\TRADIT~1\PROC\p18f4455.asm
                  OSCTUNE   0x000f9b       data     extern C:\MCC18\SRC\TRADIT~1\PROC\p18f4455.asm
                 PIE1bits   0x000f9d       data     extern C:\MCC18\SRC\TRADIT~1\PROC\p18f4455.asm
                     PIE1   0x000f9d       data     extern C:\MCC18\SRC\TRADIT~1\PROC\p18f4455.asm
                 PIR1bits   0x000f9e       data     extern C:\MCC18\SRC\TRADIT~1\PROC\p18f4455.asm
                     PIR1   0x000f9e       data     extern C:\MCC18\SRC\TRADIT~1\PROC\p18f4455.asm
                     IPR1   0x000f9f       data     extern C:\MCC18\SRC\TRADIT~1\PROC\p18f4455.asm
                 IPR1bits   0x000f9f       data     extern C:\MCC18\SRC\TRADIT~1\PROC\p18f4455.asm
                 PIE2bits   0x000fa0       data     extern C:\MCC18\SRC\TRADIT~1\PROC\p18f4455.asm
                     PIE2   0x000fa0       data     extern C:\MCC18\SRC\TRADIT~1\PROC\p18f4455.asm
                     PIR2   0x000fa1       data     extern C:\MCC18\SRC\TRADIT~1\PROC\p18f4455.asm
                 PIR2bits   0x000fa1       data     extern C:\MCC18\SRC\TRADIT~1\PROC\p18f4455.asm
                     IPR2   0x000fa2       data     extern C:\MCC18\SRC\TRADIT~1\PROC\p18f4455.asm
                 IPR2bits   0x000fa2       data     extern C:\MCC18\SRC\TRADIT~1\PROC\p18f4455.asm
                   EECON1   0x000fa6       data     extern C:\MCC18\SRC\TRADIT~1\PROC\p18f4455.asm
               EECON1bits   0x000fa6       data     extern C:\MCC18\SRC\TRADIT~1\PROC\p18f4455.asm
                   EECON2   0x000fa7       data     extern C:\MCC18\SRC\TRADIT~1\PROC\p18f4455.asm
                   EEDATA   0x000fa8       data     extern C:\MCC18\SRC\TRADIT~1\PROC\p18f4455.asm
                    EEADR   0x000fa9       data     extern C:\MCC18\SRC\TRADIT~1\PROC\p18f4455.asm
                RCSTAbits   0x000fab       data     extern C:\MCC18\SRC\TRADIT~1\PROC\p18f4455.asm
                    RCSTA   0x000fab       data     extern C:\MCC18\SRC\TRADIT~1\PROC\p18f4455.asm
                TXSTAbits   0x000fac       data     extern C:\MCC18\SRC\TRADIT~1\PROC\p18f4455.asm
                    TXSTA   0x000fac       data     extern C:\MCC18\SRC\TRADIT~1\PROC\p18f4455.asm
                    TXREG   0x000fad       data     extern C:\MCC18\SRC\TRADIT~1\PROC\p18f4455.asm
                    RCREG   0x000fae       data     extern C:\MCC18\SRC\TRADIT~1\PROC\p18f4455.asm
                    SPBRG   0x000faf       data     extern C:\MCC18\SRC\TRADIT~1\PROC\p18f4455.asm
                   SPBRGH   0x000fb0       data     extern C:\MCC18\SRC\TRADIT~1\PROC\p18f4455.asm
                    T3CON   0x000fb1       data     extern C:\MCC18\SRC\TRADIT~1\PROC\p18f4455.asm
                T3CONbits   0x000fb1       data     extern C:\MCC18\SRC\TRADIT~1\PROC\p18f4455.asm
                    TMR3L   0x000fb2       data     extern C:\MCC18\SRC\TRADIT~1\PROC\p18f4455.asm
                    TMR3H   0x000fb3       data     extern C:\MCC18\SRC\TRADIT~1\PROC\p18f4455.asm
                CMCONbits   0x000fb4       data     extern C:\MCC18\SRC\TRADIT~1\PROC\p18f4455.asm
                    CMCON   0x000fb4       data     extern C:\MCC18\SRC\TRADIT~1\PROC\p18f4455.asm
               CVRCONbits   0x000fb5       data     extern C:\MCC18\SRC\TRADIT~1\PROC\p18f4455.asm
                   CVRCON   0x000fb5       data     extern C:\MCC18\SRC\TRADIT~1\PROC\p18f4455.asm
              ECCP1ASbits   0x000fb6       data     extern C:\MCC18\SRC\TRADIT~1\PROC\p18f4455.asm
                  ECCP1AS   0x000fb6       data     extern C:\MCC18\SRC\TRADIT~1\PROC\p18f4455.asm
               CCP1ASbits   0x000fb6       data     extern C:\MCC18\SRC\TRADIT~1\PROC\p18f4455.asm
                   CCP1AS   0x000fb6       data     extern C:\MCC18\SRC\TRADIT~1\PROC\p18f4455.asm
                 ECCP1DEL   0x000fb7       data     extern C:\MCC18\SRC\TRADIT~1\PROC\p18f4455.asm
             ECCP1DELbits   0x000fb7       data     extern C:\MCC18\SRC\TRADIT~1\PROC\p18f4455.asm
              CCP1DELbits   0x000fb7       data     extern C:\MCC18\SRC\TRADIT~1\PROC\p18f4455.asm
                  CCP1DEL   0x000fb7       data     extern C:\MCC18\SRC\TRADIT~1\PROC\p18f4455.asm
              BAUDCONbits   0x000fb8       data     extern C:\MCC18\SRC\TRADIT~1\PROC\p18f4455.asm
                  BAUDCON   0x000fb8       data     extern C:\MCC18\SRC\TRADIT~1\PROC\p18f4455.asm
              CCP2CONbits   0x000fba       data     extern C:\MCC18\SRC\TRADIT~1\PROC\p18f4455.asm
                  CCP2CON   0x000fba       data     extern C:\MCC18\SRC\TRADIT~1\PROC\p18f4455.asm
                   CCPR2L   0x000fbb       data     extern C:\MCC18\SRC\TRADIT~1\PROC\p18f4455.asm
                    CCPR2   0x000fbb       data     extern C:\MCC18\SRC\TRADIT~1\PROC\p18f4455.asm
                   CCPR2H   0x000fbc       data     extern C:\MCC18\SRC\TRADIT~1\PROC\p18f4455.asm
                  CCP1CON   0x000fbd       data     extern C:\MCC18\SRC\TRADIT~1\PROC\p18f4455.asm
              CCP1CONbits   0x000fbd       data     extern C:\MCC18\SRC\TRADIT~1\PROC\p18f4455.asm
             ECCP1CONbits   0x000fbd       data     extern C:\MCC18\SRC\TRADIT~1\PROC\p18f4455.asm
                 ECCP1CON   0x000fbd       data     extern C:\MCC18\SRC\TRADIT~1\PROC\p18f4455.asm
                    CCPR1   0x000fbe       data     extern C:\MCC18\SRC\TRADIT~1\PROC\p18f4455.asm
                   CCPR1L   0x000fbe       data     extern C:\MCC18\SRC\TRADIT~1\PROC\p18f4455.asm
                   CCPR1H   0x000fbf       data     extern C:\MCC18\SRC\TRADIT~1\PROC\p18f4455.asm
                   ADCON2   0x000fc0       data     extern C:\MCC18\SRC\TRADIT~1\PROC\p18f4455.asm
               ADCON2bits   0x000fc0       data     extern C:\MCC18\SRC\TRADIT~1\PROC\p18f4455.asm
               ADCON1bits   0x000fc1       data     extern C:\MCC18\SRC\TRADIT~1\PROC\p18f4455.asm
                   ADCON1   0x000fc1       data     extern C:\MCC18\SRC\TRADIT~1\PROC\p18f4455.asm
                   ADCON0   0x000fc2       data     extern C:\MCC18\SRC\TRADIT~1\PROC\p18f4455.asm
               ADCON0bits   0x000fc2       data     extern C:\MCC18\SRC\TRADIT~1\PROC\p18f4455.asm
                    ADRES   0x000fc3       data     extern C:\MCC18\SRC\TRADIT~1\PROC\p18f4455.asm
                   ADRESL   0x000fc3       data     extern C:\MCC18\SRC\TRADIT~1\PROC\p18f4455.asm
                   ADRESH   0x000fc4       data     extern C:\MCC18\SRC\TRADIT~1\PROC\p18f4455.asm
                  SSPCON2   0x000fc5       data     extern C:\MCC18\SRC\TRADIT~1\PROC\p18f4455.asm
              SSPCON2bits   0x000fc5       data     extern C:\MCC18\SRC\TRADIT~1\PROC\p18f4455.asm
                  SSPCON1   0x000fc6       data     extern C:\MCC18\SRC\TRADIT~1\PROC\p18f4455.asm
              SSPCON1bits   0x000fc6       data     extern C:\MCC18\SRC\TRADIT~1\PROC\p18f4455.asm
                  SSPSTAT   0x000fc7       data     extern C:\MCC18\SRC\TRADIT~1\PROC\p18f4455.asm
              SSPSTATbits   0x000fc7       data     extern C:\MCC18\SRC\TRADIT~1\PROC\p18f4455.asm
                   SSPADD   0x000fc8       data     extern C:\MCC18\SRC\TRADIT~1\PROC\p18f4455.asm
                   SSPBUF   0x000fc9       data     extern C:\MCC18\SRC\TRADIT~1\PROC\p18f4455.asm
                    T2CON   0x000fca       data     extern C:\MCC18\SRC\TRADIT~1\PROC\p18f4455.asm
                T2CONbits   0x000fca       data     extern C:\MCC18\SRC\TRADIT~1\PROC\p18f4455.asm
                      PR2   0x000fcb       data     extern C:\MCC18\SRC\TRADIT~1\PROC\p18f4455.asm
                     TMR2   0x000fcc       data     extern C:\MCC18\SRC\TRADIT~1\PROC\p18f4455.asm
                T1CONbits   0x000fcd       data     extern C:\MCC18\SRC\TRADIT~1\PROC\p18f4455.asm
                    T1CON   0x000fcd       data     extern C:\MCC18\SRC\TRADIT~1\PROC\p18f4455.asm
                    TMR1L   0x000fce       data     extern C:\MCC18\SRC\TRADIT~1\PROC\p18f4455.asm
                    TMR1H   0x000fcf       data     extern C:\MCC18\SRC\TRADIT~1\PROC\p18f4455.asm
                     RCON   0x000fd0       data     extern C:\MCC18\SRC\TRADIT~1\PROC\p18f4455.asm
                 RCONbits   0x000fd0       data     extern C:\MCC18\SRC\TRADIT~1\PROC\p18f4455.asm
                   WDTCON   0x000fd1       data     extern C:\MCC18\SRC\TRADIT~1\PROC\p18f4455.asm
               WDTCONbits   0x000fd1       data     extern C:\MCC18\SRC\TRADIT~1\PROC\p18f4455.asm
                   LVDCON   0x000fd2       data     extern C:\MCC18\SRC\TRADIT~1\PROC\p18f4455.asm
              HLVDCONbits   0x000fd2       data     extern C:\MCC18\SRC\TRADIT~1\PROC\p18f4455.asm
                  HLVDCON   0x000fd2       data     extern C:\MCC18\SRC\TRADIT~1\PROC\p18f4455.asm
               LVDCONbits   0x000fd2       data     extern C:\MCC18\SRC\TRADIT~1\PROC\p18f4455.asm
               OSCCONbits   0x000fd3       data     extern C:\MCC18\SRC\TRADIT~1\PROC\p18f4455.asm
                   OSCCON   0x000fd3       data     extern C:\MCC18\SRC\TRADIT~1\PROC\p18f4455.asm
                T0CONbits   0x000fd5       data     extern C:\MCC18\SRC\TRADIT~1\PROC\p18f4455.asm
                    T0CON   0x000fd5       data     extern C:\MCC18\SRC\TRADIT~1\PROC\p18f4455.asm
                    TMR0L   0x000fd6       data     extern C:\MCC18\SRC\TRADIT~1\PROC\p18f4455.asm
                    TMR0H   0x000fd7       data     extern C:\MCC18\SRC\TRADIT~1\PROC\p18f4455.asm
                   STATUS   0x000fd8       data     extern C:\MCC18\SRC\TRADIT~1\PROC\p18f4455.asm
               STATUSbits   0x000fd8       data     extern C:\MCC18\SRC\TRADIT~1\PROC\p18f4455.asm
                     FSR2   0x000fd9       data     extern C:\MCC18\SRC\TRADIT~1\PROC\p18f4455.asm
                    FSR2L   0x000fd9       data     extern C:\MCC18\SRC\TRADIT~1\PROC\p18f4455.asm
                    FSR2H   0x000fda       data     extern C:\MCC18\SRC\TRADIT~1\PROC\p18f4455.asm
                   PLUSW2   0x000fdb       data     extern C:\MCC18\SRC\TRADIT~1\PROC\p18f4455.asm
                  PREINC2   0x000fdc       data     extern C:\MCC18\SRC\TRADIT~1\PROC\p18f4455.asm
                 POSTDEC2   0x000fdd       data     extern C:\MCC18\SRC\TRADIT~1\PROC\p18f4455.asm
                 POSTINC2   0x000fde       data     extern C:\MCC18\SRC\TRADIT~1\PROC\p18f4455.asm
                    INDF2   0x000fdf       data     extern C:\MCC18\SRC\TRADIT~1\PROC\p18f4455.asm
                      BSR   0x000fe0       data     extern C:\MCC18\SRC\TRADIT~1\PROC\p18f4455.asm
                    FSR1L   0x000fe1       data     extern C:\MCC18\SRC\TRADIT~1\PROC\p18f4455.asm
                     FSR1   0x000fe1       data     extern C:\MCC18\SRC\TRADIT~1\PROC\p18f4455.asm
                    FSR1H   0x000fe2       data     extern C:\MCC18\SRC\TRADIT~1\PROC\p18f4455.asm
                   PLUSW1   0x000fe3       data     extern C:\MCC18\SRC\TRADIT~1\PROC\p18f4455.asm
                  PREINC1   0x000fe4       data     extern C:\MCC18\SRC\TRADIT~1\PROC\p18f4455.asm
                 POSTDEC1   0x000fe5       data     extern C:\MCC18\SRC\TRADIT~1\PROC\p18f4455.asm
                 POSTINC1   0x000fe6       data     extern C:\MCC18\SRC\TRADIT~1\PROC\p18f4455.asm
                    INDF1   0x000fe7       data     extern C:\MCC18\SRC\TRADIT~1\PROC\p18f4455.asm
                     WREG   0x000fe8       data     extern C:\MCC18\SRC\TRADIT~1\PROC\p18f4455.asm
                     FSR0   0x000fe9       data     extern C:\MCC18\SRC\TRADIT~1\PROC\p18f4455.asm
                    FSR0L   0x000fe9       data     extern C:\MCC18\SRC\TRADIT~1\PROC\p18f4455.asm
                    FSR0H   0x000fea       data     extern C:\MCC18\SRC\TRADIT~1\PROC\p18f4455.asm
                   PLUSW0   0x000feb       data     extern C:\MCC18\SRC\TRADIT~1\PROC\p18f4455.asm
                  PREINC0   0x000fec       data     extern C:\MCC18\SRC\TRADIT~1\PROC\p18f4455.asm
                 POSTDEC0   0x000fed       data     extern C:\MCC18\SRC\TRADIT~1\PROC\p18f4455.asm
                 POSTINC0   0x000fee       data     extern C:\MCC18\SRC\TRADIT~1\PROC\p18f4455.asm
                    INDF0   0x000fef       data     extern C:\MCC18\SRC\TRADIT~1\PROC\p18f4455.asm
              INTCON3bits   0x000ff0       data     extern C:\MCC18\SRC\TRADIT~1\PROC\p18f4455.asm
                  INTCON3   0x000ff0       data     extern C:\MCC18\SRC\TRADIT~1\PROC\p18f4455.asm
              INTCON2bits   0x000ff1       data     extern C:\MCC18\SRC\TRADIT~1\PROC\p18f4455.asm
                  INTCON2   0x000ff1       data     extern C:\MCC18\SRC\TRADIT~1\PROC\p18f4455.asm
               INTCONbits   0x000ff2       data     extern C:\MCC18\SRC\TRADIT~1\PROC\p18f4455.asm
                   INTCON   0x000ff2       data     extern C:\MCC18\SRC\TRADIT~1\PROC\p18f4455.asm
                    PRODL   0x000ff3       data     extern C:\MCC18\SRC\TRADIT~1\PROC\p18f4455.asm
                     PROD   0x000ff3       data     extern C:\MCC18\SRC\TRADIT~1\PROC\p18f4455.asm
                    PRODH   0x000ff4       data     extern C:\MCC18\SRC\TRADIT~1\PROC\p18f4455.asm
                   TABLAT   0x000ff5       data     extern C:\MCC18\SRC\TRADIT~1\PROC\p18f4455.asm
                   TBLPTR   0x000ff6       data     extern C:\MCC18\SRC\TRADIT~1\PROC\p18f4455.asm
                  TBLPTRL   0x000ff6       data     extern C:\MCC18\SRC\TRADIT~1\PROC\p18f4455.asm
                  TBLPTRH   0x000ff7       data     extern C:\MCC18\SRC\TRADIT~1\PROC\p18f4455.asm
                  TBLPTRU   0x000ff8       data     extern C:\MCC18\SRC\TRADIT~1\PROC\p18f4455.asm
                       PC   0x000ff9       data     extern C:\MCC18\SRC\TRADIT~1\PROC\p18f4455.asm
                      PCL   0x000ff9       data     extern C:\MCC18\SRC\TRADIT~1\PROC\p18f4455.asm
                   PCLATH   0x000ffa       data     extern C:\MCC18\SRC\TRADIT~1\PROC\p18f4455.asm
                   PCLATU   0x000ffb       data     extern C:\MCC18\SRC\TRADIT~1\PROC\p18f4455.asm
                   STKPTR   0x000ffc       data     extern C:\MCC18\SRC\TRADIT~1\PROC\p18f4455.asm
               STKPTRbits   0x000ffc       data     extern C:\MCC18\SRC\TRADIT~1\PROC\p18f4455.asm
                     TOSL   0x000ffd       data     extern C:\MCC18\SRC\TRADIT~1\PROC\p18f4455.asm
                      TOS   0x000ffd       data     extern C:\MCC18\SRC\TRADIT~1\PROC\p18f4455.asm
                     TOSH   0x000ffe       data     extern C:\MCC18\SRC\TRADIT~1\PROC\p18f4455.asm
                     TOSU   0x000fff       data     extern C:\MCC18\SRC\TRADIT~1\PROC\p18f4455.asm


