MPLINK 4.1, Linker
Linker Map File - Created Sat Aug 18 02:05:23 2007

                                 Section Info
                  Section       Type    Address   Location Size(Bytes)
                ---------  ---------  ---------  ---------  ---------
           RealInitVector       code   0x000000    program   0x000006
  RealInterruptVectorHigh       code   0x000008    program   0x000006
               _entry_scn       code   0x000a00    program   0x000006
      InterruptVectorHigh       code   0x000a08    program   0x000006
                main_code       code   0x000a2a    program   0x0000d8
                   .cinit    romdata   0x000b02    program   0x00001a
       .code_controller.o       code   0x000b1c    program   0x000cd6
          .code_hwcalls.o       code   0x0017f2    program   0x000746
              .code_usb.o       code   0x001f38    program   0x000638
             .code_leds.o       code   0x002570    program   0x000272
            .code_rs232.o       code   0x0027e2    program   0x000204
              .code_hid.o       code   0x0029e6    program   0x0001f8
        .code_usbapplet.o       code   0x002bde    program   0x000196
   .romdata_usbdescript.o    romdata   0x002d74    program   0x000128
        .romdata_tables.o    romdata   0x002e9c    program   0x000100
     .code_writeprogmem.o       code   0x002f9c    program   0x0000b8
          .code_intslct.o       code   0x003054    program   0x0000ac
         .code_MidiComm.o       code   0x003100    program   0x0000a2
             .code_init.o       code   0x0031a2    program   0x000072
           .code_eeprom.o       code   0x003214    program   0x000056
                     PROG       code   0x00326a    program   0x00003c
         .code_exppedal.o       code   0x0032a6    program   0x00003a
          .code_systick.o       code   0x0032e0    program   0x00002c
          .romdata_leds.o    romdata   0x00330c    program   0x000024
         .code_fxd0808u.o       code   0x003330    program   0x00001c
             _startup_scn       code   0x00334c    program   0x000014
                    .code       code   0x003360    program   0x00000e
             .stringtable    romdata   0x00336e    program   0x000005
       .idata_hwcalls.o_i    romdata   0x003373    program   0x000001
    .idata_controller.o_i    romdata   0x003374    program   0x000028
              ROMSAVEDATA    romdata   0x003400    program   0x002bff
  .config_300000_CONFIG.O    romdata   0x300000    program   0x000001
  .config_300001_CONFIG.O    romdata   0x300001    program   0x000001
  .config_300002_CONFIG.O    romdata   0x300002    program   0x000001
  .config_300003_CONFIG.O    romdata   0x300003    program   0x000001
  .config_300005_CONFIG.O    romdata   0x300005    program   0x000001
  .config_300006_CONFIG.O    romdata   0x300006    program   0x000001
  .config_300008_CONFIG.O    romdata   0x300008    program   0x000001
  .config_300009_CONFIG.O    romdata   0x300009    program   0x000001
  .config_30000A_CONFIG.O    romdata   0x30000a    program   0x000001
  .config_30000B_CONFIG.O    romdata   0x30000b    program   0x000001
  .config_30000C_CONFIG.O    romdata   0x30000c    program   0x000001
  .config_30000D_CONFIG.O    romdata   0x30000d    program   0x000001
                MATH_DATA      udata   0x000000       data   0x000014
                 .tmpdata      udata   0x000014       data   0x000008
                accessram      udata   0x00001c       data   0x000004
      .udata_controller.o      udata   0x000060       data   0x000024
       .udata_usbapplet.o      udata   0x000084       data   0x000001
            .udata_leds.o      udata   0x000085       data   0x000001
         .idata_hwcalls.o      idata   0x000086       data   0x000001
                     gpr1      udata   0x000100       data   0x0000c7
      .idata_controller.o      idata   0x0001c7       data   0x000028
                     usb5      udata   0x0001ef       data   0x000011
                  usbram4      udata   0x000400       data   0x0000a0
                   .stack      udata   0x000700       data   0x000080
            SFR_UNBANKED0      udata   0x000f62       data   0x00009e



                              Program Memory Usage 
                               Start         End      
                           ---------   ---------      
                            0x000000    0x000005      
                            0x000008    0x00000d      
                            0x000a00    0x000a05      
                            0x000a08    0x000a0d      
                            0x000a2a    0x00339b      
                            0x003400    0x005ffe      
                            0x300000    0x300003      
                            0x300005    0x300006      
                            0x300008    0x30000d      
            21909 out of 30530 program addresses used, program memory utilization is 71%



                              Symbols - Sorted by Name
                     Name    Address   Location    Storage File                     
                ---------  ---------  ---------  --------- ---------                
           ADC_CONVERSION   0x0017f2    program     extern D:\work\midicontroller\svn\trunk\PIC\hwcalls.c
             AllDigitsOff   0x0025b6    program     extern D:\work\midicontroller\svn\trunk\PIC\leds.c
              AsciiTo7Seg   0x00268a    program     extern D:\work\midicontroller\svn\trunk\PIC\leds.c
                CLEAR_RAM   0x003360    program     extern D:\work\midicontroller\svn\trunk\PIC\config.asm
          ClassReqHandler   0x002e9a    program     extern D:\work\midicontroller\svn\trunk\PIC\usbdescript.c
               ClearArray   0x002462    program     extern D:\work\midicontroller\svn\trunk\PIC\usb.c
                   EERead   0x003214    program     extern D:\work\midicontroller\svn\trunk\PIC\eeprom.c
                  EEWrite   0x003232    program     extern D:\work\midicontroller\svn\trunk\PIC\eeprom.c
EXPP_PEDAL_LINEAR_CONV_TABLE   0x002e9c    program     extern D:\work\midicontroller\svn\trunk\PIC\tables.c
             EraseProgMem   0x002ffe    program     extern D:\work\midicontroller\svn\trunk\PIC\writeprogmem.c
             ExpPedalRead   0x0032a6    program     extern D:\work\midicontroller\svn\trunk\PIC\exppedal.c
                 FXD0808U   0x003330    program     extern C:\MCC18\src\TRADIT~1\math\fxd0808u.c
                 FXM1616U   0x00326a    program     extern C:\MCC18\SRC\TRADIT~1\MATH\fxm1616u.asm
      HIDGetReportHandler   0x002be8    program     extern D:\work\midicontroller\svn\trunk\PIC\usbapplet.c
                HIDInitEP   0x002ac8    program     extern D:\work\midicontroller\svn\trunk\PIC\hid.c
              HIDRxReport   0x002b52    program     extern D:\work\midicontroller\svn\trunk\PIC\hid.c
      HIDSetReportHandler   0x002bde    program     extern D:\work\midicontroller\svn\trunk\PIC\usbapplet.c
              HIDTxReport   0x002af2    program     extern D:\work\midicontroller\svn\trunk\PIC\hid.c
              HandleDigit   0x0025d2    program     extern D:\work\midicontroller\svn\trunk\PIC\leds.c
     InterruptHandlerHigh   0x003054    program     extern D:\work\midicontroller\svn\trunk\PIC\intslct.c
      InterruptVectorHigh   0x000a08    program     extern D:\work\midicontroller\svn\trunk\PIC\intslct.c
          LettersSegTable   0x003316    program     extern D:\work\midicontroller\svn\trunk\PIC\leds.c
        MIDI_COMM_ROUTINE   0x003100    program     extern D:\work\midicontroller\svn\trunk\PIC\MidiComm.c
             MIDI_ENQUEUE   0x00316c    program     extern D:\work\midicontroller\svn\trunk\PIC\MidiComm.c
                MfrString   0x002dac    program     extern D:\work\midicontroller\svn\trunk\PIC\usbdescript.c
          NumbersSegTable   0x00330c    program     extern D:\work\midicontroller\svn\trunk\PIC\leds.c
     PROCESS_COMM_REQUEST   0x0027e2    program     extern D:\work\midicontroller\svn\trunk\PIC\rs232.c
                PrdString   0x002dc4    program     extern D:\work\midicontroller\svn\trunk\PIC\usbdescript.c
             Process7Segs   0x002570    program     extern D:\work\midicontroller\svn\trunk\PIC\leds.c
ProcessGenericTransferRead   0x002c06    program     extern D:\work\midicontroller\svn\trunk\PIC\usbapplet.c
ProcessGenericTransferWrite   0x002cae    program     extern D:\work\midicontroller\svn\trunk\PIC\usbapplet.c
                 RAMCLEAR   0x003364    program     static D:\work\midicontroller\svn\trunk\PIC\config.asm
     RESET_MIDI_TX_BUFFER   0x003198    program     extern D:\work\midicontroller\svn\trunk\PIC\MidiComm.c
             ROM_SAVEDATA   0x003400    program     extern D:\work\midicontroller\svn\trunk\PIC\tables.c
              ReadButtons   0x001856    program     extern D:\work\midicontroller\svn\trunk\PIC\hwcalls.c
                   ReadEE   0x003012    program     extern D:\work\midicontroller\svn\trunk\PIC\writeprogmem.c
           RealInitVector   0x000000    program     extern D:\work\midicontroller\svn\trunk\PIC\vectors.c
  RealInterruptVectorHigh   0x000008    program     extern D:\work\midicontroller\svn\trunk\PIC\vectors.c
           Scroll7SegDisp   0x0026d2    program     extern D:\work\midicontroller\svn\trunk\PIC\leds.c
       SendDataToShiftReg   0x00181c    program     extern D:\work\midicontroller\svn\trunk\PIC\hwcalls.c
                SerialNum   0x002df0    program     extern D:\work\midicontroller\svn\trunk\PIC\usbdescript.c
               ServiceUSB   0x000af4    program     extern D:\work\midicontroller\svn\trunk\PIC\main.c
            SetDipAddress   0x0018ee    program     extern D:\work\midicontroller\svn\trunk\PIC\hwcalls.c
             SetDispAscii   0x002622    program     extern D:\work\midicontroller\svn\trunk\PIC\leds.c
               StartWrite   0x002f9c    program     extern D:\work\midicontroller\svn\trunk\PIC\writeprogmem.c
        SystemTimeRoutine   0x0032e0    program     extern D:\work\midicontroller\svn\trunk\PIC\systick.c
                    TXENQ   0x00298a    program     extern D:\work\midicontroller\svn\trunk\PIC\rs232.c
        USBCheckBusStatus   0x002338    program     extern D:\work\midicontroller\svn\trunk\PIC\usb.c
       USBCheckHIDRequest   0x0029e6    program     extern D:\work\midicontroller\svn\trunk\PIC\hid.c
       USBCheckStdRequest   0x001f38    program     extern D:\work\midicontroller\svn\trunk\PIC\usb.c
         USBCtrlEPService   0x00212a    program     extern D:\work\midicontroller\svn\trunk\PIC\usb.c
 USBCtrlEPServiceComplete   0x0022be    program     extern D:\work\midicontroller\svn\trunk\PIC\usb.c
      USBCtrlTrfInHandler   0x0021ce    program     extern D:\work\midicontroller\svn\trunk\PIC\usb.c
     USBCtrlTrfOutHandler   0x0021b0    program     extern D:\work\midicontroller\svn\trunk\PIC\usb.c
      USBCtrlTrfRxService   0x00227e    program     extern D:\work\midicontroller\svn\trunk\PIC\usb.c
   USBCtrlTrfSetupHandler   0x00214e    program     extern D:\work\midicontroller\svn\trunk\PIC\usb.c
      USBCtrlTrfTxService   0x00220e    program     extern D:\work\midicontroller\svn\trunk\PIC\usb.c
         USBDriverService   0x002370    program     extern D:\work\midicontroller\svn\trunk\PIC\usb.c
          USBErrorHandler   0x002432    program     extern D:\work\midicontroller\svn\trunk\PIC\usb.c
         USBModuleDisable   0x002362    program     extern D:\work\midicontroller\svn\trunk\PIC\usb.c
          USBModuleEnable   0x002354    program     extern D:\work\midicontroller\svn\trunk\PIC\usb.c
USBPrepareForNextSetupTrf   0x00232a    program     extern D:\work\midicontroller\svn\trunk\PIC\usb.c
  USBProtocolResetHandler   0x002436    program     extern D:\work\midicontroller\svn\trunk\PIC\usb.c
          USBRemoteWakeup   0x0023fe    program     extern D:\work\midicontroller\svn\trunk\PIC\usb.c
            USBSoftDetach   0x00236c    program     extern D:\work\midicontroller\svn\trunk\PIC\usb.c
          USBStallHandler   0x002426    program     extern D:\work\midicontroller\svn\trunk\PIC\usb.c
  USBStdFeatureReqHandler   0x0020c6    program     extern D:\work\midicontroller\svn\trunk\PIC\usb.c
      USBStdGetDscHandler   0x001fce    program     extern D:\work\midicontroller\svn\trunk\PIC\usb.c
   USBStdGetStatusHandler   0x00206a    program     extern D:\work\midicontroller\svn\trunk\PIC\usb.c
      USBStdSetCfgHandler   0x00203e    program     extern D:\work\midicontroller\svn\trunk\PIC\usb.c
               USBSuspend   0x0023ec    program     extern D:\work\midicontroller\svn\trunk\PIC\usb.c
       USBWakeFromSuspend   0x0023f6    program     extern D:\work\midicontroller\svn\trunk\PIC\usb.c
               USB_CD_Ptr   0x002e8e    program     extern D:\work\midicontroller\svn\trunk\PIC\usbdescript.c
               USB_SD_Ptr   0x002e92    program     extern D:\work\midicontroller\svn\trunk\PIC\usbdescript.c
          USB_SOF_Handler   0x002422    program     extern D:\work\midicontroller\svn\trunk\PIC\usb.c
               UpdateLeds   0x00195c    program     extern D:\work\midicontroller\svn\trunk\PIC\hwcalls.c
                  WriteEE   0x003022    program     extern D:\work\midicontroller\svn\trunk\PIC\writeprogmem.c
             WriteProgMem   0x002fa8    program     extern D:\work\midicontroller\svn\trunk\PIC\writeprogmem.c
           ___do_lbl00002   0x00325a    program     static                          
           ___do_lbl00003   0x00325e    program     static                          
           ___do_lbl00004   0x003258    program     static                          
       ___return_lbl00000   0x000a0c    program     static                          
       ___return_lbl00000   0x000a04    program     static                          
       ___return_lbl00000   0x000004    program     static                          
       ___return_lbl00000   0x00334a    program     static                          
       ___return_lbl00001   0x00335e    program     static                          
       ___return_lbl00001   0x00000c    program     static                          
       ___return_lbl00001   0x003262    program     static                          
       ___return_lbl00132   0x002484    program     static                          
        ___while_lbl00133   0x002476    program     static                          
        ___while_lbl00134   0x002484    program     static                          
                   __pa_0   0x00274a    program     static D:\work\midicontroller\svn\trunk\PIC\leds.c
                   __pa_0   0x00155c    program     static D:\work\midicontroller\svn\trunk\common\controller.c
                   __pa_0   0x001ce0    program     static D:\work\midicontroller\svn\trunk\PIC\hwcalls.c
                   __pa_0   0x00248c    program     static D:\work\midicontroller\svn\trunk\PIC\usb.c
                   __pa_0   0x002bbe    program     static D:\work\midicontroller\svn\trunk\PIC\hid.c
                   __pa_0   0x003042    program     static D:\work\midicontroller\svn\trunk\PIC\writeprogmem.c
                   __pa_0   0x002d3e    program     static D:\work\midicontroller\svn\trunk\PIC\usbapplet.c
                   __pa_0   0x0029b6    program     static D:\work\midicontroller\svn\trunk\PIC\rs232.c
                   __pa_1   0x001562    program     static D:\work\midicontroller\svn\trunk\common\controller.c
                   __pa_1   0x00249e    program     static D:\work\midicontroller\svn\trunk\PIC\usb.c
                   __pa_1   0x00304c    program     static D:\work\midicontroller\svn\trunk\PIC\writeprogmem.c
                   __pa_1   0x001ce8    program     static D:\work\midicontroller\svn\trunk\PIC\hwcalls.c
                   __pa_1   0x002d46    program     static D:\work\midicontroller\svn\trunk\PIC\usbapplet.c
                   __pa_1   0x002bd6    program     static D:\work\midicontroller\svn\trunk\PIC\hid.c
                   __pa_1   0x0029c6    program     static D:\work\midicontroller\svn\trunk\PIC\rs232.c
                   __pa_1   0x002782    program     static D:\work\midicontroller\svn\trunk\PIC\leds.c
                  __pa_10   0x001d7e    program     static D:\work\midicontroller\svn\trunk\PIC\hwcalls.c
                  __pa_10   0x001618    program     static D:\work\midicontroller\svn\trunk\common\controller.c
                  __pa_10   0x002532    program     static D:\work\midicontroller\svn\trunk\PIC\usb.c
                  __pa_11   0x001d90    program     static D:\work\midicontroller\svn\trunk\PIC\hwcalls.c
                  __pa_11   0x001622    program     static D:\work\midicontroller\svn\trunk\common\controller.c
                  __pa_11   0x00253a    program     static D:\work\midicontroller\svn\trunk\PIC\usb.c
                  __pa_12   0x001d9a    program     static D:\work\midicontroller\svn\trunk\PIC\hwcalls.c
                  __pa_12   0x002542    program     static D:\work\midicontroller\svn\trunk\PIC\usb.c
                  __pa_12   0x00162a    program     static D:\work\midicontroller\svn\trunk\common\controller.c
                  __pa_13   0x00254e    program     static D:\work\midicontroller\svn\trunk\PIC\usb.c
                  __pa_13   0x001644    program     static D:\work\midicontroller\svn\trunk\common\controller.c
                  __pa_13   0x001da4    program     static D:\work\midicontroller\svn\trunk\PIC\hwcalls.c
                  __pa_14   0x00255c    program     static D:\work\midicontroller\svn\trunk\PIC\usb.c
                  __pa_14   0x001dae    program     static D:\work\midicontroller\svn\trunk\PIC\hwcalls.c
                  __pa_14   0x001654    program     static D:\work\midicontroller\svn\trunk\common\controller.c
                  __pa_15   0x002568    program     static D:\work\midicontroller\svn\trunk\PIC\usb.c
                  __pa_15   0x001dbc    program     static D:\work\midicontroller\svn\trunk\PIC\hwcalls.c
                  __pa_15   0x001664    program     static D:\work\midicontroller\svn\trunk\common\controller.c
                  __pa_16   0x001dca    program     static D:\work\midicontroller\svn\trunk\PIC\hwcalls.c
                  __pa_16   0x00167c    program     static D:\work\midicontroller\svn\trunk\common\controller.c
                  __pa_17   0x001686    program     static D:\work\midicontroller\svn\trunk\common\controller.c
                  __pa_17   0x001dd4    program     static D:\work\midicontroller\svn\trunk\PIC\hwcalls.c
                  __pa_18   0x001de4    program     static D:\work\midicontroller\svn\trunk\PIC\hwcalls.c
                  __pa_18   0x001692    program     static D:\work\midicontroller\svn\trunk\common\controller.c
                  __pa_19   0x001e0c    program     static D:\work\midicontroller\svn\trunk\PIC\hwcalls.c
                  __pa_19   0x0016a0    program     static D:\work\midicontroller\svn\trunk\common\controller.c
                   __pa_2   0x001572    program     static D:\work\midicontroller\svn\trunk\common\controller.c
                   __pa_2   0x00278e    program     static D:\work\midicontroller\svn\trunk\PIC\leds.c
                   __pa_2   0x0024b6    program     static D:\work\midicontroller\svn\trunk\PIC\usb.c
                   __pa_2   0x002d52    program     static D:\work\midicontroller\svn\trunk\PIC\usbapplet.c
                   __pa_2   0x0029cc    program     static D:\work\midicontroller\svn\trunk\PIC\rs232.c
                   __pa_2   0x001cf6    program     static D:\work\midicontroller\svn\trunk\PIC\hwcalls.c
                  __pa_20   0x001e1a    program     static D:\work\midicontroller\svn\trunk\PIC\hwcalls.c
                  __pa_20   0x0016aa    program     static D:\work\midicontroller\svn\trunk\common\controller.c
                  __pa_21   0x001e20    program     static D:\work\midicontroller\svn\trunk\PIC\hwcalls.c
                  __pa_21   0x0016be    program     static D:\work\midicontroller\svn\trunk\common\controller.c
                  __pa_22   0x001e26    program     static D:\work\midicontroller\svn\trunk\PIC\hwcalls.c
                  __pa_22   0x0016ce    program     static D:\work\midicontroller\svn\trunk\common\controller.c
                  __pa_23   0x001e32    program     static D:\work\midicontroller\svn\trunk\PIC\hwcalls.c
                  __pa_23   0x0016da    program     static D:\work\midicontroller\svn\trunk\common\controller.c
                  __pa_24   0x0016e4    program     static D:\work\midicontroller\svn\trunk\common\controller.c
                  __pa_24   0x001e50    program     static D:\work\midicontroller\svn\trunk\PIC\hwcalls.c
                  __pa_25   0x0016ec    program     static D:\work\midicontroller\svn\trunk\common\controller.c
                  __pa_25   0x001e68    program     static D:\work\midicontroller\svn\trunk\PIC\hwcalls.c
                  __pa_26   0x0016f6    program     static D:\work\midicontroller\svn\trunk\common\controller.c
                  __pa_26   0x001e7a    program     static D:\work\midicontroller\svn\trunk\PIC\hwcalls.c
                  __pa_27   0x001e86    program     static D:\work\midicontroller\svn\trunk\PIC\hwcalls.c
                  __pa_27   0x001706    program     static D:\work\midicontroller\svn\trunk\common\controller.c
                  __pa_28   0x001e94    program     static D:\work\midicontroller\svn\trunk\PIC\hwcalls.c
                  __pa_28   0x00170a    program     static D:\work\midicontroller\svn\trunk\common\controller.c
                  __pa_29   0x001718    program     static D:\work\midicontroller\svn\trunk\common\controller.c
                  __pa_29   0x001ea0    program     static D:\work\midicontroller\svn\trunk\PIC\hwcalls.c
                   __pa_3   0x0024c6    program     static D:\work\midicontroller\svn\trunk\PIC\usb.c
                   __pa_3   0x0029d4    program     static D:\work\midicontroller\svn\trunk\PIC\rs232.c
                   __pa_3   0x001d00    program     static D:\work\midicontroller\svn\trunk\PIC\hwcalls.c
                   __pa_3   0x001582    program     static D:\work\midicontroller\svn\trunk\common\controller.c
                   __pa_3   0x002d66    program     static D:\work\midicontroller\svn\trunk\PIC\usbapplet.c
                   __pa_3   0x002798    program     static D:\work\midicontroller\svn\trunk\PIC\leds.c
                  __pa_30   0x001eac    program     static D:\work\midicontroller\svn\trunk\PIC\hwcalls.c
                  __pa_30   0x001726    program     static D:\work\midicontroller\svn\trunk\common\controller.c
                  __pa_31   0x001734    program     static D:\work\midicontroller\svn\trunk\common\controller.c
                  __pa_31   0x001eba    program     static D:\work\midicontroller\svn\trunk\PIC\hwcalls.c
                  __pa_32   0x001742    program     static D:\work\midicontroller\svn\trunk\common\controller.c
                  __pa_32   0x001ec2    program     static D:\work\midicontroller\svn\trunk\PIC\hwcalls.c
                  __pa_33   0x001ecc    program     static D:\work\midicontroller\svn\trunk\PIC\hwcalls.c
                  __pa_33   0x001750    program     static D:\work\midicontroller\svn\trunk\common\controller.c
                  __pa_34   0x001ed2    program     static D:\work\midicontroller\svn\trunk\PIC\hwcalls.c
                  __pa_34   0x001758    program     static D:\work\midicontroller\svn\trunk\common\controller.c
                  __pa_35   0x001760    program     static D:\work\midicontroller\svn\trunk\common\controller.c
                  __pa_35   0x001ef2    program     static D:\work\midicontroller\svn\trunk\PIC\hwcalls.c
                  __pa_36   0x001766    program     static D:\work\midicontroller\svn\trunk\common\controller.c
                  __pa_36   0x001efe    program     static D:\work\midicontroller\svn\trunk\PIC\hwcalls.c
                  __pa_37   0x00176a    program     static D:\work\midicontroller\svn\trunk\common\controller.c
                  __pa_37   0x001f02    program     static D:\work\midicontroller\svn\trunk\PIC\hwcalls.c
                  __pa_38   0x001f06    program     static D:\work\midicontroller\svn\trunk\PIC\hwcalls.c
                  __pa_38   0x001774    program     static D:\work\midicontroller\svn\trunk\common\controller.c
                  __pa_39   0x001f0c    program     static D:\work\midicontroller\svn\trunk\PIC\hwcalls.c
                  __pa_39   0x00177a    program     static D:\work\midicontroller\svn\trunk\common\controller.c
                   __pa_4   0x0015a4    program     static D:\work\midicontroller\svn\trunk\common\controller.c
                   __pa_4   0x001d24    program     static D:\work\midicontroller\svn\trunk\PIC\hwcalls.c
                   __pa_4   0x0027a0    program     static D:\work\midicontroller\svn\trunk\PIC\leds.c
                   __pa_4   0x0024d4    program     static D:\work\midicontroller\svn\trunk\PIC\usb.c
                  __pa_40   0x001f12    program     static D:\work\midicontroller\svn\trunk\PIC\hwcalls.c
                  __pa_40   0x001794    program     static D:\work\midicontroller\svn\trunk\common\controller.c
                  __pa_41   0x001f1c    program     static D:\work\midicontroller\svn\trunk\PIC\hwcalls.c
                  __pa_41   0x00179c    program     static D:\work\midicontroller\svn\trunk\common\controller.c
                  __pa_42   0x001f26    program     static D:\work\midicontroller\svn\trunk\PIC\hwcalls.c
                  __pa_42   0x0017a2    program     static D:\work\midicontroller\svn\trunk\common\controller.c
                  __pa_43   0x001f2e    program     static D:\work\midicontroller\svn\trunk\PIC\hwcalls.c
                  __pa_43   0x0017a8    program     static D:\work\midicontroller\svn\trunk\common\controller.c
                  __pa_44   0x0017b4    program     static D:\work\midicontroller\svn\trunk\common\controller.c
                  __pa_45   0x0017bc    program     static D:\work\midicontroller\svn\trunk\common\controller.c
                  __pa_46   0x0017c2    program     static D:\work\midicontroller\svn\trunk\common\controller.c
                  __pa_47   0x0017d0    program     static D:\work\midicontroller\svn\trunk\common\controller.c
                  __pa_48   0x0017dc    program     static D:\work\midicontroller\svn\trunk\common\controller.c
                  __pa_49   0x0017e8    program     static D:\work\midicontroller\svn\trunk\common\controller.c
                   __pa_5   0x0015b6    program     static D:\work\midicontroller\svn\trunk\common\controller.c
                   __pa_5   0x0027b8    program     static D:\work\midicontroller\svn\trunk\PIC\leds.c
                   __pa_5   0x001d2e    program     static D:\work\midicontroller\svn\trunk\PIC\hwcalls.c
                   __pa_5   0x0024e6    program     static D:\work\midicontroller\svn\trunk\PIC\usb.c
                   __pa_6   0x0015d2    program     static D:\work\midicontroller\svn\trunk\common\controller.c
                   __pa_6   0x0027c6    program     static D:\work\midicontroller\svn\trunk\PIC\leds.c
                   __pa_6   0x001d36    program     static D:\work\midicontroller\svn\trunk\PIC\hwcalls.c
                   __pa_6   0x0024f4    program     static D:\work\midicontroller\svn\trunk\PIC\usb.c
                   __pa_7   0x001d4e    program     static D:\work\midicontroller\svn\trunk\PIC\hwcalls.c
                   __pa_7   0x002506    program     static D:\work\midicontroller\svn\trunk\PIC\usb.c
                   __pa_7   0x0015ea    program     static D:\work\midicontroller\svn\trunk\common\controller.c
                   __pa_7   0x0027d4    program     static D:\work\midicontroller\svn\trunk\PIC\leds.c
                   __pa_8   0x001d56    program     static D:\work\midicontroller\svn\trunk\PIC\hwcalls.c
                   __pa_8   0x001602    program     static D:\work\midicontroller\svn\trunk\common\controller.c
                   __pa_8   0x002516    program     static D:\work\midicontroller\svn\trunk\PIC\usb.c
                   __pa_9   0x001d78    program     static D:\work\midicontroller\svn\trunk\PIC\hwcalls.c
                   __pa_9   0x002524    program     static D:\work\midicontroller\svn\trunk\PIC\usb.c
                   __pa_9   0x00160a    program     static D:\work\midicontroller\svn\trunk\common\controller.c
               __string_0   0x00336e    program     static D:\work\midicontroller\svn\trunk\common\controller.c
              __tmplbl_46   0x001602    program     static                          
              __tmplbl_47   0x001602    program     static                          
              __tmplbl_48   0x001602    program     static                          
              __tmplbl_49   0x001602    program     static                          
              __tmplbl_50   0x001602    program     static                          
              __tmplbl_51   0x001602    program     static                          
              __tmplbl_52   0x001602    program     static                          
              __tmplbl_53   0x001602    program     static                          
              __tmplbl_54   0x001602    program     static                          
              __tmplbl_55   0x001602    program     static                          
                   _entry   0x000a00    program     extern D:\work\midicontroller\svn\trunk\PIC\startup.c
                 _startup   0x00334c    program     extern D:\work\midicontroller\svn\trunk\PIC\startup.c
  activate_practice_value   0x000f12    program     extern D:\work\midicontroller\svn\trunk\common\controller.c
            bank_activate   0x000c2c    program     extern D:\work\midicontroller\svn\trunk\common\controller.c
      bank_getsortedindex   0x001c52    program     extern D:\work\midicontroller\svn\trunk\PIC\hwcalls.c
                bank_load   0x0019e2    program     extern D:\work\midicontroller\svn\trunk\PIC\hwcalls.c
            bank_loadname   0x001c2c    program     extern D:\work\midicontroller\svn\trunk\PIC\hwcalls.c
            bank_showname   0x000c82    program     extern D:\work\midicontroller\svn\trunk\common\controller.c
               bank_store   0x001aba    program     extern D:\work\midicontroller\svn\trunk\PIC\hwcalls.c
         bankmap_activate   0x000c0c    program     extern D:\work\midicontroller\svn\trunk\common\controller.c
             bankmap_show   0x000bfe    program     extern D:\work\midicontroller\svn\trunk\common\controller.c
              banks_count   0x0019be    program     extern D:\work\midicontroller\svn\trunk\PIC\hwcalls.c
              button_held   0x000d0e    program     extern D:\work\midicontroller\svn\trunk\common\controller.c
           button_pressed   0x000cc8    program     extern D:\work\midicontroller\svn\trunk\common\controller.c
          button_released   0x000d34    program     extern D:\work\midicontroller\svn\trunk\common\controller.c
                    cfg01   0x002d86    program     extern D:\work\midicontroller\svn\trunk\PIC\usbdescript.c
  controller_10msec_timer   0x000d94    program     extern D:\work\midicontroller\svn\trunk\common\controller.c
        controller_handle   0x000f8c    program     extern D:\work\midicontroller\svn\trunk\common\controller.c
          controller_init   0x000f44    program     extern D:\work\midicontroller\svn\trunk\common\controller.c
       dec_practice_value   0x000ed8    program     extern D:\work\midicontroller\svn\trunk\common\controller.c
               device_dsc   0x002d74    program     extern D:\work\midicontroller\svn\trunk\PIC\usbdescript.c
                  endloop   0x003346    program     static                          
                expr_poll   0x0019b8    program     extern D:\work\midicontroller\svn\trunk\PIC\hwcalls.c
          fsw_led_disable   0x001996    program     extern D:\work\midicontroller\svn\trunk\PIC\hwcalls.c
           fsw_led_enable   0x001980    program     extern D:\work\midicontroller\svn\trunk\PIC\hwcalls.c
       fsw_led_set_active   0x001966    program     extern D:\work\midicontroller\svn\trunk\PIC\hwcalls.c
                 fsw_poll   0x001906    program     extern D:\work\midicontroller\svn\trunk\PIC\hwcalls.c
              hid_rpt_UPS   0x002e12    program     extern D:\work\midicontroller\svn\trunk\PIC\usbdescript.c
       inc_practice_value   0x000ea6    program     extern D:\work\midicontroller\svn\trunk\common\controller.c
                     init   0x0031a2    program     extern D:\work\midicontroller\svn\trunk\PIC\init.c
               itoa_fixed   0x000b1c    program     extern D:\work\midicontroller\svn\trunk\common\controller.c
         leds_show_1digit   0x00266e    program     extern D:\work\midicontroller\svn\trunk\PIC\leds.c
        leds_show_4alphas   0x002644    program     extern D:\work\midicontroller\svn\trunk\PIC\leds.c
                     loop   0x003338    program     static                          
                     loop   0x003358    program     static                          
                     main   0x000a2a    program     extern D:\work\midicontroller\svn\trunk\PIC\main.c
           midi_send_byte   0x001814    program     extern D:\work\midicontroller\svn\trunk\PIC\hwcalls.c
           midi_send_cmd1   0x001cd0    program     extern D:\work\midicontroller\svn\trunk\PIC\hwcalls.c
           midi_send_cmd2   0x001cd6    program     extern D:\work\midicontroller\svn\trunk\PIC\hwcalls.c
    notify_practice_value   0x000f04    program     extern D:\work\midicontroller\svn\trunk\common\controller.c
          preset_activate   0x000bde    program     extern D:\work\midicontroller\svn\trunk\common\controller.c
         program_activate   0x000bb8    program     extern D:\work\midicontroller\svn\trunk\common\controller.c
     read_rom_to_pmbuffer   0x001bf6    program     extern D:\work\midicontroller\svn\trunk\PIC\hwcalls.c
                    sd000   0x002da8    program     extern D:\work\midicontroller\svn\trunk\PIC\usbdescript.c
        sequence_complete   0x000f28    program     extern D:\work\midicontroller\svn\trunk\common\controller.c
             show_program   0x000b72    program     extern D:\work\midicontroller\svn\trunk\common\controller.c
              slider_poll   0x0019b2    program     extern D:\work\midicontroller\svn\trunk\PIC\hwcalls.c
      sortedbank_activate   0x000c6c    program     extern D:\work\midicontroller\svn\trunk\common\controller.c
      sortedbank_showname   0x000c96    program     extern D:\work\midicontroller\svn\trunk\common\controller.c
                   ADCON0   0x000fc2       data     extern C:\MCC18\SRC\TRADIT~1\PROC\p18f4455.asm
               ADCON0bits   0x000fc2       data     extern C:\MCC18\SRC\TRADIT~1\PROC\p18f4455.asm
                   ADCON1   0x000fc1       data     extern C:\MCC18\SRC\TRADIT~1\PROC\p18f4455.asm
               ADCON1bits   0x000fc1       data     extern C:\MCC18\SRC\TRADIT~1\PROC\p18f4455.asm
                   ADCON2   0x000fc0       data     extern C:\MCC18\SRC\TRADIT~1\PROC\p18f4455.asm
               ADCON2bits   0x000fc0       data     extern C:\MCC18\SRC\TRADIT~1\PROC\p18f4455.asm
                    ADRES   0x000fc3       data     extern C:\MCC18\SRC\TRADIT~1\PROC\p18f4455.asm
                   ADRESH   0x000fc4       data     extern C:\MCC18\SRC\TRADIT~1\PROC\p18f4455.asm
                   ADRESL   0x000fc3       data     extern C:\MCC18\SRC\TRADIT~1\PROC\p18f4455.asm
                ArbFlags1   0x00001d       data     extern D:\work\midicontroller\svn\trunk\PIC\ram_def.c
                ArbFlags2   0x00001e       data     extern D:\work\midicontroller\svn\trunk\PIC\ram_def.c
                  BAUDCON   0x000fb8       data     extern C:\MCC18\SRC\TRADIT~1\PROC\p18f4455.asm
              BAUDCONbits   0x000fb8       data     extern C:\MCC18\SRC\TRADIT~1\PROC\p18f4455.asm
                      BSR   0x000fe0       data     extern C:\MCC18\SRC\TRADIT~1\PROC\p18f4455.asm
              ButtonState   0x00012f       data     extern D:\work\midicontroller\svn\trunk\PIC\ram_def.c
                   CCP1AS   0x000fb6       data     extern C:\MCC18\SRC\TRADIT~1\PROC\p18f4455.asm
               CCP1ASbits   0x000fb6       data     extern C:\MCC18\SRC\TRADIT~1\PROC\p18f4455.asm
                  CCP1CON   0x000fbd       data     extern C:\MCC18\SRC\TRADIT~1\PROC\p18f4455.asm
              CCP1CONbits   0x000fbd       data     extern C:\MCC18\SRC\TRADIT~1\PROC\p18f4455.asm
                  CCP1DEL   0x000fb7       data     extern C:\MCC18\SRC\TRADIT~1\PROC\p18f4455.asm
              CCP1DELbits   0x000fb7       data     extern C:\MCC18\SRC\TRADIT~1\PROC\p18f4455.asm
                  CCP2CON   0x000fba       data     extern C:\MCC18\SRC\TRADIT~1\PROC\p18f4455.asm
              CCP2CONbits   0x000fba       data     extern C:\MCC18\SRC\TRADIT~1\PROC\p18f4455.asm
                    CCPR1   0x000fbe       data     extern C:\MCC18\SRC\TRADIT~1\PROC\p18f4455.asm
                   CCPR1H   0x000fbf       data     extern C:\MCC18\SRC\TRADIT~1\PROC\p18f4455.asm
                   CCPR1L   0x000fbe       data     extern C:\MCC18\SRC\TRADIT~1\PROC\p18f4455.asm
                    CCPR2   0x000fbb       data     extern C:\MCC18\SRC\TRADIT~1\PROC\p18f4455.asm
                   CCPR2H   0x000fbc       data     extern C:\MCC18\SRC\TRADIT~1\PROC\p18f4455.asm
                   CCPR2L   0x000fbb       data     extern C:\MCC18\SRC\TRADIT~1\PROC\p18f4455.asm
                    CMCON   0x000fb4       data     extern C:\MCC18\SRC\TRADIT~1\PROC\p18f4455.asm
                CMCONbits   0x000fb4       data     extern C:\MCC18\SRC\TRADIT~1\PROC\p18f4455.asm
                   CVRCON   0x000fb5       data     extern C:\MCC18\SRC\TRADIT~1\PROC\p18f4455.asm
               CVRCONbits   0x000fb5       data     extern C:\MCC18\SRC\TRADIT~1\PROC\p18f4455.asm
               ComPointer   0x000085       data     static D:\work\midicontroller\svn\trunk\PIC\leds.c
               CommFlags1   0x00001c       data     extern D:\work\midicontroller\svn\trunk\PIC\ram_def.c
              CtrlTrfData   0x000450       data     extern D:\work\midicontroller\svn\trunk\PIC\usb.c
                     DDRA   0x000f92       data     extern C:\MCC18\SRC\TRADIT~1\PROC\p18f4455.asm
                 DDRAbits   0x000f92       data     extern C:\MCC18\SRC\TRADIT~1\PROC\p18f4455.asm
                     DDRB   0x000f93       data     extern C:\MCC18\SRC\TRADIT~1\PROC\p18f4455.asm
                 DDRBbits   0x000f93       data     extern C:\MCC18\SRC\TRADIT~1\PROC\p18f4455.asm
                     DDRC   0x000f94       data     extern C:\MCC18\SRC\TRADIT~1\PROC\p18f4455.asm
                 DDRCbits   0x000f94       data     extern C:\MCC18\SRC\TRADIT~1\PROC\p18f4455.asm
                     DDRD   0x000f95       data     extern C:\MCC18\SRC\TRADIT~1\PROC\p18f4455.asm
                 DDRDbits   0x000f95       data     extern C:\MCC18\SRC\TRADIT~1\PROC\p18f4455.asm
                     DDRE   0x000f96       data     extern C:\MCC18\SRC\TRADIT~1\PROC\p18f4455.asm
                 DDREbits   0x000f96       data     extern C:\MCC18\SRC\TRADIT~1\PROC\p18f4455.asm
         DispNumOfCommons   0x00012d       data     extern D:\work\midicontroller\svn\trunk\PIC\ram_def.c
              DispSegData   0x000100       data     extern D:\work\midicontroller\svn\trunk\PIC\ram_def.c
                  ECCP1AS   0x000fb6       data     extern C:\MCC18\SRC\TRADIT~1\PROC\p18f4455.asm
              ECCP1ASbits   0x000fb6       data     extern C:\MCC18\SRC\TRADIT~1\PROC\p18f4455.asm
                 ECCP1CON   0x000fbd       data     extern C:\MCC18\SRC\TRADIT~1\PROC\p18f4455.asm
             ECCP1CONbits   0x000fbd       data     extern C:\MCC18\SRC\TRADIT~1\PROC\p18f4455.asm
                 ECCP1DEL   0x000fb7       data     extern C:\MCC18\SRC\TRADIT~1\PROC\p18f4455.asm
             ECCP1DELbits   0x000fb7       data     extern C:\MCC18\SRC\TRADIT~1\PROC\p18f4455.asm
                    EEADR   0x000fa9       data     extern C:\MCC18\SRC\TRADIT~1\PROC\p18f4455.asm
                   EECON1   0x000fa6       data     extern C:\MCC18\SRC\TRADIT~1\PROC\p18f4455.asm
               EECON1bits   0x000fa6       data     extern C:\MCC18\SRC\TRADIT~1\PROC\p18f4455.asm
                   EECON2   0x000fa7       data     extern C:\MCC18\SRC\TRADIT~1\PROC\p18f4455.asm
                   EEDATA   0x000fa8       data     extern C:\MCC18\SRC\TRADIT~1\PROC\p18f4455.asm
              ExpPedalAvg   0x000179       data     extern D:\work\midicontroller\svn\trunk\PIC\ram_def.c
             ExpPedalInst   0x000133       data     extern D:\work\midicontroller\svn\trunk\PIC\ram_def.c
                     FSR0   0x000fe9       data     extern C:\MCC18\SRC\TRADIT~1\PROC\p18f4455.asm
                    FSR0H   0x000fea       data     extern C:\MCC18\SRC\TRADIT~1\PROC\p18f4455.asm
                    FSR0L   0x000fe9       data     extern C:\MCC18\SRC\TRADIT~1\PROC\p18f4455.asm
                     FSR1   0x000fe1       data     extern C:\MCC18\SRC\TRADIT~1\PROC\p18f4455.asm
                    FSR1H   0x000fe2       data     extern C:\MCC18\SRC\TRADIT~1\PROC\p18f4455.asm
                    FSR1L   0x000fe1       data     extern C:\MCC18\SRC\TRADIT~1\PROC\p18f4455.asm
                     FSR2   0x000fd9       data     extern C:\MCC18\SRC\TRADIT~1\PROC\p18f4455.asm
                    FSR2H   0x000fda       data     extern C:\MCC18\SRC\TRADIT~1\PROC\p18f4455.asm
                    FSR2L   0x000fd9       data     extern C:\MCC18\SRC\TRADIT~1\PROC\p18f4455.asm
                  HLVDCON   0x000fd2       data     extern C:\MCC18\SRC\TRADIT~1\PROC\p18f4455.asm
              HLVDCONbits   0x000fd2       data     extern C:\MCC18\SRC\TRADIT~1\PROC\p18f4455.asm
                    INDF0   0x000fef       data     extern C:\MCC18\SRC\TRADIT~1\PROC\p18f4455.asm
                    INDF1   0x000fe7       data     extern C:\MCC18\SRC\TRADIT~1\PROC\p18f4455.asm
                    INDF2   0x000fdf       data     extern C:\MCC18\SRC\TRADIT~1\PROC\p18f4455.asm
                   INTCON   0x000ff2       data     extern C:\MCC18\SRC\TRADIT~1\PROC\p18f4455.asm
                  INTCON2   0x000ff1       data     extern C:\MCC18\SRC\TRADIT~1\PROC\p18f4455.asm
              INTCON2bits   0x000ff1       data     extern C:\MCC18\SRC\TRADIT~1\PROC\p18f4455.asm
                  INTCON3   0x000ff0       data     extern C:\MCC18\SRC\TRADIT~1\PROC\p18f4455.asm
              INTCON3bits   0x000ff0       data     extern C:\MCC18\SRC\TRADIT~1\PROC\p18f4455.asm
               INTCONbits   0x000ff2       data     extern C:\MCC18\SRC\TRADIT~1\PROC\p18f4455.asm
                     IPR1   0x000f9f       data     extern C:\MCC18\SRC\TRADIT~1\PROC\p18f4455.asm
                 IPR1bits   0x000f9f       data     extern C:\MCC18\SRC\TRADIT~1\PROC\p18f4455.asm
                     IPR2   0x000fa2       data     extern C:\MCC18\SRC\TRADIT~1\PROC\p18f4455.asm
                 IPR2bits   0x000fa2       data     extern C:\MCC18\SRC\TRADIT~1\PROC\p18f4455.asm
                     LATA   0x000f89       data     extern C:\MCC18\SRC\TRADIT~1\PROC\p18f4455.asm
                 LATAbits   0x000f89       data     extern C:\MCC18\SRC\TRADIT~1\PROC\p18f4455.asm
                     LATB   0x000f8a       data     extern C:\MCC18\SRC\TRADIT~1\PROC\p18f4455.asm
                 LATBbits   0x000f8a       data     extern C:\MCC18\SRC\TRADIT~1\PROC\p18f4455.asm
                     LATC   0x000f8b       data     extern C:\MCC18\SRC\TRADIT~1\PROC\p18f4455.asm
                 LATCbits   0x000f8b       data     extern C:\MCC18\SRC\TRADIT~1\PROC\p18f4455.asm
                     LATD   0x000f8c       data     extern C:\MCC18\SRC\TRADIT~1\PROC\p18f4455.asm
                 LATDbits   0x000f8c       data     extern C:\MCC18\SRC\TRADIT~1\PROC\p18f4455.asm
                     LATE   0x000f8d       data     extern C:\MCC18\SRC\TRADIT~1\PROC\p18f4455.asm
                 LATEbits   0x000f8d       data     extern C:\MCC18\SRC\TRADIT~1\PROC\p18f4455.asm
                   LVDCON   0x000fd2       data     extern C:\MCC18\SRC\TRADIT~1\PROC\p18f4455.asm
               LVDCONbits   0x000fd2       data     extern C:\MCC18\SRC\TRADIT~1\PROC\p18f4455.asm
                LedStates   0x00012e       data     extern D:\work\midicontroller\svn\trunk\PIC\ram_def.c
               MiscFlags1   0x00001f       data     extern D:\work\midicontroller\svn\trunk\PIC\ram_def.c
              NVRCommAddr   0x000127       data     extern D:\work\midicontroller\svn\trunk\PIC\ram_def.c
                   OSCCON   0x000fd3       data     extern C:\MCC18\SRC\TRADIT~1\PROC\p18f4455.asm
               OSCCONbits   0x000fd3       data     extern C:\MCC18\SRC\TRADIT~1\PROC\p18f4455.asm
                  OSCTUNE   0x000f9b       data     extern C:\MCC18\SRC\TRADIT~1\PROC\p18f4455.asm
              OSCTUNEbits   0x000f9b       data     extern C:\MCC18\SRC\TRADIT~1\PROC\p18f4455.asm
                       PC   0x000ff9       data     extern C:\MCC18\SRC\TRADIT~1\PROC\p18f4455.asm
                      PCL   0x000ff9       data     extern C:\MCC18\SRC\TRADIT~1\PROC\p18f4455.asm
                   PCLATH   0x000ffa       data     extern C:\MCC18\SRC\TRADIT~1\PROC\p18f4455.asm
                   PCLATU   0x000ffb       data     extern C:\MCC18\SRC\TRADIT~1\PROC\p18f4455.asm
                     PIE1   0x000f9d       data     extern C:\MCC18\SRC\TRADIT~1\PROC\p18f4455.asm
                 PIE1bits   0x000f9d       data     extern C:\MCC18\SRC\TRADIT~1\PROC\p18f4455.asm
                     PIE2   0x000fa0       data     extern C:\MCC18\SRC\TRADIT~1\PROC\p18f4455.asm
                 PIE2bits   0x000fa0       data     extern C:\MCC18\SRC\TRADIT~1\PROC\p18f4455.asm
                     PIR1   0x000f9e       data     extern C:\MCC18\SRC\TRADIT~1\PROC\p18f4455.asm
                 PIR1bits   0x000f9e       data     extern C:\MCC18\SRC\TRADIT~1\PROC\p18f4455.asm
                     PIR2   0x000fa1       data     extern C:\MCC18\SRC\TRADIT~1\PROC\p18f4455.asm
                 PIR2bits   0x000fa1       data     extern C:\MCC18\SRC\TRADIT~1\PROC\p18f4455.asm
                   PLUSW0   0x000feb       data     extern C:\MCC18\SRC\TRADIT~1\PROC\p18f4455.asm
                   PLUSW1   0x000fe3       data     extern C:\MCC18\SRC\TRADIT~1\PROC\p18f4455.asm
                   PLUSW2   0x000fdb       data     extern C:\MCC18\SRC\TRADIT~1\PROC\p18f4455.asm
                    PORTA   0x000f80       data     extern C:\MCC18\SRC\TRADIT~1\PROC\p18f4455.asm
                PORTAbits   0x000f80       data     extern C:\MCC18\SRC\TRADIT~1\PROC\p18f4455.asm
                    PORTB   0x000f81       data     extern C:\MCC18\SRC\TRADIT~1\PROC\p18f4455.asm
                PORTBbits   0x000f81       data     extern C:\MCC18\SRC\TRADIT~1\PROC\p18f4455.asm
                    PORTC   0x000f82       data     extern C:\MCC18\SRC\TRADIT~1\PROC\p18f4455.asm
                PORTCbits   0x000f82       data     extern C:\MCC18\SRC\TRADIT~1\PROC\p18f4455.asm
                    PORTD   0x000f83       data     extern C:\MCC18\SRC\TRADIT~1\PROC\p18f4455.asm
                PORTDbits   0x000f83       data     extern C:\MCC18\SRC\TRADIT~1\PROC\p18f4455.asm
                    PORTE   0x000f84       data     extern C:\MCC18\SRC\TRADIT~1\PROC\p18f4455.asm
                PORTEbits   0x000f84       data     extern C:\MCC18\SRC\TRADIT~1\PROC\p18f4455.asm
                 POSTDEC0   0x000fed       data     extern C:\MCC18\SRC\TRADIT~1\PROC\p18f4455.asm
                 POSTDEC1   0x000fe5       data     extern C:\MCC18\SRC\TRADIT~1\PROC\p18f4455.asm
                 POSTDEC2   0x000fdd       data     extern C:\MCC18\SRC\TRADIT~1\PROC\p18f4455.asm
                 POSTINC0   0x000fee       data     extern C:\MCC18\SRC\TRADIT~1\PROC\p18f4455.asm
                 POSTINC1   0x000fe6       data     extern C:\MCC18\SRC\TRADIT~1\PROC\p18f4455.asm
                 POSTINC2   0x000fde       data     extern C:\MCC18\SRC\TRADIT~1\PROC\p18f4455.asm
                      PR2   0x000fcb       data     extern C:\MCC18\SRC\TRADIT~1\PROC\p18f4455.asm
                  PREINC0   0x000fec       data     extern C:\MCC18\SRC\TRADIT~1\PROC\p18f4455.asm
                  PREINC1   0x000fe4       data     extern C:\MCC18\SRC\TRADIT~1\PROC\p18f4455.asm
                  PREINC2   0x000fdc       data     extern C:\MCC18\SRC\TRADIT~1\PROC\p18f4455.asm
                     PROD   0x000ff3       data     extern C:\MCC18\SRC\TRADIT~1\PROC\p18f4455.asm
                    PRODH   0x000ff4       data     extern C:\MCC18\SRC\TRADIT~1\PROC\p18f4455.asm
                    PRODL   0x000ff3       data     extern C:\MCC18\SRC\TRADIT~1\PROC\p18f4455.asm
               PresentCmd   0x000084       data     extern D:\work\midicontroller\svn\trunk\PIC\usbapplet.c
              ProgMemAddr   0x000105       data     extern D:\work\midicontroller\svn\trunk\PIC\ram_def.c
            ProgmemBuffer   0x000107       data     extern D:\work\midicontroller\svn\trunk\PIC\ram_def.c
              RAMCommAddr   0x000129       data     extern D:\work\midicontroller\svn\trunk\PIC\ram_def.c
                     RCON   0x000fd0       data     extern C:\MCC18\SRC\TRADIT~1\PROC\p18f4455.asm
                 RCONbits   0x000fd0       data     extern C:\MCC18\SRC\TRADIT~1\PROC\p18f4455.asm
                    RCREG   0x000fae       data     extern C:\MCC18\SRC\TRADIT~1\PROC\p18f4455.asm
                    RCSTA   0x000fab       data     extern C:\MCC18\SRC\TRADIT~1\PROC\p18f4455.asm
                RCSTAbits   0x000fab       data     extern C:\MCC18\SRC\TRADIT~1\PROC\p18f4455.asm
              ROMCommAddr   0x00012b       data     extern D:\work\midicontroller\svn\trunk\PIC\ram_def.c
             ResponseType   0x0001c6       data     extern D:\work\midicontroller\svn\trunk\PIC\ram_def.c
                     SIGN   0x000000       data     extern C:\MCC18\SRC\TRADIT~1\MATH\cmath18.asm
                    SPBRG   0x000faf       data     extern C:\MCC18\SRC\TRADIT~1\PROC\p18f4455.asm
                   SPBRGH   0x000fb0       data     extern C:\MCC18\SRC\TRADIT~1\PROC\p18f4455.asm
                   SPPCFG   0x000f63       data     extern C:\MCC18\SRC\TRADIT~1\PROC\p18f4455.asm
               SPPCFGbits   0x000f63       data     extern C:\MCC18\SRC\TRADIT~1\PROC\p18f4455.asm
                   SPPCON   0x000f65       data     extern C:\MCC18\SRC\TRADIT~1\PROC\p18f4455.asm
               SPPCONbits   0x000f65       data     extern C:\MCC18\SRC\TRADIT~1\PROC\p18f4455.asm
                  SPPDATA   0x000f62       data     extern C:\MCC18\SRC\TRADIT~1\PROC\p18f4455.asm
                   SPPEPS   0x000f64       data     extern C:\MCC18\SRC\TRADIT~1\PROC\p18f4455.asm
               SPPEPSbits   0x000f64       data     extern C:\MCC18\SRC\TRADIT~1\PROC\p18f4455.asm
                   SSPADD   0x000fc8       data     extern C:\MCC18\SRC\TRADIT~1\PROC\p18f4455.asm
                   SSPBUF   0x000fc9       data     extern C:\MCC18\SRC\TRADIT~1\PROC\p18f4455.asm
                  SSPCON1   0x000fc6       data     extern C:\MCC18\SRC\TRADIT~1\PROC\p18f4455.asm
              SSPCON1bits   0x000fc6       data     extern C:\MCC18\SRC\TRADIT~1\PROC\p18f4455.asm
                  SSPCON2   0x000fc5       data     extern C:\MCC18\SRC\TRADIT~1\PROC\p18f4455.asm
              SSPCON2bits   0x000fc5       data     extern C:\MCC18\SRC\TRADIT~1\PROC\p18f4455.asm
                  SSPSTAT   0x000fc7       data     extern C:\MCC18\SRC\TRADIT~1\PROC\p18f4455.asm
              SSPSTATbits   0x000fc7       data     extern C:\MCC18\SRC\TRADIT~1\PROC\p18f4455.asm
                   STATUS   0x000fd8       data     extern C:\MCC18\SRC\TRADIT~1\PROC\p18f4455.asm
               STATUSbits   0x000fd8       data     extern C:\MCC18\SRC\TRADIT~1\PROC\p18f4455.asm
                   STKPTR   0x000ffc       data     extern C:\MCC18\SRC\TRADIT~1\PROC\p18f4455.asm
               STKPTRbits   0x000ffc       data     extern C:\MCC18\SRC\TRADIT~1\PROC\p18f4455.asm
     ScrollingDisplayData   0x000137       data     extern D:\work\midicontroller\svn\trunk\PIC\ram_def.c
    ScrollingDisplayIndex   0x000178       data     extern D:\work\midicontroller\svn\trunk\PIC\ram_def.c
   ScrollingDisplayLength   0x000177       data     extern D:\work\midicontroller\svn\trunk\PIC\ram_def.c
                 SetupPkt   0x000410       data     extern D:\work\midicontroller\svn\trunk\PIC\usb.c
              SystickCntr   0x000134       data     extern D:\work\midicontroller\svn\trunk\PIC\ram_def.c
             SystickCntr2   0x000135       data     extern D:\work\midicontroller\svn\trunk\PIC\ram_def.c
             SystickCntr3   0x000136       data     extern D:\work\midicontroller\svn\trunk\PIC\ram_def.c
                    T0CON   0x000fd5       data     extern C:\MCC18\SRC\TRADIT~1\PROC\p18f4455.asm
                T0CONbits   0x000fd5       data     extern C:\MCC18\SRC\TRADIT~1\PROC\p18f4455.asm
                    T1CON   0x000fcd       data     extern C:\MCC18\SRC\TRADIT~1\PROC\p18f4455.asm
                T1CONbits   0x000fcd       data     extern C:\MCC18\SRC\TRADIT~1\PROC\p18f4455.asm
                    T2CON   0x000fca       data     extern C:\MCC18\SRC\TRADIT~1\PROC\p18f4455.asm
                T2CONbits   0x000fca       data     extern C:\MCC18\SRC\TRADIT~1\PROC\p18f4455.asm
                    T3CON   0x000fb1       data     extern C:\MCC18\SRC\TRADIT~1\PROC\p18f4455.asm
                T3CONbits   0x000fb1       data     extern C:\MCC18\SRC\TRADIT~1\PROC\p18f4455.asm
                   TABLAT   0x000ff5       data     extern C:\MCC18\SRC\TRADIT~1\PROC\p18f4455.asm
                   TBLPTR   0x000ff6       data     extern C:\MCC18\SRC\TRADIT~1\PROC\p18f4455.asm
                  TBLPTRH   0x000ff7       data     extern C:\MCC18\SRC\TRADIT~1\PROC\p18f4455.asm
                  TBLPTRL   0x000ff6       data     extern C:\MCC18\SRC\TRADIT~1\PROC\p18f4455.asm
                  TBLPTRU   0x000ff8       data     extern C:\MCC18\SRC\TRADIT~1\PROC\p18f4455.asm
                    TMR0H   0x000fd7       data     extern C:\MCC18\SRC\TRADIT~1\PROC\p18f4455.asm
                    TMR0L   0x000fd6       data     extern C:\MCC18\SRC\TRADIT~1\PROC\p18f4455.asm
                    TMR1H   0x000fcf       data     extern C:\MCC18\SRC\TRADIT~1\PROC\p18f4455.asm
                    TMR1L   0x000fce       data     extern C:\MCC18\SRC\TRADIT~1\PROC\p18f4455.asm
                     TMR2   0x000fcc       data     extern C:\MCC18\SRC\TRADIT~1\PROC\p18f4455.asm
                    TMR3H   0x000fb3       data     extern C:\MCC18\SRC\TRADIT~1\PROC\p18f4455.asm
                    TMR3L   0x000fb2       data     extern C:\MCC18\SRC\TRADIT~1\PROC\p18f4455.asm
                      TOS   0x000ffd       data     extern C:\MCC18\SRC\TRADIT~1\PROC\p18f4455.asm
                     TOSH   0x000ffe       data     extern C:\MCC18\SRC\TRADIT~1\PROC\p18f4455.asm
                     TOSL   0x000ffd       data     extern C:\MCC18\SRC\TRADIT~1\PROC\p18f4455.asm
                     TOSU   0x000fff       data     extern C:\MCC18\SRC\TRADIT~1\PROC\p18f4455.asm
                    TRISA   0x000f92       data     extern C:\MCC18\SRC\TRADIT~1\PROC\p18f4455.asm
                TRISAbits   0x000f92       data     extern C:\MCC18\SRC\TRADIT~1\PROC\p18f4455.asm
                    TRISB   0x000f93       data     extern C:\MCC18\SRC\TRADIT~1\PROC\p18f4455.asm
                TRISBbits   0x000f93       data     extern C:\MCC18\SRC\TRADIT~1\PROC\p18f4455.asm
                    TRISC   0x000f94       data     extern C:\MCC18\SRC\TRADIT~1\PROC\p18f4455.asm
                TRISCbits   0x000f94       data     extern C:\MCC18\SRC\TRADIT~1\PROC\p18f4455.asm
                    TRISD   0x000f95       data     extern C:\MCC18\SRC\TRADIT~1\PROC\p18f4455.asm
                TRISDbits   0x000f95       data     extern C:\MCC18\SRC\TRADIT~1\PROC\p18f4455.asm
                    TRISE   0x000f96       data     extern C:\MCC18\SRC\TRADIT~1\PROC\p18f4455.asm
                TRISEbits   0x000f96       data     extern C:\MCC18\SRC\TRADIT~1\PROC\p18f4455.asm
                    TXREG   0x000fad       data     extern C:\MCC18\SRC\TRADIT~1\PROC\p18f4455.asm
                    TXSTA   0x000fac       data     extern C:\MCC18\SRC\TRADIT~1\PROC\p18f4455.asm
                TXSTAbits   0x000fac       data     extern C:\MCC18\SRC\TRADIT~1\PROC\p18f4455.asm
              TxBufOutPtr   0x000184       data     extern D:\work\midicontroller\svn\trunk\PIC\ram_def.c
                 TxBufPtr   0x000183       data     extern D:\work\midicontroller\svn\trunk\PIC\ram_def.c
                 TxBuffer   0x00017b       data     extern D:\work\midicontroller\svn\trunk\PIC\ram_def.c
                    UADDR   0x000f6e       data     extern C:\MCC18\SRC\TRADIT~1\PROC\p18f4455.asm
                UADDRbits   0x000f6e       data     extern C:\MCC18\SRC\TRADIT~1\PROC\p18f4455.asm
                     UCFG   0x000f6f       data     extern C:\MCC18\SRC\TRADIT~1\PROC\p18f4455.asm
                 UCFGbits   0x000f6f       data     extern C:\MCC18\SRC\TRADIT~1\PROC\p18f4455.asm
                     UCON   0x000f6d       data     extern C:\MCC18\SRC\TRADIT~1\PROC\p18f4455.asm
                 UCONbits   0x000f6d       data     extern C:\MCC18\SRC\TRADIT~1\PROC\p18f4455.asm
                     UEIE   0x000f6b       data     extern C:\MCC18\SRC\TRADIT~1\PROC\p18f4455.asm
                 UEIEbits   0x000f6b       data     extern C:\MCC18\SRC\TRADIT~1\PROC\p18f4455.asm
                     UEIR   0x000f6a       data     extern C:\MCC18\SRC\TRADIT~1\PROC\p18f4455.asm
                 UEIRbits   0x000f6a       data     extern C:\MCC18\SRC\TRADIT~1\PROC\p18f4455.asm
                     UEP0   0x000f70       data     extern C:\MCC18\SRC\TRADIT~1\PROC\p18f4455.asm
                 UEP0bits   0x000f70       data     extern C:\MCC18\SRC\TRADIT~1\PROC\p18f4455.asm
                     UEP1   0x000f71       data     extern C:\MCC18\SRC\TRADIT~1\PROC\p18f4455.asm
                    UEP10   0x000f7a       data     extern C:\MCC18\SRC\TRADIT~1\PROC\p18f4455.asm
                UEP10bits   0x000f7a       data     extern C:\MCC18\SRC\TRADIT~1\PROC\p18f4455.asm
                    UEP11   0x000f7b       data     extern C:\MCC18\SRC\TRADIT~1\PROC\p18f4455.asm
                UEP11bits   0x000f7b       data     extern C:\MCC18\SRC\TRADIT~1\PROC\p18f4455.asm
                    UEP12   0x000f7c       data     extern C:\MCC18\SRC\TRADIT~1\PROC\p18f4455.asm
                UEP12bits   0x000f7c       data     extern C:\MCC18\SRC\TRADIT~1\PROC\p18f4455.asm
                    UEP13   0x000f7d       data     extern C:\MCC18\SRC\TRADIT~1\PROC\p18f4455.asm
                UEP13bits   0x000f7d       data     extern C:\MCC18\SRC\TRADIT~1\PROC\p18f4455.asm
                    UEP14   0x000f7e       data     extern C:\MCC18\SRC\TRADIT~1\PROC\p18f4455.asm
                UEP14bits   0x000f7e       data     extern C:\MCC18\SRC\TRADIT~1\PROC\p18f4455.asm
                    UEP15   0x000f7f       data     extern C:\MCC18\SRC\TRADIT~1\PROC\p18f4455.asm
                UEP15bits   0x000f7f       data     extern C:\MCC18\SRC\TRADIT~1\PROC\p18f4455.asm
                 UEP1bits   0x000f71       data     extern C:\MCC18\SRC\TRADIT~1\PROC\p18f4455.asm
                     UEP2   0x000f72       data     extern C:\MCC18\SRC\TRADIT~1\PROC\p18f4455.asm
                 UEP2bits   0x000f72       data     extern C:\MCC18\SRC\TRADIT~1\PROC\p18f4455.asm
                     UEP3   0x000f73       data     extern C:\MCC18\SRC\TRADIT~1\PROC\p18f4455.asm
                 UEP3bits   0x000f73       data     extern C:\MCC18\SRC\TRADIT~1\PROC\p18f4455.asm
                     UEP4   0x000f74       data     extern C:\MCC18\SRC\TRADIT~1\PROC\p18f4455.asm
                 UEP4bits   0x000f74       data     extern C:\MCC18\SRC\TRADIT~1\PROC\p18f4455.asm
                     UEP5   0x000f75       data     extern C:\MCC18\SRC\TRADIT~1\PROC\p18f4455.asm
                 UEP5bits   0x000f75       data     extern C:\MCC18\SRC\TRADIT~1\PROC\p18f4455.asm
                     UEP6   0x000f76       data     extern C:\MCC18\SRC\TRADIT~1\PROC\p18f4455.asm
                 UEP6bits   0x000f76       data     extern C:\MCC18\SRC\TRADIT~1\PROC\p18f4455.asm
                     UEP7   0x000f77       data     extern C:\MCC18\SRC\TRADIT~1\PROC\p18f4455.asm
                 UEP7bits   0x000f77       data     extern C:\MCC18\SRC\TRADIT~1\PROC\p18f4455.asm
                     UEP8   0x000f78       data     extern C:\MCC18\SRC\TRADIT~1\PROC\p18f4455.asm
                 UEP8bits   0x000f78       data     extern C:\MCC18\SRC\TRADIT~1\PROC\p18f4455.asm
                     UEP9   0x000f79       data     extern C:\MCC18\SRC\TRADIT~1\PROC\p18f4455.asm
                 UEP9bits   0x000f79       data     extern C:\MCC18\SRC\TRADIT~1\PROC\p18f4455.asm
                     UFRM   0x000f66       data     extern C:\MCC18\SRC\TRADIT~1\PROC\p18f4455.asm
                    UFRMH   0x000f67       data     extern C:\MCC18\SRC\TRADIT~1\PROC\p18f4455.asm
                UFRMHbits   0x000f67       data     extern C:\MCC18\SRC\TRADIT~1\PROC\p18f4455.asm
                    UFRML   0x000f66       data     extern C:\MCC18\SRC\TRADIT~1\PROC\p18f4455.asm
                UFRMLbits   0x000f66       data     extern C:\MCC18\SRC\TRADIT~1\PROC\p18f4455.asm
                      UIE   0x000f69       data     extern C:\MCC18\SRC\TRADIT~1\PROC\p18f4455.asm
                  UIEbits   0x000f69       data     extern C:\MCC18\SRC\TRADIT~1\PROC\p18f4455.asm
                      UIR   0x000f68       data     extern C:\MCC18\SRC\TRADIT~1\PROC\p18f4455.asm
                  UIRbits   0x000f68       data     extern C:\MCC18\SRC\TRADIT~1\PROC\p18f4455.asm
           USBDataPointer   0x000185       data     extern D:\work\midicontroller\svn\trunk\PIC\ram_def.c
       USBEP0DataInBuffer   0x000186       data     extern D:\work\midicontroller\svn\trunk\PIC\ram_def.c
                    USTAT   0x000f6c       data     extern C:\MCC18\SRC\TRADIT~1\PROC\p18f4455.asm
                USTATbits   0x000f6c       data     extern C:\MCC18\SRC\TRADIT~1\PROC\p18f4455.asm
                   WDTCON   0x000fd1       data     extern C:\MCC18\SRC\TRADIT~1\PROC\p18f4455.asm
               WDTCONbits   0x000fd1       data     extern C:\MCC18\SRC\TRADIT~1\PROC\p18f4455.asm
                     WREG   0x000fe8       data     extern C:\MCC18\SRC\TRADIT~1\PROC\p18f4455.asm
                 __AARGB0   0x000009       data     extern C:\MCC18\SRC\TRADIT~1\MATH\aarg.asm
                 __AARGB1   0x000008       data     extern C:\MCC18\SRC\TRADIT~1\MATH\aarg.asm
                 __AARGB2   0x000007       data     extern C:\MCC18\SRC\TRADIT~1\MATH\aarg.asm
                 __AARGB3   0x000006       data     extern C:\MCC18\SRC\TRADIT~1\MATH\aarg.asm
                 __AARGB4   0x000005       data     extern C:\MCC18\SRC\TRADIT~1\MATH\aarg.asm
                 __AARGB5   0x000004       data     extern C:\MCC18\SRC\TRADIT~1\MATH\aarg.asm
                 __AARGB6   0x000003       data     extern C:\MCC18\SRC\TRADIT~1\MATH\aarg.asm
                 __AARGB7   0x000002       data     extern C:\MCC18\SRC\TRADIT~1\MATH\aarg.asm
                   __AEXP   0x00000a       data     extern C:\MCC18\SRC\TRADIT~1\MATH\aarg.asm
                 __BARGB0   0x00000e       data     extern C:\MCC18\SRC\TRADIT~1\MATH\barg.asm
                 __BARGB1   0x00000d       data     extern C:\MCC18\SRC\TRADIT~1\MATH\barg.asm
                 __BARGB2   0x00000c       data     extern C:\MCC18\SRC\TRADIT~1\MATH\barg.asm
                 __BARGB3   0x00000b       data     extern C:\MCC18\SRC\TRADIT~1\MATH\barg.asm
                   __BEXP   0x00000f       data     extern C:\MCC18\SRC\TRADIT~1\MATH\barg.asm
                __FPFLAGS   0x000001       data     extern C:\MCC18\SRC\TRADIT~1\MATH\cmath18.asm
            __FPFLAGSbits   0x000001       data     extern C:\MCC18\SRC\TRADIT~1\MATH\cmath18.asm
                  __REMB0   0x000005       data     extern C:\MCC18\SRC\TRADIT~1\MATH\aarg.asm
                  __REMB1   0x000004       data     extern C:\MCC18\SRC\TRADIT~1\MATH\aarg.asm
                  __REMB2   0x000003       data     extern C:\MCC18\SRC\TRADIT~1\MATH\aarg.asm
                  __REMB3   0x000002       data     extern C:\MCC18\SRC\TRADIT~1\MATH\aarg.asm
                   __TEMP   0x000013       data     extern C:\MCC18\SRC\TRADIT~1\MATH\temparg.asm
                 __TEMPB0   0x000013       data     extern C:\MCC18\SRC\TRADIT~1\MATH\temparg.asm
                 __TEMPB1   0x000012       data     extern C:\MCC18\SRC\TRADIT~1\MATH\temparg.asm
                 __TEMPB2   0x000011       data     extern C:\MCC18\SRC\TRADIT~1\MATH\temparg.asm
                 __TEMPB3   0x000010       data     extern C:\MCC18\SRC\TRADIT~1\MATH\temparg.asm
                  __tmp_0   0x000014       data     static D:\work\midicontroller\svn\trunk\PIC\writeprogmem.c
                  __tmp_0   0x000014       data     static D:\work\midicontroller\svn\trunk\PIC\leds.c
                  __tmp_0   0x000014       data     static D:\work\midicontroller\svn\trunk\common\controller.c
                  __tmp_0   0x000014       data     static D:\work\midicontroller\svn\trunk\PIC\hwcalls.c
                  __tmp_0   0x000014       data     static D:\work\midicontroller\svn\trunk\PIC\hid.c
                  __tmp_0   0x000014       data     static D:\work\midicontroller\svn\trunk\PIC\usb.c
                  __tmp_0   0x000014       data     static D:\work\midicontroller\svn\trunk\PIC\usbapplet.c
              accel_count   0x000082       data     extern D:\work\midicontroller\svn\trunk\common\controller.c
              accel_state   0x0001d6       data     extern D:\work\midicontroller\svn\trunk\common\controller.c
               accel_time   0x000080       data     extern D:\work\midicontroller\svn\trunk\common\controller.c
          accel_time_fast   0x0001de       data     extern D:\work\midicontroller\svn\trunk\common\controller.c
        accel_time_medium   0x0001dc       data     extern D:\work\midicontroller\svn\trunk\common\controller.c
          accel_time_slow   0x0001da       data     extern D:\work\midicontroller\svn\trunk\common\controller.c
          active_protocol   0x0001fe       data     extern D:\work\midicontroller\svn\trunk\PIC\hid.c
                     bank   0x000060       data     extern D:\work\midicontroller\svn\trunk\common\controller.c
               bank_count   0x00007e       data     extern D:\work\midicontroller\svn\trunk\common\controller.c
         bank_record_size   0x000086       data     extern D:\work\midicontroller\svn\trunk\PIC\hwcalls.c
           bankcontroller   0x000064       data     extern D:\work\midicontroller\svn\trunk\common\controller.c
                  bankmap   0x000068       data     extern D:\work\midicontroller\svn\trunk\common\controller.c
            bankmap_count   0x000070       data     extern D:\work\midicontroller\svn\trunk\common\controller.c
                 bankname   0x000071       data     extern D:\work\midicontroller\svn\trunk\common\controller.c
                  cc_curr   0x0001ea       data     extern D:\work\midicontroller\svn\trunk\common\controller.c
                  cc_last   0x0001eb       data     extern D:\work\midicontroller\svn\trunk\common\controller.c
            cdtimer_flash   0x0001ce       data     extern D:\work\midicontroller\svn\trunk\common\controller.c
        cdtimer_holdenter   0x0001d4       data     extern D:\work\midicontroller\svn\trunk\common\controller.c
      cdtimer_incdec_held   0x0001d2       data     extern D:\work\midicontroller\svn\trunk\common\controller.c
            cdtimer_store   0x0001d0       data     extern D:\work\midicontroller\svn\trunk\common\controller.c
            cdtimer_value   0x0001cc       data     extern D:\work\midicontroller\svn\trunk\common\controller.c
   ctrl_trf_session_owner   0x0001f4       data     extern D:\work\midicontroller\svn\trunk\PIC\usb.c
           ctrl_trf_state   0x0001f3       data     extern D:\work\midicontroller\svn\trunk\PIC\usb.c
                curr_bank   0x000078       data     extern D:\work\midicontroller\svn\trunk\common\controller.c
            curr_mapindex   0x000077       data     extern D:\work\midicontroller\svn\trunk\common\controller.c
              curr_preset   0x000076       data     extern D:\work\midicontroller\svn\trunk\common\controller.c
             curr_program   0x000075       data     extern D:\work\midicontroller\svn\trunk\common\controller.c
          curr_sortedbank   0x00007c       data     extern D:\work\midicontroller\svn\trunk\common\controller.c
              delay_count   0x0001fb       data     static D:\work\midicontroller\svn\trunk\PIC\usb.c
                    ep0Bi   0x000404       data     extern D:\work\midicontroller\svn\trunk\PIC\usb.c
                    ep0Bo   0x000400       data     extern D:\work\midicontroller\svn\trunk\PIC\usb.c
                    ep1Bi   0x00040c       data     extern D:\work\midicontroller\svn\trunk\PIC\usb.c
                    ep1Bo   0x000408       data     extern D:\work\midicontroller\svn\trunk\PIC\usb.c
                flash_led   0x0001d9       data     extern D:\work\midicontroller\svn\trunk\common\controller.c
              flash_state   0x0001d7       data     extern D:\work\midicontroller\svn\trunk\common\controller.c
            hid_report_in   0x000498       data     extern D:\work\midicontroller\svn\trunk\PIC\usb.c
           hid_report_out   0x000490       data     extern D:\work\midicontroller\svn\trunk\PIC\usb.c
           hid_rpt_rx_len   0x0001ff       data     extern D:\work\midicontroller\svn\trunk\PIC\hid.c
                idle_rate   0x0001fd       data     extern D:\work\midicontroller\svn\trunk\PIC\hid.c
              incdec_mode   0x0001ee       data     extern D:\work\midicontroller\svn\trunk\common\controller.c
              loaded_bank   0x00007a       data     extern D:\work\midicontroller\svn\trunk\common\controller.c
             midi_channel   0x0001c7       data     extern D:\work\midicontroller\svn\trunk\common\controller.c
                     mode   0x000083       data     extern D:\work\midicontroller\svn\trunk\common\controller.c
                     pDst   0x0001f7       data     extern D:\work\midicontroller\svn\trunk\PIC\usb.c
                     pSrc   0x0001f5       data     extern D:\work\midicontroller\svn\trunk\PIC\usb.c
              preset_held   0x0001c8       data     extern D:\work\midicontroller\svn\trunk\common\controller.c
             program_mode   0x0001d8       data     extern D:\work\midicontroller\svn\trunk\common\controller.c
              store_state   0x0001ed       data     extern D:\work\midicontroller\svn\trunk\common\controller.c
                  sw_curr   0x0001e2       data     extern D:\work\midicontroller\svn\trunk\common\controller.c
                  sw_last   0x0001e6       data     extern D:\work\midicontroller\svn\trunk\common\controller.c
             switch_state   0x0001ec       data     extern D:\work\midicontroller\svn\trunk\common\controller.c
           usb_active_cfg   0x0001f1       data     extern D:\work\midicontroller\svn\trunk\PIC\usb.c
             usb_alt_intf   0x0001f2       data     extern D:\work\midicontroller\svn\trunk\PIC\usb.c
         usb_device_state   0x0001ef       data     extern D:\work\midicontroller\svn\trunk\PIC\usb.c
                 usb_stat   0x0001f0       data     extern D:\work\midicontroller\svn\trunk\PIC\usb.c
          value_flashtime   0x0001e0       data     extern D:\work\midicontroller\svn\trunk\common\controller.c
                   wCount   0x0001f9       data     extern D:\work\midicontroller\svn\trunk\PIC\usb.c



                              Symbols - Sorted by Address
                     Name    Address   Location    Storage File                     
                ---------  ---------  ---------  --------- ---------                
           RealInitVector   0x000000    program     extern D:\work\midicontroller\svn\trunk\PIC\vectors.c
       ___return_lbl00000   0x000004    program     static                          
  RealInterruptVectorHigh   0x000008    program     extern D:\work\midicontroller\svn\trunk\PIC\vectors.c
       ___return_lbl00001   0x00000c    program     static                          
                   _entry   0x000a00    program     extern D:\work\midicontroller\svn\trunk\PIC\startup.c
       ___return_lbl00000   0x000a04    program     static                          
      InterruptVectorHigh   0x000a08    program     extern D:\work\midicontroller\svn\trunk\PIC\intslct.c
       ___return_lbl00000   0x000a0c    program     static                          
                     main   0x000a2a    program     extern D:\work\midicontroller\svn\trunk\PIC\main.c
               ServiceUSB   0x000af4    program     extern D:\work\midicontroller\svn\trunk\PIC\main.c
               itoa_fixed   0x000b1c    program     extern D:\work\midicontroller\svn\trunk\common\controller.c
             show_program   0x000b72    program     extern D:\work\midicontroller\svn\trunk\common\controller.c
         program_activate   0x000bb8    program     extern D:\work\midicontroller\svn\trunk\common\controller.c
          preset_activate   0x000bde    program     extern D:\work\midicontroller\svn\trunk\common\controller.c
             bankmap_show   0x000bfe    program     extern D:\work\midicontroller\svn\trunk\common\controller.c
         bankmap_activate   0x000c0c    program     extern D:\work\midicontroller\svn\trunk\common\controller.c
            bank_activate   0x000c2c    program     extern D:\work\midicontroller\svn\trunk\common\controller.c
      sortedbank_activate   0x000c6c    program     extern D:\work\midicontroller\svn\trunk\common\controller.c
            bank_showname   0x000c82    program     extern D:\work\midicontroller\svn\trunk\common\controller.c
      sortedbank_showname   0x000c96    program     extern D:\work\midicontroller\svn\trunk\common\controller.c
           button_pressed   0x000cc8    program     extern D:\work\midicontroller\svn\trunk\common\controller.c
              button_held   0x000d0e    program     extern D:\work\midicontroller\svn\trunk\common\controller.c
          button_released   0x000d34    program     extern D:\work\midicontroller\svn\trunk\common\controller.c
  controller_10msec_timer   0x000d94    program     extern D:\work\midicontroller\svn\trunk\common\controller.c
       inc_practice_value   0x000ea6    program     extern D:\work\midicontroller\svn\trunk\common\controller.c
       dec_practice_value   0x000ed8    program     extern D:\work\midicontroller\svn\trunk\common\controller.c
    notify_practice_value   0x000f04    program     extern D:\work\midicontroller\svn\trunk\common\controller.c
  activate_practice_value   0x000f12    program     extern D:\work\midicontroller\svn\trunk\common\controller.c
        sequence_complete   0x000f28    program     extern D:\work\midicontroller\svn\trunk\common\controller.c
          controller_init   0x000f44    program     extern D:\work\midicontroller\svn\trunk\common\controller.c
        controller_handle   0x000f8c    program     extern D:\work\midicontroller\svn\trunk\common\controller.c
                   __pa_0   0x00155c    program     static D:\work\midicontroller\svn\trunk\common\controller.c
                   __pa_1   0x001562    program     static D:\work\midicontroller\svn\trunk\common\controller.c
                   __pa_2   0x001572    program     static D:\work\midicontroller\svn\trunk\common\controller.c
                   __pa_3   0x001582    program     static D:\work\midicontroller\svn\trunk\common\controller.c
                   __pa_4   0x0015a4    program     static D:\work\midicontroller\svn\trunk\common\controller.c
                   __pa_5   0x0015b6    program     static D:\work\midicontroller\svn\trunk\common\controller.c
                   __pa_6   0x0015d2    program     static D:\work\midicontroller\svn\trunk\common\controller.c
                   __pa_7   0x0015ea    program     static D:\work\midicontroller\svn\trunk\common\controller.c
              __tmplbl_55   0x001602    program     static                          
              __tmplbl_54   0x001602    program     static                          
              __tmplbl_52   0x001602    program     static                          
              __tmplbl_51   0x001602    program     static                          
              __tmplbl_50   0x001602    program     static                          
              __tmplbl_49   0x001602    program     static                          
              __tmplbl_48   0x001602    program     static                          
              __tmplbl_47   0x001602    program     static                          
              __tmplbl_46   0x001602    program     static                          
                   __pa_8   0x001602    program     static D:\work\midicontroller\svn\trunk\common\controller.c
              __tmplbl_53   0x001602    program     static                          
                   __pa_9   0x00160a    program     static D:\work\midicontroller\svn\trunk\common\controller.c
                  __pa_10   0x001618    program     static D:\work\midicontroller\svn\trunk\common\controller.c
                  __pa_11   0x001622    program     static D:\work\midicontroller\svn\trunk\common\controller.c
                  __pa_12   0x00162a    program     static D:\work\midicontroller\svn\trunk\common\controller.c
                  __pa_13   0x001644    program     static D:\work\midicontroller\svn\trunk\common\controller.c
                  __pa_14   0x001654    program     static D:\work\midicontroller\svn\trunk\common\controller.c
                  __pa_15   0x001664    program     static D:\work\midicontroller\svn\trunk\common\controller.c
                  __pa_16   0x00167c    program     static D:\work\midicontroller\svn\trunk\common\controller.c
                  __pa_17   0x001686    program     static D:\work\midicontroller\svn\trunk\common\controller.c
                  __pa_18   0x001692    program     static D:\work\midicontroller\svn\trunk\common\controller.c
                  __pa_19   0x0016a0    program     static D:\work\midicontroller\svn\trunk\common\controller.c
                  __pa_20   0x0016aa    program     static D:\work\midicontroller\svn\trunk\common\controller.c
                  __pa_21   0x0016be    program     static D:\work\midicontroller\svn\trunk\common\controller.c
                  __pa_22   0x0016ce    program     static D:\work\midicontroller\svn\trunk\common\controller.c
                  __pa_23   0x0016da    program     static D:\work\midicontroller\svn\trunk\common\controller.c
                  __pa_24   0x0016e4    program     static D:\work\midicontroller\svn\trunk\common\controller.c
[...]
                    UEP10   0x000f7a       data     extern C:\MCC18\SRC\TRADIT~1\PROC\p18f4455.asm
                UEP11bits   0x000f7b       data     extern C:\MCC18\SRC\TRADIT~1\PROC\p18f4455.asm
                    UEP11   0x000f7b       data     extern C:\MCC18\SRC\TRADIT~1\PROC\p18f4455.asm
                UEP12bits   0x000f7c       data     extern C:\MCC18\SRC\TRADIT~1\PROC\p18f4455.asm
                    UEP12   0x000f7c       data     extern C:\MCC18\SRC\TRADIT~1\PROC\p18f4455.asm
                UEP13bits   0x000f7d       data     extern C:\MCC18\SRC\TRADIT~1\PROC\p18f4455.asm
                    UEP13   0x000f7d       data     extern C:\MCC18\SRC\TRADIT~1\PROC\p18f4455.asm
                    UEP14   0x000f7e       data     extern C:\MCC18\SRC\TRADIT~1\PROC\p18f4455.asm
                UEP14bits   0x000f7e       data     extern C:\MCC18\SRC\TRADIT~1\PROC\p18f4455.asm
                UEP15bits   0x000f7f       data     extern C:\MCC18\SRC\TRADIT~1\PROC\p18f4455.asm
                    UEP15   0x000f7f       data     extern C:\MCC18\SRC\TRADIT~1\PROC\p18f4455.asm
                    PORTA   0x000f80       data     extern C:\MCC18\SRC\TRADIT~1\PROC\p18f4455.asm
                PORTAbits   0x000f80       data     extern C:\MCC18\SRC\TRADIT~1\PROC\p18f4455.asm
                    PORTB   0x000f81       data     extern C:\MCC18\SRC\TRADIT~1\PROC\p18f4455.asm
                PORTBbits   0x000f81       data     extern C:\MCC18\SRC\TRADIT~1\PROC\p18f4455.asm
                PORTCbits   0x000f82       data     extern C:\MCC18\SRC\TRADIT~1\PROC\p18f4455.asm
                    PORTC   0x000f82       data     extern C:\MCC18\SRC\TRADIT~1\PROC\p18f4455.asm
                    PORTD   0x000f83       data     extern C:\MCC18\SRC\TRADIT~1\PROC\p18f4455.asm
                PORTDbits   0x000f83       data     extern C:\MCC18\SRC\TRADIT~1\PROC\p18f4455.asm
                    PORTE   0x000f84       data     extern C:\MCC18\SRC\TRADIT~1\PROC\p18f4455.asm
                PORTEbits   0x000f84       data     extern C:\MCC18\SRC\TRADIT~1\PROC\p18f4455.asm
                 LATAbits   0x000f89       data     extern C:\MCC18\SRC\TRADIT~1\PROC\p18f4455.asm
                     LATA   0x000f89       data     extern C:\MCC18\SRC\TRADIT~1\PROC\p18f4455.asm
                 LATBbits   0x000f8a       data     extern C:\MCC18\SRC\TRADIT~1\PROC\p18f4455.asm
                     LATB   0x000f8a       data     extern C:\MCC18\SRC\TRADIT~1\PROC\p18f4455.asm
                 LATCbits   0x000f8b       data     extern C:\MCC18\SRC\TRADIT~1\PROC\p18f4455.asm
                     LATC   0x000f8b       data     extern C:\MCC18\SRC\TRADIT~1\PROC\p18f4455.asm
                 LATDbits   0x000f8c       data     extern C:\MCC18\SRC\TRADIT~1\PROC\p18f4455.asm
                     LATD   0x000f8c       data     extern C:\MCC18\SRC\TRADIT~1\PROC\p18f4455.asm
                     LATE   0x000f8d       data     extern C:\MCC18\SRC\TRADIT~1\PROC\p18f4455.asm
                 LATEbits   0x000f8d       data     extern C:\MCC18\SRC\TRADIT~1\PROC\p18f4455.asm
                TRISAbits   0x000f92       data     extern C:\MCC18\SRC\TRADIT~1\PROC\p18f4455.asm
                    TRISA   0x000f92       data     extern C:\MCC18\SRC\TRADIT~1\PROC\p18f4455.asm
                     DDRA   0x000f92       data     extern C:\MCC18\SRC\TRADIT~1\PROC\p18f4455.asm
                 DDRAbits   0x000f92       data     extern C:\MCC18\SRC\TRADIT~1\PROC\p18f4455.asm
                     DDRB   0x000f93       data     extern C:\MCC18\SRC\TRADIT~1\PROC\p18f4455.asm
                 DDRBbits   0x000f93       data     extern C:\MCC18\SRC\TRADIT~1\PROC\p18f4455.asm
                TRISBbits   0x000f93       data     extern C:\MCC18\SRC\TRADIT~1\PROC\p18f4455.asm
                    TRISB   0x000f93       data     extern C:\MCC18\SRC\TRADIT~1\PROC\p18f4455.asm
                 DDRCbits   0x000f94       data     extern C:\MCC18\SRC\TRADIT~1\PROC\p18f4455.asm
                    TRISC   0x000f94       data     extern C:\MCC18\SRC\TRADIT~1\PROC\p18f4455.asm
                TRISCbits   0x000f94       data     extern C:\MCC18\SRC\TRADIT~1\PROC\p18f4455.asm
                     DDRC   0x000f94       data     extern C:\MCC18\SRC\TRADIT~1\PROC\p18f4455.asm
                     DDRD   0x000f95       data     extern C:\MCC18\SRC\TRADIT~1\PROC\p18f4455.asm
                 DDRDbits   0x000f95       data     extern C:\MCC18\SRC\TRADIT~1\PROC\p18f4455.asm
                TRISDbits   0x000f95       data     extern C:\MCC18\SRC\TRADIT~1\PROC\p18f4455.asm
                    TRISD   0x000f95       data     extern C:\MCC18\SRC\TRADIT~1\PROC\p18f4455.asm
                TRISEbits   0x000f96       data     extern C:\MCC18\SRC\TRADIT~1\PROC\p18f4455.asm
                     DDRE   0x000f96       data     extern C:\MCC18\SRC\TRADIT~1\PROC\p18f4455.asm
                    TRISE   0x000f96       data     extern C:\MCC18\SRC\TRADIT~1\PROC\p18f4455.asm
                 DDREbits   0x000f96       data     extern C:\MCC18\SRC\TRADIT~1\PROC\p18f4455.asm
                  OSCTUNE   0x000f9b       data     extern C:\MCC18\SRC\TRADIT~1\PROC\p18f4455.asm
              OSCTUNEbits   0x000f9b       data     extern C:\MCC18\SRC\TRADIT~1\PROC\p18f4455.asm
                 PIE1bits   0x000f9d       data     extern C:\MCC18\SRC\TRADIT~1\PROC\p18f4455.asm
                     PIE1   0x000f9d       data     extern C:\MCC18\SRC\TRADIT~1\PROC\p18f4455.asm
                 PIR1bits   0x000f9e       data     extern C:\MCC18\SRC\TRADIT~1\PROC\p18f4455.asm
                     PIR1   0x000f9e       data     extern C:\MCC18\SRC\TRADIT~1\PROC\p18f4455.asm
                     IPR1   0x000f9f       data     extern C:\MCC18\SRC\TRADIT~1\PROC\p18f4455.asm
                 IPR1bits   0x000f9f       data     extern C:\MCC18\SRC\TRADIT~1\PROC\p18f4455.asm
                     PIE2   0x000fa0       data     extern C:\MCC18\SRC\TRADIT~1\PROC\p18f4455.asm
                 PIE2bits   0x000fa0       data     extern C:\MCC18\SRC\TRADIT~1\PROC\p18f4455.asm
                 PIR2bits   0x000fa1       data     extern C:\MCC18\SRC\TRADIT~1\PROC\p18f4455.asm
                     PIR2   0x000fa1       data     extern C:\MCC18\SRC\TRADIT~1\PROC\p18f4455.asm
                 IPR2bits   0x000fa2       data     extern C:\MCC18\SRC\TRADIT~1\PROC\p18f4455.asm
                     IPR2   0x000fa2       data     extern C:\MCC18\SRC\TRADIT~1\PROC\p18f4455.asm
               EECON1bits   0x000fa6       data     extern C:\MCC18\SRC\TRADIT~1\PROC\p18f4455.asm
                   EECON1   0x000fa6       data     extern C:\MCC18\SRC\TRADIT~1\PROC\p18f4455.asm
                   EECON2   0x000fa7       data     extern C:\MCC18\SRC\TRADIT~1\PROC\p18f4455.asm
                   EEDATA   0x000fa8       data     extern C:\MCC18\SRC\TRADIT~1\PROC\p18f4455.asm
                    EEADR   0x000fa9       data     extern C:\MCC18\SRC\TRADIT~1\PROC\p18f4455.asm
                    RCSTA   0x000fab       data     extern C:\MCC18\SRC\TRADIT~1\PROC\p18f4455.asm
                RCSTAbits   0x000fab       data     extern C:\MCC18\SRC\TRADIT~1\PROC\p18f4455.asm
                    TXSTA   0x000fac       data     extern C:\MCC18\SRC\TRADIT~1\PROC\p18f4455.asm
                TXSTAbits   0x000fac       data     extern C:\MCC18\SRC\TRADIT~1\PROC\p18f4455.asm
                    TXREG   0x000fad       data     extern C:\MCC18\SRC\TRADIT~1\PROC\p18f4455.asm
                    RCREG   0x000fae       data     extern C:\MCC18\SRC\TRADIT~1\PROC\p18f4455.asm
                    SPBRG   0x000faf       data     extern C:\MCC18\SRC\TRADIT~1\PROC\p18f4455.asm
                   SPBRGH   0x000fb0       data     extern C:\MCC18\SRC\TRADIT~1\PROC\p18f4455.asm
                    T3CON   0x000fb1       data     extern C:\MCC18\SRC\TRADIT~1\PROC\p18f4455.asm
                T3CONbits   0x000fb1       data     extern C:\MCC18\SRC\TRADIT~1\PROC\p18f4455.asm
                    TMR3L   0x000fb2       data     extern C:\MCC18\SRC\TRADIT~1\PROC\p18f4455.asm
                    TMR3H   0x000fb3       data     extern C:\MCC18\SRC\TRADIT~1\PROC\p18f4455.asm
                CMCONbits   0x000fb4       data     extern C:\MCC18\SRC\TRADIT~1\PROC\p18f4455.asm
                    CMCON   0x000fb4       data     extern C:\MCC18\SRC\TRADIT~1\PROC\p18f4455.asm
                   CVRCON   0x000fb5       data     extern C:\MCC18\SRC\TRADIT~1\PROC\p18f4455.asm
               CVRCONbits   0x000fb5       data     extern C:\MCC18\SRC\TRADIT~1\PROC\p18f4455.asm
               CCP1ASbits   0x000fb6       data     extern C:\MCC18\SRC\TRADIT~1\PROC\p18f4455.asm
                   CCP1AS   0x000fb6       data     extern C:\MCC18\SRC\TRADIT~1\PROC\p18f4455.asm
              ECCP1ASbits   0x000fb6       data     extern C:\MCC18\SRC\TRADIT~1\PROC\p18f4455.asm
                  ECCP1AS   0x000fb6       data     extern C:\MCC18\SRC\TRADIT~1\PROC\p18f4455.asm
              CCP1DELbits   0x000fb7       data     extern C:\MCC18\SRC\TRADIT~1\PROC\p18f4455.asm
                  CCP1DEL   0x000fb7       data     extern C:\MCC18\SRC\TRADIT~1\PROC\p18f4455.asm
             ECCP1DELbits   0x000fb7       data     extern C:\MCC18\SRC\TRADIT~1\PROC\p18f4455.asm
                 ECCP1DEL   0x000fb7       data     extern C:\MCC18\SRC\TRADIT~1\PROC\p18f4455.asm
                  BAUDCON   0x000fb8       data     extern C:\MCC18\SRC\TRADIT~1\PROC\p18f4455.asm
              BAUDCONbits   0x000fb8       data     extern C:\MCC18\SRC\TRADIT~1\PROC\p18f4455.asm
              CCP2CONbits   0x000fba       data     extern C:\MCC18\SRC\TRADIT~1\PROC\p18f4455.asm
                  CCP2CON   0x000fba       data     extern C:\MCC18\SRC\TRADIT~1\PROC\p18f4455.asm
                   CCPR2L   0x000fbb       data     extern C:\MCC18\SRC\TRADIT~1\PROC\p18f4455.asm
                    CCPR2   0x000fbb       data     extern C:\MCC18\SRC\TRADIT~1\PROC\p18f4455.asm
                   CCPR2H   0x000fbc       data     extern C:\MCC18\SRC\TRADIT~1\PROC\p18f4455.asm
                 ECCP1CON   0x000fbd       data     extern C:\MCC18\SRC\TRADIT~1\PROC\p18f4455.asm
             ECCP1CONbits   0x000fbd       data     extern C:\MCC18\SRC\TRADIT~1\PROC\p18f4455.asm
              CCP1CONbits   0x000fbd       data     extern C:\MCC18\SRC\TRADIT~1\PROC\p18f4455.asm
                  CCP1CON   0x000fbd       data     extern C:\MCC18\SRC\TRADIT~1\PROC\p18f4455.asm
                   CCPR1L   0x000fbe       data     extern C:\MCC18\SRC\TRADIT~1\PROC\p18f4455.asm
                    CCPR1   0x000fbe       data     extern C:\MCC18\SRC\TRADIT~1\PROC\p18f4455.asm
                   CCPR1H   0x000fbf       data     extern C:\MCC18\SRC\TRADIT~1\PROC\p18f4455.asm
                   ADCON2   0x000fc0       data     extern C:\MCC18\SRC\TRADIT~1\PROC\p18f4455.asm
               ADCON2bits   0x000fc0       data     extern C:\MCC18\SRC\TRADIT~1\PROC\p18f4455.asm
               ADCON1bits   0x000fc1       data     extern C:\MCC18\SRC\TRADIT~1\PROC\p18f4455.asm
                   ADCON1   0x000fc1       data     extern C:\MCC18\SRC\TRADIT~1\PROC\p18f4455.asm
                   ADCON0   0x000fc2       data     extern C:\MCC18\SRC\TRADIT~1\PROC\p18f4455.asm
               ADCON0bits   0x000fc2       data     extern C:\MCC18\SRC\TRADIT~1\PROC\p18f4455.asm
                    ADRES   0x000fc3       data     extern C:\MCC18\SRC\TRADIT~1\PROC\p18f4455.asm
                   ADRESL   0x000fc3       data     extern C:\MCC18\SRC\TRADIT~1\PROC\p18f4455.asm
                   ADRESH   0x000fc4       data     extern C:\MCC18\SRC\TRADIT~1\PROC\p18f4455.asm
                  SSPCON2   0x000fc5       data     extern C:\MCC18\SRC\TRADIT~1\PROC\p18f4455.asm
              SSPCON2bits   0x000fc5       data     extern C:\MCC18\SRC\TRADIT~1\PROC\p18f4455.asm
                  SSPCON1   0x000fc6       data     extern C:\MCC18\SRC\TRADIT~1\PROC\p18f4455.asm
              SSPCON1bits   0x000fc6       data     extern C:\MCC18\SRC\TRADIT~1\PROC\p18f4455.asm
                  SSPSTAT   0x000fc7       data     extern C:\MCC18\SRC\TRADIT~1\PROC\p18f4455.asm
              SSPSTATbits   0x000fc7       data     extern C:\MCC18\SRC\TRADIT~1\PROC\p18f4455.asm
                   SSPADD   0x000fc8       data     extern C:\MCC18\SRC\TRADIT~1\PROC\p18f4455.asm
                   SSPBUF   0x000fc9       data     extern C:\MCC18\SRC\TRADIT~1\PROC\p18f4455.asm
                    T2CON   0x000fca       data     extern C:\MCC18\SRC\TRADIT~1\PROC\p18f4455.asm
                T2CONbits   0x000fca       data     extern C:\MCC18\SRC\TRADIT~1\PROC\p18f4455.asm
                      PR2   0x000fcb       data     extern C:\MCC18\SRC\TRADIT~1\PROC\p18f4455.asm
                     TMR2   0x000fcc       data     extern C:\MCC18\SRC\TRADIT~1\PROC\p18f4455.asm
                T1CONbits   0x000fcd       data     extern C:\MCC18\SRC\TRADIT~1\PROC\p18f4455.asm
                    T1CON   0x000fcd       data     extern C:\MCC18\SRC\TRADIT~1\PROC\p18f4455.asm
                    TMR1L   0x000fce       data     extern C:\MCC18\SRC\TRADIT~1\PROC\p18f4455.asm
                    TMR1H   0x000fcf       data     extern C:\MCC18\SRC\TRADIT~1\PROC\p18f4455.asm
                     RCON   0x000fd0       data     extern C:\MCC18\SRC\TRADIT~1\PROC\p18f4455.asm
                 RCONbits   0x000fd0       data     extern C:\MCC18\SRC\TRADIT~1\PROC\p18f4455.asm
               WDTCONbits   0x000fd1       data     extern C:\MCC18\SRC\TRADIT~1\PROC\p18f4455.asm
                   WDTCON   0x000fd1       data     extern C:\MCC18\SRC\TRADIT~1\PROC\p18f4455.asm
               LVDCONbits   0x000fd2       data     extern C:\MCC18\SRC\TRADIT~1\PROC\p18f4455.asm
                   LVDCON   0x000fd2       data     extern C:\MCC18\SRC\TRADIT~1\PROC\p18f4455.asm
              HLVDCONbits   0x000fd2       data     extern C:\MCC18\SRC\TRADIT~1\PROC\p18f4455.asm
                  HLVDCON   0x000fd2       data     extern C:\MCC18\SRC\TRADIT~1\PROC\p18f4455.asm
               OSCCONbits   0x000fd3       data     extern C:\MCC18\SRC\TRADIT~1\PROC\p18f4455.asm
                   OSCCON   0x000fd3       data     extern C:\MCC18\SRC\TRADIT~1\PROC\p18f4455.asm
                    T0CON   0x000fd5       data     extern C:\MCC18\SRC\TRADIT~1\PROC\p18f4455.asm
                T0CONbits   0x000fd5       data     extern C:\MCC18\SRC\TRADIT~1\PROC\p18f4455.asm
                    TMR0L   0x000fd6       data     extern C:\MCC18\SRC\TRADIT~1\PROC\p18f4455.asm
                    TMR0H   0x000fd7       data     extern C:\MCC18\SRC\TRADIT~1\PROC\p18f4455.asm
                   STATUS   0x000fd8       data     extern C:\MCC18\SRC\TRADIT~1\PROC\p18f4455.asm
               STATUSbits   0x000fd8       data     extern C:\MCC18\SRC\TRADIT~1\PROC\p18f4455.asm
                    FSR2L   0x000fd9       data     extern C:\MCC18\SRC\TRADIT~1\PROC\p18f4455.asm
                     FSR2   0x000fd9       data     extern C:\MCC18\SRC\TRADIT~1\PROC\p18f4455.asm
                    FSR2H   0x000fda       data     extern C:\MCC18\SRC\TRADIT~1\PROC\p18f4455.asm
                   PLUSW2   0x000fdb       data     extern C:\MCC18\SRC\TRADIT~1\PROC\p18f4455.asm
                  PREINC2   0x000fdc       data     extern C:\MCC18\SRC\TRADIT~1\PROC\p18f4455.asm
                 POSTDEC2   0x000fdd       data     extern C:\MCC18\SRC\TRADIT~1\PROC\p18f4455.asm
                 POSTINC2   0x000fde       data     extern C:\MCC18\SRC\TRADIT~1\PROC\p18f4455.asm
                    INDF2   0x000fdf       data     extern C:\MCC18\SRC\TRADIT~1\PROC\p18f4455.asm
                      BSR   0x000fe0       data     extern C:\MCC18\SRC\TRADIT~1\PROC\p18f4455.asm
                    FSR1L   0x000fe1       data     extern C:\MCC18\SRC\TRADIT~1\PROC\p18f4455.asm
                     FSR1   0x000fe1       data     extern C:\MCC18\SRC\TRADIT~1\PROC\p18f4455.asm
                    FSR1H   0x000fe2       data     extern C:\MCC18\SRC\TRADIT~1\PROC\p18f4455.asm
                   PLUSW1   0x000fe3       data     extern C:\MCC18\SRC\TRADIT~1\PROC\p18f4455.asm
                  PREINC1   0x000fe4       data     extern C:\MCC18\SRC\TRADIT~1\PROC\p18f4455.asm
                 POSTDEC1   0x000fe5       data     extern C:\MCC18\SRC\TRADIT~1\PROC\p18f4455.asm
                 POSTINC1   0x000fe6       data     extern C:\MCC18\SRC\TRADIT~1\PROC\p18f4455.asm
                    INDF1   0x000fe7       data     extern C:\MCC18\SRC\TRADIT~1\PROC\p18f4455.asm
                     WREG   0x000fe8       data     extern C:\MCC18\SRC\TRADIT~1\PROC\p18f4455.asm
                     FSR0   0x000fe9       data     extern C:\MCC18\SRC\TRADIT~1\PROC\p18f4455.asm
                    FSR0L   0x000fe9       data     extern C:\MCC18\SRC\TRADIT~1\PROC\p18f4455.asm
                    FSR0H   0x000fea       data     extern C:\MCC18\SRC\TRADIT~1\PROC\p18f4455.asm
                   PLUSW0   0x000feb       data     extern C:\MCC18\SRC\TRADIT~1\PROC\p18f4455.asm
                  PREINC0   0x000fec       data     extern C:\MCC18\SRC\TRADIT~1\PROC\p18f4455.asm
                 POSTDEC0   0x000fed       data     extern C:\MCC18\SRC\TRADIT~1\PROC\p18f4455.asm
                 POSTINC0   0x000fee       data     extern C:\MCC18\SRC\TRADIT~1\PROC\p18f4455.asm
                    INDF0   0x000fef       data     extern C:\MCC18\SRC\TRADIT~1\PROC\p18f4455.asm
              INTCON3bits   0x000ff0       data     extern C:\MCC18\SRC\TRADIT~1\PROC\p18f4455.asm
                  INTCON3   0x000ff0       data     extern C:\MCC18\SRC\TRADIT~1\PROC\p18f4455.asm
              INTCON2bits   0x000ff1       data     extern C:\MCC18\SRC\TRADIT~1\PROC\p18f4455.asm
                  INTCON2   0x000ff1       data     extern C:\MCC18\SRC\TRADIT~1\PROC\p18f4455.asm
               INTCONbits   0x000ff2       data     extern C:\MCC18\SRC\TRADIT~1\PROC\p18f4455.asm
                   INTCON   0x000ff2       data     extern C:\MCC18\SRC\TRADIT~1\PROC\p18f4455.asm
                     PROD   0x000ff3       data     extern C:\MCC18\SRC\TRADIT~1\PROC\p18f4455.asm
                    PRODL   0x000ff3       data     extern C:\MCC18\SRC\TRADIT~1\PROC\p18f4455.asm
                    PRODH   0x000ff4       data     extern C:\MCC18\SRC\TRADIT~1\PROC\p18f4455.asm
                   TABLAT   0x000ff5       data     extern C:\MCC18\SRC\TRADIT~1\PROC\p18f4455.asm
                  TBLPTRL   0x000ff6       data     extern C:\MCC18\SRC\TRADIT~1\PROC\p18f4455.asm
                   TBLPTR   0x000ff6       data     extern C:\MCC18\SRC\TRADIT~1\PROC\p18f4455.asm
                  TBLPTRH   0x000ff7       data     extern C:\MCC18\SRC\TRADIT~1\PROC\p18f4455.asm
                  TBLPTRU   0x000ff8       data     extern C:\MCC18\SRC\TRADIT~1\PROC\p18f4455.asm
                       PC   0x000ff9       data     extern C:\MCC18\SRC\TRADIT~1\PROC\p18f4455.asm
                      PCL   0x000ff9       data     extern C:\MCC18\SRC\TRADIT~1\PROC\p18f4455.asm
                   PCLATH   0x000ffa       data     extern C:\MCC18\SRC\TRADIT~1\PROC\p18f4455.asm
                   PCLATU   0x000ffb       data     extern C:\MCC18\SRC\TRADIT~1\PROC\p18f4455.asm
                   STKPTR   0x000ffc       data     extern C:\MCC18\SRC\TRADIT~1\PROC\p18f4455.asm
               STKPTRbits   0x000ffc       data     extern C:\MCC18\SRC\TRADIT~1\PROC\p18f4455.asm
                      TOS   0x000ffd       data     extern C:\MCC18\SRC\TRADIT~1\PROC\p18f4455.asm
                     TOSL   0x000ffd       data     extern C:\MCC18\SRC\TRADIT~1\PROC\p18f4455.asm
                     TOSH   0x000ffe       data     extern C:\MCC18\SRC\TRADIT~1\PROC\p18f4455.asm
                     TOSU   0x000fff       data     extern C:\MCC18\SRC\TRADIT~1\PROC\p18f4455.asm


