MPLINK 4.1, Linker
Linker Map File - Created Fri Aug 17 13:47:14 2007

                                 Section Info
                  Section       Type    Address   Location Size(Bytes)
                ---------  ---------  ---------  ---------  ---------
           RealInitVector       code   0x000000    program   0x000006
  RealInterruptVectorHigh       code   0x000008    program   0x000006
               _entry_scn       code   0x000a00    program   0x000006
      InterruptVectorHigh       code   0x000a08    program   0x000006
                main_code       code   0x000a2a    program   0x0000d8
                   .cinit    romdata   0x000b02    program   0x00001a
       .code_controller.o       code   0x000b1c    program   0x000c3a
          .code_hwcalls.o       code   0x001756    program   0x00073c
              .code_usb.o       code   0x001e92    program   0x000638
             .code_leds.o       code   0x0024ca    program   0x00025e
            .code_rs232.o       code   0x002728    program   0x000204
              .code_hid.o       code   0x00292c    program   0x0001f8
        .code_usbapplet.o       code   0x002b24    program   0x000196
   .romdata_usbdescript.o    romdata   0x002cba    program   0x000128
        .romdata_tables.o    romdata   0x002de2    program   0x000100
     .code_writeprogmem.o       code   0x002ee2    program   0x0000b8
         .code_MidiComm.o       code   0x002f9a    program   0x0000a2
             .code_init.o       code   0x00303c    program   0x000072
           .code_eeprom.o       code   0x0030ae    program   0x000056
                     PROG       code   0x003104    program   0x00003c
         .code_exppedal.o       code   0x003140    program   0x00003a
          .code_systick.o       code   0x00317a    program   0x00002e
          .romdata_leds.o    romdata   0x0031a8    program   0x000024
          .code_intslct.o       code   0x0031cc    program   0x000024
         .code_fxd0808u.o       code   0x0031f0    program   0x00001c
             _startup_scn       code   0x00320c    program   0x000014
                    .code       code   0x003220    program   0x00000e
             .stringtable    romdata   0x00322e    program   0x000005
       .idata_hwcalls.o_i    romdata   0x003233    program   0x000001
    .idata_controller.o_i    romdata   0x003234    program   0x000022
              ROMSAVEDATA    romdata   0x003300    program   0x002cff
  .config_300000_CONFIG.O    romdata   0x300000    program   0x000001
  .config_300001_CONFIG.O    romdata   0x300001    program   0x000001
  .config_300002_CONFIG.O    romdata   0x300002    program   0x000001
  .config_300003_CONFIG.O    romdata   0x300003    program   0x000001
  .config_300005_CONFIG.O    romdata   0x300005    program   0x000001
  .config_300006_CONFIG.O    romdata   0x300006    program   0x000001
  .config_300008_CONFIG.O    romdata   0x300008    program   0x000001
  .config_300009_CONFIG.O    romdata   0x300009    program   0x000001
  .config_30000A_CONFIG.O    romdata   0x30000a    program   0x000001
  .config_30000B_CONFIG.O    romdata   0x30000b    program   0x000001
  .config_30000C_CONFIG.O    romdata   0x30000c    program   0x000001
  .config_30000D_CONFIG.O    romdata   0x30000d    program   0x000001
                MATH_DATA      udata   0x000000       data   0x000014
                 .tmpdata      udata   0x000014       data   0x000006
                accessram      udata   0x00001a       data   0x000004
      .idata_controller.o      idata   0x000060       data   0x000022
                     gpr1      udata   0x000100       data   0x0000c7
      .udata_controller.o      udata   0x0001c7       data   0x000024
                     usb5      udata   0x0001eb       data   0x000011
       .udata_usbapplet.o      udata   0x0001fc       data   0x000001
            .udata_leds.o      udata   0x0001fd       data   0x000001
         .idata_hwcalls.o      idata   0x0001fe       data   0x000001
                  usbram4      udata   0x000400       data   0x0000a0
                   .stack      udata   0x000700       data   0x000080
            SFR_UNBANKED0      udata   0x000f62       data   0x00009e



                              Program Memory Usage 
                               Start         End      
                           ---------   ---------      
                            0x000000    0x000005      
                            0x000008    0x00000d      
                            0x000a00    0x000a05      
                            0x000a08    0x000a0d      
                            0x000a2a    0x003255      
                            0x003300    0x005ffe      
                            0x300000    0x300003      
                            0x300005    0x300006      
                            0x300008    0x30000d      
            21839 out of 30530 program addresses used, program memory utilization is 71%



                              Symbols - Sorted by Name
                     Name    Address   Location    Storage File                     
                ---------  ---------  ---------  --------- ---------                
           ADC_CONVERSION   0x001756    program     extern D:\work\midicontroller\svn\trunk\PIC\hwcalls.c
             AllDigitsOff   0x002510    program     extern D:\work\midicontroller\svn\trunk\PIC\leds.c
              AsciiTo7Seg   0x0025c4    program     extern D:\work\midicontroller\svn\trunk\PIC\leds.c
                CLEAR_RAM   0x003220    program     extern D:\work\midicontroller\svn\trunk\PIC\config.asm
          ClassReqHandler   0x002de0    program     extern D:\work\midicontroller\svn\trunk\PIC\usbdescript.c
               ClearArray   0x0023bc    program     extern D:\work\midicontroller\svn\trunk\PIC\usb.c
                   EERead   0x0030ae    program     extern D:\work\midicontroller\svn\trunk\PIC\eeprom.c
                  EEWrite   0x0030cc    program     extern D:\work\midicontroller\svn\trunk\PIC\eeprom.c
EXPP_PEDAL_LINEAR_CONV_TABLE   0x002de2    program     extern D:\work\midicontroller\svn\trunk\PIC\tables.c
             EraseProgMem   0x002f44    program     extern D:\work\midicontroller\svn\trunk\PIC\writeprogmem.c
             ExpPedalRead   0x003140    program     extern D:\work\midicontroller\svn\trunk\PIC\exppedal.c
                 FXD0808U   0x0031f0    program     extern C:\MCC18\src\TRADIT~1\math\fxd0808u.c
                 FXM1616U   0x003104    program     extern C:\MCC18\SRC\TRADIT~1\MATH\fxm1616u.asm
      HIDGetReportHandler   0x002b2e    program     extern D:\work\midicontroller\svn\trunk\PIC\usbapplet.c
                HIDInitEP   0x002a0e    program     extern D:\work\midicontroller\svn\trunk\PIC\hid.c
              HIDRxReport   0x002a98    program     extern D:\work\midicontroller\svn\trunk\PIC\hid.c
      HIDSetReportHandler   0x002b24    program     extern D:\work\midicontroller\svn\trunk\PIC\usbapplet.c
              HIDTxReport   0x002a38    program     extern D:\work\midicontroller\svn\trunk\PIC\hid.c
              HandleDigit   0x00252c    program     extern D:\work\midicontroller\svn\trunk\PIC\leds.c
     InterruptHandlerHigh   0x0031cc    program     extern D:\work\midicontroller\svn\trunk\PIC\intslct.c
      InterruptVectorHigh   0x000a08    program     extern D:\work\midicontroller\svn\trunk\PIC\intslct.c
          LettersSegTable   0x0031b2    program     extern D:\work\midicontroller\svn\trunk\PIC\leds.c
        MIDI_COMM_ROUTINE   0x002f9a    program     extern D:\work\midicontroller\svn\trunk\PIC\MidiComm.c
             MIDI_ENQUEUE   0x003006    program     extern D:\work\midicontroller\svn\trunk\PIC\MidiComm.c
                MfrString   0x002cf2    program     extern D:\work\midicontroller\svn\trunk\PIC\usbdescript.c
          NumbersSegTable   0x0031a8    program     extern D:\work\midicontroller\svn\trunk\PIC\leds.c
     PROCESS_COMM_REQUEST   0x002728    program     extern D:\work\midicontroller\svn\trunk\PIC\rs232.c
                PrdString   0x002d0a    program     extern D:\work\midicontroller\svn\trunk\PIC\usbdescript.c
             Process7Segs   0x0024ca    program     extern D:\work\midicontroller\svn\trunk\PIC\leds.c
ProcessGenericTransferRead   0x002b4c    program     extern D:\work\midicontroller\svn\trunk\PIC\usbapplet.c
ProcessGenericTransferWrite   0x002bf4    program     extern D:\work\midicontroller\svn\trunk\PIC\usbapplet.c
                 RAMCLEAR   0x003224    program     static D:\work\midicontroller\svn\trunk\PIC\config.asm
     RESET_MIDI_TX_BUFFER   0x003032    program     extern D:\work\midicontroller\svn\trunk\PIC\MidiComm.c
             ROM_SAVEDATA   0x003300    program     extern D:\work\midicontroller\svn\trunk\PIC\tables.c
              ReadButtons   0x0017ba    program     extern D:\work\midicontroller\svn\trunk\PIC\hwcalls.c
                   ReadEE   0x002f58    program     extern D:\work\midicontroller\svn\trunk\PIC\writeprogmem.c
           RealInitVector   0x000000    program     extern D:\work\midicontroller\svn\trunk\PIC\vectors.c
  RealInterruptVectorHigh   0x000008    program     extern D:\work\midicontroller\svn\trunk\PIC\vectors.c
           Scroll7SegDisp   0x00260c    program     extern D:\work\midicontroller\svn\trunk\PIC\leds.c
       SendDataToShiftReg   0x001780    program     extern D:\work\midicontroller\svn\trunk\PIC\hwcalls.c
                SerialNum   0x002d36    program     extern D:\work\midicontroller\svn\trunk\PIC\usbdescript.c
               ServiceUSB   0x000af4    program     extern D:\work\midicontroller\svn\trunk\PIC\main.c
            SetDipAddress   0x001852    program     extern D:\work\midicontroller\svn\trunk\PIC\hwcalls.c
             SetDispAscii   0x00257c    program     extern D:\work\midicontroller\svn\trunk\PIC\leds.c
               StartWrite   0x002ee2    program     extern D:\work\midicontroller\svn\trunk\PIC\writeprogmem.c
        SystemTimeRoutine   0x00317a    program     extern D:\work\midicontroller\svn\trunk\PIC\systick.c
                    TXENQ   0x0028d0    program     extern D:\work\midicontroller\svn\trunk\PIC\rs232.c
        USBCheckBusStatus   0x002292    program     extern D:\work\midicontroller\svn\trunk\PIC\usb.c
       USBCheckHIDRequest   0x00292c    program     extern D:\work\midicontroller\svn\trunk\PIC\hid.c
       USBCheckStdRequest   0x001e92    program     extern D:\work\midicontroller\svn\trunk\PIC\usb.c
         USBCtrlEPService   0x002084    program     extern D:\work\midicontroller\svn\trunk\PIC\usb.c
 USBCtrlEPServiceComplete   0x002218    program     extern D:\work\midicontroller\svn\trunk\PIC\usb.c
      USBCtrlTrfInHandler   0x002128    program     extern D:\work\midicontroller\svn\trunk\PIC\usb.c
     USBCtrlTrfOutHandler   0x00210a    program     extern D:\work\midicontroller\svn\trunk\PIC\usb.c
      USBCtrlTrfRxService   0x0021d8    program     extern D:\work\midicontroller\svn\trunk\PIC\usb.c
   USBCtrlTrfSetupHandler   0x0020a8    program     extern D:\work\midicontroller\svn\trunk\PIC\usb.c
      USBCtrlTrfTxService   0x002168    program     extern D:\work\midicontroller\svn\trunk\PIC\usb.c
         USBDriverService   0x0022ca    program     extern D:\work\midicontroller\svn\trunk\PIC\usb.c
          USBErrorHandler   0x00238c    program     extern D:\work\midicontroller\svn\trunk\PIC\usb.c
         USBModuleDisable   0x0022bc    program     extern D:\work\midicontroller\svn\trunk\PIC\usb.c
          USBModuleEnable   0x0022ae    program     extern D:\work\midicontroller\svn\trunk\PIC\usb.c
USBPrepareForNextSetupTrf   0x002284    program     extern D:\work\midicontroller\svn\trunk\PIC\usb.c
  USBProtocolResetHandler   0x002390    program     extern D:\work\midicontroller\svn\trunk\PIC\usb.c
          USBRemoteWakeup   0x002358    program     extern D:\work\midicontroller\svn\trunk\PIC\usb.c
            USBSoftDetach   0x0022c6    program     extern D:\work\midicontroller\svn\trunk\PIC\usb.c
          USBStallHandler   0x002380    program     extern D:\work\midicontroller\svn\trunk\PIC\usb.c
  USBStdFeatureReqHandler   0x002020    program     extern D:\work\midicontroller\svn\trunk\PIC\usb.c
      USBStdGetDscHandler   0x001f28    program     extern D:\work\midicontroller\svn\trunk\PIC\usb.c
   USBStdGetStatusHandler   0x001fc4    program     extern D:\work\midicontroller\svn\trunk\PIC\usb.c
      USBStdSetCfgHandler   0x001f98    program     extern D:\work\midicontroller\svn\trunk\PIC\usb.c
               USBSuspend   0x002346    program     extern D:\work\midicontroller\svn\trunk\PIC\usb.c
       USBWakeFromSuspend   0x002350    program     extern D:\work\midicontroller\svn\trunk\PIC\usb.c
               USB_CD_Ptr   0x002dd4    program     extern D:\work\midicontroller\svn\trunk\PIC\usbdescript.c
               USB_SD_Ptr   0x002dd8    program     extern D:\work\midicontroller\svn\trunk\PIC\usbdescript.c
          USB_SOF_Handler   0x00237c    program     extern D:\work\midicontroller\svn\trunk\PIC\usb.c
               UpdateLeds   0x0018b8    program     extern D:\work\midicontroller\svn\trunk\PIC\hwcalls.c
                  WriteEE   0x002f68    program     extern D:\work\midicontroller\svn\trunk\PIC\writeprogmem.c
             WriteProgMem   0x002eee    program     extern D:\work\midicontroller\svn\trunk\PIC\writeprogmem.c
           ___do_lbl00002   0x0030f4    program     static                          
           ___do_lbl00003   0x0030f8    program     static                          
           ___do_lbl00004   0x0030f2    program     static                          
       ___return_lbl00000   0x000004    program     static                          
       ___return_lbl00000   0x00320a    program     static                          
       ___return_lbl00000   0x000a04    program     static                          
       ___return_lbl00000   0x000a0c    program     static                          
       ___return_lbl00001   0x00321e    program     static                          
       ___return_lbl00001   0x0030fc    program     static                          
       ___return_lbl00001   0x00000c    program     static                          
       ___return_lbl00132   0x0023de    program     static                          
        ___while_lbl00133   0x0023d0    program     static                          
        ___while_lbl00134   0x0023de    program     static                          
                   __pa_0   0x001c30    program     static D:\work\midicontroller\svn\trunk\PIC\hwcalls.c
                   __pa_0   0x0023e6    program     static D:\work\midicontroller\svn\trunk\PIC\usb.c
                   __pa_0   0x002f88    program     static D:\work\midicontroller\svn\trunk\PIC\writeprogmem.c
                   __pa_0   0x00150a    program     static D:\work\midicontroller\svn\trunk\common\controller.c
                   __pa_0   0x002684    program     static D:\work\midicontroller\svn\trunk\PIC\leds.c
                   __pa_0   0x0028fc    program     static D:\work\midicontroller\svn\trunk\PIC\rs232.c
                   __pa_0   0x002b04    program     static D:\work\midicontroller\svn\trunk\PIC\hid.c
                   __pa_0   0x002c84    program     static D:\work\midicontroller\svn\trunk\PIC\usbapplet.c
                   __pa_1   0x0026bc    program     static D:\work\midicontroller\svn\trunk\PIC\leds.c
                   __pa_1   0x001514    program     static D:\work\midicontroller\svn\trunk\common\controller.c
                   __pa_1   0x002b1c    program     static D:\work\midicontroller\svn\trunk\PIC\hid.c
                   __pa_1   0x002f92    program     static D:\work\midicontroller\svn\trunk\PIC\writeprogmem.c
                   __pa_1   0x0023f8    program     static D:\work\midicontroller\svn\trunk\PIC\usb.c
                   __pa_1   0x00290c    program     static D:\work\midicontroller\svn\trunk\PIC\rs232.c
                   __pa_1   0x001c38    program     static D:\work\midicontroller\svn\trunk\PIC\hwcalls.c
                   __pa_1   0x002c8c    program     static D:\work\midicontroller\svn\trunk\PIC\usbapplet.c
                  __pa_10   0x001cce    program     static D:\work\midicontroller\svn\trunk\PIC\hwcalls.c
                  __pa_10   0x0015ac    program     static D:\work\midicontroller\svn\trunk\common\controller.c
                  __pa_10   0x00248c    program     static D:\work\midicontroller\svn\trunk\PIC\usb.c
                  __pa_11   0x0015b4    program     static D:\work\midicontroller\svn\trunk\common\controller.c
                  __pa_11   0x001ce0    program     static D:\work\midicontroller\svn\trunk\PIC\hwcalls.c
                  __pa_11   0x002494    program     static D:\work\midicontroller\svn\trunk\PIC\usb.c
                  __pa_12   0x001cea    program     static D:\work\midicontroller\svn\trunk\PIC\hwcalls.c
                  __pa_12   0x00249c    program     static D:\work\midicontroller\svn\trunk\PIC\usb.c
                  __pa_12   0x0015ce    program     static D:\work\midicontroller\svn\trunk\common\controller.c
                  __pa_13   0x001cf4    program     static D:\work\midicontroller\svn\trunk\PIC\hwcalls.c
                  __pa_13   0x0015e8    program     static D:\work\midicontroller\svn\trunk\common\controller.c
                  __pa_13   0x0024a8    program     static D:\work\midicontroller\svn\trunk\PIC\usb.c
                  __pa_14   0x0015f8    program     static D:\work\midicontroller\svn\trunk\common\controller.c
                  __pa_14   0x001cfe    program     static D:\work\midicontroller\svn\trunk\PIC\hwcalls.c
                  __pa_14   0x0024b6    program     static D:\work\midicontroller\svn\trunk\PIC\usb.c
                  __pa_15   0x001608    program     static D:\work\midicontroller\svn\trunk\common\controller.c
                  __pa_15   0x0024c2    program     static D:\work\midicontroller\svn\trunk\PIC\usb.c
                  __pa_15   0x001d0c    program     static D:\work\midicontroller\svn\trunk\PIC\hwcalls.c
                  __pa_16   0x001d1a    program     static D:\work\midicontroller\svn\trunk\PIC\hwcalls.c
                  __pa_16   0x001620    program     static D:\work\midicontroller\svn\trunk\common\controller.c
                  __pa_17   0x001d24    program     static D:\work\midicontroller\svn\trunk\PIC\hwcalls.c
                  __pa_17   0x00162a    program     static D:\work\midicontroller\svn\trunk\common\controller.c
                  __pa_18   0x001636    program     static D:\work\midicontroller\svn\trunk\common\controller.c
                  __pa_18   0x001d2e    program     static D:\work\midicontroller\svn\trunk\PIC\hwcalls.c
                  __pa_19   0x001d3e    program     static D:\work\midicontroller\svn\trunk\PIC\hwcalls.c
                  __pa_19   0x001644    program     static D:\work\midicontroller\svn\trunk\common\controller.c
                   __pa_2   0x001536    program     static D:\work\midicontroller\svn\trunk\common\controller.c
                   __pa_2   0x002912    program     static D:\work\midicontroller\svn\trunk\PIC\rs232.c
                   __pa_2   0x0026c8    program     static D:\work\midicontroller\svn\trunk\PIC\leds.c
                   __pa_2   0x001c46    program     static D:\work\midicontroller\svn\trunk\PIC\hwcalls.c
                   __pa_2   0x002c98    program     static D:\work\midicontroller\svn\trunk\PIC\usbapplet.c
                   __pa_2   0x002410    program     static D:\work\midicontroller\svn\trunk\PIC\usb.c
                  __pa_20   0x001d66    program     static D:\work\midicontroller\svn\trunk\PIC\hwcalls.c
                  __pa_20   0x00164e    program     static D:\work\midicontroller\svn\trunk\common\controller.c
                  __pa_21   0x001d74    program     static D:\work\midicontroller\svn\trunk\PIC\hwcalls.c
                  __pa_21   0x001662    program     static D:\work\midicontroller\svn\trunk\common\controller.c
                  __pa_22   0x001672    program     static D:\work\midicontroller\svn\trunk\common\controller.c
                  __pa_22   0x001d7a    program     static D:\work\midicontroller\svn\trunk\PIC\hwcalls.c
                  __pa_23   0x00167e    program     static D:\work\midicontroller\svn\trunk\common\controller.c
                  __pa_23   0x001d80    program     static D:\work\midicontroller\svn\trunk\PIC\hwcalls.c
                  __pa_24   0x001688    program     static D:\work\midicontroller\svn\trunk\common\controller.c
                  __pa_24   0x001d8c    program     static D:\work\midicontroller\svn\trunk\PIC\hwcalls.c
                  __pa_25   0x001690    program     static D:\work\midicontroller\svn\trunk\common\controller.c
                  __pa_25   0x001daa    program     static D:\work\midicontroller\svn\trunk\PIC\hwcalls.c
                  __pa_26   0x001dc2    program     static D:\work\midicontroller\svn\trunk\PIC\hwcalls.c
                  __pa_26   0x00169a    program     static D:\work\midicontroller\svn\trunk\common\controller.c
                  __pa_27   0x001dd4    program     static D:\work\midicontroller\svn\trunk\PIC\hwcalls.c
                  __pa_27   0x0016aa    program     static D:\work\midicontroller\svn\trunk\common\controller.c
                  __pa_28   0x001de0    program     static D:\work\midicontroller\svn\trunk\PIC\hwcalls.c
                  __pa_28   0x0016b8    program     static D:\work\midicontroller\svn\trunk\common\controller.c
                  __pa_29   0x0016c6    program     static D:\work\midicontroller\svn\trunk\common\controller.c
                  __pa_29   0x001dee    program     static D:\work\midicontroller\svn\trunk\PIC\hwcalls.c
                   __pa_3   0x00291a    program     static D:\work\midicontroller\svn\trunk\PIC\rs232.c
                   __pa_3   0x002cac    program     static D:\work\midicontroller\svn\trunk\PIC\usbapplet.c
                   __pa_3   0x001c50    program     static D:\work\midicontroller\svn\trunk\PIC\hwcalls.c
                   __pa_3   0x001540    program     static D:\work\midicontroller\svn\trunk\common\controller.c
                   __pa_3   0x002420    program     static D:\work\midicontroller\svn\trunk\PIC\usb.c
                   __pa_3   0x0026d2    program     static D:\work\midicontroller\svn\trunk\PIC\leds.c
                  __pa_30   0x0016d4    program     static D:\work\midicontroller\svn\trunk\common\controller.c
                  __pa_30   0x001dfa    program     static D:\work\midicontroller\svn\trunk\PIC\hwcalls.c
                  __pa_31   0x001e06    program     static D:\work\midicontroller\svn\trunk\PIC\hwcalls.c
                  __pa_31   0x0016e2    program     static D:\work\midicontroller\svn\trunk\common\controller.c
                  __pa_32   0x001e14    program     static D:\work\midicontroller\svn\trunk\PIC\hwcalls.c
                  __pa_32   0x0016ec    program     static D:\work\midicontroller\svn\trunk\common\controller.c
                  __pa_33   0x001e1c    program     static D:\work\midicontroller\svn\trunk\PIC\hwcalls.c
                  __pa_33   0x0016f4    program     static D:\work\midicontroller\svn\trunk\common\controller.c
                  __pa_34   0x001e26    program     static D:\work\midicontroller\svn\trunk\PIC\hwcalls.c
                  __pa_34   0x0016fc    program     static D:\work\midicontroller\svn\trunk\common\controller.c
                  __pa_35   0x001e2c    program     static D:\work\midicontroller\svn\trunk\PIC\hwcalls.c
                  __pa_35   0x001706    program     static D:\work\midicontroller\svn\trunk\common\controller.c
                  __pa_36   0x001e4c    program     static D:\work\midicontroller\svn\trunk\PIC\hwcalls.c
                  __pa_36   0x001720    program     static D:\work\midicontroller\svn\trunk\common\controller.c
                  __pa_37   0x001726    program     static D:\work\midicontroller\svn\trunk\common\controller.c
                  __pa_37   0x001e58    program     static D:\work\midicontroller\svn\trunk\PIC\hwcalls.c
                  __pa_38   0x00172e    program     static D:\work\midicontroller\svn\trunk\common\controller.c
                  __pa_38   0x001e5c    program     static D:\work\midicontroller\svn\trunk\PIC\hwcalls.c
                  __pa_39   0x001734    program     static D:\work\midicontroller\svn\trunk\common\controller.c
                  __pa_39   0x001e60    program     static D:\work\midicontroller\svn\trunk\PIC\hwcalls.c
                   __pa_4   0x00154a    program     static D:\work\midicontroller\svn\trunk\common\controller.c
                   __pa_4   0x00242e    program     static D:\work\midicontroller\svn\trunk\PIC\usb.c
                   __pa_4   0x001c74    program     static D:\work\midicontroller\svn\trunk\PIC\hwcalls.c
                   __pa_4   0x0026da    program     static D:\work\midicontroller\svn\trunk\PIC\leds.c
                  __pa_40   0x001740    program     static D:\work\midicontroller\svn\trunk\common\controller.c
                  __pa_40   0x001e66    program     static D:\work\midicontroller\svn\trunk\PIC\hwcalls.c
                  __pa_41   0x001748    program     static D:\work\midicontroller\svn\trunk\common\controller.c
                  __pa_41   0x001e6c    program     static D:\work\midicontroller\svn\trunk\PIC\hwcalls.c
                  __pa_42   0x001750    program     static D:\work\midicontroller\svn\trunk\common\controller.c
                  __pa_42   0x001e76    program     static D:\work\midicontroller\svn\trunk\PIC\hwcalls.c
                  __pa_43   0x001e80    program     static D:\work\midicontroller\svn\trunk\PIC\hwcalls.c
                  __pa_44   0x001e88    program     static D:\work\midicontroller\svn\trunk\PIC\hwcalls.c
                   __pa_5   0x0026f2    program     static D:\work\midicontroller\svn\trunk\PIC\leds.c
                   __pa_5   0x002440    program     static D:\work\midicontroller\svn\trunk\PIC\usb.c
                   __pa_5   0x001c7e    program     static D:\work\midicontroller\svn\trunk\PIC\hwcalls.c
                   __pa_5   0x00155c    program     static D:\work\midicontroller\svn\trunk\common\controller.c
                   __pa_6   0x00244e    program     static D:\work\midicontroller\svn\trunk\PIC\usb.c
                   __pa_6   0x001c86    program     static D:\work\midicontroller\svn\trunk\PIC\hwcalls.c
                   __pa_6   0x001574    program     static D:\work\midicontroller\svn\trunk\common\controller.c
                   __pa_6   0x002700    program     static D:\work\midicontroller\svn\trunk\PIC\leds.c
                   __pa_7   0x00158c    program     static D:\work\midicontroller\svn\trunk\common\controller.c
                   __pa_7   0x00270e    program     static D:\work\midicontroller\svn\trunk\PIC\leds.c
                   __pa_7   0x002460    program     static D:\work\midicontroller\svn\trunk\PIC\usb.c
                   __pa_7   0x001c9e    program     static D:\work\midicontroller\svn\trunk\PIC\hwcalls.c
                   __pa_8   0x00271c    program     static D:\work\midicontroller\svn\trunk\PIC\leds.c
                   __pa_8   0x002470    program     static D:\work\midicontroller\svn\trunk\PIC\usb.c
                   __pa_8   0x001ca6    program     static D:\work\midicontroller\svn\trunk\PIC\hwcalls.c
                   __pa_8   0x001596    program     static D:\work\midicontroller\svn\trunk\common\controller.c
                   __pa_9   0x00247e    program     static D:\work\midicontroller\svn\trunk\PIC\usb.c
                   __pa_9   0x001cc8    program     static D:\work\midicontroller\svn\trunk\PIC\hwcalls.c
                   __pa_9   0x00159e    program     static D:\work\midicontroller\svn\trunk\common\controller.c
               __string_0   0x00322e    program     static D:\work\midicontroller\svn\trunk\common\controller.c
              __tmplbl_43   0x001596    program     static                          
              __tmplbl_44   0x001596    program     static                          
              __tmplbl_45   0x001596    program     static                          
              __tmplbl_46   0x001596    program     static                          
              __tmplbl_47   0x001596    program     static                          
              __tmplbl_48   0x001596    program     static                          
              __tmplbl_49   0x001596    program     static                          
              __tmplbl_50   0x001596    program     static                          
              __tmplbl_51   0x001596    program     static                          
              __tmplbl_52   0x001596    program     static                          
                   _entry   0x000a00    program     extern D:\work\midicontroller\svn\trunk\PIC\startup.c
                 _startup   0x00320c    program     extern D:\work\midicontroller\svn\trunk\PIC\startup.c
  activate_practice_value   0x000ee6    program     extern D:\work\midicontroller\svn\trunk\common\controller.c
            bank_activate   0x000c2c    program     extern D:\work\midicontroller\svn\trunk\common\controller.c
      bank_getsortedindex   0x001ba8    program     extern D:\work\midicontroller\svn\trunk\PIC\hwcalls.c
                bank_load   0x001938    program     extern D:\work\midicontroller\svn\trunk\PIC\hwcalls.c
            bank_loadname   0x001b82    program     extern D:\work\midicontroller\svn\trunk\PIC\hwcalls.c
            bank_showname   0x000c82    program     extern D:\work\midicontroller\svn\trunk\common\controller.c
               bank_store   0x001a10    program     extern D:\work\midicontroller\svn\trunk\PIC\hwcalls.c
         bankmap_activate   0x000c0c    program     extern D:\work\midicontroller\svn\trunk\common\controller.c
             bankmap_show   0x000bfe    program     extern D:\work\midicontroller\svn\trunk\common\controller.c
              banks_count   0x00191a    program     extern D:\work\midicontroller\svn\trunk\PIC\hwcalls.c
              button_held   0x000d00    program     extern D:\work\midicontroller\svn\trunk\common\controller.c
           button_pressed   0x000cc8    program     extern D:\work\midicontroller\svn\trunk\common\controller.c
          button_released   0x000d1c    program     extern D:\work\midicontroller\svn\trunk\common\controller.c
                    cfg01   0x002ccc    program     extern D:\work\midicontroller\svn\trunk\PIC\usbdescript.c
  controller_10msec_timer   0x000d68    program     extern D:\work\midicontroller\svn\trunk\common\controller.c
        controller_handle   0x000f50    program     extern D:\work\midicontroller\svn\trunk\common\controller.c
          controller_init   0x000f18    program     extern D:\work\midicontroller\svn\trunk\common\controller.c
       dec_practice_value   0x000eac    program     extern D:\work\midicontroller\svn\trunk\common\controller.c
               device_dsc   0x002cba    program     extern D:\work\midicontroller\svn\trunk\PIC\usbdescript.c
                  endloop   0x003206    program     static                          
                expr_poll   0x001914    program     extern D:\work\midicontroller\svn\trunk\PIC\hwcalls.c
          fsw_led_disable   0x0018f2    program     extern D:\work\midicontroller\svn\trunk\PIC\hwcalls.c
           fsw_led_enable   0x0018dc    program     extern D:\work\midicontroller\svn\trunk\PIC\hwcalls.c
       fsw_led_set_active   0x0018c2    program     extern D:\work\midicontroller\svn\trunk\PIC\hwcalls.c
                 fsw_poll   0x00186a    program     extern D:\work\midicontroller\svn\trunk\PIC\hwcalls.c
              hid_rpt_UPS   0x002d58    program     extern D:\work\midicontroller\svn\trunk\PIC\usbdescript.c
       inc_practice_value   0x000e7a    program     extern D:\work\midicontroller\svn\trunk\common\controller.c
                     init   0x00303c    program     extern D:\work\midicontroller\svn\trunk\PIC\init.c
               itoa_fixed   0x000b1c    program     extern D:\work\midicontroller\svn\trunk\common\controller.c
         leds_show_1digit   0x0025b0    program     extern D:\work\midicontroller\svn\trunk\PIC\leds.c
        leds_show_4alphas   0x002596    program     extern D:\work\midicontroller\svn\trunk\PIC\leds.c
                     loop   0x0031f8    program     static                          
                     loop   0x003218    program     static                          
                     main   0x000a2a    program     extern D:\work\midicontroller\svn\trunk\PIC\main.c
           midi_send_byte   0x001778    program     extern D:\work\midicontroller\svn\trunk\PIC\hwcalls.c
           midi_send_cmd1   0x001c20    program     extern D:\work\midicontroller\svn\trunk\PIC\hwcalls.c
           midi_send_cmd2   0x001c26    program     extern D:\work\midicontroller\svn\trunk\PIC\hwcalls.c
    notify_practice_value   0x000ed8    program     extern D:\work\midicontroller\svn\trunk\common\controller.c
          preset_activate   0x000bde    program     extern D:\work\midicontroller\svn\trunk\common\controller.c
         program_activate   0x000bb8    program     extern D:\work\midicontroller\svn\trunk\common\controller.c
     read_rom_to_pmbuffer   0x001b4c    program     extern D:\work\midicontroller\svn\trunk\PIC\hwcalls.c
                    sd000   0x002cee    program     extern D:\work\midicontroller\svn\trunk\PIC\usbdescript.c
        sequence_complete   0x000efc    program     extern D:\work\midicontroller\svn\trunk\common\controller.c
             show_program   0x000b72    program     extern D:\work\midicontroller\svn\trunk\common\controller.c
              slider_poll   0x00190e    program     extern D:\work\midicontroller\svn\trunk\PIC\hwcalls.c
      sortedbank_activate   0x000c6c    program     extern D:\work\midicontroller\svn\trunk\common\controller.c
      sortedbank_showname   0x000c96    program     extern D:\work\midicontroller\svn\trunk\common\controller.c
                   ADCON0   0x000fc2       data     extern C:\MCC18\SRC\TRADIT~1\PROC\p18f4455.asm
               ADCON0bits   0x000fc2       data     extern C:\MCC18\SRC\TRADIT~1\PROC\p18f4455.asm
                   ADCON1   0x000fc1       data     extern C:\MCC18\SRC\TRADIT~1\PROC\p18f4455.asm
               ADCON1bits   0x000fc1       data     extern C:\MCC18\SRC\TRADIT~1\PROC\p18f4455.asm
                   ADCON2   0x000fc0       data     extern C:\MCC18\SRC\TRADIT~1\PROC\p18f4455.asm
               ADCON2bits   0x000fc0       data     extern C:\MCC18\SRC\TRADIT~1\PROC\p18f4455.asm
                    ADRES   0x000fc3       data     extern C:\MCC18\SRC\TRADIT~1\PROC\p18f4455.asm
                   ADRESH   0x000fc4       data     extern C:\MCC18\SRC\TRADIT~1\PROC\p18f4455.asm
                   ADRESL   0x000fc3       data     extern C:\MCC18\SRC\TRADIT~1\PROC\p18f4455.asm
                ArbFlags1   0x00001b       data     extern D:\work\midicontroller\svn\trunk\PIC\ram_def.c
                ArbFlags2   0x00001c       data     extern D:\work\midicontroller\svn\trunk\PIC\ram_def.c
                  BAUDCON   0x000fb8       data     extern C:\MCC18\SRC\TRADIT~1\PROC\p18f4455.asm
              BAUDCONbits   0x000fb8       data     extern C:\MCC18\SRC\TRADIT~1\PROC\p18f4455.asm
                      BSR   0x000fe0       data     extern C:\MCC18\SRC\TRADIT~1\PROC\p18f4455.asm
              ButtonState   0x00012f       data     extern D:\work\midicontroller\svn\trunk\PIC\ram_def.c
                   CCP1AS   0x000fb6       data     extern C:\MCC18\SRC\TRADIT~1\PROC\p18f4455.asm
               CCP1ASbits   0x000fb6       data     extern C:\MCC18\SRC\TRADIT~1\PROC\p18f4455.asm
                  CCP1CON   0x000fbd       data     extern C:\MCC18\SRC\TRADIT~1\PROC\p18f4455.asm
              CCP1CONbits   0x000fbd       data     extern C:\MCC18\SRC\TRADIT~1\PROC\p18f4455.asm
                  CCP1DEL   0x000fb7       data     extern C:\MCC18\SRC\TRADIT~1\PROC\p18f4455.asm
              CCP1DELbits   0x000fb7       data     extern C:\MCC18\SRC\TRADIT~1\PROC\p18f4455.asm
                  CCP2CON   0x000fba       data     extern C:\MCC18\SRC\TRADIT~1\PROC\p18f4455.asm
              CCP2CONbits   0x000fba       data     extern C:\MCC18\SRC\TRADIT~1\PROC\p18f4455.asm
                    CCPR1   0x000fbe       data     extern C:\MCC18\SRC\TRADIT~1\PROC\p18f4455.asm
                   CCPR1H   0x000fbf       data     extern C:\MCC18\SRC\TRADIT~1\PROC\p18f4455.asm
                   CCPR1L   0x000fbe       data     extern C:\MCC18\SRC\TRADIT~1\PROC\p18f4455.asm
                    CCPR2   0x000fbb       data     extern C:\MCC18\SRC\TRADIT~1\PROC\p18f4455.asm
                   CCPR2H   0x000fbc       data     extern C:\MCC18\SRC\TRADIT~1\PROC\p18f4455.asm
                   CCPR2L   0x000fbb       data     extern C:\MCC18\SRC\TRADIT~1\PROC\p18f4455.asm
                    CMCON   0x000fb4       data     extern C:\MCC18\SRC\TRADIT~1\PROC\p18f4455.asm
                CMCONbits   0x000fb4       data     extern C:\MCC18\SRC\TRADIT~1\PROC\p18f4455.asm
                   CVRCON   0x000fb5       data     extern C:\MCC18\SRC\TRADIT~1\PROC\p18f4455.asm
               CVRCONbits   0x000fb5       data     extern C:\MCC18\SRC\TRADIT~1\PROC\p18f4455.asm
               ComPointer   0x0001fd       data     static D:\work\midicontroller\svn\trunk\PIC\leds.c
               CommFlags1   0x00001a       data     extern D:\work\midicontroller\svn\trunk\PIC\ram_def.c
              CtrlTrfData   0x000450       data     extern D:\work\midicontroller\svn\trunk\PIC\usb.c
                     DDRA   0x000f92       data     extern C:\MCC18\SRC\TRADIT~1\PROC\p18f4455.asm
                 DDRAbits   0x000f92       data     extern C:\MCC18\SRC\TRADIT~1\PROC\p18f4455.asm
                     DDRB   0x000f93       data     extern C:\MCC18\SRC\TRADIT~1\PROC\p18f4455.asm
                 DDRBbits   0x000f93       data     extern C:\MCC18\SRC\TRADIT~1\PROC\p18f4455.asm
                     DDRC   0x000f94       data     extern C:\MCC18\SRC\TRADIT~1\PROC\p18f4455.asm
                 DDRCbits   0x000f94       data     extern C:\MCC18\SRC\TRADIT~1\PROC\p18f4455.asm
                     DDRD   0x000f95       data     extern C:\MCC18\SRC\TRADIT~1\PROC\p18f4455.asm
                 DDRDbits   0x000f95       data     extern C:\MCC18\SRC\TRADIT~1\PROC\p18f4455.asm
                     DDRE   0x000f96       data     extern C:\MCC18\SRC\TRADIT~1\PROC\p18f4455.asm
                 DDREbits   0x000f96       data     extern C:\MCC18\SRC\TRADIT~1\PROC\p18f4455.asm
         DispNumOfCommons   0x00012d       data     extern D:\work\midicontroller\svn\trunk\PIC\ram_def.c
              DispSegData   0x000100       data     extern D:\work\midicontroller\svn\trunk\PIC\ram_def.c
                  ECCP1AS   0x000fb6       data     extern C:\MCC18\SRC\TRADIT~1\PROC\p18f4455.asm
              ECCP1ASbits   0x000fb6       data     extern C:\MCC18\SRC\TRADIT~1\PROC\p18f4455.asm
                 ECCP1CON   0x000fbd       data     extern C:\MCC18\SRC\TRADIT~1\PROC\p18f4455.asm
             ECCP1CONbits   0x000fbd       data     extern C:\MCC18\SRC\TRADIT~1\PROC\p18f4455.asm
                 ECCP1DEL   0x000fb7       data     extern C:\MCC18\SRC\TRADIT~1\PROC\p18f4455.asm
             ECCP1DELbits   0x000fb7       data     extern C:\MCC18\SRC\TRADIT~1\PROC\p18f4455.asm
                    EEADR   0x000fa9       data     extern C:\MCC18\SRC\TRADIT~1\PROC\p18f4455.asm
                   EECON1   0x000fa6       data     extern C:\MCC18\SRC\TRADIT~1\PROC\p18f4455.asm
               EECON1bits   0x000fa6       data     extern C:\MCC18\SRC\TRADIT~1\PROC\p18f4455.asm
                   EECON2   0x000fa7       data     extern C:\MCC18\SRC\TRADIT~1\PROC\p18f4455.asm
                   EEDATA   0x000fa8       data     extern C:\MCC18\SRC\TRADIT~1\PROC\p18f4455.asm
              ExpPedalAvg   0x000179       data     extern D:\work\midicontroller\svn\trunk\PIC\ram_def.c
             ExpPedalInst   0x000133       data     extern D:\work\midicontroller\svn\trunk\PIC\ram_def.c
                     FSR0   0x000fe9       data     extern C:\MCC18\SRC\TRADIT~1\PROC\p18f4455.asm
                    FSR0H   0x000fea       data     extern C:\MCC18\SRC\TRADIT~1\PROC\p18f4455.asm
                    FSR0L   0x000fe9       data     extern C:\MCC18\SRC\TRADIT~1\PROC\p18f4455.asm
                     FSR1   0x000fe1       data     extern C:\MCC18\SRC\TRADIT~1\PROC\p18f4455.asm
                    FSR1H   0x000fe2       data     extern C:\MCC18\SRC\TRADIT~1\PROC\p18f4455.asm
                    FSR1L   0x000fe1       data     extern C:\MCC18\SRC\TRADIT~1\PROC\p18f4455.asm
                     FSR2   0x000fd9       data     extern C:\MCC18\SRC\TRADIT~1\PROC\p18f4455.asm
                    FSR2H   0x000fda       data     extern C:\MCC18\SRC\TRADIT~1\PROC\p18f4455.asm
                    FSR2L   0x000fd9       data     extern C:\MCC18\SRC\TRADIT~1\PROC\p18f4455.asm
                  HLVDCON   0x000fd2       data     extern C:\MCC18\SRC\TRADIT~1\PROC\p18f4455.asm
              HLVDCONbits   0x000fd2       data     extern C:\MCC18\SRC\TRADIT~1\PROC\p18f4455.asm
                    INDF0   0x000fef       data     extern C:\MCC18\SRC\TRADIT~1\PROC\p18f4455.asm
                    INDF1   0x000fe7       data     extern C:\MCC18\SRC\TRADIT~1\PROC\p18f4455.asm
                    INDF2   0x000fdf       data     extern C:\MCC18\SRC\TRADIT~1\PROC\p18f4455.asm
                   INTCON   0x000ff2       data     extern C:\MCC18\SRC\TRADIT~1\PROC\p18f4455.asm
                  INTCON2   0x000ff1       data     extern C:\MCC18\SRC\TRADIT~1\PROC\p18f4455.asm
              INTCON2bits   0x000ff1       data     extern C:\MCC18\SRC\TRADIT~1\PROC\p18f4455.asm
                  INTCON3   0x000ff0       data     extern C:\MCC18\SRC\TRADIT~1\PROC\p18f4455.asm
              INTCON3bits   0x000ff0       data     extern C:\MCC18\SRC\TRADIT~1\PROC\p18f4455.asm
               INTCONbits   0x000ff2       data     extern C:\MCC18\SRC\TRADIT~1\PROC\p18f4455.asm
                     IPR1   0x000f9f       data     extern C:\MCC18\SRC\TRADIT~1\PROC\p18f4455.asm
                 IPR1bits   0x000f9f       data     extern C:\MCC18\SRC\TRADIT~1\PROC\p18f4455.asm
                     IPR2   0x000fa2       data     extern C:\MCC18\SRC\TRADIT~1\PROC\p18f4455.asm
                 IPR2bits   0x000fa2       data     extern C:\MCC18\SRC\TRADIT~1\PROC\p18f4455.asm
                     LATA   0x000f89       data     extern C:\MCC18\SRC\TRADIT~1\PROC\p18f4455.asm
                 LATAbits   0x000f89       data     extern C:\MCC18\SRC\TRADIT~1\PROC\p18f4455.asm
                     LATB   0x000f8a       data     extern C:\MCC18\SRC\TRADIT~1\PROC\p18f4455.asm
                 LATBbits   0x000f8a       data     extern C:\MCC18\SRC\TRADIT~1\PROC\p18f4455.asm
                     LATC   0x000f8b       data     extern C:\MCC18\SRC\TRADIT~1\PROC\p18f4455.asm
                 LATCbits   0x000f8b       data     extern C:\MCC18\SRC\TRADIT~1\PROC\p18f4455.asm
                     LATD   0x000f8c       data     extern C:\MCC18\SRC\TRADIT~1\PROC\p18f4455.asm
                 LATDbits   0x000f8c       data     extern C:\MCC18\SRC\TRADIT~1\PROC\p18f4455.asm
                     LATE   0x000f8d       data     extern C:\MCC18\SRC\TRADIT~1\PROC\p18f4455.asm
                 LATEbits   0x000f8d       data     extern C:\MCC18\SRC\TRADIT~1\PROC\p18f4455.asm
                   LVDCON   0x000fd2       data     extern C:\MCC18\SRC\TRADIT~1\PROC\p18f4455.asm
               LVDCONbits   0x000fd2       data     extern C:\MCC18\SRC\TRADIT~1\PROC\p18f4455.asm
                LedStates   0x00012e       data     extern D:\work\midicontroller\svn\trunk\PIC\ram_def.c
               MiscFlags1   0x00001d       data     extern D:\work\midicontroller\svn\trunk\PIC\ram_def.c
              NVRCommAddr   0x000127       data     extern D:\work\midicontroller\svn\trunk\PIC\ram_def.c
                   OSCCON   0x000fd3       data     extern C:\MCC18\SRC\TRADIT~1\PROC\p18f4455.asm
               OSCCONbits   0x000fd3       data     extern C:\MCC18\SRC\TRADIT~1\PROC\p18f4455.asm
                  OSCTUNE   0x000f9b       data     extern C:\MCC18\SRC\TRADIT~1\PROC\p18f4455.asm
              OSCTUNEbits   0x000f9b       data     extern C:\MCC18\SRC\TRADIT~1\PROC\p18f4455.asm
                       PC   0x000ff9       data     extern C:\MCC18\SRC\TRADIT~1\PROC\p18f4455.asm
                      PCL   0x000ff9       data     extern C:\MCC18\SRC\TRADIT~1\PROC\p18f4455.asm
                   PCLATH   0x000ffa       data     extern C:\MCC18\SRC\TRADIT~1\PROC\p18f4455.asm
                   PCLATU   0x000ffb       data     extern C:\MCC18\SRC\TRADIT~1\PROC\p18f4455.asm
                     PIE1   0x000f9d       data     extern C:\MCC18\SRC\TRADIT~1\PROC\p18f4455.asm
                 PIE1bits   0x000f9d       data     extern C:\MCC18\SRC\TRADIT~1\PROC\p18f4455.asm
                     PIE2   0x000fa0       data     extern C:\MCC18\SRC\TRADIT~1\PROC\p18f4455.asm
                 PIE2bits   0x000fa0       data     extern C:\MCC18\SRC\TRADIT~1\PROC\p18f4455.asm
                     PIR1   0x000f9e       data     extern C:\MCC18\SRC\TRADIT~1\PROC\p18f4455.asm
                 PIR1bits   0x000f9e       data     extern C:\MCC18\SRC\TRADIT~1\PROC\p18f4455.asm
                     PIR2   0x000fa1       data     extern C:\MCC18\SRC\TRADIT~1\PROC\p18f4455.asm
                 PIR2bits   0x000fa1       data     extern C:\MCC18\SRC\TRADIT~1\PROC\p18f4455.asm
                   PLUSW0   0x000feb       data     extern C:\MCC18\SRC\TRADIT~1\PROC\p18f4455.asm
                   PLUSW1   0x000fe3       data     extern C:\MCC18\SRC\TRADIT~1\PROC\p18f4455.asm
                   PLUSW2   0x000fdb       data     extern C:\MCC18\SRC\TRADIT~1\PROC\p18f4455.asm
                    PORTA   0x000f80       data     extern C:\MCC18\SRC\TRADIT~1\PROC\p18f4455.asm
                PORTAbits   0x000f80       data     extern C:\MCC18\SRC\TRADIT~1\PROC\p18f4455.asm
                    PORTB   0x000f81       data     extern C:\MCC18\SRC\TRADIT~1\PROC\p18f4455.asm
                PORTBbits   0x000f81       data     extern C:\MCC18\SRC\TRADIT~1\PROC\p18f4455.asm
                    PORTC   0x000f82       data     extern C:\MCC18\SRC\TRADIT~1\PROC\p18f4455.asm
                PORTCbits   0x000f82       data     extern C:\MCC18\SRC\TRADIT~1\PROC\p18f4455.asm
                    PORTD   0x000f83       data     extern C:\MCC18\SRC\TRADIT~1\PROC\p18f4455.asm
                PORTDbits   0x000f83       data     extern C:\MCC18\SRC\TRADIT~1\PROC\p18f4455.asm
                    PORTE   0x000f84       data     extern C:\MCC18\SRC\TRADIT~1\PROC\p18f4455.asm
                PORTEbits   0x000f84       data     extern C:\MCC18\SRC\TRADIT~1\PROC\p18f4455.asm
                 POSTDEC0   0x000fed       data     extern C:\MCC18\SRC\TRADIT~1\PROC\p18f4455.asm
                 POSTDEC1   0x000fe5       data     extern C:\MCC18\SRC\TRADIT~1\PROC\p18f4455.asm
                 POSTDEC2   0x000fdd       data     extern C:\MCC18\SRC\TRADIT~1\PROC\p18f4455.asm
                 POSTINC0   0x000fee       data     extern C:\MCC18\SRC\TRADIT~1\PROC\p18f4455.asm
                 POSTINC1   0x000fe6       data     extern C:\MCC18\SRC\TRADIT~1\PROC\p18f4455.asm
                 POSTINC2   0x000fde       data     extern C:\MCC18\SRC\TRADIT~1\PROC\p18f4455.asm
                      PR2   0x000fcb       data     extern C:\MCC18\SRC\TRADIT~1\PROC\p18f4455.asm
                  PREINC0   0x000fec       data     extern C:\MCC18\SRC\TRADIT~1\PROC\p18f4455.asm
                  PREINC1   0x000fe4       data     extern C:\MCC18\SRC\TRADIT~1\PROC\p18f4455.asm
                  PREINC2   0x000fdc       data     extern C:\MCC18\SRC\TRADIT~1\PROC\p18f4455.asm
                     PROD   0x000ff3       data     extern C:\MCC18\SRC\TRADIT~1\PROC\p18f4455.asm
                    PRODH   0x000ff4       data     extern C:\MCC18\SRC\TRADIT~1\PROC\p18f4455.asm
                    PRODL   0x000ff3       data     extern C:\MCC18\SRC\TRADIT~1\PROC\p18f4455.asm
               PresentCmd   0x0001fc       data     extern D:\work\midicontroller\svn\trunk\PIC\usbapplet.c
              ProgMemAddr   0x000105       data     extern D:\work\midicontroller\svn\trunk\PIC\ram_def.c
            ProgmemBuffer   0x000107       data     extern D:\work\midicontroller\svn\trunk\PIC\ram_def.c
              RAMCommAddr   0x000129       data     extern D:\work\midicontroller\svn\trunk\PIC\ram_def.c
                     RCON   0x000fd0       data     extern C:\MCC18\SRC\TRADIT~1\PROC\p18f4455.asm
                 RCONbits   0x000fd0       data     extern C:\MCC18\SRC\TRADIT~1\PROC\p18f4455.asm
                    RCREG   0x000fae       data     extern C:\MCC18\SRC\TRADIT~1\PROC\p18f4455.asm
                    RCSTA   0x000fab       data     extern C:\MCC18\SRC\TRADIT~1\PROC\p18f4455.asm
                RCSTAbits   0x000fab       data     extern C:\MCC18\SRC\TRADIT~1\PROC\p18f4455.asm
              ROMCommAddr   0x00012b       data     extern D:\work\midicontroller\svn\trunk\PIC\ram_def.c
             ResponseType   0x0001c6       data     extern D:\work\midicontroller\svn\trunk\PIC\ram_def.c
                     SIGN   0x000000       data     extern C:\MCC18\SRC\TRADIT~1\MATH\cmath18.asm
                    SPBRG   0x000faf       data     extern C:\MCC18\SRC\TRADIT~1\PROC\p18f4455.asm
                   SPBRGH   0x000fb0       data     extern C:\MCC18\SRC\TRADIT~1\PROC\p18f4455.asm
                   SPPCFG   0x000f63       data     extern C:\MCC18\SRC\TRADIT~1\PROC\p18f4455.asm
               SPPCFGbits   0x000f63       data     extern C:\MCC18\SRC\TRADIT~1\PROC\p18f4455.asm
                   SPPCON   0x000f65       data     extern C:\MCC18\SRC\TRADIT~1\PROC\p18f4455.asm
               SPPCONbits   0x000f65       data     extern C:\MCC18\SRC\TRADIT~1\PROC\p18f4455.asm
                  SPPDATA   0x000f62       data     extern C:\MCC18\SRC\TRADIT~1\PROC\p18f4455.asm
                   SPPEPS   0x000f64       data     extern C:\MCC18\SRC\TRADIT~1\PROC\p18f4455.asm
               SPPEPSbits   0x000f64       data     extern C:\MCC18\SRC\TRADIT~1\PROC\p18f4455.asm
                   SSPADD   0x000fc8       data     extern C:\MCC18\SRC\TRADIT~1\PROC\p18f4455.asm
                   SSPBUF   0x000fc9       data     extern C:\MCC18\SRC\TRADIT~1\PROC\p18f4455.asm
                  SSPCON1   0x000fc6       data     extern C:\MCC18\SRC\TRADIT~1\PROC\p18f4455.asm
              SSPCON1bits   0x000fc6       data     extern C:\MCC18\SRC\TRADIT~1\PROC\p18f4455.asm
                  SSPCON2   0x000fc5       data     extern C:\MCC18\SRC\TRADIT~1\PROC\p18f4455.asm
              SSPCON2bits   0x000fc5       data     extern C:\MCC18\SRC\TRADIT~1\PROC\p18f4455.asm
                  SSPSTAT   0x000fc7       data     extern C:\MCC18\SRC\TRADIT~1\PROC\p18f4455.asm
              SSPSTATbits   0x000fc7       data     extern C:\MCC18\SRC\TRADIT~1\PROC\p18f4455.asm
                   STATUS   0x000fd8       data     extern C:\MCC18\SRC\TRADIT~1\PROC\p18f4455.asm
               STATUSbits   0x000fd8       data     extern C:\MCC18\SRC\TRADIT~1\PROC\p18f4455.asm
                   STKPTR   0x000ffc       data     extern C:\MCC18\SRC\TRADIT~1\PROC\p18f4455.asm
               STKPTRbits   0x000ffc       data     extern C:\MCC18\SRC\TRADIT~1\PROC\p18f4455.asm
     ScrollingDisplayData   0x000137       data     extern D:\work\midicontroller\svn\trunk\PIC\ram_def.c
    ScrollingDisplayIndex   0x000178       data     extern D:\work\midicontroller\svn\trunk\PIC\ram_def.c
   ScrollingDisplayLength   0x000177       data     extern D:\work\midicontroller\svn\trunk\PIC\ram_def.c
                 SetupPkt   0x000410       data     extern D:\work\midicontroller\svn\trunk\PIC\usb.c
              SystickCntr   0x000134       data     extern D:\work\midicontroller\svn\trunk\PIC\ram_def.c
             SystickCntr2   0x000135       data     extern D:\work\midicontroller\svn\trunk\PIC\ram_def.c
             SystickCntr3   0x000136       data     extern D:\work\midicontroller\svn\trunk\PIC\ram_def.c
                    T0CON   0x000fd5       data     extern C:\MCC18\SRC\TRADIT~1\PROC\p18f4455.asm
                T0CONbits   0x000fd5       data     extern C:\MCC18\SRC\TRADIT~1\PROC\p18f4455.asm
                    T1CON   0x000fcd       data     extern C:\MCC18\SRC\TRADIT~1\PROC\p18f4455.asm
                T1CONbits   0x000fcd       data     extern C:\MCC18\SRC\TRADIT~1\PROC\p18f4455.asm
                    T2CON   0x000fca       data     extern C:\MCC18\SRC\TRADIT~1\PROC\p18f4455.asm
                T2CONbits   0x000fca       data     extern C:\MCC18\SRC\TRADIT~1\PROC\p18f4455.asm
                    T3CON   0x000fb1       data     extern C:\MCC18\SRC\TRADIT~1\PROC\p18f4455.asm
                T3CONbits   0x000fb1       data     extern C:\MCC18\SRC\TRADIT~1\PROC\p18f4455.asm
                   TABLAT   0x000ff5       data     extern C:\MCC18\SRC\TRADIT~1\PROC\p18f4455.asm
                   TBLPTR   0x000ff6       data     extern C:\MCC18\SRC\TRADIT~1\PROC\p18f4455.asm
                  TBLPTRH   0x000ff7       data     extern C:\MCC18\SRC\TRADIT~1\PROC\p18f4455.asm
                  TBLPTRL   0x000ff6       data     extern C:\MCC18\SRC\TRADIT~1\PROC\p18f4455.asm
                  TBLPTRU   0x000ff8       data     extern C:\MCC18\SRC\TRADIT~1\PROC\p18f4455.asm
                    TMR0H   0x000fd7       data     extern C:\MCC18\SRC\TRADIT~1\PROC\p18f4455.asm
                    TMR0L   0x000fd6       data     extern C:\MCC18\SRC\TRADIT~1\PROC\p18f4455.asm
                    TMR1H   0x000fcf       data     extern C:\MCC18\SRC\TRADIT~1\PROC\p18f4455.asm
                    TMR1L   0x000fce       data     extern C:\MCC18\SRC\TRADIT~1\PROC\p18f4455.asm
                     TMR2   0x000fcc       data     extern C:\MCC18\SRC\TRADIT~1\PROC\p18f4455.asm
                    TMR3H   0x000fb3       data     extern C:\MCC18\SRC\TRADIT~1\PROC\p18f4455.asm
                    TMR3L   0x000fb2       data     extern C:\MCC18\SRC\TRADIT~1\PROC\p18f4455.asm
                      TOS   0x000ffd       data     extern C:\MCC18\SRC\TRADIT~1\PROC\p18f4455.asm
                     TOSH   0x000ffe       data     extern C:\MCC18\SRC\TRADIT~1\PROC\p18f4455.asm
                     TOSL   0x000ffd       data     extern C:\MCC18\SRC\TRADIT~1\PROC\p18f4455.asm
                     TOSU   0x000fff       data     extern C:\MCC18\SRC\TRADIT~1\PROC\p18f4455.asm
                    TRISA   0x000f92       data     extern C:\MCC18\SRC\TRADIT~1\PROC\p18f4455.asm
                TRISAbits   0x000f92       data     extern C:\MCC18\SRC\TRADIT~1\PROC\p18f4455.asm
                    TRISB   0x000f93       data     extern C:\MCC18\SRC\TRADIT~1\PROC\p18f4455.asm
                TRISBbits   0x000f93       data     extern C:\MCC18\SRC\TRADIT~1\PROC\p18f4455.asm
                    TRISC   0x000f94       data     extern C:\MCC18\SRC\TRADIT~1\PROC\p18f4455.asm
                TRISCbits   0x000f94       data     extern C:\MCC18\SRC\TRADIT~1\PROC\p18f4455.asm
                    TRISD   0x000f95       data     extern C:\MCC18\SRC\TRADIT~1\PROC\p18f4455.asm
                TRISDbits   0x000f95       data     extern C:\MCC18\SRC\TRADIT~1\PROC\p18f4455.asm
                    TRISE   0x000f96       data     extern C:\MCC18\SRC\TRADIT~1\PROC\p18f4455.asm
                TRISEbits   0x000f96       data     extern C:\MCC18\SRC\TRADIT~1\PROC\p18f4455.asm
                    TXREG   0x000fad       data     extern C:\MCC18\SRC\TRADIT~1\PROC\p18f4455.asm
                    TXSTA   0x000fac       data     extern C:\MCC18\SRC\TRADIT~1\PROC\p18f4455.asm
                TXSTAbits   0x000fac       data     extern C:\MCC18\SRC\TRADIT~1\PROC\p18f4455.asm
              TxBufOutPtr   0x000184       data     extern D:\work\midicontroller\svn\trunk\PIC\ram_def.c
                 TxBufPtr   0x000183       data     extern D:\work\midicontroller\svn\trunk\PIC\ram_def.c
                 TxBuffer   0x00017b       data     extern D:\work\midicontroller\svn\trunk\PIC\ram_def.c
                    UADDR   0x000f6e       data     extern C:\MCC18\SRC\TRADIT~1\PROC\p18f4455.asm
                UADDRbits   0x000f6e       data     extern C:\MCC18\SRC\TRADIT~1\PROC\p18f4455.asm
                     UCFG   0x000f6f       data     extern C:\MCC18\SRC\TRADIT~1\PROC\p18f4455.asm
                 UCFGbits   0x000f6f       data     extern C:\MCC18\SRC\TRADIT~1\PROC\p18f4455.asm
                     UCON   0x000f6d       data     extern C:\MCC18\SRC\TRADIT~1\PROC\p18f4455.asm
                 UCONbits   0x000f6d       data     extern C:\MCC18\SRC\TRADIT~1\PROC\p18f4455.asm
                     UEIE   0x000f6b       data     extern C:\MCC18\SRC\TRADIT~1\PROC\p18f4455.asm
                 UEIEbits   0x000f6b       data     extern C:\MCC18\SRC\TRADIT~1\PROC\p18f4455.asm
                     UEIR   0x000f6a       data     extern C:\MCC18\SRC\TRADIT~1\PROC\p18f4455.asm
                 UEIRbits   0x000f6a       data     extern C:\MCC18\SRC\TRADIT~1\PROC\p18f4455.asm
                     UEP0   0x000f70       data     extern C:\MCC18\SRC\TRADIT~1\PROC\p18f4455.asm
                 UEP0bits   0x000f70       data     extern C:\MCC18\SRC\TRADIT~1\PROC\p18f4455.asm
                     UEP1   0x000f71       data     extern C:\MCC18\SRC\TRADIT~1\PROC\p18f4455.asm
                    UEP10   0x000f7a       data     extern C:\MCC18\SRC\TRADIT~1\PROC\p18f4455.asm
                UEP10bits   0x000f7a       data     extern C:\MCC18\SRC\TRADIT~1\PROC\p18f4455.asm
                    UEP11   0x000f7b       data     extern C:\MCC18\SRC\TRADIT~1\PROC\p18f4455.asm
                UEP11bits   0x000f7b       data     extern C:\MCC18\SRC\TRADIT~1\PROC\p18f4455.asm
                    UEP12   0x000f7c       data     extern C:\MCC18\SRC\TRADIT~1\PROC\p18f4455.asm
                UEP12bits   0x000f7c       data     extern C:\MCC18\SRC\TRADIT~1\PROC\p18f4455.asm
                    UEP13   0x000f7d       data     extern C:\MCC18\SRC\TRADIT~1\PROC\p18f4455.asm
                UEP13bits   0x000f7d       data     extern C:\MCC18\SRC\TRADIT~1\PROC\p18f4455.asm
                    UEP14   0x000f7e       data     extern C:\MCC18\SRC\TRADIT~1\PROC\p18f4455.asm
                UEP14bits   0x000f7e       data     extern C:\MCC18\SRC\TRADIT~1\PROC\p18f4455.asm
                    UEP15   0x000f7f       data     extern C:\MCC18\SRC\TRADIT~1\PROC\p18f4455.asm
                UEP15bits   0x000f7f       data     extern C:\MCC18\SRC\TRADIT~1\PROC\p18f4455.asm
                 UEP1bits   0x000f71       data     extern C:\MCC18\SRC\TRADIT~1\PROC\p18f4455.asm
                     UEP2   0x000f72       data     extern C:\MCC18\SRC\TRADIT~1\PROC\p18f4455.asm
                 UEP2bits   0x000f72       data     extern C:\MCC18\SRC\TRADIT~1\PROC\p18f4455.asm
                     UEP3   0x000f73       data     extern C:\MCC18\SRC\TRADIT~1\PROC\p18f4455.asm
                 UEP3bits   0x000f73       data     extern C:\MCC18\SRC\TRADIT~1\PROC\p18f4455.asm
                     UEP4   0x000f74       data     extern C:\MCC18\SRC\TRADIT~1\PROC\p18f4455.asm
                 UEP4bits   0x000f74       data     extern C:\MCC18\SRC\TRADIT~1\PROC\p18f4455.asm
                     UEP5   0x000f75       data     extern C:\MCC18\SRC\TRADIT~1\PROC\p18f4455.asm
                 UEP5bits   0x000f75       data     extern C:\MCC18\SRC\TRADIT~1\PROC\p18f4455.asm
                     UEP6   0x000f76       data     extern C:\MCC18\SRC\TRADIT~1\PROC\p18f4455.asm
                 UEP6bits   0x000f76       data     extern C:\MCC18\SRC\TRADIT~1\PROC\p18f4455.asm
                     UEP7   0x000f77       data     extern C:\MCC18\SRC\TRADIT~1\PROC\p18f4455.asm
                 UEP7bits   0x000f77       data     extern C:\MCC18\SRC\TRADIT~1\PROC\p18f4455.asm
                     UEP8   0x000f78       data     extern C:\MCC18\SRC\TRADIT~1\PROC\p18f4455.asm
                 UEP8bits   0x000f78       data     extern C:\MCC18\SRC\TRADIT~1\PROC\p18f4455.asm
                     UEP9   0x000f79       data     extern C:\MCC18\SRC\TRADIT~1\PROC\p18f4455.asm
                 UEP9bits   0x000f79       data     extern C:\MCC18\SRC\TRADIT~1\PROC\p18f4455.asm
                     UFRM   0x000f66       data     extern C:\MCC18\SRC\TRADIT~1\PROC\p18f4455.asm
                    UFRMH   0x000f67       data     extern C:\MCC18\SRC\TRADIT~1\PROC\p18f4455.asm
                UFRMHbits   0x000f67       data     extern C:\MCC18\SRC\TRADIT~1\PROC\p18f4455.asm
                    UFRML   0x000f66       data     extern C:\MCC18\SRC\TRADIT~1\PROC\p18f4455.asm
                UFRMLbits   0x000f66       data     extern C:\MCC18\SRC\TRADIT~1\PROC\p18f4455.asm
                      UIE   0x000f69       data     extern C:\MCC18\SRC\TRADIT~1\PROC\p18f4455.asm
                  UIEbits   0x000f69       data     extern C:\MCC18\SRC\TRADIT~1\PROC\p18f4455.asm
                      UIR   0x000f68       data     extern C:\MCC18\SRC\TRADIT~1\PROC\p18f4455.asm
                  UIRbits   0x000f68       data     extern C:\MCC18\SRC\TRADIT~1\PROC\p18f4455.asm
           USBDataPointer   0x000185       data     extern D:\work\midicontroller\svn\trunk\PIC\ram_def.c
       USBEP0DataInBuffer   0x000186       data     extern D:\work\midicontroller\svn\trunk\PIC\ram_def.c
                    USTAT   0x000f6c       data     extern C:\MCC18\SRC\TRADIT~1\PROC\p18f4455.asm
                USTATbits   0x000f6c       data     extern C:\MCC18\SRC\TRADIT~1\PROC\p18f4455.asm
                   WDTCON   0x000fd1       data     extern C:\MCC18\SRC\TRADIT~1\PROC\p18f4455.asm
               WDTCONbits   0x000fd1       data     extern C:\MCC18\SRC\TRADIT~1\PROC\p18f4455.asm
                     WREG   0x000fe8       data     extern C:\MCC18\SRC\TRADIT~1\PROC\p18f4455.asm
                 __AARGB0   0x000009       data     extern C:\MCC18\SRC\TRADIT~1\MATH\aarg.asm
                 __AARGB1   0x000008       data     extern C:\MCC18\SRC\TRADIT~1\MATH\aarg.asm
                 __AARGB2   0x000007       data     extern C:\MCC18\SRC\TRADIT~1\MATH\aarg.asm
                 __AARGB3   0x000006       data     extern C:\MCC18\SRC\TRADIT~1\MATH\aarg.asm
                 __AARGB4   0x000005       data     extern C:\MCC18\SRC\TRADIT~1\MATH\aarg.asm
                 __AARGB5   0x000004       data     extern C:\MCC18\SRC\TRADIT~1\MATH\aarg.asm
                 __AARGB6   0x000003       data     extern C:\MCC18\SRC\TRADIT~1\MATH\aarg.asm
                 __AARGB7   0x000002       data     extern C:\MCC18\SRC\TRADIT~1\MATH\aarg.asm
                   __AEXP   0x00000a       data     extern C:\MCC18\SRC\TRADIT~1\MATH\aarg.asm
                 __BARGB0   0x00000e       data     extern C:\MCC18\SRC\TRADIT~1\MATH\barg.asm
                 __BARGB1   0x00000d       data     extern C:\MCC18\SRC\TRADIT~1\MATH\barg.asm
                 __BARGB2   0x00000c       data     extern C:\MCC18\SRC\TRADIT~1\MATH\barg.asm
                 __BARGB3   0x00000b       data     extern C:\MCC18\SRC\TRADIT~1\MATH\barg.asm
                   __BEXP   0x00000f       data     extern C:\MCC18\SRC\TRADIT~1\MATH\barg.asm
                __FPFLAGS   0x000001       data     extern C:\MCC18\SRC\TRADIT~1\MATH\cmath18.asm
            __FPFLAGSbits   0x000001       data     extern C:\MCC18\SRC\TRADIT~1\MATH\cmath18.asm
                  __REMB0   0x000005       data     extern C:\MCC18\SRC\TRADIT~1\MATH\aarg.asm
                  __REMB1   0x000004       data     extern C:\MCC18\SRC\TRADIT~1\MATH\aarg.asm
                  __REMB2   0x000003       data     extern C:\MCC18\SRC\TRADIT~1\MATH\aarg.asm
                  __REMB3   0x000002       data     extern C:\MCC18\SRC\TRADIT~1\MATH\aarg.asm
                   __TEMP   0x000013       data     extern C:\MCC18\SRC\TRADIT~1\MATH\temparg.asm
                 __TEMPB0   0x000013       data     extern C:\MCC18\SRC\TRADIT~1\MATH\temparg.asm
                 __TEMPB1   0x000012       data     extern C:\MCC18\SRC\TRADIT~1\MATH\temparg.asm
                 __TEMPB2   0x000011       data     extern C:\MCC18\SRC\TRADIT~1\MATH\temparg.asm
                 __TEMPB3   0x000010       data     extern C:\MCC18\SRC\TRADIT~1\MATH\temparg.asm
                  __tmp_0   0x000014       data     static D:\work\midicontroller\svn\trunk\PIC\writeprogmem.c
                  __tmp_0   0x000014       data     static D:\work\midicontroller\svn\trunk\PIC\leds.c
                  __tmp_0   0x000014       data     static D:\work\midicontroller\svn\trunk\common\controller.c
                  __tmp_0   0x000014       data     static D:\work\midicontroller\svn\trunk\PIC\hwcalls.c
                  __tmp_0   0x000014       data     static D:\work\midicontroller\svn\trunk\PIC\hid.c
                  __tmp_0   0x000014       data     static D:\work\midicontroller\svn\trunk\PIC\usb.c
                  __tmp_0   0x000014       data     static D:\work\midicontroller\svn\trunk\PIC\usbapplet.c
              accel_count   0x0001e9       data     extern D:\work\midicontroller\svn\trunk\common\controller.c
              accel_state   0x00006d       data     extern D:\work\midicontroller\svn\trunk\common\controller.c
               accel_time   0x0001e7       data     extern D:\work\midicontroller\svn\trunk\common\controller.c
          accel_time_fast   0x000075       data     extern D:\work\midicontroller\svn\trunk\common\controller.c
        accel_time_medium   0x000073       data     extern D:\work\midicontroller\svn\trunk\common\controller.c
          accel_time_slow   0x000071       data     extern D:\work\midicontroller\svn\trunk\common\controller.c
          active_protocol   0x0001fa       data     extern D:\work\midicontroller\svn\trunk\PIC\hid.c
                     bank   0x0001c7       data     extern D:\work\midicontroller\svn\trunk\common\controller.c
               bank_count   0x0001e5       data     extern D:\work\midicontroller\svn\trunk\common\controller.c
         bank_record_size   0x0001fe       data     extern D:\work\midicontroller\svn\trunk\PIC\hwcalls.c
           bankcontroller   0x0001cb       data     extern D:\work\midicontroller\svn\trunk\common\controller.c
                  bankmap   0x0001cf       data     extern D:\work\midicontroller\svn\trunk\common\controller.c
            bankmap_count   0x0001d7       data     extern D:\work\midicontroller\svn\trunk\common\controller.c
                 bankname   0x0001d8       data     extern D:\work\midicontroller\svn\trunk\common\controller.c
                  cc_curr   0x00007d       data     extern D:\work\midicontroller\svn\trunk\common\controller.c
                  cc_last   0x00007e       data     extern D:\work\midicontroller\svn\trunk\common\controller.c
            cdtimer_flash   0x000065       data     extern D:\work\midicontroller\svn\trunk\common\controller.c
        cdtimer_holdenter   0x00006b       data     extern D:\work\midicontroller\svn\trunk\common\controller.c
      cdtimer_incdec_held   0x000069       data     extern D:\work\midicontroller\svn\trunk\common\controller.c
            cdtimer_store   0x000067       data     extern D:\work\midicontroller\svn\trunk\common\controller.c
            cdtimer_value   0x000063       data     extern D:\work\midicontroller\svn\trunk\common\controller.c
   ctrl_trf_session_owner   0x0001f0       data     extern D:\work\midicontroller\svn\trunk\PIC\usb.c
           ctrl_trf_state   0x0001ef       data     extern D:\work\midicontroller\svn\trunk\PIC\usb.c
                curr_bank   0x0001df       data     extern D:\work\midicontroller\svn\trunk\common\controller.c
            curr_mapindex   0x0001de       data     extern D:\work\midicontroller\svn\trunk\common\controller.c
              curr_preset   0x0001dd       data     extern D:\work\midicontroller\svn\trunk\common\controller.c
             curr_program   0x0001dc       data     extern D:\work\midicontroller\svn\trunk\common\controller.c
          curr_sortedbank   0x0001e3       data     extern D:\work\midicontroller\svn\trunk\common\controller.c
              delay_count   0x0001f7       data     static D:\work\midicontroller\svn\trunk\PIC\usb.c
                    ep0Bi   0x000404       data     extern D:\work\midicontroller\svn\trunk\PIC\usb.c
                    ep0Bo   0x000400       data     extern D:\work\midicontroller\svn\trunk\PIC\usb.c
                    ep1Bi   0x00040c       data     extern D:\work\midicontroller\svn\trunk\PIC\usb.c
                    ep1Bo   0x000408       data     extern D:\work\midicontroller\svn\trunk\PIC\usb.c
                flash_led   0x000070       data     extern D:\work\midicontroller\svn\trunk\common\controller.c
              flash_state   0x00006e       data     extern D:\work\midicontroller\svn\trunk\common\controller.c
            hid_report_in   0x000498       data     extern D:\work\midicontroller\svn\trunk\PIC\usb.c
           hid_report_out   0x000490       data     extern D:\work\midicontroller\svn\trunk\PIC\usb.c
           hid_rpt_rx_len   0x0001fb       data     extern D:\work\midicontroller\svn\trunk\PIC\hid.c
                idle_rate   0x0001f9       data     extern D:\work\midicontroller\svn\trunk\PIC\hid.c
              incdec_mode   0x000081       data     extern D:\work\midicontroller\svn\trunk\common\controller.c
              loaded_bank   0x0001e1       data     extern D:\work\midicontroller\svn\trunk\common\controller.c
             midi_channel   0x000060       data     extern D:\work\midicontroller\svn\trunk\common\controller.c
                     mode   0x0001ea       data     extern D:\work\midicontroller\svn\trunk\common\controller.c
                     pDst   0x0001f3       data     extern D:\work\midicontroller\svn\trunk\PIC\usb.c
                     pSrc   0x0001f1       data     extern D:\work\midicontroller\svn\trunk\PIC\usb.c
              preset_held   0x000061       data     extern D:\work\midicontroller\svn\trunk\common\controller.c
             program_mode   0x00006f       data     extern D:\work\midicontroller\svn\trunk\common\controller.c
              store_state   0x000080       data     extern D:\work\midicontroller\svn\trunk\common\controller.c
                  sw_curr   0x000079       data     extern D:\work\midicontroller\svn\trunk\common\controller.c
                  sw_last   0x00007b       data     extern D:\work\midicontroller\svn\trunk\common\controller.c
             switch_state   0x00007f       data     extern D:\work\midicontroller\svn\trunk\common\controller.c
           usb_active_cfg   0x0001ed       data     extern D:\work\midicontroller\svn\trunk\PIC\usb.c
             usb_alt_intf   0x0001ee       data     extern D:\work\midicontroller\svn\trunk\PIC\usb.c
         usb_device_state   0x0001eb       data     extern D:\work\midicontroller\svn\trunk\PIC\usb.c
                 usb_stat   0x0001ec       data     extern D:\work\midicontroller\svn\trunk\PIC\usb.c
          value_flashtime   0x000077       data     extern D:\work\midicontroller\svn\trunk\common\controller.c
                   wCount   0x0001f5       data     extern D:\work\midicontroller\svn\trunk\PIC\usb.c



                              Symbols - Sorted by Address
                     Name    Address   Location    Storage File                     
                ---------  ---------  ---------  --------- ---------                
           RealInitVector   0x000000    program     extern D:\work\midicontroller\svn\trunk\PIC\vectors.c
       ___return_lbl00000   0x000004    program     static                          
  RealInterruptVectorHigh   0x000008    program     extern D:\work\midicontroller\svn\trunk\PIC\vectors.c
       ___return_lbl00001   0x00000c    program     static                          
                   _entry   0x000a00    program     extern D:\work\midicontroller\svn\trunk\PIC\startup.c
       ___return_lbl00000   0x000a04    program     static                          
      InterruptVectorHigh   0x000a08    program     extern D:\work\midicontroller\svn\trunk\PIC\intslct.c
       ___return_lbl00000   0x000a0c    program     static                          
                     main   0x000a2a    program     extern D:\work\midicontroller\svn\trunk\PIC\main.c
               ServiceUSB   0x000af4    program     extern D:\work\midicontroller\svn\trunk\PIC\main.c
               itoa_fixed   0x000b1c    program     extern D:\work\midicontroller\svn\trunk\common\controller.c
             show_program   0x000b72    program     extern D:\work\midicontroller\svn\trunk\common\controller.c
         program_activate   0x000bb8    program     extern D:\work\midicontroller\svn\trunk\common\controller.c
          preset_activate   0x000bde    program     extern D:\work\midicontroller\svn\trunk\common\controller.c
             bankmap_show   0x000bfe    program     extern D:\work\midicontroller\svn\trunk\common\controller.c
         bankmap_activate   0x000c0c    program     extern D:\work\midicontroller\svn\trunk\common\controller.c
            bank_activate   0x000c2c    program     extern D:\work\midicontroller\svn\trunk\common\controller.c
      sortedbank_activate   0x000c6c    program     extern D:\work\midicontroller\svn\trunk\common\controller.c
            bank_showname   0x000c82    program     extern D:\work\midicontroller\svn\trunk\common\controller.c
      sortedbank_showname   0x000c96    program     extern D:\work\midicontroller\svn\trunk\common\controller.c
           button_pressed   0x000cc8    program     extern D:\work\midicontroller\svn\trunk\common\controller.c
              button_held   0x000d00    program     extern D:\work\midicontroller\svn\trunk\common\controller.c
          button_released   0x000d1c    program     extern D:\work\midicontroller\svn\trunk\common\controller.c
  controller_10msec_timer   0x000d68    program     extern D:\work\midicontroller\svn\trunk\common\controller.c
       inc_practice_value   0x000e7a    program     extern D:\work\midicontroller\svn\trunk\common\controller.c
       dec_practice_value   0x000eac    program     extern D:\work\midicontroller\svn\trunk\common\controller.c
    notify_practice_value   0x000ed8    program     extern D:\work\midicontroller\svn\trunk\common\controller.c
  activate_practice_value   0x000ee6    program     extern D:\work\midicontroller\svn\trunk\common\controller.c
        sequence_complete   0x000efc    program     extern D:\work\midicontroller\svn\trunk\common\controller.c
          controller_init   0x000f18    program     extern D:\work\midicontroller\svn\trunk\common\controller.c
        controller_handle   0x000f50    program     extern D:\work\midicontroller\svn\trunk\common\controller.c
                   __pa_0   0x00150a    program     static D:\work\midicontroller\svn\trunk\common\controller.c
                   __pa_1   0x001514    program     static D:\work\midicontroller\svn\trunk\common\controller.c
                   __pa_2   0x001536    program     static D:\work\midicontroller\svn\trunk\common\controller.c
                   __pa_3   0x001540    program     static D:\work\midicontroller\svn\trunk\common\controller.c
                   __pa_4   0x00154a    program     static D:\work\midicontroller\svn\trunk\common\controller.c
                   __pa_5   0x00155c    program     static D:\work\midicontroller\svn\trunk\common\controller.c
                   __pa_6   0x001574    program     static D:\work\midicontroller\svn\trunk\common\controller.c
                   __pa_7   0x00158c    program     static D:\work\midicontroller\svn\trunk\common\controller.c
              __tmplbl_52   0x001596    program     static                          
              __tmplbl_51   0x001596    program     static                          
              __tmplbl_49   0x001596    program     static                          
              __tmplbl_48   0x001596    program     static                          
              __tmplbl_47   0x001596    program     static                          
              __tmplbl_46   0x001596    program     static                          
              __tmplbl_45   0x001596    program     static                          
              __tmplbl_44   0x001596    program     static                          
              __tmplbl_43   0x001596    program     static                          
              __tmplbl_50   0x001596    program     static                          
                   __pa_8   0x001596    program     static D:\work\midicontroller\svn\trunk\common\controller.c
                   __pa_9   0x00159e    program     static D:\work\midicontroller\svn\trunk\common\controller.c
                  __pa_10   0x0015ac    program     static D:\work\midicontroller\svn\trunk\common\controller.c
                  __pa_11   0x0015b4    program     static D:\work\midicontroller\svn\trunk\common\controller.c
                  __pa_12   0x0015ce    program     static D:\work\midicontroller\svn\trunk\common\controller.c
                  __pa_13   0x0015e8    program     static D:\work\midicontroller\svn\trunk\common\controller.c
                  __pa_14   0x0015f8    program     static D:\work\midicontroller\svn\trunk\common\controller.c
                  __pa_15   0x001608    program     static D:\work\midicontroller\svn\trunk\common\controller.c
                  __pa_16   0x001620    program     static D:\work\midicontroller\svn\trunk\common\controller.c
                  __pa_17   0x00162a    program     static D:\work\midicontroller\svn\trunk\common\controller.c
                  __pa_18   0x001636    program     static D:\work\midicontroller\svn\trunk\common\controller.c
                  __pa_19   0x001644    program     static D:\work\midicontroller\svn\trunk\common\controller.c
                  __pa_20   0x00164e    program     static D:\work\midicontroller\svn\trunk\common\controller.c
                  __pa_21   0x001662    program     static D:\work\midicontroller\svn\trunk\common\controller.c
                  __pa_22   0x001672    program     static D:\work\midicontroller\svn\trunk\common\controller.c
                  __pa_23   0x00167e    program     static D:\work\midicontroller\svn\trunk\common\controller.c
                  __pa_24   0x001688    program     static D:\work\midicontroller\svn\trunk\common\controller.c
                  __pa_25   0x001690    program     static D:\work\midicontroller\svn\trunk\common\controller.c
                  __pa_26   0x00169a    program     static D:\work\midicontroller\svn\trunk\common\controller.c
                  __pa_27   0x0016aa    program     static D:\work\midicontroller\svn\trunk\common\controller.c
                  __pa_28   0x0016b8    program     static D:\work\midicontroller\svn\trunk\common\controller.c
                  __pa_29   0x0016c6    program     static D:\work\midicontroller\svn\trunk\common\controller.c
[...]
                    UEP10   0x000f7a       data     extern C:\MCC18\SRC\TRADIT~1\PROC\p18f4455.asm
                    UEP11   0x000f7b       data     extern C:\MCC18\SRC\TRADIT~1\PROC\p18f4455.asm
                UEP11bits   0x000f7b       data     extern C:\MCC18\SRC\TRADIT~1\PROC\p18f4455.asm
                    UEP12   0x000f7c       data     extern C:\MCC18\SRC\TRADIT~1\PROC\p18f4455.asm
                UEP12bits   0x000f7c       data     extern C:\MCC18\SRC\TRADIT~1\PROC\p18f4455.asm
                UEP13bits   0x000f7d       data     extern C:\MCC18\SRC\TRADIT~1\PROC\p18f4455.asm
                    UEP13   0x000f7d       data     extern C:\MCC18\SRC\TRADIT~1\PROC\p18f4455.asm
                UEP14bits   0x000f7e       data     extern C:\MCC18\SRC\TRADIT~1\PROC\p18f4455.asm
                    UEP14   0x000f7e       data     extern C:\MCC18\SRC\TRADIT~1\PROC\p18f4455.asm
                    UEP15   0x000f7f       data     extern C:\MCC18\SRC\TRADIT~1\PROC\p18f4455.asm
                UEP15bits   0x000f7f       data     extern C:\MCC18\SRC\TRADIT~1\PROC\p18f4455.asm
                PORTAbits   0x000f80       data     extern C:\MCC18\SRC\TRADIT~1\PROC\p18f4455.asm
                    PORTA   0x000f80       data     extern C:\MCC18\SRC\TRADIT~1\PROC\p18f4455.asm
                PORTBbits   0x000f81       data     extern C:\MCC18\SRC\TRADIT~1\PROC\p18f4455.asm
                    PORTB   0x000f81       data     extern C:\MCC18\SRC\TRADIT~1\PROC\p18f4455.asm
                    PORTC   0x000f82       data     extern C:\MCC18\SRC\TRADIT~1\PROC\p18f4455.asm
                PORTCbits   0x000f82       data     extern C:\MCC18\SRC\TRADIT~1\PROC\p18f4455.asm
                    PORTD   0x000f83       data     extern C:\MCC18\SRC\TRADIT~1\PROC\p18f4455.asm
                PORTDbits   0x000f83       data     extern C:\MCC18\SRC\TRADIT~1\PROC\p18f4455.asm
                    PORTE   0x000f84       data     extern C:\MCC18\SRC\TRADIT~1\PROC\p18f4455.asm
                PORTEbits   0x000f84       data     extern C:\MCC18\SRC\TRADIT~1\PROC\p18f4455.asm
                     LATA   0x000f89       data     extern C:\MCC18\SRC\TRADIT~1\PROC\p18f4455.asm
                 LATAbits   0x000f89       data     extern C:\MCC18\SRC\TRADIT~1\PROC\p18f4455.asm
                     LATB   0x000f8a       data     extern C:\MCC18\SRC\TRADIT~1\PROC\p18f4455.asm
                 LATBbits   0x000f8a       data     extern C:\MCC18\SRC\TRADIT~1\PROC\p18f4455.asm
                 LATCbits   0x000f8b       data     extern C:\MCC18\SRC\TRADIT~1\PROC\p18f4455.asm
                     LATC   0x000f8b       data     extern C:\MCC18\SRC\TRADIT~1\PROC\p18f4455.asm
                     LATD   0x000f8c       data     extern C:\MCC18\SRC\TRADIT~1\PROC\p18f4455.asm
                 LATDbits   0x000f8c       data     extern C:\MCC18\SRC\TRADIT~1\PROC\p18f4455.asm
                 LATEbits   0x000f8d       data     extern C:\MCC18\SRC\TRADIT~1\PROC\p18f4455.asm
                     LATE   0x000f8d       data     extern C:\MCC18\SRC\TRADIT~1\PROC\p18f4455.asm
                 DDRAbits   0x000f92       data     extern C:\MCC18\SRC\TRADIT~1\PROC\p18f4455.asm
                     DDRA   0x000f92       data     extern C:\MCC18\SRC\TRADIT~1\PROC\p18f4455.asm
                    TRISA   0x000f92       data     extern C:\MCC18\SRC\TRADIT~1\PROC\p18f4455.asm
                TRISAbits   0x000f92       data     extern C:\MCC18\SRC\TRADIT~1\PROC\p18f4455.asm
                 DDRBbits   0x000f93       data     extern C:\MCC18\SRC\TRADIT~1\PROC\p18f4455.asm
                    TRISB   0x000f93       data     extern C:\MCC18\SRC\TRADIT~1\PROC\p18f4455.asm
                TRISBbits   0x000f93       data     extern C:\MCC18\SRC\TRADIT~1\PROC\p18f4455.asm
                     DDRB   0x000f93       data     extern C:\MCC18\SRC\TRADIT~1\PROC\p18f4455.asm
                 DDRCbits   0x000f94       data     extern C:\MCC18\SRC\TRADIT~1\PROC\p18f4455.asm
                     DDRC   0x000f94       data     extern C:\MCC18\SRC\TRADIT~1\PROC\p18f4455.asm
                    TRISC   0x000f94       data     extern C:\MCC18\SRC\TRADIT~1\PROC\p18f4455.asm
                TRISCbits   0x000f94       data     extern C:\MCC18\SRC\TRADIT~1\PROC\p18f4455.asm
                TRISDbits   0x000f95       data     extern C:\MCC18\SRC\TRADIT~1\PROC\p18f4455.asm
                    TRISD   0x000f95       data     extern C:\MCC18\SRC\TRADIT~1\PROC\p18f4455.asm
                     DDRD   0x000f95       data     extern C:\MCC18\SRC\TRADIT~1\PROC\p18f4455.asm
                 DDRDbits   0x000f95       data     extern C:\MCC18\SRC\TRADIT~1\PROC\p18f4455.asm
                    TRISE   0x000f96       data     extern C:\MCC18\SRC\TRADIT~1\PROC\p18f4455.asm
                TRISEbits   0x000f96       data     extern C:\MCC18\SRC\TRADIT~1\PROC\p18f4455.asm
                     DDRE   0x000f96       data     extern C:\MCC18\SRC\TRADIT~1\PROC\p18f4455.asm
                 DDREbits   0x000f96       data     extern C:\MCC18\SRC\TRADIT~1\PROC\p18f4455.asm
                  OSCTUNE   0x000f9b       data     extern C:\MCC18\SRC\TRADIT~1\PROC\p18f4455.asm
              OSCTUNEbits   0x000f9b       data     extern C:\MCC18\SRC\TRADIT~1\PROC\p18f4455.asm
                 PIE1bits   0x000f9d       data     extern C:\MCC18\SRC\TRADIT~1\PROC\p18f4455.asm
                     PIE1   0x000f9d       data     extern C:\MCC18\SRC\TRADIT~1\PROC\p18f4455.asm
                     PIR1   0x000f9e       data     extern C:\MCC18\SRC\TRADIT~1\PROC\p18f4455.asm
                 PIR1bits   0x000f9e       data     extern C:\MCC18\SRC\TRADIT~1\PROC\p18f4455.asm
                     IPR1   0x000f9f       data     extern C:\MCC18\SRC\TRADIT~1\PROC\p18f4455.asm
                 IPR1bits   0x000f9f       data     extern C:\MCC18\SRC\TRADIT~1\PROC\p18f4455.asm
                     PIE2   0x000fa0       data     extern C:\MCC18\SRC\TRADIT~1\PROC\p18f4455.asm
                 PIE2bits   0x000fa0       data     extern C:\MCC18\SRC\TRADIT~1\PROC\p18f4455.asm
                 PIR2bits   0x000fa1       data     extern C:\MCC18\SRC\TRADIT~1\PROC\p18f4455.asm
                     PIR2   0x000fa1       data     extern C:\MCC18\SRC\TRADIT~1\PROC\p18f4455.asm
                     IPR2   0x000fa2       data     extern C:\MCC18\SRC\TRADIT~1\PROC\p18f4455.asm
                 IPR2bits   0x000fa2       data     extern C:\MCC18\SRC\TRADIT~1\PROC\p18f4455.asm
               EECON1bits   0x000fa6       data     extern C:\MCC18\SRC\TRADIT~1\PROC\p18f4455.asm
                   EECON1   0x000fa6       data     extern C:\MCC18\SRC\TRADIT~1\PROC\p18f4455.asm
                   EECON2   0x000fa7       data     extern C:\MCC18\SRC\TRADIT~1\PROC\p18f4455.asm
                   EEDATA   0x000fa8       data     extern C:\MCC18\SRC\TRADIT~1\PROC\p18f4455.asm
                    EEADR   0x000fa9       data     extern C:\MCC18\SRC\TRADIT~1\PROC\p18f4455.asm
                    RCSTA   0x000fab       data     extern C:\MCC18\SRC\TRADIT~1\PROC\p18f4455.asm
                RCSTAbits   0x000fab       data     extern C:\MCC18\SRC\TRADIT~1\PROC\p18f4455.asm
                TXSTAbits   0x000fac       data     extern C:\MCC18\SRC\TRADIT~1\PROC\p18f4455.asm
                    TXSTA   0x000fac       data     extern C:\MCC18\SRC\TRADIT~1\PROC\p18f4455.asm
                    TXREG   0x000fad       data     extern C:\MCC18\SRC\TRADIT~1\PROC\p18f4455.asm
                    RCREG   0x000fae       data     extern C:\MCC18\SRC\TRADIT~1\PROC\p18f4455.asm
                    SPBRG   0x000faf       data     extern C:\MCC18\SRC\TRADIT~1\PROC\p18f4455.asm
                   SPBRGH   0x000fb0       data     extern C:\MCC18\SRC\TRADIT~1\PROC\p18f4455.asm
                T3CONbits   0x000fb1       data     extern C:\MCC18\SRC\TRADIT~1\PROC\p18f4455.asm
                    T3CON   0x000fb1       data     extern C:\MCC18\SRC\TRADIT~1\PROC\p18f4455.asm
                    TMR3L   0x000fb2       data     extern C:\MCC18\SRC\TRADIT~1\PROC\p18f4455.asm
                    TMR3H   0x000fb3       data     extern C:\MCC18\SRC\TRADIT~1\PROC\p18f4455.asm
                CMCONbits   0x000fb4       data     extern C:\MCC18\SRC\TRADIT~1\PROC\p18f4455.asm
                    CMCON   0x000fb4       data     extern C:\MCC18\SRC\TRADIT~1\PROC\p18f4455.asm
                   CVRCON   0x000fb5       data     extern C:\MCC18\SRC\TRADIT~1\PROC\p18f4455.asm
               CVRCONbits   0x000fb5       data     extern C:\MCC18\SRC\TRADIT~1\PROC\p18f4455.asm
                   CCP1AS   0x000fb6       data     extern C:\MCC18\SRC\TRADIT~1\PROC\p18f4455.asm
               CCP1ASbits   0x000fb6       data     extern C:\MCC18\SRC\TRADIT~1\PROC\p18f4455.asm
                  ECCP1AS   0x000fb6       data     extern C:\MCC18\SRC\TRADIT~1\PROC\p18f4455.asm
              ECCP1ASbits   0x000fb6       data     extern C:\MCC18\SRC\TRADIT~1\PROC\p18f4455.asm
                  CCP1DEL   0x000fb7       data     extern C:\MCC18\SRC\TRADIT~1\PROC\p18f4455.asm
              CCP1DELbits   0x000fb7       data     extern C:\MCC18\SRC\TRADIT~1\PROC\p18f4455.asm
             ECCP1DELbits   0x000fb7       data     extern C:\MCC18\SRC\TRADIT~1\PROC\p18f4455.asm
                 ECCP1DEL   0x000fb7       data     extern C:\MCC18\SRC\TRADIT~1\PROC\p18f4455.asm
                  BAUDCON   0x000fb8       data     extern C:\MCC18\SRC\TRADIT~1\PROC\p18f4455.asm
              BAUDCONbits   0x000fb8       data     extern C:\MCC18\SRC\TRADIT~1\PROC\p18f4455.asm
                  CCP2CON   0x000fba       data     extern C:\MCC18\SRC\TRADIT~1\PROC\p18f4455.asm
              CCP2CONbits   0x000fba       data     extern C:\MCC18\SRC\TRADIT~1\PROC\p18f4455.asm
                   CCPR2L   0x000fbb       data     extern C:\MCC18\SRC\TRADIT~1\PROC\p18f4455.asm
                    CCPR2   0x000fbb       data     extern C:\MCC18\SRC\TRADIT~1\PROC\p18f4455.asm
                   CCPR2H   0x000fbc       data     extern C:\MCC18\SRC\TRADIT~1\PROC\p18f4455.asm
             ECCP1CONbits   0x000fbd       data     extern C:\MCC18\SRC\TRADIT~1\PROC\p18f4455.asm
                 ECCP1CON   0x000fbd       data     extern C:\MCC18\SRC\TRADIT~1\PROC\p18f4455.asm
              CCP1CONbits   0x000fbd       data     extern C:\MCC18\SRC\TRADIT~1\PROC\p18f4455.asm
                  CCP1CON   0x000fbd       data     extern C:\MCC18\SRC\TRADIT~1\PROC\p18f4455.asm
                    CCPR1   0x000fbe       data     extern C:\MCC18\SRC\TRADIT~1\PROC\p18f4455.asm
                   CCPR1L   0x000fbe       data     extern C:\MCC18\SRC\TRADIT~1\PROC\p18f4455.asm
                   CCPR1H   0x000fbf       data     extern C:\MCC18\SRC\TRADIT~1\PROC\p18f4455.asm
               ADCON2bits   0x000fc0       data     extern C:\MCC18\SRC\TRADIT~1\PROC\p18f4455.asm
                   ADCON2   0x000fc0       data     extern C:\MCC18\SRC\TRADIT~1\PROC\p18f4455.asm
               ADCON1bits   0x000fc1       data     extern C:\MCC18\SRC\TRADIT~1\PROC\p18f4455.asm
                   ADCON1   0x000fc1       data     extern C:\MCC18\SRC\TRADIT~1\PROC\p18f4455.asm
                   ADCON0   0x000fc2       data     extern C:\MCC18\SRC\TRADIT~1\PROC\p18f4455.asm
               ADCON0bits   0x000fc2       data     extern C:\MCC18\SRC\TRADIT~1\PROC\p18f4455.asm
                    ADRES   0x000fc3       data     extern C:\MCC18\SRC\TRADIT~1\PROC\p18f4455.asm
                   ADRESL   0x000fc3       data     extern C:\MCC18\SRC\TRADIT~1\PROC\p18f4455.asm
                   ADRESH   0x000fc4       data     extern C:\MCC18\SRC\TRADIT~1\PROC\p18f4455.asm
                  SSPCON2   0x000fc5       data     extern C:\MCC18\SRC\TRADIT~1\PROC\p18f4455.asm
              SSPCON2bits   0x000fc5       data     extern C:\MCC18\SRC\TRADIT~1\PROC\p18f4455.asm
                  SSPCON1   0x000fc6       data     extern C:\MCC18\SRC\TRADIT~1\PROC\p18f4455.asm
              SSPCON1bits   0x000fc6       data     extern C:\MCC18\SRC\TRADIT~1\PROC\p18f4455.asm
                  SSPSTAT   0x000fc7       data     extern C:\MCC18\SRC\TRADIT~1\PROC\p18f4455.asm
              SSPSTATbits   0x000fc7       data     extern C:\MCC18\SRC\TRADIT~1\PROC\p18f4455.asm
                   SSPADD   0x000fc8       data     extern C:\MCC18\SRC\TRADIT~1\PROC\p18f4455.asm
                   SSPBUF   0x000fc9       data     extern C:\MCC18\SRC\TRADIT~1\PROC\p18f4455.asm
                    T2CON   0x000fca       data     extern C:\MCC18\SRC\TRADIT~1\PROC\p18f4455.asm
                T2CONbits   0x000fca       data     extern C:\MCC18\SRC\TRADIT~1\PROC\p18f4455.asm
                      PR2   0x000fcb       data     extern C:\MCC18\SRC\TRADIT~1\PROC\p18f4455.asm
                     TMR2   0x000fcc       data     extern C:\MCC18\SRC\TRADIT~1\PROC\p18f4455.asm
                T1CONbits   0x000fcd       data     extern C:\MCC18\SRC\TRADIT~1\PROC\p18f4455.asm
                    T1CON   0x000fcd       data     extern C:\MCC18\SRC\TRADIT~1\PROC\p18f4455.asm
                    TMR1L   0x000fce       data     extern C:\MCC18\SRC\TRADIT~1\PROC\p18f4455.asm
                    TMR1H   0x000fcf       data     extern C:\MCC18\SRC\TRADIT~1\PROC\p18f4455.asm
                     RCON   0x000fd0       data     extern C:\MCC18\SRC\TRADIT~1\PROC\p18f4455.asm
                 RCONbits   0x000fd0       data     extern C:\MCC18\SRC\TRADIT~1\PROC\p18f4455.asm
               WDTCONbits   0x000fd1       data     extern C:\MCC18\SRC\TRADIT~1\PROC\p18f4455.asm
                   WDTCON   0x000fd1       data     extern C:\MCC18\SRC\TRADIT~1\PROC\p18f4455.asm
               LVDCONbits   0x000fd2       data     extern C:\MCC18\SRC\TRADIT~1\PROC\p18f4455.asm
                   LVDCON   0x000fd2       data     extern C:\MCC18\SRC\TRADIT~1\PROC\p18f4455.asm
              HLVDCONbits   0x000fd2       data     extern C:\MCC18\SRC\TRADIT~1\PROC\p18f4455.asm
                  HLVDCON   0x000fd2       data     extern C:\MCC18\SRC\TRADIT~1\PROC\p18f4455.asm
               OSCCONbits   0x000fd3       data     extern C:\MCC18\SRC\TRADIT~1\PROC\p18f4455.asm
                   OSCCON   0x000fd3       data     extern C:\MCC18\SRC\TRADIT~1\PROC\p18f4455.asm
                    T0CON   0x000fd5       data     extern C:\MCC18\SRC\TRADIT~1\PROC\p18f4455.asm
                T0CONbits   0x000fd5       data     extern C:\MCC18\SRC\TRADIT~1\PROC\p18f4455.asm
                    TMR0L   0x000fd6       data     extern C:\MCC18\SRC\TRADIT~1\PROC\p18f4455.asm
                    TMR0H   0x000fd7       data     extern C:\MCC18\SRC\TRADIT~1\PROC\p18f4455.asm
                   STATUS   0x000fd8       data     extern C:\MCC18\SRC\TRADIT~1\PROC\p18f4455.asm
               STATUSbits   0x000fd8       data     extern C:\MCC18\SRC\TRADIT~1\PROC\p18f4455.asm
                    FSR2L   0x000fd9       data     extern C:\MCC18\SRC\TRADIT~1\PROC\p18f4455.asm
                     FSR2   0x000fd9       data     extern C:\MCC18\SRC\TRADIT~1\PROC\p18f4455.asm
                    FSR2H   0x000fda       data     extern C:\MCC18\SRC\TRADIT~1\PROC\p18f4455.asm
                   PLUSW2   0x000fdb       data     extern C:\MCC18\SRC\TRADIT~1\PROC\p18f4455.asm
                  PREINC2   0x000fdc       data     extern C:\MCC18\SRC\TRADIT~1\PROC\p18f4455.asm
                 POSTDEC2   0x000fdd       data     extern C:\MCC18\SRC\TRADIT~1\PROC\p18f4455.asm
                 POSTINC2   0x000fde       data     extern C:\MCC18\SRC\TRADIT~1\PROC\p18f4455.asm
                    INDF2   0x000fdf       data     extern C:\MCC18\SRC\TRADIT~1\PROC\p18f4455.asm
                      BSR   0x000fe0       data     extern C:\MCC18\SRC\TRADIT~1\PROC\p18f4455.asm
                    FSR1L   0x000fe1       data     extern C:\MCC18\SRC\TRADIT~1\PROC\p18f4455.asm
                     FSR1   0x000fe1       data     extern C:\MCC18\SRC\TRADIT~1\PROC\p18f4455.asm
                    FSR1H   0x000fe2       data     extern C:\MCC18\SRC\TRADIT~1\PROC\p18f4455.asm
                   PLUSW1   0x000fe3       data     extern C:\MCC18\SRC\TRADIT~1\PROC\p18f4455.asm
                  PREINC1   0x000fe4       data     extern C:\MCC18\SRC\TRADIT~1\PROC\p18f4455.asm
                 POSTDEC1   0x000fe5       data     extern C:\MCC18\SRC\TRADIT~1\PROC\p18f4455.asm
                 POSTINC1   0x000fe6       data     extern C:\MCC18\SRC\TRADIT~1\PROC\p18f4455.asm
                    INDF1   0x000fe7       data     extern C:\MCC18\SRC\TRADIT~1\PROC\p18f4455.asm
                     WREG   0x000fe8       data     extern C:\MCC18\SRC\TRADIT~1\PROC\p18f4455.asm
                     FSR0   0x000fe9       data     extern C:\MCC18\SRC\TRADIT~1\PROC\p18f4455.asm
                    FSR0L   0x000fe9       data     extern C:\MCC18\SRC\TRADIT~1\PROC\p18f4455.asm
                    FSR0H   0x000fea       data     extern C:\MCC18\SRC\TRADIT~1\PROC\p18f4455.asm
                   PLUSW0   0x000feb       data     extern C:\MCC18\SRC\TRADIT~1\PROC\p18f4455.asm
                  PREINC0   0x000fec       data     extern C:\MCC18\SRC\TRADIT~1\PROC\p18f4455.asm
                 POSTDEC0   0x000fed       data     extern C:\MCC18\SRC\TRADIT~1\PROC\p18f4455.asm
                 POSTINC0   0x000fee       data     extern C:\MCC18\SRC\TRADIT~1\PROC\p18f4455.asm
                    INDF0   0x000fef       data     extern C:\MCC18\SRC\TRADIT~1\PROC\p18f4455.asm
              INTCON3bits   0x000ff0       data     extern C:\MCC18\SRC\TRADIT~1\PROC\p18f4455.asm
                  INTCON3   0x000ff0       data     extern C:\MCC18\SRC\TRADIT~1\PROC\p18f4455.asm
              INTCON2bits   0x000ff1       data     extern C:\MCC18\SRC\TRADIT~1\PROC\p18f4455.asm
                  INTCON2   0x000ff1       data     extern C:\MCC18\SRC\TRADIT~1\PROC\p18f4455.asm
               INTCONbits   0x000ff2       data     extern C:\MCC18\SRC\TRADIT~1\PROC\p18f4455.asm
                   INTCON   0x000ff2       data     extern C:\MCC18\SRC\TRADIT~1\PROC\p18f4455.asm
                     PROD   0x000ff3       data     extern C:\MCC18\SRC\TRADIT~1\PROC\p18f4455.asm
                    PRODL   0x000ff3       data     extern C:\MCC18\SRC\TRADIT~1\PROC\p18f4455.asm
                    PRODH   0x000ff4       data     extern C:\MCC18\SRC\TRADIT~1\PROC\p18f4455.asm
                   TABLAT   0x000ff5       data     extern C:\MCC18\SRC\TRADIT~1\PROC\p18f4455.asm
                  TBLPTRL   0x000ff6       data     extern C:\MCC18\SRC\TRADIT~1\PROC\p18f4455.asm
                   TBLPTR   0x000ff6       data     extern C:\MCC18\SRC\TRADIT~1\PROC\p18f4455.asm
                  TBLPTRH   0x000ff7       data     extern C:\MCC18\SRC\TRADIT~1\PROC\p18f4455.asm
                  TBLPTRU   0x000ff8       data     extern C:\MCC18\SRC\TRADIT~1\PROC\p18f4455.asm
                       PC   0x000ff9       data     extern C:\MCC18\SRC\TRADIT~1\PROC\p18f4455.asm
                      PCL   0x000ff9       data     extern C:\MCC18\SRC\TRADIT~1\PROC\p18f4455.asm
                   PCLATH   0x000ffa       data     extern C:\MCC18\SRC\TRADIT~1\PROC\p18f4455.asm
                   PCLATU   0x000ffb       data     extern C:\MCC18\SRC\TRADIT~1\PROC\p18f4455.asm
                   STKPTR   0x000ffc       data     extern C:\MCC18\SRC\TRADIT~1\PROC\p18f4455.asm
               STKPTRbits   0x000ffc       data     extern C:\MCC18\SRC\TRADIT~1\PROC\p18f4455.asm
                      TOS   0x000ffd       data     extern C:\MCC18\SRC\TRADIT~1\PROC\p18f4455.asm
                     TOSL   0x000ffd       data     extern C:\MCC18\SRC\TRADIT~1\PROC\p18f4455.asm
                     TOSH   0x000ffe       data     extern C:\MCC18\SRC\TRADIT~1\PROC\p18f4455.asm
                     TOSU   0x000fff       data     extern C:\MCC18\SRC\TRADIT~1\PROC\p18f4455.asm


