MPLINK 4.03, Linker
Linker Map File - Created Fri Apr 06 14:02:49 2007

                                 Section Info
                  Section       Type    Address   Location Size(Bytes)
                ---------  ---------  ---------  ---------  ---------
           RealInitVector       code   0x000000    program   0x000006
  RealInterruptVectorHigh       code   0x000008    program   0x000006
               _entry_scn       code   0x000a00    program   0x000006
      InterruptVectorHigh       code   0x000a08    program   0x000006
                   .cinit    romdata   0x000a2a    program   0x00000e
              .code_USB.o       code   0x000a38    program   0x0005e0
            .code_RS232.o       code   0x001018    program   0x000456
              .code_HID.o       code   0x00146e    program   0x0001bc
             .code_MAIN.o       code   0x00162a    program   0x0000e6
   .romdata_usbdescript.o    romdata   0x001710    program   0x0000da
        .code_usbapplet.o       code   0x0017ea    program   0x0000a4
             _startup_scn       code   0x00188e    program   0x000014
          .code_intslct.o       code   0x0018a2    program   0x000012
       .romdata_STARTUP.o    romdata   0x0018b4    program   0x000000
       .romdata_intslct.o    romdata   0x0018b4    program   0x000000
           .romdata_HID.o    romdata   0x0018b4    program   0x000000
           .romdata_USB.o    romdata   0x0018b4    program   0x000000
     .romdata_usbapplet.o    romdata   0x0018b4    program   0x000000
    .romdata_dummystart.o    romdata   0x0018b4    program   0x000000
   .idata_usbdescript.o_i    romdata   0x0018b4    program   0x00004e
       .romdata_RAM_DEF.o    romdata   0x0018b4    program   0x000000
         .romdata_RS232.o    romdata   0x0018b4    program   0x000000
          .romdata_MAIN.o    romdata   0x0018b4    program   0x000000
    .idata_dummystart.o_i    romdata   0x001902    program   0x000000
          .code_STARTUP.o       code   0x001902    program   0x000000
       .code_dummystart.o       code   0x001902    program   0x000000
       .idata_STARTUP.o_i    romdata   0x001902    program   0x000000
       .idata_intslct.o_i    romdata   0x001902    program   0x000000
           .idata_HID.o_i    romdata   0x001902    program   0x000000
           .idata_USB.o_i    romdata   0x001902    program   0x000000
     .idata_usbapplet.o_i    romdata   0x001902    program   0x000000
      .code_usbdescript.o       code   0x001902    program   0x000000
          .code_RAM_DEF.o       code   0x001902    program   0x000000
       .idata_RAM_DEF.o_i    romdata   0x001902    program   0x000000
         .idata_RS232.o_i    romdata   0x001902    program   0x000000
          .idata_MAIN.o_i    romdata   0x001902    program   0x000000
                MATH_DATA      udata   0x000000       data   0x000002
                 .tmpdata      udata   0x000002       data   0x000002
     .idata_usbdescript.o      idata   0x000060       data   0x00004e
       .udata_usbapplet.o      udata   0x0000ae       data   0x000045
             .udata_HID.o      udata   0x0000f3       data   0x00000a
      .idata_dummystart.o      idata   0x0000fd       data   0x000000
      .udata_dummystart.o      udata   0x0000fd       data   0x000000
         .idata_STARTUP.o      idata   0x0000fd       data   0x000000
         .udata_STARTUP.o      udata   0x0000fd       data   0x000000
         .idata_intslct.o      idata   0x0000fd       data   0x000000
         .udata_intslct.o      udata   0x0000fd       data   0x000000
             .idata_HID.o      idata   0x0000fd       data   0x000000
             .idata_USB.o      idata   0x0000fd       data   0x000000
       .idata_usbapplet.o      idata   0x0000fd       data   0x000000
     .udata_usbdescript.o      udata   0x0000fd       data   0x000000
         .idata_RAM_DEF.o      idata   0x0000fd       data   0x000000
         .udata_RAM_DEF.o      udata   0x0000fd       data   0x000000
           .idata_RS232.o      idata   0x0000fd       data   0x000000
            .idata_MAIN.o      idata   0x0000fd       data   0x000000
                  RamData      udata   0x000100       data   0x000220
             .udata_USB.o      udata   0x000320       data   0x000014
           .udata_RS232.o      udata   0x000334       data   0x000008
            .udata_MAIN.o      udata   0x00033c       data   0x000004
                  usbram4      udata   0x000400       data   0x000030
                   .stack      udata   0x000700       data   0x000080
            SFR_UNBANKED0      udata   0x000f62       data   0x00009e



                              Program Memory Usage 
                               Start         End      
                           ---------   ---------      
                            0x000000    0x000005      
                            0x000008    0x00000d      
                            0x000a00    0x000a05      
                            0x000a08    0x000a0d      
                            0x000a2a    0x001901      
            3824 out of 30530 program addresses used, program memory utilization is 12%



                              Symbols - Sorted by Name
                     Name    Address   Location    Storage File                     
                ---------  ---------  ---------  --------- ---------                
           ADC_CONVERSION   0x0016dc    program     extern C:\fw\midicontroller\x002x\MAIN.C
          ClassReqHandler   0x0017e8    program     extern C:\fw\midicontroller\x002x\usbdescript.c
               ClearArray   0x000f44    program     extern C:\fw\midicontroller\x002x\USB.C
                  DevChem   0x001760    program     extern C:\fw\midicontroller\x002x\usbdescript.c
      HIDGetReportHandler   0x0017f8    program     extern C:\fw\midicontroller\x002x\usbapplet.c
                HIDInitEP   0x001550    program     extern C:\fw\midicontroller\x002x\HID.C
              HIDRxReport   0x0015c6    program     extern C:\fw\midicontroller\x002x\HID.C
      HIDSetReportHandler   0x0017ea    program     extern C:\fw\midicontroller\x002x\usbapplet.c
              HIDTxReport   0x00157a    program     extern C:\fw\midicontroller\x002x\HID.C
     InterruptHandlerHigh   0x0018a2    program     extern C:\fw\midicontroller\x002x\intslct.c
      InterruptVectorHigh   0x000a08    program     extern C:\fw\midicontroller\x002x\intslct.c
                MfrString   0x001748    program     extern C:\fw\midicontroller\x002x\usbdescript.c
     PROCESS_COMM_REQUEST   0x001068    program     extern C:\fw\midicontroller\x002x\RS232.C
           RealInitVector   0x000000    program     extern C:\fw\midicontroller\x002x\dummystart.c
  RealInterruptVectorHigh   0x000008    program     extern C:\fw\midicontroller\x002x\dummystart.c
               ServiceEP1   0x00181a    program     extern C:\fw\midicontroller\x002x\usbapplet.c
               ServiceUSB   0x0016f8    program     extern C:\fw\midicontroller\x002x\MAIN.C
                    TXENQ   0x001026    program     extern C:\fw\midicontroller\x002x\RS232.C
               TXENQ_0x00   0x00101e    program     extern C:\fw\midicontroller\x002x\RS232.C
             TXENQ_0xFFFF   0x001018    program     extern C:\fw\midicontroller\x002x\RS232.C
        USBCheckBusStatus   0x000e36    program     extern C:\fw\midicontroller\x002x\USB.C
       USBCheckHIDRequest   0x00146e    program     extern C:\fw\midicontroller\x002x\HID.C
       USBCheckStdRequest   0x000a38    program     extern C:\fw\midicontroller\x002x\USB.C
         USBCtrlEPService   0x000c40    program     extern C:\fw\midicontroller\x002x\USB.C
 USBCtrlEPServiceComplete   0x000dbc    program     extern C:\fw\midicontroller\x002x\USB.C
      USBCtrlTrfInHandler   0x000cdc    program     extern C:\fw\midicontroller\x002x\USB.C
     USBCtrlTrfOutHandler   0x000cbe    program     extern C:\fw\midicontroller\x002x\USB.C
      USBCtrlTrfRxService   0x000d88    program     extern C:\fw\midicontroller\x002x\USB.C
   USBCtrlTrfSetupHandler   0x000c64    program     extern C:\fw\midicontroller\x002x\USB.C
      USBCtrlTrfTxService   0x000d1c    program     extern C:\fw\midicontroller\x002x\USB.C
         USBDriverService   0x000e76    program     extern C:\fw\midicontroller\x002x\USB.C
          USBErrorHandler   0x000f14    program     extern C:\fw\midicontroller\x002x\USB.C
         USBModuleDisable   0x000e68    program     extern C:\fw\midicontroller\x002x\USB.C
          USBModuleEnable   0x000e5a    program     extern C:\fw\midicontroller\x002x\USB.C
USBPrepareForNextSetupTrf   0x000e28    program     extern C:\fw\midicontroller\x002x\USB.C
  USBProtocolResetHandler   0x000f18    program     extern C:\fw\midicontroller\x002x\USB.C
            USBSoftDetach   0x000e72    program     extern C:\fw\midicontroller\x002x\USB.C
          USBStallHandler   0x000f08    program     extern C:\fw\midicontroller\x002x\USB.C
  USBStdFeatureReqHandler   0x000bde    program     extern C:\fw\midicontroller\x002x\USB.C
      USBStdGetDscHandler   0x000ace    program     extern C:\fw\midicontroller\x002x\USB.C
   USBStdGetStatusHandler   0x000b86    program     extern C:\fw\midicontroller\x002x\USB.C
      USBStdSetCfgHandler   0x000b54    program     extern C:\fw\midicontroller\x002x\USB.C
               USBSuspend   0x000ef2    program     extern C:\fw\midicontroller\x002x\USB.C
       USBWakeFromSuspend   0x000efc    program     extern C:\fw\midicontroller\x002x\USB.C
               USB_CD_Ptr   0x0017da    program     extern C:\fw\midicontroller\x002x\usbdescript.c
               USB_SD_Ptr   0x0017de    program     extern C:\fw\midicontroller\x002x\usbdescript.c
          USB_SOF_Handler   0x000f04    program     extern C:\fw\midicontroller\x002x\USB.C
       ___return_lbl00000   0x000a0c    program     static                          
       ___return_lbl00000   0x000a04    program     static                          
       ___return_lbl00000   0x000004    program     static                          
       ___return_lbl00001   0x0018a0    program     static                          
       ___return_lbl00001   0x00000c    program     static                          
       ___return_lbl00130   0x000f5a    program     static                          
        ___while_lbl00131   0x000f4c    program     static                          
        ___while_lbl00132   0x000f5a    program     static                          
                   __pa_0   0x001706    program     static C:\fw\midicontroller\x002x\MAIN.C
                   __pa_0   0x00185e    program     static C:\fw\midicontroller\x002x\usbapplet.c
                   __pa_0   0x0013e0    program     static C:\fw\midicontroller\x002x\RS232.C
                   __pa_0   0x001622    program     static C:\fw\midicontroller\x002x\HID.C
                   __pa_0   0x000f5c    program     static C:\fw\midicontroller\x002x\USB.C
                   __pa_1   0x0013ec    program     static C:\fw\midicontroller\x002x\RS232.C
                   __pa_1   0x000f6c    program     static C:\fw\midicontroller\x002x\USB.C
                   __pa_1   0x001878    program     static C:\fw\midicontroller\x002x\usbapplet.c
                  __pa_10   0x00144e    program     static C:\fw\midicontroller\x002x\RS232.C
                  __pa_10   0x000ff2    program     static C:\fw\midicontroller\x002x\USB.C
                  __pa_11   0x001466    program     static C:\fw\midicontroller\x002x\RS232.C
                  __pa_11   0x001002    program     static C:\fw\midicontroller\x002x\USB.C
                  __pa_12   0x001010    program     static C:\fw\midicontroller\x002x\USB.C
                   __pa_2   0x0013f8    program     static C:\fw\midicontroller\x002x\RS232.C
                   __pa_2   0x000f78    program     static C:\fw\midicontroller\x002x\USB.C
                   __pa_3   0x000f90    program     static C:\fw\midicontroller\x002x\USB.C
                   __pa_3   0x00140c    program     static C:\fw\midicontroller\x002x\RS232.C
                   __pa_4   0x000fa0    program     static C:\fw\midicontroller\x002x\USB.C
                   __pa_4   0x001416    program     static C:\fw\midicontroller\x002x\RS232.C
                   __pa_5   0x000fb4    program     static C:\fw\midicontroller\x002x\USB.C
                   __pa_5   0x00141e    program     static C:\fw\midicontroller\x002x\RS232.C
                   __pa_6   0x000fc6    program     static C:\fw\midicontroller\x002x\USB.C
                   __pa_6   0x00142a    program     static C:\fw\midicontroller\x002x\RS232.C
                   __pa_7   0x000fd2    program     static C:\fw\midicontroller\x002x\USB.C
                   __pa_7   0x001430    program     static C:\fw\midicontroller\x002x\RS232.C
                   __pa_8   0x000fe0    program     static C:\fw\midicontroller\x002x\USB.C
                   __pa_8   0x00143e    program     static C:\fw\midicontroller\x002x\RS232.C
                   __pa_9   0x001446    program     static C:\fw\midicontroller\x002x\RS232.C
                   __pa_9   0x000fe8    program     static C:\fw\midicontroller\x002x\USB.C
                   _entry   0x000a00    program     extern C:\fw\midicontroller\x002x\STARTUP.C
                 _startup   0x00188e    program     extern C:\fw\midicontroller\x002x\STARTUP.C
                    cfg01   0x001722    program     extern C:\fw\midicontroller\x002x\usbdescript.c
               device_dsc   0x001710    program     extern C:\fw\midicontroller\x002x\usbdescript.c
              hid_rpt_UPS   0x00176a    program     extern C:\fw\midicontroller\x002x\usbdescript.c
                     loop   0x00189a    program     static                          
                     main   0x00162a    program     extern C:\fw\midicontroller\x002x\MAIN.C
                    sd000   0x001744    program     extern C:\fw\midicontroller\x002x\usbdescript.c
                   ADCON0   0x000fc2       data     extern C:\MCC18\SRC\TRADIT~1\PROC\p18f4455.asm
               ADCON0bits   0x000fc2       data     extern C:\MCC18\SRC\TRADIT~1\PROC\p18f4455.asm
                   ADCON1   0x000fc1       data     extern C:\MCC18\SRC\TRADIT~1\PROC\p18f4455.asm
               ADCON1bits   0x000fc1       data     extern C:\MCC18\SRC\TRADIT~1\PROC\p18f4455.asm
                   ADCON2   0x000fc0       data     extern C:\MCC18\SRC\TRADIT~1\PROC\p18f4455.asm
               ADCON2bits   0x000fc0       data     extern C:\MCC18\SRC\TRADIT~1\PROC\p18f4455.asm
                    ADRES   0x000fc3       data     extern C:\MCC18\SRC\TRADIT~1\PROC\p18f4455.asm
                   ADRESH   0x000fc4       data     extern C:\MCC18\SRC\TRADIT~1\PROC\p18f4455.asm
                   ADRESL   0x000fc3       data     extern C:\MCC18\SRC\TRADIT~1\PROC\p18f4455.asm
                  BAUDCON   0x000fb8       data     extern C:\MCC18\SRC\TRADIT~1\PROC\p18f4455.asm
              BAUDCONbits   0x000fb8       data     extern C:\MCC18\SRC\TRADIT~1\PROC\p18f4455.asm
                      BSR   0x000fe0       data     extern C:\MCC18\SRC\TRADIT~1\PROC\p18f4455.asm
               ByteToSend   0x0000ef       data     static C:\fw\midicontroller\x002x\usbapplet.c
               ByteToSend   0x00033b       data     static C:\fw\midicontroller\x002x\RS232.C
                   CCP1AS   0x000fb6       data     extern C:\MCC18\SRC\TRADIT~1\PROC\p18f4455.asm
               CCP1ASbits   0x000fb6       data     extern C:\MCC18\SRC\TRADIT~1\PROC\p18f4455.asm
                  CCP1CON   0x000fbd       data     extern C:\MCC18\SRC\TRADIT~1\PROC\p18f4455.asm
              CCP1CONbits   0x000fbd       data     extern C:\MCC18\SRC\TRADIT~1\PROC\p18f4455.asm
                  CCP1DEL   0x000fb7       data     extern C:\MCC18\SRC\TRADIT~1\PROC\p18f4455.asm
              CCP1DELbits   0x000fb7       data     extern C:\MCC18\SRC\TRADIT~1\PROC\p18f4455.asm
                  CCP2CON   0x000fba       data     extern C:\MCC18\SRC\TRADIT~1\PROC\p18f4455.asm
              CCP2CONbits   0x000fba       data     extern C:\MCC18\SRC\TRADIT~1\PROC\p18f4455.asm
                    CCPR1   0x000fbe       data     extern C:\MCC18\SRC\TRADIT~1\PROC\p18f4455.asm
                   CCPR1H   0x000fbf       data     extern C:\MCC18\SRC\TRADIT~1\PROC\p18f4455.asm
                   CCPR1L   0x000fbe       data     extern C:\MCC18\SRC\TRADIT~1\PROC\p18f4455.asm
                    CCPR2   0x000fbb       data     extern C:\MCC18\SRC\TRADIT~1\PROC\p18f4455.asm
                   CCPR2H   0x000fbc       data     extern C:\MCC18\SRC\TRADIT~1\PROC\p18f4455.asm
                   CCPR2L   0x000fbb       data     extern C:\MCC18\SRC\TRADIT~1\PROC\p18f4455.asm
                    CMCON   0x000fb4       data     extern C:\MCC18\SRC\TRADIT~1\PROC\p18f4455.asm
                CMCONbits   0x000fb4       data     extern C:\MCC18\SRC\TRADIT~1\PROC\p18f4455.asm
                   CVRCON   0x000fb5       data     extern C:\MCC18\SRC\TRADIT~1\PROC\p18f4455.asm
               CVRCONbits   0x000fb5       data     extern C:\MCC18\SRC\TRADIT~1\PROC\p18f4455.asm
                  Channel   0x00033e       data     static C:\fw\midicontroller\x002x\MAIN.C
                CmdLength   0x0002be       data     extern C:\fw\midicontroller\x002x\RAM_DEF.C
               CommFlags1   0x0002c4       data     extern C:\fw\midicontroller\x002x\RAM_DEF.C
              CtrlTrfData   0x000418       data     extern C:\fw\midicontroller\x002x\USB.C
                     DDRA   0x000f92       data     extern C:\MCC18\SRC\TRADIT~1\PROC\p18f4455.asm
                 DDRAbits   0x000f92       data     extern C:\MCC18\SRC\TRADIT~1\PROC\p18f4455.asm
                     DDRB   0x000f93       data     extern C:\MCC18\SRC\TRADIT~1\PROC\p18f4455.asm
                 DDRBbits   0x000f93       data     extern C:\MCC18\SRC\TRADIT~1\PROC\p18f4455.asm
                     DDRC   0x000f94       data     extern C:\MCC18\SRC\TRADIT~1\PROC\p18f4455.asm
                 DDRCbits   0x000f94       data     extern C:\MCC18\SRC\TRADIT~1\PROC\p18f4455.asm
                     DDRD   0x000f95       data     extern C:\MCC18\SRC\TRADIT~1\PROC\p18f4455.asm
                 DDRDbits   0x000f95       data     extern C:\MCC18\SRC\TRADIT~1\PROC\p18f4455.asm
                     DDRE   0x000f96       data     extern C:\MCC18\SRC\TRADIT~1\PROC\p18f4455.asm
                 DDREbits   0x000f96       data     extern C:\MCC18\SRC\TRADIT~1\PROC\p18f4455.asm
                     Data   0x000339       data     static C:\fw\midicontroller\x002x\RS232.C
               DataBuffer   0x000103       data     extern C:\fw\midicontroller\x002x\RAM_DEF.C
                  ECCP1AS   0x000fb6       data     extern C:\MCC18\SRC\TRADIT~1\PROC\p18f4455.asm
              ECCP1ASbits   0x000fb6       data     extern C:\MCC18\SRC\TRADIT~1\PROC\p18f4455.asm
                 ECCP1CON   0x000fbd       data     extern C:\MCC18\SRC\TRADIT~1\PROC\p18f4455.asm
             ECCP1CONbits   0x000fbd       data     extern C:\MCC18\SRC\TRADIT~1\PROC\p18f4455.asm
                 ECCP1DEL   0x000fb7       data     extern C:\MCC18\SRC\TRADIT~1\PROC\p18f4455.asm
             ECCP1DELbits   0x000fb7       data     extern C:\MCC18\SRC\TRADIT~1\PROC\p18f4455.asm
                    EEADR   0x000fa9       data     extern C:\MCC18\SRC\TRADIT~1\PROC\p18f4455.asm
                EEAddress   0x0002bb       data     extern C:\fw\midicontroller\x002x\RAM_DEF.C
                   EECON1   0x000fa6       data     extern C:\MCC18\SRC\TRADIT~1\PROC\p18f4455.asm
               EECON1bits   0x000fa6       data     extern C:\MCC18\SRC\TRADIT~1\PROC\p18f4455.asm
                   EECON2   0x000fa7       data     extern C:\MCC18\SRC\TRADIT~1\PROC\p18f4455.asm
                   EEDATA   0x000fa8       data     extern C:\MCC18\SRC\TRADIT~1\PROC\p18f4455.asm
                EP1Buffer   0x0000ae       data     extern C:\fw\midicontroller\x002x\usbapplet.c
                     FSR0   0x000fe9       data     extern C:\MCC18\SRC\TRADIT~1\PROC\p18f4455.asm
                    FSR0H   0x000fea       data     extern C:\MCC18\SRC\TRADIT~1\PROC\p18f4455.asm
                    FSR0L   0x000fe9       data     extern C:\MCC18\SRC\TRADIT~1\PROC\p18f4455.asm
                     FSR1   0x000fe1       data     extern C:\MCC18\SRC\TRADIT~1\PROC\p18f4455.asm
                    FSR1H   0x000fe2       data     extern C:\MCC18\SRC\TRADIT~1\PROC\p18f4455.asm
                    FSR1L   0x000fe1       data     extern C:\MCC18\SRC\TRADIT~1\PROC\p18f4455.asm
                     FSR2   0x000fd9       data     extern C:\MCC18\SRC\TRADIT~1\PROC\p18f4455.asm
                    FSR2H   0x000fda       data     extern C:\MCC18\SRC\TRADIT~1\PROC\p18f4455.asm
                    FSR2L   0x000fd9       data     extern C:\MCC18\SRC\TRADIT~1\PROC\p18f4455.asm
                  HLVDCON   0x000fd2       data     extern C:\MCC18\SRC\TRADIT~1\PROC\p18f4455.asm
              HLVDCONbits   0x000fd2       data     extern C:\MCC18\SRC\TRADIT~1\PROC\p18f4455.asm
                    INDF0   0x000fef       data     extern C:\MCC18\SRC\TRADIT~1\PROC\p18f4455.asm
                    INDF1   0x000fe7       data     extern C:\MCC18\SRC\TRADIT~1\PROC\p18f4455.asm
                    INDF2   0x000fdf       data     extern C:\MCC18\SRC\TRADIT~1\PROC\p18f4455.asm
                   INTCON   0x000ff2       data     extern C:\MCC18\SRC\TRADIT~1\PROC\p18f4455.asm
                  INTCON2   0x000ff1       data     extern C:\MCC18\SRC\TRADIT~1\PROC\p18f4455.asm
              INTCON2bits   0x000ff1       data     extern C:\MCC18\SRC\TRADIT~1\PROC\p18f4455.asm
                  INTCON3   0x000ff0       data     extern C:\MCC18\SRC\TRADIT~1\PROC\p18f4455.asm
              INTCON3bits   0x000ff0       data     extern C:\MCC18\SRC\TRADIT~1\PROC\p18f4455.asm
               INTCONbits   0x000ff2       data     extern C:\MCC18\SRC\TRADIT~1\PROC\p18f4455.asm
                     IPR1   0x000f9f       data     extern C:\MCC18\SRC\TRADIT~1\PROC\p18f4455.asm
                 IPR1bits   0x000f9f       data     extern C:\MCC18\SRC\TRADIT~1\PROC\p18f4455.asm
                     IPR2   0x000fa2       data     extern C:\MCC18\SRC\TRADIT~1\PROC\p18f4455.asm
                 IPR2bits   0x000fa2       data     extern C:\MCC18\SRC\TRADIT~1\PROC\p18f4455.asm
                    Input   0x000334       data     static C:\fw\midicontroller\x002x\RS232.C
         InputDataPointer   0x0000ee       data     extern C:\fw\midicontroller\x002x\usbapplet.c
                     LATA   0x000f89       data     extern C:\MCC18\SRC\TRADIT~1\PROC\p18f4455.asm
                 LATAbits   0x000f89       data     extern C:\MCC18\SRC\TRADIT~1\PROC\p18f4455.asm
                     LATB   0x000f8a       data     extern C:\MCC18\SRC\TRADIT~1\PROC\p18f4455.asm
                 LATBbits   0x000f8a       data     extern C:\MCC18\SRC\TRADIT~1\PROC\p18f4455.asm
                     LATC   0x000f8b       data     extern C:\MCC18\SRC\TRADIT~1\PROC\p18f4455.asm
                 LATCbits   0x000f8b       data     extern C:\MCC18\SRC\TRADIT~1\PROC\p18f4455.asm
                     LATD   0x000f8c       data     extern C:\MCC18\SRC\TRADIT~1\PROC\p18f4455.asm
                 LATDbits   0x000f8c       data     extern C:\MCC18\SRC\TRADIT~1\PROC\p18f4455.asm
                     LATE   0x000f8d       data     extern C:\MCC18\SRC\TRADIT~1\PROC\p18f4455.asm
                 LATEbits   0x000f8d       data     extern C:\MCC18\SRC\TRADIT~1\PROC\p18f4455.asm
                   LVDCON   0x000fd2       data     extern C:\MCC18\SRC\TRADIT~1\PROC\p18f4455.asm
               LVDCONbits   0x000fd2       data     extern C:\MCC18\SRC\TRADIT~1\PROC\p18f4455.asm
              NVRCommAddr   0x0002c6       data     extern C:\fw\midicontroller\x002x\RAM_DEF.C
                 NumBytes   0x0000f0       data     static C:\fw\midicontroller\x002x\usbapplet.c
                   OSCCON   0x000fd3       data     extern C:\MCC18\SRC\TRADIT~1\PROC\p18f4455.asm
               OSCCONbits   0x000fd3       data     extern C:\MCC18\SRC\TRADIT~1\PROC\p18f4455.asm
                  OSCTUNE   0x000f9b       data     extern C:\MCC18\SRC\TRADIT~1\PROC\p18f4455.asm
              OSCTUNEbits   0x000f9b       data     extern C:\MCC18\SRC\TRADIT~1\PROC\p18f4455.asm
                       PC   0x000ff9       data     extern C:\MCC18\SRC\TRADIT~1\PROC\p18f4455.asm
                      PCL   0x000ff9       data     extern C:\MCC18\SRC\TRADIT~1\PROC\p18f4455.asm
                   PCLATH   0x000ffa       data     extern C:\MCC18\SRC\TRADIT~1\PROC\p18f4455.asm
                   PCLATU   0x000ffb       data     extern C:\MCC18\SRC\TRADIT~1\PROC\p18f4455.asm
                     PIE1   0x000f9d       data     extern C:\MCC18\SRC\TRADIT~1\PROC\p18f4455.asm
                 PIE1bits   0x000f9d       data     extern C:\MCC18\SRC\TRADIT~1\PROC\p18f4455.asm
                     PIE2   0x000fa0       data     extern C:\MCC18\SRC\TRADIT~1\PROC\p18f4455.asm
                 PIE2bits   0x000fa0       data     extern C:\MCC18\SRC\TRADIT~1\PROC\p18f4455.asm
                     PIR1   0x000f9e       data     extern C:\MCC18\SRC\TRADIT~1\PROC\p18f4455.asm
                 PIR1bits   0x000f9e       data     extern C:\MCC18\SRC\TRADIT~1\PROC\p18f4455.asm
                     PIR2   0x000fa1       data     extern C:\MCC18\SRC\TRADIT~1\PROC\p18f4455.asm
                 PIR2bits   0x000fa1       data     extern C:\MCC18\SRC\TRADIT~1\PROC\p18f4455.asm
                   PLUSW0   0x000feb       data     extern C:\MCC18\SRC\TRADIT~1\PROC\p18f4455.asm
                   PLUSW1   0x000fe3       data     extern C:\MCC18\SRC\TRADIT~1\PROC\p18f4455.asm
                   PLUSW2   0x000fdb       data     extern C:\MCC18\SRC\TRADIT~1\PROC\p18f4455.asm
                    PORTA   0x000f80       data     extern C:\MCC18\SRC\TRADIT~1\PROC\p18f4455.asm
                PORTAbits   0x000f80       data     extern C:\MCC18\SRC\TRADIT~1\PROC\p18f4455.asm
                    PORTB   0x000f81       data     extern C:\MCC18\SRC\TRADIT~1\PROC\p18f4455.asm
                PORTBbits   0x000f81       data     extern C:\MCC18\SRC\TRADIT~1\PROC\p18f4455.asm
                    PORTC   0x000f82       data     extern C:\MCC18\SRC\TRADIT~1\PROC\p18f4455.asm
                PORTCbits   0x000f82       data     extern C:\MCC18\SRC\TRADIT~1\PROC\p18f4455.asm
                    PORTD   0x000f83       data     extern C:\MCC18\SRC\TRADIT~1\PROC\p18f4455.asm
                PORTDbits   0x000f83       data     extern C:\MCC18\SRC\TRADIT~1\PROC\p18f4455.asm
                    PORTE   0x000f84       data     extern C:\MCC18\SRC\TRADIT~1\PROC\p18f4455.asm
                PORTEbits   0x000f84       data     extern C:\MCC18\SRC\TRADIT~1\PROC\p18f4455.asm
                 POSTDEC0   0x000fed       data     extern C:\MCC18\SRC\TRADIT~1\PROC\p18f4455.asm
                 POSTDEC1   0x000fe5       data     extern C:\MCC18\SRC\TRADIT~1\PROC\p18f4455.asm
                 POSTDEC2   0x000fdd       data     extern C:\MCC18\SRC\TRADIT~1\PROC\p18f4455.asm
                 POSTINC0   0x000fee       data     extern C:\MCC18\SRC\TRADIT~1\PROC\p18f4455.asm
                 POSTINC1   0x000fe6       data     extern C:\MCC18\SRC\TRADIT~1\PROC\p18f4455.asm
                 POSTINC2   0x000fde       data     extern C:\MCC18\SRC\TRADIT~1\PROC\p18f4455.asm
                      PR2   0x000fcb       data     extern C:\MCC18\SRC\TRADIT~1\PROC\p18f4455.asm
                  PREINC0   0x000fec       data     extern C:\MCC18\SRC\TRADIT~1\PROC\p18f4455.asm
                  PREINC1   0x000fe4       data     extern C:\MCC18\SRC\TRADIT~1\PROC\p18f4455.asm
                  PREINC2   0x000fdc       data     extern C:\MCC18\SRC\TRADIT~1\PROC\p18f4455.asm
                     PROD   0x000ff3       data     extern C:\MCC18\SRC\TRADIT~1\PROC\p18f4455.asm
                    PRODH   0x000ff4       data     extern C:\MCC18\SRC\TRADIT~1\PROC\p18f4455.asm
                    PRODL   0x000ff3       data     extern C:\MCC18\SRC\TRADIT~1\PROC\p18f4455.asm
                PrdString   0x000060       data     extern C:\fw\midicontroller\x002x\usbdescript.c
              RAMCommAddr   0x0002c8       data     extern C:\fw\midicontroller\x002x\RAM_DEF.C
                     RCON   0x000fd0       data     extern C:\MCC18\SRC\TRADIT~1\PROC\p18f4455.asm
                 RCONbits   0x000fd0       data     extern C:\MCC18\SRC\TRADIT~1\PROC\p18f4455.asm
                    RCREG   0x000fae       data     extern C:\MCC18\SRC\TRADIT~1\PROC\p18f4455.asm
                    RCSTA   0x000fab       data     extern C:\MCC18\SRC\TRADIT~1\PROC\p18f4455.asm
                RCSTAbits   0x000fab       data     extern C:\MCC18\SRC\TRADIT~1\PROC\p18f4455.asm
              ROMCommAddr   0x0002ca       data     extern C:\fw\midicontroller\x002x\RAM_DEF.C
                   RcvPtr   0x000335       data     static C:\fw\midicontroller\x002x\RS232.C
             ResponseType   0x0002c3       data     extern C:\fw\midicontroller\x002x\RAM_DEF.C
                 RxBufPtr   0x0002bf       data     extern C:\fw\midicontroller\x002x\RAM_DEF.C
                 RxBuffer   0x0002d4       data     extern C:\fw\midicontroller\x002x\RAM_DEF.C
                     SIGN   0x000000       data     extern C:\MCC18\SRC\TRADIT~1\MATH\cmath18.asm
                    SPBRG   0x000faf       data     extern C:\MCC18\SRC\TRADIT~1\PROC\p18f4455.asm
                   SPBRGH   0x000fb0       data     extern C:\MCC18\SRC\TRADIT~1\PROC\p18f4455.asm
                   SPPCFG   0x000f63       data     extern C:\MCC18\SRC\TRADIT~1\PROC\p18f4455.asm
               SPPCFGbits   0x000f63       data     extern C:\MCC18\SRC\TRADIT~1\PROC\p18f4455.asm
                   SPPCON   0x000f65       data     extern C:\MCC18\SRC\TRADIT~1\PROC\p18f4455.asm
               SPPCONbits   0x000f65       data     extern C:\MCC18\SRC\TRADIT~1\PROC\p18f4455.asm
                  SPPDATA   0x000f62       data     extern C:\MCC18\SRC\TRADIT~1\PROC\p18f4455.asm
                   SPPEPS   0x000f64       data     extern C:\MCC18\SRC\TRADIT~1\PROC\p18f4455.asm
               SPPEPSbits   0x000f64       data     extern C:\MCC18\SRC\TRADIT~1\PROC\p18f4455.asm
                   SSPADD   0x000fc8       data     extern C:\MCC18\SRC\TRADIT~1\PROC\p18f4455.asm
                   SSPBUF   0x000fc9       data     extern C:\MCC18\SRC\TRADIT~1\PROC\p18f4455.asm
                  SSPCON1   0x000fc6       data     extern C:\MCC18\SRC\TRADIT~1\PROC\p18f4455.asm
              SSPCON1bits   0x000fc6       data     extern C:\MCC18\SRC\TRADIT~1\PROC\p18f4455.asm
                  SSPCON2   0x000fc5       data     extern C:\MCC18\SRC\TRADIT~1\PROC\p18f4455.asm
              SSPCON2bits   0x000fc5       data     extern C:\MCC18\SRC\TRADIT~1\PROC\p18f4455.asm
                  SSPSTAT   0x000fc7       data     extern C:\MCC18\SRC\TRADIT~1\PROC\p18f4455.asm
              SSPSTATbits   0x000fc7       data     extern C:\MCC18\SRC\TRADIT~1\PROC\p18f4455.asm
                   STATUS   0x000fd8       data     extern C:\MCC18\SRC\TRADIT~1\PROC\p18f4455.asm
               STATUSbits   0x000fd8       data     extern C:\MCC18\SRC\TRADIT~1\PROC\p18f4455.asm
                   STKPTR   0x000ffc       data     extern C:\MCC18\SRC\TRADIT~1\PROC\p18f4455.asm
               STKPTRbits   0x000ffc       data     extern C:\MCC18\SRC\TRADIT~1\PROC\p18f4455.asm
                   Sample   0x000100       data     extern C:\fw\midicontroller\x002x\RAM_DEF.C
               SampleData   0x000101       data     extern C:\fw\midicontroller\x002x\RAM_DEF.C
                SerialNum   0x00008c       data     extern C:\fw\midicontroller\x002x\usbdescript.c
                 SetupPkt   0x000410       data     extern C:\fw\midicontroller\x002x\USB.C
             StringChksum   0x0002c2       data     extern C:\fw\midicontroller\x002x\RAM_DEF.C
                StringPtr   0x0002c0       data     extern C:\fw\midicontroller\x002x\RAM_DEF.C
              StringPtr_H   0x0002c1       data     extern C:\fw\midicontroller\x002x\RAM_DEF.C
                    T0CON   0x000fd5       data     extern C:\MCC18\SRC\TRADIT~1\PROC\p18f4455.asm
                T0CONbits   0x000fd5       data     extern C:\MCC18\SRC\TRADIT~1\PROC\p18f4455.asm
                    T1CON   0x000fcd       data     extern C:\MCC18\SRC\TRADIT~1\PROC\p18f4455.asm
                T1CONbits   0x000fcd       data     extern C:\MCC18\SRC\TRADIT~1\PROC\p18f4455.asm
                    T2CON   0x000fca       data     extern C:\MCC18\SRC\TRADIT~1\PROC\p18f4455.asm
                T2CONbits   0x000fca       data     extern C:\MCC18\SRC\TRADIT~1\PROC\p18f4455.asm
                    T3CON   0x000fb1       data     extern C:\MCC18\SRC\TRADIT~1\PROC\p18f4455.asm
                T3CONbits   0x000fb1       data     extern C:\MCC18\SRC\TRADIT~1\PROC\p18f4455.asm
                   TABLAT   0x000ff5       data     extern C:\MCC18\SRC\TRADIT~1\PROC\p18f4455.asm
                   TBLPTR   0x000ff6       data     extern C:\MCC18\SRC\TRADIT~1\PROC\p18f4455.asm
                  TBLPTRH   0x000ff7       data     extern C:\MCC18\SRC\TRADIT~1\PROC\p18f4455.asm
                  TBLPTRL   0x000ff6       data     extern C:\MCC18\SRC\TRADIT~1\PROC\p18f4455.asm
                  TBLPTRU   0x000ff8       data     extern C:\MCC18\SRC\TRADIT~1\PROC\p18f4455.asm
                    TMR0H   0x000fd7       data     extern C:\MCC18\SRC\TRADIT~1\PROC\p18f4455.asm
                    TMR0L   0x000fd6       data     extern C:\MCC18\SRC\TRADIT~1\PROC\p18f4455.asm
                    TMR1H   0x000fcf       data     extern C:\MCC18\SRC\TRADIT~1\PROC\p18f4455.asm
                    TMR1L   0x000fce       data     extern C:\MCC18\SRC\TRADIT~1\PROC\p18f4455.asm
                     TMR2   0x000fcc       data     extern C:\MCC18\SRC\TRADIT~1\PROC\p18f4455.asm
                    TMR3H   0x000fb3       data     extern C:\MCC18\SRC\TRADIT~1\PROC\p18f4455.asm
                    TMR3L   0x000fb2       data     extern C:\MCC18\SRC\TRADIT~1\PROC\p18f4455.asm
                      TOS   0x000ffd       data     extern C:\MCC18\SRC\TRADIT~1\PROC\p18f4455.asm
                     TOSH   0x000ffe       data     extern C:\MCC18\SRC\TRADIT~1\PROC\p18f4455.asm
                     TOSL   0x000ffd       data     extern C:\MCC18\SRC\TRADIT~1\PROC\p18f4455.asm
                     TOSU   0x000fff       data     extern C:\MCC18\SRC\TRADIT~1\PROC\p18f4455.asm
                    TRISA   0x000f92       data     extern C:\MCC18\SRC\TRADIT~1\PROC\p18f4455.asm
                TRISAbits   0x000f92       data     extern C:\MCC18\SRC\TRADIT~1\PROC\p18f4455.asm
                    TRISB   0x000f93       data     extern C:\MCC18\SRC\TRADIT~1\PROC\p18f4455.asm
                TRISBbits   0x000f93       data     extern C:\MCC18\SRC\TRADIT~1\PROC\p18f4455.asm
                    TRISC   0x000f94       data     extern C:\MCC18\SRC\TRADIT~1\PROC\p18f4455.asm
                TRISCbits   0x000f94       data     extern C:\MCC18\SRC\TRADIT~1\PROC\p18f4455.asm
                    TRISD   0x000f95       data     extern C:\MCC18\SRC\TRADIT~1\PROC\p18f4455.asm
                TRISDbits   0x000f95       data     extern C:\MCC18\SRC\TRADIT~1\PROC\p18f4455.asm
                    TRISE   0x000f96       data     extern C:\MCC18\SRC\TRADIT~1\PROC\p18f4455.asm
                TRISEbits   0x000f96       data     extern C:\MCC18\SRC\TRADIT~1\PROC\p18f4455.asm
                    TXREG   0x000fad       data     extern C:\MCC18\SRC\TRADIT~1\PROC\p18f4455.asm
                    TXSTA   0x000fac       data     extern C:\MCC18\SRC\TRADIT~1\PROC\p18f4455.asm
                TXSTAbits   0x000fac       data     extern C:\MCC18\SRC\TRADIT~1\PROC\p18f4455.asm
                    Temp6   0x00031f       data     extern C:\fw\midicontroller\x002x\RAM_DEF.C
              TxBufOutPtr   0x0002bd       data     extern C:\fw\midicontroller\x002x\RAM_DEF.C
                 TxBufPtr   0x0002bc       data     extern C:\fw\midicontroller\x002x\RAM_DEF.C
                 TxBuffer   0x0002dd       data     extern C:\fw\midicontroller\x002x\RAM_DEF.C
                    UADDR   0x000f6e       data     extern C:\MCC18\SRC\TRADIT~1\PROC\p18f4455.asm
                UADDRbits   0x000f6e       data     extern C:\MCC18\SRC\TRADIT~1\PROC\p18f4455.asm
                     UCFG   0x000f6f       data     extern C:\MCC18\SRC\TRADIT~1\PROC\p18f4455.asm
                 UCFGbits   0x000f6f       data     extern C:\MCC18\SRC\TRADIT~1\PROC\p18f4455.asm
                     UCON   0x000f6d       data     extern C:\MCC18\SRC\TRADIT~1\PROC\p18f4455.asm
                 UCONbits   0x000f6d       data     extern C:\MCC18\SRC\TRADIT~1\PROC\p18f4455.asm
                     UEIE   0x000f6b       data     extern C:\MCC18\SRC\TRADIT~1\PROC\p18f4455.asm
                 UEIEbits   0x000f6b       data     extern C:\MCC18\SRC\TRADIT~1\PROC\p18f4455.asm
                     UEIR   0x000f6a       data     extern C:\MCC18\SRC\TRADIT~1\PROC\p18f4455.asm
                 UEIRbits   0x000f6a       data     extern C:\MCC18\SRC\TRADIT~1\PROC\p18f4455.asm
                     UEP0   0x000f70       data     extern C:\MCC18\SRC\TRADIT~1\PROC\p18f4455.asm
                 UEP0bits   0x000f70       data     extern C:\MCC18\SRC\TRADIT~1\PROC\p18f4455.asm
                     UEP1   0x000f71       data     extern C:\MCC18\SRC\TRADIT~1\PROC\p18f4455.asm
                    UEP10   0x000f7a       data     extern C:\MCC18\SRC\TRADIT~1\PROC\p18f4455.asm
                UEP10bits   0x000f7a       data     extern C:\MCC18\SRC\TRADIT~1\PROC\p18f4455.asm
                    UEP11   0x000f7b       data     extern C:\MCC18\SRC\TRADIT~1\PROC\p18f4455.asm
                UEP11bits   0x000f7b       data     extern C:\MCC18\SRC\TRADIT~1\PROC\p18f4455.asm
                    UEP12   0x000f7c       data     extern C:\MCC18\SRC\TRADIT~1\PROC\p18f4455.asm
                UEP12bits   0x000f7c       data     extern C:\MCC18\SRC\TRADIT~1\PROC\p18f4455.asm
                    UEP13   0x000f7d       data     extern C:\MCC18\SRC\TRADIT~1\PROC\p18f4455.asm
                UEP13bits   0x000f7d       data     extern C:\MCC18\SRC\TRADIT~1\PROC\p18f4455.asm
                    UEP14   0x000f7e       data     extern C:\MCC18\SRC\TRADIT~1\PROC\p18f4455.asm
                UEP14bits   0x000f7e       data     extern C:\MCC18\SRC\TRADIT~1\PROC\p18f4455.asm
                    UEP15   0x000f7f       data     extern C:\MCC18\SRC\TRADIT~1\PROC\p18f4455.asm
                UEP15bits   0x000f7f       data     extern C:\MCC18\SRC\TRADIT~1\PROC\p18f4455.asm
                 UEP1bits   0x000f71       data     extern C:\MCC18\SRC\TRADIT~1\PROC\p18f4455.asm
                     UEP2   0x000f72       data     extern C:\MCC18\SRC\TRADIT~1\PROC\p18f4455.asm
                 UEP2bits   0x000f72       data     extern C:\MCC18\SRC\TRADIT~1\PROC\p18f4455.asm
                     UEP3   0x000f73       data     extern C:\MCC18\SRC\TRADIT~1\PROC\p18f4455.asm
                 UEP3bits   0x000f73       data     extern C:\MCC18\SRC\TRADIT~1\PROC\p18f4455.asm
                     UEP4   0x000f74       data     extern C:\MCC18\SRC\TRADIT~1\PROC\p18f4455.asm
                 UEP4bits   0x000f74       data     extern C:\MCC18\SRC\TRADIT~1\PROC\p18f4455.asm
                     UEP5   0x000f75       data     extern C:\MCC18\SRC\TRADIT~1\PROC\p18f4455.asm
                 UEP5bits   0x000f75       data     extern C:\MCC18\SRC\TRADIT~1\PROC\p18f4455.asm
                     UEP6   0x000f76       data     extern C:\MCC18\SRC\TRADIT~1\PROC\p18f4455.asm
                 UEP6bits   0x000f76       data     extern C:\MCC18\SRC\TRADIT~1\PROC\p18f4455.asm
                     UEP7   0x000f77       data     extern C:\MCC18\SRC\TRADIT~1\PROC\p18f4455.asm
                 UEP7bits   0x000f77       data     extern C:\MCC18\SRC\TRADIT~1\PROC\p18f4455.asm
                     UEP8   0x000f78       data     extern C:\MCC18\SRC\TRADIT~1\PROC\p18f4455.asm
                 UEP8bits   0x000f78       data     extern C:\MCC18\SRC\TRADIT~1\PROC\p18f4455.asm
                     UEP9   0x000f79       data     extern C:\MCC18\SRC\TRADIT~1\PROC\p18f4455.asm
                 UEP9bits   0x000f79       data     extern C:\MCC18\SRC\TRADIT~1\PROC\p18f4455.asm
                     UFRM   0x000f66       data     extern C:\MCC18\SRC\TRADIT~1\PROC\p18f4455.asm
                    UFRMH   0x000f67       data     extern C:\MCC18\SRC\TRADIT~1\PROC\p18f4455.asm
                UFRMHbits   0x000f67       data     extern C:\MCC18\SRC\TRADIT~1\PROC\p18f4455.asm
                    UFRML   0x000f66       data     extern C:\MCC18\SRC\TRADIT~1\PROC\p18f4455.asm
                UFRMLbits   0x000f66       data     extern C:\MCC18\SRC\TRADIT~1\PROC\p18f4455.asm
                      UIE   0x000f69       data     extern C:\MCC18\SRC\TRADIT~1\PROC\p18f4455.asm
                  UIEbits   0x000f69       data     extern C:\MCC18\SRC\TRADIT~1\PROC\p18f4455.asm
                      UIR   0x000f68       data     extern C:\MCC18\SRC\TRADIT~1\PROC\p18f4455.asm
                  UIRbits   0x000f68       data     extern C:\MCC18\SRC\TRADIT~1\PROC\p18f4455.asm
           USBDataPointer   0x0002c5       data     extern C:\fw\midicontroller\x002x\RAM_DEF.C
       USBEP0DataInBuffer   0x0002cc       data     extern C:\fw\midicontroller\x002x\RAM_DEF.C
                    USTAT   0x000f6c       data     extern C:\MCC18\SRC\TRADIT~1\PROC\p18f4455.asm
                USTATbits   0x000f6c       data     extern C:\MCC18\SRC\TRADIT~1\PROC\p18f4455.asm
                   WDTCON   0x000fd1       data     extern C:\MCC18\SRC\TRADIT~1\PROC\p18f4455.asm
               WDTCONbits   0x000fd1       data     extern C:\MCC18\SRC\TRADIT~1\PROC\p18f4455.asm
                     WREG   0x000fe8       data     extern C:\MCC18\SRC\TRADIT~1\PROC\p18f4455.asm
       __ADC_CONVERSION:0   0x00033e       data     extern C:\fw\midicontroller\x002x\MAIN.C
           __ClearArray:0   0x000331       data     extern C:\fw\midicontroller\x002x\USB.C
           __ClearArray:1   0x000333       data     extern C:\fw\midicontroller\x002x\USB.C
                __FPFLAGS   0x000001       data     extern C:\MCC18\SRC\TRADIT~1\MATH\cmath18.asm
            __FPFLAGSbits   0x000001       data     extern C:\MCC18\SRC\TRADIT~1\MATH\cmath18.asm
          __HIDRxReport:0   0x0000fa       data     extern C:\fw\midicontroller\x002x\HID.C
          __HIDRxReport:1   0x0000fc       data     extern C:\fw\midicontroller\x002x\HID.C
          __HIDTxReport:0   0x0000f6       data     extern C:\fw\midicontroller\x002x\HID.C
          __HIDTxReport:1   0x0000f8       data     extern C:\fw\midicontroller\x002x\HID.C
                __TXENQ:0   0x000334       data     extern C:\fw\midicontroller\x002x\RS232.C
                  __tmp_0   0x000002       data     static C:\fw\midicontroller\x002x\MAIN.C
                  __tmp_0   0x000002       data     static C:\fw\midicontroller\x002x\USB.C
                  __tmp_0   0x000002       data     static C:\fw\midicontroller\x002x\RS232.C
          active_protocol   0x0000f4       data     extern C:\fw\midicontroller\x002x\HID.C
                   buffer   0x0000fa       data     static C:\fw\midicontroller\x002x\HID.C
                   buffer   0x0000f6       data     static C:\fw\midicontroller\x002x\HID.C
             byte_to_read   0x00032f       data     static C:\fw\midicontroller\x002x\USB.C
             byte_to_send   0x00032d       data     static C:\fw\midicontroller\x002x\USB.C
                    count   0x000333       data     static C:\fw\midicontroller\x002x\USB.C
   ctrl_trf_session_owner   0x000325       data     extern C:\fw\midicontroller\x002x\USB.C
           ctrl_trf_state   0x000324       data     extern C:\fw\midicontroller\x002x\USB.C
                    ep0Bi   0x000404       data     extern C:\fw\midicontroller\x002x\USB.C
                    ep0Bo   0x000400       data     extern C:\fw\midicontroller\x002x\USB.C
                    ep1Bi   0x00040c       data     extern C:\fw\midicontroller\x002x\USB.C
                    ep1Bo   0x000408       data     extern C:\fw\midicontroller\x002x\USB.C
            hid_report_in   0x000428       data     extern C:\fw\midicontroller\x002x\USB.C
           hid_report_out   0x000420       data     extern C:\fw\midicontroller\x002x\USB.C
           hid_rpt_rx_len   0x0000f5       data     extern C:\fw\midicontroller\x002x\HID.C
                        i   0x00033c       data     static C:\fw\midicontroller\x002x\MAIN.C
                        i   0x0000f9       data     static C:\fw\midicontroller\x002x\HID.C
                        i   0x00032c       data     static C:\fw\midicontroller\x002x\USB.C
                idle_rate   0x0000f3       data     extern C:\fw\midicontroller\x002x\HID.C
                      len   0x0000fc       data     static C:\fw\midicontroller\x002x\HID.C
                      len   0x0000f8       data     static C:\fw\midicontroller\x002x\HID.C
                     pDst   0x000328       data     extern C:\fw\midicontroller\x002x\USB.C
                     pSrc   0x000326       data     extern C:\fw\midicontroller\x002x\USB.C
                 startAdr   0x000331       data     static C:\fw\midicontroller\x002x\USB.C
                 tempcntr   0x00033f       data     static C:\fw\midicontroller\x002x\MAIN.C
                  tempreg   0x00031d       data     extern C:\fw\midicontroller\x002x\RAM_DEF.C
                 tempvar0   0x0000f2       data     static C:\fw\midicontroller\x002x\usbapplet.c
                 tempvar0   0x000338       data     static C:\fw\midicontroller\x002x\RS232.C
                 tempvar1   0x0000f1       data     static C:\fw\midicontroller\x002x\usbapplet.c
                 tempvar1   0x000337       data     static C:\fw\midicontroller\x002x\RS232.C
                     test   0x00033d       data     static C:\fw\midicontroller\x002x\MAIN.C
           usb_active_cfg   0x000322       data     extern C:\fw\midicontroller\x002x\USB.C
             usb_alt_intf   0x000323       data     extern C:\fw\midicontroller\x002x\USB.C
         usb_device_state   0x000320       data     extern C:\fw\midicontroller\x002x\USB.C
                 usb_stat   0x000321       data     extern C:\fw\midicontroller\x002x\USB.C
                   wCount   0x00032a       data     extern C:\fw\midicontroller\x002x\USB.C



                              Symbols - Sorted by Address
                     Name    Address   Location    Storage File                     
                ---------  ---------  ---------  --------- ---------                
           RealInitVector   0x000000    program     extern C:\fw\midicontroller\x002x\dummystart.c
       ___return_lbl00000   0x000004    program     static                          
  RealInterruptVectorHigh   0x000008    program     extern C:\fw\midicontroller\x002x\dummystart.c
       ___return_lbl00001   0x00000c    program     static                          
                   _entry   0x000a00    program     extern C:\fw\midicontroller\x002x\STARTUP.C
       ___return_lbl00000   0x000a04    program     static                          
      InterruptVectorHigh   0x000a08    program     extern C:\fw\midicontroller\x002x\intslct.c
       ___return_lbl00000   0x000a0c    program     static                          
       USBCheckStdRequest   0x000a38    program     extern C:\fw\midicontroller\x002x\USB.C
      USBStdGetDscHandler   0x000ace    program     extern C:\fw\midicontroller\x002x\USB.C
      USBStdSetCfgHandler   0x000b54    program     extern C:\fw\midicontroller\x002x\USB.C
   USBStdGetStatusHandler   0x000b86    program     extern C:\fw\midicontroller\x002x\USB.C
  USBStdFeatureReqHandler   0x000bde    program     extern C:\fw\midicontroller\x002x\USB.C
         USBCtrlEPService   0x000c40    program     extern C:\fw\midicontroller\x002x\USB.C
   USBCtrlTrfSetupHandler   0x000c64    program     extern C:\fw\midicontroller\x002x\USB.C
     USBCtrlTrfOutHandler   0x000cbe    program     extern C:\fw\midicontroller\x002x\USB.C
      USBCtrlTrfInHandler   0x000cdc    program     extern C:\fw\midicontroller\x002x\USB.C
      USBCtrlTrfTxService   0x000d1c    program     extern C:\fw\midicontroller\x002x\USB.C
      USBCtrlTrfRxService   0x000d88    program     extern C:\fw\midicontroller\x002x\USB.C
 USBCtrlEPServiceComplete   0x000dbc    program     extern C:\fw\midicontroller\x002x\USB.C
USBPrepareForNextSetupTrf   0x000e28    program     extern C:\fw\midicontroller\x002x\USB.C
        USBCheckBusStatus   0x000e36    program     extern C:\fw\midicontroller\x002x\USB.C
          USBModuleEnable   0x000e5a    program     extern C:\fw\midicontroller\x002x\USB.C
         USBModuleDisable   0x000e68    program     extern C:\fw\midicontroller\x002x\USB.C
            USBSoftDetach   0x000e72    program     extern C:\fw\midicontroller\x002x\USB.C
         USBDriverService   0x000e76    program     extern C:\fw\midicontroller\x002x\USB.C
               USBSuspend   0x000ef2    program     extern C:\fw\midicontroller\x002x\USB.C
       USBWakeFromSuspend   0x000efc    program     extern C:\fw\midicontroller\x002x\USB.C
          USB_SOF_Handler   0x000f04    program     extern C:\fw\midicontroller\x002x\USB.C
          USBStallHandler   0x000f08    program     extern C:\fw\midicontroller\x002x\USB.C
          USBErrorHandler   0x000f14    program     extern C:\fw\midicontroller\x002x\USB.C
  USBProtocolResetHandler   0x000f18    program     extern C:\fw\midicontroller\x002x\USB.C
               ClearArray   0x000f44    program     extern C:\fw\midicontroller\x002x\USB.C
        ___while_lbl00131   0x000f4c    program     static                          
        ___while_lbl00132   0x000f5a    program     static                          
       ___return_lbl00130   0x000f5a    program     static                          
                   __pa_0   0x000f5c    program     static C:\fw\midicontroller\x002x\USB.C
                   __pa_1   0x000f6c    program     static C:\fw\midicontroller\x002x\USB.C
                   __pa_2   0x000f78    program     static C:\fw\midicontroller\x002x\USB.C
                   __pa_3   0x000f90    program     static C:\fw\midicontroller\x002x\USB.C
                   __pa_4   0x000fa0    program     static C:\fw\midicontroller\x002x\USB.C
                   __pa_5   0x000fb4    program     static C:\fw\midicontroller\x002x\USB.C
                   __pa_6   0x000fc6    program     static C:\fw\midicontroller\x002x\USB.C
                   __pa_7   0x000fd2    program     static C:\fw\midicontroller\x002x\USB.C
                   __pa_8   0x000fe0    program     static C:\fw\midicontroller\x002x\USB.C
                   __pa_9   0x000fe8    program     static C:\fw\midicontroller\x002x\USB.C
                  __pa_10   0x000ff2    program     static C:\fw\midicontroller\x002x\USB.C
                  __pa_11   0x001002    program     static C:\fw\midicontroller\x002x\USB.C
                  __pa_12   0x001010    program     static C:\fw\midicontroller\x002x\USB.C
             TXENQ_0xFFFF   0x001018    program     extern C:\fw\midicontroller\x002x\RS232.C
               TXENQ_0x00   0x00101e    program     extern C:\fw\midicontroller\x002x\RS232.C
                    TXENQ   0x001026    program     extern C:\fw\midicontroller\x002x\RS232.C
     PROCESS_COMM_REQUEST   0x001068    program     extern C:\fw\midicontroller\x002x\RS232.C
                   __pa_0   0x0013e0    program     static C:\fw\midicontroller\x002x\RS232.C
                   __pa_1   0x0013ec    program     static C:\fw\midicontroller\x002x\RS232.C
                   __pa_2   0x0013f8    program     static C:\fw\midicontroller\x002x\RS232.C
                   __pa_3   0x00140c    program     static C:\fw\midicontroller\x002x\RS232.C
                   __pa_4   0x001416    program     static C:\fw\midicontroller\x002x\RS232.C
                   __pa_5   0x00141e    program     static C:\fw\midicontroller\x002x\RS232.C
                   __pa_6   0x00142a    program     static C:\fw\midicontroller\x002x\RS232.C
                   __pa_7   0x001430    program     static C:\fw\midicontroller\x002x\RS232.C
                   __pa_8   0x00143e    program     static C:\fw\midicontroller\x002x\RS232.C
                   __pa_9   0x001446    program     static C:\fw\midicontroller\x002x\RS232.C
                  __pa_10   0x00144e    program     static C:\fw\midicontroller\x002x\RS232.C
                  __pa_11   0x001466    program     static C:\fw\midicontroller\x002x\RS232.C
       USBCheckHIDRequest   0x00146e    program     extern C:\fw\midicontroller\x002x\HID.C
                HIDInitEP   0x001550    program     extern C:\fw\midicontroller\x002x\HID.C
              HIDTxReport   0x00157a    program     extern C:\fw\midicontroller\x002x\HID.C
              HIDRxReport   0x0015c6    program     extern C:\fw\midicontroller\x002x\HID.C
                   __pa_0   0x001622    program     static C:\fw\midicontroller\x002x\HID.C
                     main   0x00162a    program     extern C:\fw\midicontroller\x002x\MAIN.C
           ADC_CONVERSION   0x0016dc    program     extern C:\fw\midicontroller\x002x\MAIN.C
               ServiceUSB   0x0016f8    program     extern C:\fw\midicontroller\x002x\MAIN.C
                   __pa_0   0x001706    program     static C:\fw\midicontroller\x002x\MAIN.C
               device_dsc   0x001710    program     extern C:\fw\midicontroller\x002x\usbdescript.c
                    cfg01   0x001722    program     extern C:\fw\midicontroller\x002x\usbdescript.c
                    sd000   0x001744    program     extern C:\fw\midicontroller\x002x\usbdescript.c
                MfrString   0x001748    program     extern C:\fw\midicontroller\x002x\usbdescript.c
                  DevChem   0x001760    program     extern C:\fw\midicontroller\x002x\usbdescript.c
              hid_rpt_UPS   0x00176a    program     extern C:\fw\midicontroller\x002x\usbdescript.c
               USB_CD_Ptr   0x0017da    program     extern C:\fw\midicontroller\x002x\usbdescript.c
               USB_SD_Ptr   0x0017de    program     extern C:\fw\midicontroller\x002x\usbdescript.c
          ClassReqHandler   0x0017e8    program     extern C:\fw\midicontroller\x002x\usbdescript.c
      HIDSetReportHandler   0x0017ea    program     extern C:\fw\midicontroller\x002x\usbapplet.c
      HIDGetReportHandler   0x0017f8    program     extern C:\fw\midicontroller\x002x\usbapplet.c
               ServiceEP1   0x00181a    program     extern C:\fw\midicontroller\x002x\usbapplet.c
                   __pa_0   0x00185e    program     static C:\fw\midicontroller\x002x\usbapplet.c
                   __pa_1   0x001878    program     static C:\fw\midicontroller\x002x\usbapplet.c
                 _startup   0x00188e    program     extern C:\fw\midicontroller\x002x\STARTUP.C
                     loop   0x00189a    program     static                          
       ___return_lbl00001   0x0018a0    program     static                          
     InterruptHandlerHigh   0x0018a2    program     extern C:\fw\midicontroller\x002x\intslct.c
                     SIGN   0x000000       data     extern C:\MCC18\SRC\TRADIT~1\MATH\cmath18.asm
                __FPFLAGS   0x000001       data     extern C:\MCC18\SRC\TRADIT~1\MATH\cmath18.asm
            __FPFLAGSbits   0x000001       data     extern C:\MCC18\SRC\TRADIT~1\MATH\cmath18.asm
                  __tmp_0   0x000002       data     static C:\fw\midicontroller\x002x\RS232.C
                  __tmp_0   0x000002       data     static C:\fw\midicontroller\x002x\USB.C
                  __tmp_0   0x000002       data     static C:\fw\midicontroller\x002x\MAIN.C
                PrdString   0x000060       data     extern C:\fw\midicontroller\x002x\usbdescript.c
                SerialNum   0x00008c       data     extern C:\fw\midicontroller\x002x\usbdescript.c
                EP1Buffer   0x0000ae       data     extern C:\fw\midicontroller\x002x\usbapplet.c
         InputDataPointer   0x0000ee       data     extern C:\fw\midicontroller\x002x\usbapplet.c
               ByteToSend   0x0000ef       data     static C:\fw\midicontroller\x002x\usbapplet.c
                 NumBytes   0x0000f0       data     static C:\fw\midicontroller\x002x\usbapplet.c
                 tempvar1   0x0000f1       data     static C:\fw\midicontroller\x002x\usbapplet.c
                 tempvar0   0x0000f2       data     static C:\fw\midicontroller\x002x\usbapplet.c
                idle_rate   0x0000f3       data     extern C:\fw\midicontroller\x002x\HID.C
          active_protocol   0x0000f4       data     extern C:\fw\midicontroller\x002x\HID.C
           hid_rpt_rx_len   0x0000f5       data     extern C:\fw\midicontroller\x002x\HID.C
          __HIDTxReport:0   0x0000f6       data     extern C:\fw\midicontroller\x002x\HID.C
                   buffer   0x0000f6       data     static C:\fw\midicontroller\x002x\HID.C
          __HIDTxReport:1   0x0000f8       data     extern C:\fw\midicontroller\x002x\HID.C
                      len   0x0000f8       data     static C:\fw\midicontroller\x002x\HID.C
                        i   0x0000f9       data     static C:\fw\midicontroller\x002x\HID.C
          __HIDRxReport:0   0x0000fa       data     extern C:\fw\midicontroller\x002x\HID.C
                   buffer   0x0000fa       data     static C:\fw\midicontroller\x002x\HID.C
          __HIDRxReport:1   0x0000fc       data     extern C:\fw\midicontroller\x002x\HID.C
                      len   0x0000fc       data     static C:\fw\midicontroller\x002x\HID.C
                   Sample   0x000100       data     extern C:\fw\midicontroller\x002x\RAM_DEF.C
               SampleData   0x000101       data     extern C:\fw\midicontroller\x002x\RAM_DEF.C
               DataBuffer   0x000103       data     extern C:\fw\midicontroller\x002x\RAM_DEF.C
                EEAddress   0x0002bb       data     extern C:\fw\midicontroller\x002x\RAM_DEF.C
                 TxBufPtr   0x0002bc       data     extern C:\fw\midicontroller\x002x\RAM_DEF.C
              TxBufOutPtr   0x0002bd       data     extern C:\fw\midicontroller\x002x\RAM_DEF.C
                CmdLength   0x0002be       data     extern C:\fw\midicontroller\x002x\RAM_DEF.C
                 RxBufPtr   0x0002bf       data     extern C:\fw\midicontroller\x002x\RAM_DEF.C
                StringPtr   0x0002c0       data     extern C:\fw\midicontroller\x002x\RAM_DEF.C
              StringPtr_H   0x0002c1       data     extern C:\fw\midicontroller\x002x\RAM_DEF.C
             StringChksum   0x0002c2       data     extern C:\fw\midicontroller\x002x\RAM_DEF.C
             ResponseType   0x0002c3       data     extern C:\fw\midicontroller\x002x\RAM_DEF.C
               CommFlags1   0x0002c4       data     extern C:\fw\midicontroller\x002x\RAM_DEF.C
           USBDataPointer   0x0002c5       data     extern C:\fw\midicontroller\x002x\RAM_DEF.C
              NVRCommAddr   0x0002c6       data     extern C:\fw\midicontroller\x002x\RAM_DEF.C
              RAMCommAddr   0x0002c8       data     extern C:\fw\midicontroller\x002x\RAM_DEF.C
              ROMCommAddr   0x0002ca       data     extern C:\fw\midicontroller\x002x\RAM_DEF.C
       USBEP0DataInBuffer   0x0002cc       data     extern C:\fw\midicontroller\x002x\RAM_DEF.C
                 RxBuffer   0x0002d4       data     extern C:\fw\midicontroller\x002x\RAM_DEF.C
                 TxBuffer   0x0002dd       data     extern C:\fw\midicontroller\x002x\RAM_DEF.C
                  tempreg   0x00031d       data     extern C:\fw\midicontroller\x002x\RAM_DEF.C
                    Temp6   0x00031f       data     extern C:\fw\midicontroller\x002x\RAM_DEF.C
         usb_device_state   0x000320       data     extern C:\fw\midicontroller\x002x\USB.C
                 usb_stat   0x000321       data     extern C:\fw\midicontroller\x002x\USB.C
           usb_active_cfg   0x000322       data     extern C:\fw\midicontroller\x002x\USB.C
             usb_alt_intf   0x000323       data     extern C:\fw\midicontroller\x002x\USB.C
           ctrl_trf_state   0x000324       data     extern C:\fw\midicontroller\x002x\USB.C
   ctrl_trf_session_owner   0x000325       data     extern C:\fw\midicontroller\x002x\USB.C
                     pSrc   0x000326       data     extern C:\fw\midicontroller\x002x\USB.C
                     pDst   0x000328       data     extern C:\fw\midicontroller\x002x\USB.C
                   wCount   0x00032a       data     extern C:\fw\midicontroller\x002x\USB.C
                        i   0x00032c       data     static C:\fw\midicontroller\x002x\USB.C
             byte_to_send   0x00032d       data     static C:\fw\midicontroller\x002x\USB.C
             byte_to_read   0x00032f       data     static C:\fw\midicontroller\x002x\USB.C
           __ClearArray:0   0x000331       data     extern C:\fw\midicontroller\x002x\USB.C
                 startAdr   0x000331       data     static C:\fw\midicontroller\x002x\USB.C
                    count   0x000333       data     static C:\fw\midicontroller\x002x\USB.C
           __ClearArray:1   0x000333       data     extern C:\fw\midicontroller\x002x\USB.C
                __TXENQ:0   0x000334       data     extern C:\fw\midicontroller\x002x\RS232.C
                    Input   0x000334       data     static C:\fw\midicontroller\x002x\RS232.C
                   RcvPtr   0x000335       data     static C:\fw\midicontroller\x002x\RS232.C
                 tempvar1   0x000337       data     static C:\fw\midicontroller\x002x\RS232.C
                 tempvar0   0x000338       data     static C:\fw\midicontroller\x002x\RS232.C
                     Data   0x000339       data     static C:\fw\midicontroller\x002x\RS232.C
               ByteToSend   0x00033b       data     static C:\fw\midicontroller\x002x\RS232.C
                        i   0x00033c       data     static C:\fw\midicontroller\x002x\MAIN.C
                     test   0x00033d       data     static C:\fw\midicontroller\x002x\MAIN.C
       __ADC_CONVERSION:0   0x00033e       data     extern C:\fw\midicontroller\x002x\MAIN.C
                  Channel   0x00033e       data     static C:\fw\midicontroller\x002x\MAIN.C
                 tempcntr   0x00033f       data     static C:\fw\midicontroller\x002x\MAIN.C
                    ep0Bo   0x000400       data     extern C:\fw\midicontroller\x002x\USB.C
                    ep0Bi   0x000404       data     extern C:\fw\midicontroller\x002x\USB.C
                    ep1Bo   0x000408       data     extern C:\fw\midicontroller\x002x\USB.C
                    ep1Bi   0x00040c       data     extern C:\fw\midicontroller\x002x\USB.C
                 SetupPkt   0x000410       data     extern C:\fw\midicontroller\x002x\USB.C
              CtrlTrfData   0x000418       data     extern C:\fw\midicontroller\x002x\USB.C
           hid_report_out   0x000420       data     extern C:\fw\midicontroller\x002x\USB.C
            hid_report_in   0x000428       data     extern C:\fw\midicontroller\x002x\USB.C
                  SPPDATA   0x000f62       data     extern C:\MCC18\SRC\TRADIT~1\PROC\p18f4455.asm
               SPPCFGbits   0x000f63       data     extern C:\MCC18\SRC\TRADIT~1\PROC\p18f4455.asm
                   SPPCFG   0x000f63       data     extern C:\MCC18\SRC\TRADIT~1\PROC\p18f4455.asm
               SPPEPSbits   0x000f64       data     extern C:\MCC18\SRC\TRADIT~1\PROC\p18f4455.asm
                   SPPEPS   0x000f64       data     extern C:\MCC18\SRC\TRADIT~1\PROC\p18f4455.asm
               SPPCONbits   0x000f65       data     extern C:\MCC18\SRC\TRADIT~1\PROC\p18f4455.asm
                   SPPCON   0x000f65       data     extern C:\MCC18\SRC\TRADIT~1\PROC\p18f4455.asm
                     UFRM   0x000f66       data     extern C:\MCC18\SRC\TRADIT~1\PROC\p18f4455.asm
                    UFRML   0x000f66       data     extern C:\MCC18\SRC\TRADIT~1\PROC\p18f4455.asm
                UFRMLbits   0x000f66       data     extern C:\MCC18\SRC\TRADIT~1\PROC\p18f4455.asm
                    UFRMH   0x000f67       data     extern C:\MCC18\SRC\TRADIT~1\PROC\p18f4455.asm
                UFRMHbits   0x000f67       data     extern C:\MCC18\SRC\TRADIT~1\PROC\p18f4455.asm
                  UIRbits   0x000f68       data     extern C:\MCC18\SRC\TRADIT~1\PROC\p18f4455.asm
                      UIR   0x000f68       data     extern C:\MCC18\SRC\TRADIT~1\PROC\p18f4455.asm
                  UIEbits   0x000f69       data     extern C:\MCC18\SRC\TRADIT~1\PROC\p18f4455.asm
                      UIE   0x000f69       data     extern C:\MCC18\SRC\TRADIT~1\PROC\p18f4455.asm
                     UEIR   0x000f6a       data     extern C:\MCC18\SRC\TRADIT~1\PROC\p18f4455.asm
                 UEIRbits   0x000f6a       data     extern C:\MCC18\SRC\TRADIT~1\PROC\p18f4455.asm
                 UEIEbits   0x000f6b       data     extern C:\MCC18\SRC\TRADIT~1\PROC\p18f4455.asm
                     UEIE   0x000f6b       data     extern C:\MCC18\SRC\TRADIT~1\PROC\p18f4455.asm
                USTATbits   0x000f6c       data     extern C:\MCC18\SRC\TRADIT~1\PROC\p18f4455.asm
                    USTAT   0x000f6c       data     extern C:\MCC18\SRC\TRADIT~1\PROC\p18f4455.asm
                     UCON   0x000f6d       data     extern C:\MCC18\SRC\TRADIT~1\PROC\p18f4455.asm
                 UCONbits   0x000f6d       data     extern C:\MCC18\SRC\TRADIT~1\PROC\p18f4455.asm
                UADDRbits   0x000f6e       data     extern C:\MCC18\SRC\TRADIT~1\PROC\p18f4455.asm
                    UADDR   0x000f6e       data     extern C:\MCC18\SRC\TRADIT~1\PROC\p18f4455.asm
                     UCFG   0x000f6f       data     extern C:\MCC18\SRC\TRADIT~1\PROC\p18f4455.asm
                 UCFGbits   0x000f6f       data     extern C:\MCC18\SRC\TRADIT~1\PROC\p18f4455.asm
                 UEP0bits   0x000f70       data     extern C:\MCC18\SRC\TRADIT~1\PROC\p18f4455.asm
                     UEP0   0x000f70       data     extern C:\MCC18\SRC\TRADIT~1\PROC\p18f4455.asm
                     UEP1   0x000f71       data     extern C:\MCC18\SRC\TRADIT~1\PROC\p18f4455.asm
                 UEP1bits   0x000f71       data     extern C:\MCC18\SRC\TRADIT~1\PROC\p18f4455.asm
                 UEP2bits   0x000f72       data     extern C:\MCC18\SRC\TRADIT~1\PROC\p18f4455.asm
                     UEP2   0x000f72       data     extern C:\MCC18\SRC\TRADIT~1\PROC\p18f4455.asm
                 UEP3bits   0x000f73       data     extern C:\MCC18\SRC\TRADIT~1\PROC\p18f4455.asm
                     UEP3   0x000f73       data     extern C:\MCC18\SRC\TRADIT~1\PROC\p18f4455.asm
                 UEP4bits   0x000f74       data     extern C:\MCC18\SRC\TRADIT~1\PROC\p18f4455.asm
                     UEP4   0x000f74       data     extern C:\MCC18\SRC\TRADIT~1\PROC\p18f4455.asm
                     UEP5   0x000f75       data     extern C:\MCC18\SRC\TRADIT~1\PROC\p18f4455.asm
                 UEP5bits   0x000f75       data     extern C:\MCC18\SRC\TRADIT~1\PROC\p18f4455.asm
                     UEP6   0x000f76       data     extern C:\MCC18\SRC\TRADIT~1\PROC\p18f4455.asm
                 UEP6bits   0x000f76       data     extern C:\MCC18\SRC\TRADIT~1\PROC\p18f4455.asm
                     UEP7   0x000f77       data     extern C:\MCC18\SRC\TRADIT~1\PROC\p18f4455.asm
                 UEP7bits   0x000f77       data     extern C:\MCC18\SRC\TRADIT~1\PROC\p18f4455.asm
                     UEP8   0x000f78       data     extern C:\MCC18\SRC\TRADIT~1\PROC\p18f4455.asm
                 UEP8bits   0x000f78       data     extern C:\MCC18\SRC\TRADIT~1\PROC\p18f4455.asm
                     UEP9   0x000f79       data     extern C:\MCC18\SRC\TRADIT~1\PROC\p18f4455.asm
                 UEP9bits   0x000f79       data     extern C:\MCC18\SRC\TRADIT~1\PROC\p18f4455.asm
                    UEP10   0x000f7a       data     extern C:\MCC18\SRC\TRADIT~1\PROC\p18f4455.asm
                UEP10bits   0x000f7a       data     extern C:\MCC18\SRC\TRADIT~1\PROC\p18f4455.asm
                    UEP11   0x000f7b       data     extern C:\MCC18\SRC\TRADIT~1\PROC\p18f4455.asm
                UEP11bits   0x000f7b       data     extern C:\MCC18\SRC\TRADIT~1\PROC\p18f4455.asm
                    UEP12   0x000f7c       data     extern C:\MCC18\SRC\TRADIT~1\PROC\p18f4455.asm
                UEP12bits   0x000f7c       data     extern C:\MCC18\SRC\TRADIT~1\PROC\p18f4455.asm
                    UEP13   0x000f7d       data     extern C:\MCC18\SRC\TRADIT~1\PROC\p18f4455.asm
                UEP13bits   0x000f7d       data     extern C:\MCC18\SRC\TRADIT~1\PROC\p18f4455.asm
                UEP14bits   0x000f7e       data     extern C:\MCC18\SRC\TRADIT~1\PROC\p18f4455.asm
                    UEP14   0x000f7e       data     extern C:\MCC18\SRC\TRADIT~1\PROC\p18f4455.asm
                UEP15bits   0x000f7f       data     extern C:\MCC18\SRC\TRADIT~1\PROC\p18f4455.asm
                    UEP15   0x000f7f       data     extern C:\MCC18\SRC\TRADIT~1\PROC\p18f4455.asm
                    PORTA   0x000f80       data     extern C:\MCC18\SRC\TRADIT~1\PROC\p18f4455.asm
                PORTAbits   0x000f80       data     extern C:\MCC18\SRC\TRADIT~1\PROC\p18f4455.asm
                PORTBbits   0x000f81       data     extern C:\MCC18\SRC\TRADIT~1\PROC\p18f4455.asm
                    PORTB   0x000f81       data     extern C:\MCC18\SRC\TRADIT~1\PROC\p18f4455.asm
                PORTCbits   0x000f82       data     extern C:\MCC18\SRC\TRADIT~1\PROC\p18f4455.asm
                    PORTC   0x000f82       data     extern C:\MCC18\SRC\TRADIT~1\PROC\p18f4455.asm
                PORTDbits   0x000f83       data     extern C:\MCC18\SRC\TRADIT~1\PROC\p18f4455.asm
                    PORTD   0x000f83       data     extern C:\MCC18\SRC\TRADIT~1\PROC\p18f4455.asm
                PORTEbits   0x000f84       data     extern C:\MCC18\SRC\TRADIT~1\PROC\p18f4455.asm
                    PORTE   0x000f84       data     extern C:\MCC18\SRC\TRADIT~1\PROC\p18f4455.asm
                     LATA   0x000f89       data     extern C:\MCC18\SRC\TRADIT~1\PROC\p18f4455.asm
                 LATAbits   0x000f89       data     extern C:\MCC18\SRC\TRADIT~1\PROC\p18f4455.asm
                     LATB   0x000f8a       data     extern C:\MCC18\SRC\TRADIT~1\PROC\p18f4455.asm
                 LATBbits   0x000f8a       data     extern C:\MCC18\SRC\TRADIT~1\PROC\p18f4455.asm
                 LATCbits   0x000f8b       data     extern C:\MCC18\SRC\TRADIT~1\PROC\p18f4455.asm
                     LATC   0x000f8b       data     extern C:\MCC18\SRC\TRADIT~1\PROC\p18f4455.asm
                 LATDbits   0x000f8c       data     extern C:\MCC18\SRC\TRADIT~1\PROC\p18f4455.asm
                     LATD   0x000f8c       data     extern C:\MCC18\SRC\TRADIT~1\PROC\p18f4455.asm
                 LATEbits   0x000f8d       data     extern C:\MCC18\SRC\TRADIT~1\PROC\p18f4455.asm
                     LATE   0x000f8d       data     extern C:\MCC18\SRC\TRADIT~1\PROC\p18f4455.asm
                     DDRA   0x000f92       data     extern C:\MCC18\SRC\TRADIT~1\PROC\p18f4455.asm
                    TRISA   0x000f92       data     extern C:\MCC18\SRC\TRADIT~1\PROC\p18f4455.asm
                TRISAbits   0x000f92       data     extern C:\MCC18\SRC\TRADIT~1\PROC\p18f4455.asm
                 DDRAbits   0x000f92       data     extern C:\MCC18\SRC\TRADIT~1\PROC\p18f4455.asm
                     DDRB   0x000f93       data     extern C:\MCC18\SRC\TRADIT~1\PROC\p18f4455.asm
                 DDRBbits   0x000f93       data     extern C:\MCC18\SRC\TRADIT~1\PROC\p18f4455.asm
                    TRISB   0x000f93       data     extern C:\MCC18\SRC\TRADIT~1\PROC\p18f4455.asm
                TRISBbits   0x000f93       data     extern C:\MCC18\SRC\TRADIT~1\PROC\p18f4455.asm
                     DDRC   0x000f94       data     extern C:\MCC18\SRC\TRADIT~1\PROC\p18f4455.asm
                 DDRCbits   0x000f94       data     extern C:\MCC18\SRC\TRADIT~1\PROC\p18f4455.asm
                    TRISC   0x000f94       data     extern C:\MCC18\SRC\TRADIT~1\PROC\p18f4455.asm
                TRISCbits   0x000f94       data     extern C:\MCC18\SRC\TRADIT~1\PROC\p18f4455.asm
                     DDRD   0x000f95       data     extern C:\MCC18\SRC\TRADIT~1\PROC\p18f4455.asm
                 DDRDbits   0x000f95       data     extern C:\MCC18\SRC\TRADIT~1\PROC\p18f4455.asm
                    TRISD   0x000f95       data     extern C:\MCC18\SRC\TRADIT~1\PROC\p18f4455.asm
                TRISDbits   0x000f95       data     extern C:\MCC18\SRC\TRADIT~1\PROC\p18f4455.asm
                TRISEbits   0x000f96       data     extern C:\MCC18\SRC\TRADIT~1\PROC\p18f4455.asm
                    TRISE   0x000f96       data     extern C:\MCC18\SRC\TRADIT~1\PROC\p18f4455.asm
                     DDRE   0x000f96       data     extern C:\MCC18\SRC\TRADIT~1\PROC\p18f4455.asm
                 DDREbits   0x000f96       data     extern C:\MCC18\SRC\TRADIT~1\PROC\p18f4455.asm
              OSCTUNEbits   0x000f9b       data     extern C:\MCC18\SRC\TRADIT~1\PROC\p18f4455.asm
                  OSCTUNE   0x000f9b       data     extern C:\MCC18\SRC\TRADIT~1\PROC\p18f4455.asm
                     PIE1   0x000f9d       data     extern C:\MCC18\SRC\TRADIT~1\PROC\p18f4455.asm
                 PIE1bits   0x000f9d       data     extern C:\MCC18\SRC\TRADIT~1\PROC\p18f4455.asm
                 PIR1bits   0x000f9e       data     extern C:\MCC18\SRC\TRADIT~1\PROC\p18f4455.asm
                     PIR1   0x000f9e       data     extern C:\MCC18\SRC\TRADIT~1\PROC\p18f4455.asm
                 IPR1bits   0x000f9f       data     extern C:\MCC18\SRC\TRADIT~1\PROC\p18f4455.asm
                     IPR1   0x000f9f       data     extern C:\MCC18\SRC\TRADIT~1\PROC\p18f4455.asm
                 PIE2bits   0x000fa0       data     extern C:\MCC18\SRC\TRADIT~1\PROC\p18f4455.asm
                     PIE2   0x000fa0       data     extern C:\MCC18\SRC\TRADIT~1\PROC\p18f4455.asm
                 PIR2bits   0x000fa1       data     extern C:\MCC18\SRC\TRADIT~1\PROC\p18f4455.asm
                     PIR2   0x000fa1       data     extern C:\MCC18\SRC\TRADIT~1\PROC\p18f4455.asm
                 IPR2bits   0x000fa2       data     extern C:\MCC18\SRC\TRADIT~1\PROC\p18f4455.asm
                     IPR2   0x000fa2       data     extern C:\MCC18\SRC\TRADIT~1\PROC\p18f4455.asm
               EECON1bits   0x000fa6       data     extern C:\MCC18\SRC\TRADIT~1\PROC\p18f4455.asm
                   EECON1   0x000fa6       data     extern C:\MCC18\SRC\TRADIT~1\PROC\p18f4455.asm
                   EECON2   0x000fa7       data     extern C:\MCC18\SRC\TRADIT~1\PROC\p18f4455.asm
                   EEDATA   0x000fa8       data     extern C:\MCC18\SRC\TRADIT~1\PROC\p18f4455.asm
                    EEADR   0x000fa9       data     extern C:\MCC18\SRC\TRADIT~1\PROC\p18f4455.asm
                RCSTAbits   0x000fab       data     extern C:\MCC18\SRC\TRADIT~1\PROC\p18f4455.asm
                    RCSTA   0x000fab       data     extern C:\MCC18\SRC\TRADIT~1\PROC\p18f4455.asm
                    TXSTA   0x000fac       data     extern C:\MCC18\SRC\TRADIT~1\PROC\p18f4455.asm
                TXSTAbits   0x000fac       data     extern C:\MCC18\SRC\TRADIT~1\PROC\p18f4455.asm
                    TXREG   0x000fad       data     extern C:\MCC18\SRC\TRADIT~1\PROC\p18f4455.asm
                    RCREG   0x000fae       data     extern C:\MCC18\SRC\TRADIT~1\PROC\p18f4455.asm
                    SPBRG   0x000faf       data     extern C:\MCC18\SRC\TRADIT~1\PROC\p18f4455.asm
                   SPBRGH   0x000fb0       data     extern C:\MCC18\SRC\TRADIT~1\PROC\p18f4455.asm
                T3CONbits   0x000fb1       data     extern C:\MCC18\SRC\TRADIT~1\PROC\p18f4455.asm
                    T3CON   0x000fb1       data     extern C:\MCC18\SRC\TRADIT~1\PROC\p18f4455.asm
                    TMR3L   0x000fb2       data     extern C:\MCC18\SRC\TRADIT~1\PROC\p18f4455.asm
                    TMR3H   0x000fb3       data     extern C:\MCC18\SRC\TRADIT~1\PROC\p18f4455.asm
                CMCONbits   0x000fb4       data     extern C:\MCC18\SRC\TRADIT~1\PROC\p18f4455.asm
                    CMCON   0x000fb4       data     extern C:\MCC18\SRC\TRADIT~1\PROC\p18f4455.asm
               CVRCONbits   0x000fb5       data     extern C:\MCC18\SRC\TRADIT~1\PROC\p18f4455.asm
                   CVRCON   0x000fb5       data     extern C:\MCC18\SRC\TRADIT~1\PROC\p18f4455.asm
                  ECCP1AS   0x000fb6       data     extern C:\MCC18\SRC\TRADIT~1\PROC\p18f4455.asm
              ECCP1ASbits   0x000fb6       data     extern C:\MCC18\SRC\TRADIT~1\PROC\p18f4455.asm
               CCP1ASbits   0x000fb6       data     extern C:\MCC18\SRC\TRADIT~1\PROC\p18f4455.asm
                   CCP1AS   0x000fb6       data     extern C:\MCC18\SRC\TRADIT~1\PROC\p18f4455.asm
              CCP1DELbits   0x000fb7       data     extern C:\MCC18\SRC\TRADIT~1\PROC\p18f4455.asm
                  CCP1DEL   0x000fb7       data     extern C:\MCC18\SRC\TRADIT~1\PROC\p18f4455.asm
             ECCP1DELbits   0x000fb7       data     extern C:\MCC18\SRC\TRADIT~1\PROC\p18f4455.asm
                 ECCP1DEL   0x000fb7       data     extern C:\MCC18\SRC\TRADIT~1\PROC\p18f4455.asm
                  BAUDCON   0x000fb8       data     extern C:\MCC18\SRC\TRADIT~1\PROC\p18f4455.asm
              BAUDCONbits   0x000fb8       data     extern C:\MCC18\SRC\TRADIT~1\PROC\p18f4455.asm
              CCP2CONbits   0x000fba       data     extern C:\MCC18\SRC\TRADIT~1\PROC\p18f4455.asm
                  CCP2CON   0x000fba       data     extern C:\MCC18\SRC\TRADIT~1\PROC\p18f4455.asm
                   CCPR2L   0x000fbb       data     extern C:\MCC18\SRC\TRADIT~1\PROC\p18f4455.asm
                    CCPR2   0x000fbb       data     extern C:\MCC18\SRC\TRADIT~1\PROC\p18f4455.asm
                   CCPR2H   0x000fbc       data     extern C:\MCC18\SRC\TRADIT~1\PROC\p18f4455.asm
                  CCP1CON   0x000fbd       data     extern C:\MCC18\SRC\TRADIT~1\PROC\p18f4455.asm
              CCP1CONbits   0x000fbd       data     extern C:\MCC18\SRC\TRADIT~1\PROC\p18f4455.asm
             ECCP1CONbits   0x000fbd       data     extern C:\MCC18\SRC\TRADIT~1\PROC\p18f4455.asm
                 ECCP1CON   0x000fbd       data     extern C:\MCC18\SRC\TRADIT~1\PROC\p18f4455.asm
                    CCPR1   0x000fbe       data     extern C:\MCC18\SRC\TRADIT~1\PROC\p18f4455.asm
                   CCPR1L   0x000fbe       data     extern C:\MCC18\SRC\TRADIT~1\PROC\p18f4455.asm
                   CCPR1H   0x000fbf       data     extern C:\MCC18\SRC\TRADIT~1\PROC\p18f4455.asm
               ADCON2bits   0x000fc0       data     extern C:\MCC18\SRC\TRADIT~1\PROC\p18f4455.asm
                   ADCON2   0x000fc0       data     extern C:\MCC18\SRC\TRADIT~1\PROC\p18f4455.asm
               ADCON1bits   0x000fc1       data     extern C:\MCC18\SRC\TRADIT~1\PROC\p18f4455.asm
                   ADCON1   0x000fc1       data     extern C:\MCC18\SRC\TRADIT~1\PROC\p18f4455.asm
                   ADCON0   0x000fc2       data     extern C:\MCC18\SRC\TRADIT~1\PROC\p18f4455.asm
               ADCON0bits   0x000fc2       data     extern C:\MCC18\SRC\TRADIT~1\PROC\p18f4455.asm
                    ADRES   0x000fc3       data     extern C:\MCC18\SRC\TRADIT~1\PROC\p18f4455.asm
                   ADRESL   0x000fc3       data     extern C:\MCC18\SRC\TRADIT~1\PROC\p18f4455.asm
                   ADRESH   0x000fc4       data     extern C:\MCC18\SRC\TRADIT~1\PROC\p18f4455.asm
                  SSPCON2   0x000fc5       data     extern C:\MCC18\SRC\TRADIT~1\PROC\p18f4455.asm
              SSPCON2bits   0x000fc5       data     extern C:\MCC18\SRC\TRADIT~1\PROC\p18f4455.asm
                  SSPCON1   0x000fc6       data     extern C:\MCC18\SRC\TRADIT~1\PROC\p18f4455.asm
              SSPCON1bits   0x000fc6       data     extern C:\MCC18\SRC\TRADIT~1\PROC\p18f4455.asm
                  SSPSTAT   0x000fc7       data     extern C:\MCC18\SRC\TRADIT~1\PROC\p18f4455.asm
              SSPSTATbits   0x000fc7       data     extern C:\MCC18\SRC\TRADIT~1\PROC\p18f4455.asm
                   SSPADD   0x000fc8       data     extern C:\MCC18\SRC\TRADIT~1\PROC\p18f4455.asm
                   SSPBUF   0x000fc9       data     extern C:\MCC18\SRC\TRADIT~1\PROC\p18f4455.asm
                T2CONbits   0x000fca       data     extern C:\MCC18\SRC\TRADIT~1\PROC\p18f4455.asm
                    T2CON   0x000fca       data     extern C:\MCC18\SRC\TRADIT~1\PROC\p18f4455.asm
                      PR2   0x000fcb       data     extern C:\MCC18\SRC\TRADIT~1\PROC\p18f4455.asm
                     TMR2   0x000fcc       data     extern C:\MCC18\SRC\TRADIT~1\PROC\p18f4455.asm
                T1CONbits   0x000fcd       data     extern C:\MCC18\SRC\TRADIT~1\PROC\p18f4455.asm
                    T1CON   0x000fcd       data     extern C:\MCC18\SRC\TRADIT~1\PROC\p18f4455.asm
                    TMR1L   0x000fce       data     extern C:\MCC18\SRC\TRADIT~1\PROC\p18f4455.asm
                    TMR1H   0x000fcf       data     extern C:\MCC18\SRC\TRADIT~1\PROC\p18f4455.asm
                     RCON   0x000fd0       data     extern C:\MCC18\SRC\TRADIT~1\PROC\p18f4455.asm
                 RCONbits   0x000fd0       data     extern C:\MCC18\SRC\TRADIT~1\PROC\p18f4455.asm
               WDTCONbits   0x000fd1       data     extern C:\MCC18\SRC\TRADIT~1\PROC\p18f4455.asm
                   WDTCON   0x000fd1       data     extern C:\MCC18\SRC\TRADIT~1\PROC\p18f4455.asm
               LVDCONbits   0x000fd2       data     extern C:\MCC18\SRC\TRADIT~1\PROC\p18f4455.asm
                   LVDCON   0x000fd2       data     extern C:\MCC18\SRC\TRADIT~1\PROC\p18f4455.asm
              HLVDCONbits   0x000fd2       data     extern C:\MCC18\SRC\TRADIT~1\PROC\p18f4455.asm
                  HLVDCON   0x000fd2       data     extern C:\MCC18\SRC\TRADIT~1\PROC\p18f4455.asm
               OSCCONbits   0x000fd3       data     extern C:\MCC18\SRC\TRADIT~1\PROC\p18f4455.asm
                   OSCCON   0x000fd3       data     extern C:\MCC18\SRC\TRADIT~1\PROC\p18f4455.asm
                T0CONbits   0x000fd5       data     extern C:\MCC18\SRC\TRADIT~1\PROC\p18f4455.asm
                    T0CON   0x000fd5       data     extern C:\MCC18\SRC\TRADIT~1\PROC\p18f4455.asm
                    TMR0L   0x000fd6       data     extern C:\MCC18\SRC\TRADIT~1\PROC\p18f4455.asm
                    TMR0H   0x000fd7       data     extern C:\MCC18\SRC\TRADIT~1\PROC\p18f4455.asm
               STATUSbits   0x000fd8       data     extern C:\MCC18\SRC\TRADIT~1\PROC\p18f4455.asm
                   STATUS   0x000fd8       data     extern C:\MCC18\SRC\TRADIT~1\PROC\p18f4455.asm
                    FSR2L   0x000fd9       data     extern C:\MCC18\SRC\TRADIT~1\PROC\p18f4455.asm
                     FSR2   0x000fd9       data     extern C:\MCC18\SRC\TRADIT~1\PROC\p18f4455.asm
                    FSR2H   0x000fda       data     extern C:\MCC18\SRC\TRADIT~1\PROC\p18f4455.asm
                   PLUSW2   0x000fdb       data     extern C:\MCC18\SRC\TRADIT~1\PROC\p18f4455.asm
                  PREINC2   0x000fdc       data     extern C:\MCC18\SRC\TRADIT~1\PROC\p18f4455.asm
                 POSTDEC2   0x000fdd       data     extern C:\MCC18\SRC\TRADIT~1\PROC\p18f4455.asm
                 POSTINC2   0x000fde       data     extern C:\MCC18\SRC\TRADIT~1\PROC\p18f4455.asm
                    INDF2   0x000fdf       data     extern C:\MCC18\SRC\TRADIT~1\PROC\p18f4455.asm
                      BSR   0x000fe0       data     extern C:\MCC18\SRC\TRADIT~1\PROC\p18f4455.asm
                    FSR1L   0x000fe1       data     extern C:\MCC18\SRC\TRADIT~1\PROC\p18f4455.asm
                     FSR1   0x000fe1       data     extern C:\MCC18\SRC\TRADIT~1\PROC\p18f4455.asm
                    FSR1H   0x000fe2       data     extern C:\MCC18\SRC\TRADIT~1\PROC\p18f4455.asm
                   PLUSW1   0x000fe3       data     extern C:\MCC18\SRC\TRADIT~1\PROC\p18f4455.asm
                  PREINC1   0x000fe4       data     extern C:\MCC18\SRC\TRADIT~1\PROC\p18f4455.asm
                 POSTDEC1   0x000fe5       data     extern C:\MCC18\SRC\TRADIT~1\PROC\p18f4455.asm
                 POSTINC1   0x000fe6       data     extern C:\MCC18\SRC\TRADIT~1\PROC\p18f4455.asm
                    INDF1   0x000fe7       data     extern C:\MCC18\SRC\TRADIT~1\PROC\p18f4455.asm
                     WREG   0x000fe8       data     extern C:\MCC18\SRC\TRADIT~1\PROC\p18f4455.asm
                     FSR0   0x000fe9       data     extern C:\MCC18\SRC\TRADIT~1\PROC\p18f4455.asm
                    FSR0L   0x000fe9       data     extern C:\MCC18\SRC\TRADIT~1\PROC\p18f4455.asm
                    FSR0H   0x000fea       data     extern C:\MCC18\SRC\TRADIT~1\PROC\p18f4455.asm
                   PLUSW0   0x000feb       data     extern C:\MCC18\SRC\TRADIT~1\PROC\p18f4455.asm
                  PREINC0   0x000fec       data     extern C:\MCC18\SRC\TRADIT~1\PROC\p18f4455.asm
                 POSTDEC0   0x000fed       data     extern C:\MCC18\SRC\TRADIT~1\PROC\p18f4455.asm
                 POSTINC0   0x000fee       data     extern C:\MCC18\SRC\TRADIT~1\PROC\p18f4455.asm
                    INDF0   0x000fef       data     extern C:\MCC18\SRC\TRADIT~1\PROC\p18f4455.asm
              INTCON3bits   0x000ff0       data     extern C:\MCC18\SRC\TRADIT~1\PROC\p18f4455.asm
                  INTCON3   0x000ff0       data     extern C:\MCC18\SRC\TRADIT~1\PROC\p18f4455.asm
              INTCON2bits   0x000ff1       data     extern C:\MCC18\SRC\TRADIT~1\PROC\p18f4455.asm
                  INTCON2   0x000ff1       data     extern C:\MCC18\SRC\TRADIT~1\PROC\p18f4455.asm
               INTCONbits   0x000ff2       data     extern C:\MCC18\SRC\TRADIT~1\PROC\p18f4455.asm
                   INTCON   0x000ff2       data     extern C:\MCC18\SRC\TRADIT~1\PROC\p18f4455.asm
                     PROD   0x000ff3       data     extern C:\MCC18\SRC\TRADIT~1\PROC\p18f4455.asm
                    PRODL   0x000ff3       data     extern C:\MCC18\SRC\TRADIT~1\PROC\p18f4455.asm
                    PRODH   0x000ff4       data     extern C:\MCC18\SRC\TRADIT~1\PROC\p18f4455.asm
                   TABLAT   0x000ff5       data     extern C:\MCC18\SRC\TRADIT~1\PROC\p18f4455.asm
                   TBLPTR   0x000ff6       data     extern C:\MCC18\SRC\TRADIT~1\PROC\p18f4455.asm
                  TBLPTRL   0x000ff6       data     extern C:\MCC18\SRC\TRADIT~1\PROC\p18f4455.asm
                  TBLPTRH   0x000ff7       data     extern C:\MCC18\SRC\TRADIT~1\PROC\p18f4455.asm
                  TBLPTRU   0x000ff8       data     extern C:\MCC18\SRC\TRADIT~1\PROC\p18f4455.asm
                      PCL   0x000ff9       data     extern C:\MCC18\SRC\TRADIT~1\PROC\p18f4455.asm
                       PC   0x000ff9       data     extern C:\MCC18\SRC\TRADIT~1\PROC\p18f4455.asm
                   PCLATH   0x000ffa       data     extern C:\MCC18\SRC\TRADIT~1\PROC\p18f4455.asm
                   PCLATU   0x000ffb       data     extern C:\MCC18\SRC\TRADIT~1\PROC\p18f4455.asm
                   STKPTR   0x000ffc       data     extern C:\MCC18\SRC\TRADIT~1\PROC\p18f4455.asm
               STKPTRbits   0x000ffc       data     extern C:\MCC18\SRC\TRADIT~1\PROC\p18f4455.asm
                      TOS   0x000ffd       data     extern C:\MCC18\SRC\TRADIT~1\PROC\p18f4455.asm
                     TOSL   0x000ffd       data     extern C:\MCC18\SRC\TRADIT~1\PROC\p18f4455.asm
                     TOSH   0x000ffe       data     extern C:\MCC18\SRC\TRADIT~1\PROC\p18f4455.asm
                     TOSU   0x000fff       data     extern C:\MCC18\SRC\TRADIT~1\PROC\p18f4455.asm


